#
# There is insufficient memory for the Java Runtime Environment to continue.
# Native memory allocation (malloc) failed to allocate 1044496 bytes. Error detail: Chunk::new
# Possible reasons:
#   The system is out of physical RAM or swap space
#   This process is running with CompressedOops enabled, and the Java Heap may be blocking the growth of the native heap
# Possible solutions:
#   Reduce memory load on the system
#   Increase physical memory or swap space
#   Check if swap backing store is full
#   Decrease Java heap size (-Xmx/-Xms)
#   Decrease number of Java threads
#   Decrease Java thread stack sizes (-Xss)
#   Set larger code cache with -XX:ReservedCodeCacheSize=
#   JVM is running with Unscaled Compressed Oops mode in which the Java heap is
#     placed in the first 4GB address space. The Java Heap base address is the
#     maximum limit for the native heap growth. Please use -XX:HeapBaseMinAddress
#     to set the Java Heap base and to place the Java Heap above 4GB virtual address.
# This output file may be truncated or incomplete.
#
#  Out of Memory Error (arena.cpp:149), pid=10028, tid=11228
#
# JRE version: Java(TM) SE Runtime Environment (23.0.1+11) (build 23.0.1+11-39)
# Java VM: Java HotSpot(TM) 64-Bit Server VM (23.0.1+11-39, mixed mode, sharing, tiered, compressed oops, compressed class ptrs, g1 gc, windows-amd64)
# No core dump will be written. Minidumps are not enabled by default on client versions of Windows
#

---------------  S U M M A R Y ------------

Command Line: -agentlib:jdwp=transport=dt_socket,address=127.0.0.1:7086,suspend=y,server=n -javaagent:C:\Users\Leo\AppData\Local\JetBrains\IdeaIC2024.2\captureAgent\debugger-agent.jar -Dkotlinx.coroutines.debug.enable.creation.stack.trace=false -Ddebugger.agent.enable.coroutines=true -Dfile.encoding=UTF-8 -Dsun.stdout.encoding=UTF-8 -Dsun.stderr.encoding=UTF-8 com.example.rifa.RifaApplication

Host: 11th Gen Intel(R) Core(TM) i3-1115G4 @ 3.00GHz, 4 cores, 7G,  Windows 11 , 64 bit Build 22621 (10.0.22621.5262)
Time: Thu Nov 13 10:52:35 2025 Hora estándar de Cuba elapsed time: 264.639366 seconds (0d 0h 4m 24s)

---------------  T H R E A D  ---------------

Current thread (0x000001b0ff249f30):  JavaThread "C2 CompilerThread0" daemon [_thread_in_native, id=11228, stack(0x000000018e000000,0x000000018e100000) (1024K)]


Current CompileTask:
C2:264639 10971       4       org.springframework.core.ResolvableType::equals (143 bytes)

Stack: [0x000000018e000000,0x000000018e100000]
Native frames: (J=compiled Java code, j=interpreted, Vv=VM code, C=native code)
V  [jvm.dll+0x6e08b9]  (no source info available)
V  [jvm.dll+0x87dc83]  (no source info available)
V  [jvm.dll+0x88010e]  (no source info available)
V  [jvm.dll+0x8807e3]  (no source info available)
V  [jvm.dll+0x27aee6]  (no source info available)
V  [jvm.dll+0xbc06f]  (no source info available)
V  [jvm.dll+0xbc2cb]  (no source info available)
V  [jvm.dll+0x3b3a62]  (no source info available)
V  [jvm.dll+0x38a42b]  (no source info available)
V  [jvm.dll+0x38989a]  (no source info available)
V  [jvm.dll+0x244aa1]  (no source info available)
V  [jvm.dll+0x243dff]  (no source info available)
V  [jvm.dll+0x1c33a0]  (no source info available)
V  [jvm.dll+0x253cf1]  (no source info available)
V  [jvm.dll+0x251faa]  (no source info available)
V  [jvm.dll+0x3ee036]  (no source info available)
V  [jvm.dll+0x824f8b]  (no source info available)
V  [jvm.dll+0x6df065]  (no source info available)
C  [ucrtbase.dll+0x29333]  (no source info available)
C  [KERNEL32.DLL+0x1259d]  (no source info available)
C  [ntdll.dll+0x5af58]  (no source info available)

Lock stack of current Java thread (top to bottom):


---------------  P R O C E S S  ---------------

Threads class SMR info:
_java_thread_list=0x000001b0dac2b9a0, length=36, elements={
0x000001b0ff218c70, 0x000001b0ff219b20, 0x000001b0ff21f640, 0x000001b0ff2401a0,
0x000001b0ff2438b0, 0x000001b0ff245410, 0x000001b0ff249f30, 0x000001b0ff24c9c0,
0x000001b0d6205f80, 0x000001b0d628dcf0, 0x000001b0d628e380, 0x000001b0d628ea10,
0x000001b0d62ed230, 0x000001b0d62b8f30, 0x000001b0db165160, 0x000001b0d6a44e20,
0x000001b0d6f95780, 0x000001b0d8025e50, 0x000001b0d80236f0, 0x000001b0df25ff80,
0x000001b0df25ebd0, 0x000001b0df260610, 0x000001b0df25f260, 0x000001b0df260ca0,
0x000001b0df25f8f0, 0x000001b0df261330, 0x000001b0df2619c0, 0x000001b0df262050,
0x000001b0e5678c50, 0x000001b0e5674ab0, 0x000001b0e5677210, 0x000001b0e5675140,
0x000001b0e5674420, 0x000001b0e56757d0, 0x000001b0e5679970, 0x000001b0da0b3e90
}

Java Threads: ( => current thread )
  0x000001b0ff218c70 JavaThread "Reference Handler"          daemon [_thread_blocked, id=14848, stack(0x000000018da00000,0x000000018db00000) (1024K)]
  0x000001b0ff219b20 JavaThread "Finalizer"                  daemon [_thread_blocked, id=11400, stack(0x000000018db00000,0x000000018dc00000) (1024K)]
  0x000001b0ff21f640 JavaThread "Signal Dispatcher"          daemon [_thread_blocked, id=3340, stack(0x000000018dc00000,0x000000018dd00000) (1024K)]
  0x000001b0ff2401a0 JavaThread "Attach Listener"            daemon [_thread_blocked, id=5408, stack(0x000000018dd00000,0x000000018de00000) (1024K)]
  0x000001b0ff2438b0 JavaThread "Service Thread"             daemon [_thread_blocked, id=13720, stack(0x000000018de00000,0x000000018df00000) (1024K)]
  0x000001b0ff245410 JavaThread "Monitor Deflation Thread"   daemon [_thread_blocked, id=12696, stack(0x000000018df00000,0x000000018e000000) (1024K)]
=>0x000001b0ff249f30 JavaThread "C2 CompilerThread0"         daemon [_thread_in_native, id=11228, stack(0x000000018e000000,0x000000018e100000) (1024K)]
  0x000001b0ff24c9c0 JavaThread "C1 CompilerThread0"         daemon [_thread_blocked, id=1076, stack(0x000000018e100000,0x000000018e200000) (1024K)]
  0x000001b0d6205f80 JavaThread "Common-Cleaner"             daemon [_thread_blocked, id=7760, stack(0x000000018e200000,0x000000018e300000) (1024K)]
  0x000001b0d628dcf0 JavaThread "JDWP Transport Listener: dt_socket" daemon [_thread_blocked, id=1536, stack(0x000000018e300000,0x000000018e400000) (1024K)]
  0x000001b0d628e380 JavaThread "JDWP Event Helper Thread"   daemon [_thread_blocked, id=6356, stack(0x000000018e400000,0x000000018e500000) (1024K)]
  0x000001b0d628ea10 JavaThread "JDWP Command Reader"        daemon [_thread_in_native, id=15888, stack(0x000000018e500000,0x000000018e600000) (1024K)]
  0x000001b0d62ed230 JavaThread "Notification Thread"        daemon [_thread_blocked, id=3444, stack(0x000000018e600000,0x000000018e700000) (1024K)]
  0x000001b0d62b8f30 JavaThread "Catalina-utility-1"                [_thread_blocked, id=16724, stack(0x000000018e700000,0x000000018e800000) (1024K)]
  0x000001b0db165160 JavaThread "Catalina-utility-2"                [_thread_blocked, id=832, stack(0x000000018ed00000,0x000000018ee00000) (1024K)]
  0x000001b0d6a44e20 JavaThread "container-0"                       [_thread_blocked, id=13112, stack(0x000000018ee00000,0x000000018ef00000) (1024K)]
  0x000001b0d6f95780 JavaThread "mysql-cj-abandoned-connection-cleanup" daemon [_thread_blocked, id=2000, stack(0x000000018ef00000,0x000000018f000000) (1024K)]
  0x000001b0d8025e50 JavaThread "HikariPool-1 housekeeper"   daemon [_thread_blocked, id=16636, stack(0x000000018f100000,0x000000018f200000) (1024K)]
  0x000001b0d80236f0 JavaThread "File Watcher"               daemon [_thread_blocked, id=16744, stack(0x000000018f200000,0x000000018f300000) (1024K)]
  0x000001b0df25ff80 JavaThread "Live Reload Server"         daemon [_thread_in_native, id=3848, stack(0x000000018f400000,0x000000018f500000) (1024K)]
  0x000001b0df25ebd0 JavaThread "MessageBroker-1"                   [_thread_blocked, id=6304, stack(0x000000018f300000,0x000000018f400000) (1024K)]
  0x000001b0df260610 JavaThread "http-nio-8080-exec-1"       daemon [_thread_blocked, id=16328, stack(0x000000018f500000,0x000000018f600000) (1024K)]
  0x000001b0df25f260 JavaThread "http-nio-8080-exec-2"       daemon [_thread_blocked, id=11988, stack(0x000000018f600000,0x000000018f700000) (1024K)]
  0x000001b0df260ca0 JavaThread "http-nio-8080-exec-3"       daemon [_thread_blocked, id=5276, stack(0x000000018f700000,0x000000018f800000) (1024K)]
  0x000001b0df25f8f0 JavaThread "http-nio-8080-exec-4"       daemon [_thread_blocked, id=13600, stack(0x000000018f800000,0x000000018f900000) (1024K)]
  0x000001b0df261330 JavaThread "http-nio-8080-exec-5"       daemon [_thread_blocked, id=13444, stack(0x000000018f900000,0x000000018fa00000) (1024K)]
  0x000001b0df2619c0 JavaThread "http-nio-8080-exec-6"       daemon [_thread_blocked, id=16684, stack(0x000000018fa00000,0x000000018fb00000) (1024K)]
  0x000001b0df262050 JavaThread "http-nio-8080-exec-7"       daemon [_thread_blocked, id=6092, stack(0x000000018fb00000,0x000000018fc00000) (1024K)]
  0x000001b0e5678c50 JavaThread "http-nio-8080-exec-8"       daemon [_thread_blocked, id=6604, stack(0x000000018fc00000,0x000000018fd00000) (1024K)]
  0x000001b0e5674ab0 JavaThread "http-nio-8080-exec-9"       daemon [_thread_blocked, id=6164, stack(0x000000018fd00000,0x000000018fe00000) (1024K)]
  0x000001b0e5677210 JavaThread "http-nio-8080-exec-10"      daemon [_thread_blocked, id=15500, stack(0x000000018fe00000,0x000000018ff00000) (1024K)]
  0x000001b0e5675140 JavaThread "http-nio-8080-Poller"       daemon [_thread_in_native, id=16208, stack(0x000000018ff00000,0x0000000190000000) (1024K)]
  0x000001b0e5674420 JavaThread "http-nio-8080-Acceptor"     daemon [_thread_in_native, id=13912, stack(0x0000000190000000,0x0000000190100000) (1024K)]
  0x000001b0e56757d0 JavaThread "DestroyJavaVM"                     [_thread_blocked, id=8404, stack(0x000000018d200000,0x000000018d300000) (1024K)]
  0x000001b0e5679970 JavaThread "WebSocket background processing" daemon [_thread_blocked, id=17112, stack(0x000000018eb00000,0x000000018ec00000) (1024K)]
  0x000001b0da0b3e90 JavaThread "MessageBroker-2"                   [_thread_blocked, id=11388, stack(0x000000018cf00000,0x000000018d000000) (1024K)]
Total: 36

Other Threads:
  0x000001b0ff1ffde0 VMThread "VM Thread"                           [id=6388, stack(0x000000018d900000,0x000000018da00000) (1024K)]
  0x000001b0ff1edaf0 WatcherThread "VM Periodic Task Thread"        [id=16412, stack(0x000000018d800000,0x000000018d900000) (1024K)]
  0x000001b0f3ee0390 WorkerThread "GC Thread#0"                     [id=13520, stack(0x000000018d300000,0x000000018d400000) (1024K)]
  0x000001b0d6fb4d80 WorkerThread "GC Thread#1"                     [id=15980, stack(0x000000018e800000,0x000000018e900000) (1024K)]
  0x000001b0d6fb58f0 WorkerThread "GC Thread#2"                     [id=12620, stack(0x000000018e900000,0x000000018ea00000) (1024K)]
  0x000001b0d6e70a10 WorkerThread "GC Thread#3"                     [id=12680, stack(0x000000018ea00000,0x000000018eb00000) (1024K)]
  0x000001b0f3ef4800 ConcurrentGCThread "G1 Main Marker"            [id=11836, stack(0x000000018d400000,0x000000018d500000) (1024K)]
  0x000001b0f3ef5cd0 WorkerThread "G1 Conc#0"                       [id=17000, stack(0x000000018d500000,0x000000018d600000) (1024K)]
  0x000001b0ff0c0560 ConcurrentGCThread "G1 Refine#0"               [id=12644, stack(0x000000018d600000,0x000000018d700000) (1024K)]
  0x000001b0ff0c0ff0 ConcurrentGCThread "G1 Service"                [id=12048, stack(0x000000018d700000,0x000000018d800000) (1024K)]
Total: 10

Threads with active compile tasks:
C2 CompilerThread0  264738 10971       4       org.springframework.core.ResolvableType::equals (143 bytes)
Total: 1

VM state: not at safepoint (normal execution)

VM Mutex/Monitor currently owned by a thread: None

Heap address: 0x0000000084c00000, size: 1972 MB, Compressed Oops mode: 32-bit

CDS archive(s) mapped at: [0x000001b091000000-0x000001b091d70000-0x000001b091d70000), size 14090240, SharedBaseAddress: 0x000001b091000000, ArchiveRelocationMode: 1.
Compressed class space mapped at: 0x000001b092000000-0x000001b0d2000000, reserved size: 1073741824
Narrow klass base: 0x000001b091000000, Narrow klass shift: 0, Narrow klass range: 0x41000000

GC Precious Log:
 CardTable entry size: 512
 Card Set container configuration: InlinePtr #cards 5 size 8 Array Of Cards #cards 10 size 36 Howl #buckets 4 coarsen threshold 1843 Howl Bitmap #cards 512 size 80 coarsen threshold 460 Card regions per heap region 1 cards per card region 2048
 CPUs: 4 total, 4 available
 Memory: 7886M
 Large Page Support: Disabled
 NUMA Support: Disabled
 Compressed Oops: Enabled (32-bit)
 Heap Region Size: 1M
 Heap Min Capacity: 8M
 Heap Initial Capacity: 124M
 Heap Max Capacity: 1972M
 Pre-touch: Disabled
 Parallel Workers: 4
 Concurrent Workers: 1
 Concurrent Refinement Workers: 4
 Periodic GC: Disabled

Heap:
 garbage-first heap   total reserved 2019328K, committed 86016K, used 67270K [0x0000000084c00000, 0x0000000100000000)
  region size 1024K, 20 young (20480K), 3 survivors (3072K)
 Metaspace       used 94388K, committed 95232K, reserved 1179648K
  class space    used 12933K, committed 13312K, reserved 1048576K

Heap Regions: E=young(eden), S=young(survivor), O=old, HS=humongous(starts), HC=humongous(continues), CS=collection set, F=free, TAMS=top-at-mark-start, PB=parsable bottom
|   0|0x0000000084c00000, 0x0000000084d00000, 0x0000000084d00000|100%|HS|  |TAMS 0x0000000084c00000| PB 0x0000000084c00000| Complete |  0
|   1|0x0000000084d00000, 0x0000000084e00000, 0x0000000084e00000|100%| O|  |TAMS 0x0000000084d00000| PB 0x0000000084d00000| Untracked |  0
|   2|0x0000000084e00000, 0x0000000084f00000, 0x0000000084f00000|100%| O|  |TAMS 0x0000000084e00000| PB 0x0000000084e00000| Untracked |  0
|   3|0x0000000084f00000, 0x0000000085000000, 0x0000000085000000|100%| O|  |TAMS 0x0000000084f00000| PB 0x0000000084f00000| Untracked |  0
|   4|0x0000000085000000, 0x0000000085100000, 0x0000000085100000|100%| O|  |TAMS 0x0000000085000000| PB 0x0000000085000000| Untracked |  0
|   5|0x0000000085100000, 0x0000000085200000, 0x0000000085200000|100%| O|  |TAMS 0x0000000085100000| PB 0x0000000085100000| Untracked |  0
|   6|0x0000000085200000, 0x0000000085300000, 0x0000000085300000|100%| O|  |TAMS 0x0000000085200000| PB 0x0000000085200000| Untracked |  0
|   7|0x0000000085300000, 0x0000000085400000, 0x0000000085400000|100%| O|  |TAMS 0x0000000085300000| PB 0x0000000085300000| Untracked |  0
|   8|0x0000000085400000, 0x0000000085500000, 0x0000000085500000|100%| O|  |TAMS 0x0000000085400000| PB 0x0000000085400000| Untracked |  0
|   9|0x0000000085500000, 0x0000000085600000, 0x0000000085600000|100%| O|  |TAMS 0x0000000085500000| PB 0x0000000085500000| Untracked |  0
|  10|0x0000000085600000, 0x0000000085700000, 0x0000000085700000|100%| O|  |TAMS 0x0000000085600000| PB 0x0000000085600000| Untracked |  0
|  11|0x0000000085700000, 0x0000000085800000, 0x0000000085800000|100%| O|  |TAMS 0x0000000085700000| PB 0x0000000085700000| Untracked |  0
|  12|0x0000000085800000, 0x0000000085900000, 0x0000000085900000|100%| O|  |TAMS 0x0000000085800000| PB 0x0000000085800000| Untracked |  0
|  13|0x0000000085900000, 0x0000000085a00000, 0x0000000085a00000|100%| O|  |TAMS 0x0000000085900000| PB 0x0000000085900000| Untracked |  0
|  14|0x0000000085a00000, 0x0000000085b00000, 0x0000000085b00000|100%| O|  |TAMS 0x0000000085a00000| PB 0x0000000085a00000| Untracked |  0
|  15|0x0000000085b00000, 0x0000000085c00000, 0x0000000085c00000|100%| O|  |TAMS 0x0000000085b00000| PB 0x0000000085b00000| Untracked |  0
|  16|0x0000000085c00000, 0x0000000085d00000, 0x0000000085d00000|100%| O|  |TAMS 0x0000000085c00000| PB 0x0000000085c00000| Untracked |  0
|  17|0x0000000085d00000, 0x0000000085e00000, 0x0000000085e00000|100%| O|  |TAMS 0x0000000085d00000| PB 0x0000000085d00000| Untracked |  0
|  18|0x0000000085e00000, 0x0000000085f00000, 0x0000000085f00000|100%| O|  |TAMS 0x0000000085e00000| PB 0x0000000085e00000| Untracked |  0
|  19|0x0000000085f00000, 0x0000000086000000, 0x0000000086000000|100%| O|  |TAMS 0x0000000085f00000| PB 0x0000000085f00000| Untracked |  0
|  20|0x0000000086000000, 0x0000000086100000, 0x0000000086100000|100%| O|  |TAMS 0x0000000086000000| PB 0x0000000086000000| Untracked |  0
|  21|0x0000000086100000, 0x0000000086200000, 0x0000000086200000|100%| O|  |TAMS 0x0000000086100000| PB 0x0000000086100000| Untracked |  0
|  22|0x0000000086200000, 0x0000000086300000, 0x0000000086300000|100%| O|  |TAMS 0x0000000086200000| PB 0x0000000086200000| Untracked |  0
|  23|0x0000000086300000, 0x0000000086400000, 0x0000000086400000|100%| O|  |TAMS 0x0000000086300000| PB 0x0000000086300000| Untracked |  0
|  24|0x0000000086400000, 0x0000000086500000, 0x0000000086500000|100%| O|  |TAMS 0x0000000086400000| PB 0x0000000086400000| Untracked |  0
|  25|0x0000000086500000, 0x00000000865b1848, 0x0000000086600000| 69%| O|  |TAMS 0x0000000086500000| PB 0x0000000086500000| Untracked |  0
|  26|0x0000000086600000, 0x0000000086700000, 0x0000000086700000|100%| O|  |TAMS 0x0000000086600000| PB 0x0000000086600000| Untracked |  0
|  27|0x0000000086700000, 0x0000000086800000, 0x0000000086800000|100%| O|  |TAMS 0x0000000086700000| PB 0x0000000086700000| Untracked |  0
|  28|0x0000000086800000, 0x0000000086900000, 0x0000000086900000|100%| O|Cm|TAMS 0x0000000086800000| PB 0x0000000086800000| Complete |  0
|  29|0x0000000086900000, 0x0000000086a00000, 0x0000000086a00000|100%| O|  |TAMS 0x0000000086900000| PB 0x0000000086900000| Untracked |  0
|  30|0x0000000086a00000, 0x0000000086b00000, 0x0000000086b00000|100%| O|  |TAMS 0x0000000086a00000| PB 0x0000000086a00000| Untracked |  0
|  31|0x0000000086b00000, 0x0000000086c00000, 0x0000000086c00000|100%| O|  |TAMS 0x0000000086b00000| PB 0x0000000086b00000| Untracked |  0
|  32|0x0000000086c00000, 0x0000000086d00000, 0x0000000086d00000|100%| O|  |TAMS 0x0000000086c00000| PB 0x0000000086c00000| Untracked |  0
|  33|0x0000000086d00000, 0x0000000086e00000, 0x0000000086e00000|100%| O|Cm|TAMS 0x0000000086d00000| PB 0x0000000086d00000| Complete |  0
|  34|0x0000000086e00000, 0x0000000086f00000, 0x0000000086f00000|100%| O|  |TAMS 0x0000000086e00000| PB 0x0000000086e00000| Untracked |  0
|  35|0x0000000086f00000, 0x0000000087000000, 0x0000000087000000|100%| O|  |TAMS 0x0000000086f00000| PB 0x0000000086f00000| Untracked |  0
|  36|0x0000000087000000, 0x0000000087100000, 0x0000000087100000|100%| O|  |TAMS 0x0000000087000000| PB 0x0000000087000000| Untracked |  0
|  37|0x0000000087100000, 0x0000000087200000, 0x0000000087200000|100%| O|  |TAMS 0x0000000087100000| PB 0x0000000087100000| Untracked |  0
|  38|0x0000000087200000, 0x0000000087200000, 0x0000000087300000|  0%| F|  |TAMS 0x0000000087200000| PB 0x0000000087200000| Untracked |  0
|  39|0x0000000087300000, 0x0000000087400000, 0x0000000087400000|100%| O|  |TAMS 0x0000000087300000| PB 0x0000000087300000| Untracked |  0
|  40|0x0000000087400000, 0x0000000087500000, 0x0000000087500000|100%| O|  |TAMS 0x0000000087400000| PB 0x0000000087400000| Untracked |  0
|  41|0x0000000087500000, 0x0000000087600000, 0x0000000087600000|100%| O|  |TAMS 0x0000000087500000| PB 0x0000000087500000| Untracked |  0
|  42|0x0000000087600000, 0x0000000087700000, 0x0000000087700000|100%| O|  |TAMS 0x0000000087600000| PB 0x0000000087600000| Untracked |  0
|  43|0x0000000087700000, 0x0000000087800000, 0x0000000087800000|100%| O|  |TAMS 0x0000000087700000| PB 0x0000000087700000| Untracked |  0
|  44|0x0000000087800000, 0x0000000087900000, 0x0000000087900000|100%| O|  |TAMS 0x0000000087800000| PB 0x0000000087800000| Untracked |  0
|  45|0x0000000087900000, 0x0000000087a00000, 0x0000000087a00000|100%| O|  |TAMS 0x0000000087900000| PB 0x0000000087900000| Untracked |  0
|  46|0x0000000087a00000, 0x0000000087b00000, 0x0000000087b00000|100%| O|  |TAMS 0x0000000087a00000| PB 0x0000000087a00000| Untracked |  0
|  47|0x0000000087b00000, 0x0000000087c00000, 0x0000000087c00000|100%| O|Cm|TAMS 0x0000000087b00000| PB 0x0000000087b00000| Complete |  0
|  48|0x0000000087c00000, 0x0000000087c00000, 0x0000000087d00000|  0%| F|  |TAMS 0x0000000087c00000| PB 0x0000000087c00000| Untracked |  0
|  49|0x0000000087d00000, 0x0000000087d00000, 0x0000000087e00000|  0%| F|  |TAMS 0x0000000087d00000| PB 0x0000000087d00000| Untracked |  0
|  50|0x0000000087e00000, 0x0000000087f00000, 0x0000000087f00000|100%| S|CS|TAMS 0x0000000087e00000| PB 0x0000000087e00000| Complete |  0
|  51|0x0000000087f00000, 0x0000000088000000, 0x0000000088000000|100%| S|CS|TAMS 0x0000000087f00000| PB 0x0000000087f00000| Complete |  0
|  52|0x0000000088000000, 0x0000000088100000, 0x0000000088100000|100%| S|CS|TAMS 0x0000000088000000| PB 0x0000000088000000| Complete |  0
|  53|0x0000000088100000, 0x0000000088100000, 0x0000000088200000|  0%| F|  |TAMS 0x0000000088100000| PB 0x0000000088100000| Untracked |  0
|  54|0x0000000088200000, 0x0000000088200000, 0x0000000088300000|  0%| F|  |TAMS 0x0000000088200000| PB 0x0000000088200000| Untracked |  0
|  55|0x0000000088300000, 0x0000000088300000, 0x0000000088400000|  0%| F|  |TAMS 0x0000000088300000| PB 0x0000000088300000| Untracked |  0
|  56|0x0000000088400000, 0x0000000088400000, 0x0000000088500000|  0%| F|  |TAMS 0x0000000088400000| PB 0x0000000088400000| Untracked |  0
|  57|0x0000000088500000, 0x0000000088500000, 0x0000000088600000|  0%| F|  |TAMS 0x0000000088500000| PB 0x0000000088500000| Untracked |  0
|  58|0x0000000088600000, 0x0000000088600000, 0x0000000088700000|  0%| F|  |TAMS 0x0000000088600000| PB 0x0000000088600000| Untracked |  0
|  59|0x0000000088700000, 0x0000000088700000, 0x0000000088800000|  0%| F|  |TAMS 0x0000000088700000| PB 0x0000000088700000| Untracked |  0
|  60|0x0000000088800000, 0x0000000088800000, 0x0000000088900000|  0%| F|  |TAMS 0x0000000088800000| PB 0x0000000088800000| Untracked |  0
|  61|0x0000000088900000, 0x0000000088900000, 0x0000000088a00000|  0%| F|  |TAMS 0x0000000088900000| PB 0x0000000088900000| Untracked |  0
|  62|0x0000000088a00000, 0x0000000088a00000, 0x0000000088b00000|  0%| F|  |TAMS 0x0000000088a00000| PB 0x0000000088a00000| Untracked |  0
|  63|0x0000000088b00000, 0x0000000088b00000, 0x0000000088c00000|  0%| F|  |TAMS 0x0000000088b00000| PB 0x0000000088b00000| Untracked |  0
|  64|0x0000000088c00000, 0x0000000088c00000, 0x0000000088d00000|  0%| F|  |TAMS 0x0000000088c00000| PB 0x0000000088c00000| Untracked |  0
|  65|0x0000000088d00000, 0x0000000088d00000, 0x0000000088e00000|  0%| F|  |TAMS 0x0000000088d00000| PB 0x0000000088d00000| Untracked |  0
|  66|0x0000000088e00000, 0x0000000088e00000, 0x0000000088f00000|  0%| F|  |TAMS 0x0000000088e00000| PB 0x0000000088e00000| Untracked |  0
|  67|0x0000000088f00000, 0x0000000088f502a8, 0x0000000089000000| 31%| E|  |TAMS 0x0000000088f00000| PB 0x0000000088f00000| Complete |  0
|  68|0x0000000089000000, 0x0000000089100000, 0x0000000089100000|100%| E|CS|TAMS 0x0000000089000000| PB 0x0000000089000000| Complete |  0
|  69|0x0000000089100000, 0x0000000089200000, 0x0000000089200000|100%| E|CS|TAMS 0x0000000089100000| PB 0x0000000089100000| Complete |  0
|  70|0x0000000089200000, 0x0000000089300000, 0x0000000089300000|100%| E|CS|TAMS 0x0000000089200000| PB 0x0000000089200000| Complete |  0
|  71|0x0000000089300000, 0x0000000089400000, 0x0000000089400000|100%| E|CS|TAMS 0x0000000089300000| PB 0x0000000089300000| Complete |  0
|  72|0x0000000089400000, 0x0000000089500000, 0x0000000089500000|100%| E|CS|TAMS 0x0000000089400000| PB 0x0000000089400000| Complete |  0
|  73|0x0000000089500000, 0x0000000089600000, 0x0000000089600000|100%| E|CS|TAMS 0x0000000089500000| PB 0x0000000089500000| Complete |  0
|  74|0x0000000089600000, 0x0000000089700000, 0x0000000089700000|100%| E|CS|TAMS 0x0000000089600000| PB 0x0000000089600000| Complete |  0
|  75|0x0000000089700000, 0x0000000089800000, 0x0000000089800000|100%| E|CS|TAMS 0x0000000089700000| PB 0x0000000089700000| Complete |  0
|  76|0x0000000089800000, 0x0000000089900000, 0x0000000089900000|100%| E|CS|TAMS 0x0000000089800000| PB 0x0000000089800000| Complete |  0
|  77|0x0000000089900000, 0x0000000089a00000, 0x0000000089a00000|100%| E|CS|TAMS 0x0000000089900000| PB 0x0000000089900000| Complete |  0
| 105|0x000000008b500000, 0x000000008b600000, 0x000000008b600000|100%| E|CS|TAMS 0x000000008b500000| PB 0x000000008b500000| Complete |  0
| 106|0x000000008b600000, 0x000000008b700000, 0x000000008b700000|100%| E|CS|TAMS 0x000000008b600000| PB 0x000000008b600000| Complete |  0
| 107|0x000000008b700000, 0x000000008b800000, 0x000000008b800000|100%| E|CS|TAMS 0x000000008b700000| PB 0x000000008b700000| Complete |  0
| 108|0x000000008b800000, 0x000000008b900000, 0x000000008b900000|100%| E|CS|TAMS 0x000000008b800000| PB 0x000000008b800000| Complete |  0
| 109|0x000000008b900000, 0x000000008ba00000, 0x000000008ba00000|100%| E|CS|TAMS 0x000000008b900000| PB 0x000000008b900000| Complete |  0
| 123|0x000000008c700000, 0x000000008c800000, 0x000000008c800000|100%| E|CS|TAMS 0x000000008c700000| PB 0x000000008c700000| Complete |  0

Card table byte_map: [0x000001b0fc980000,0x000001b0fcd60000] _byte_map_base: 0x000001b0fc55a000

Marking Bits: (CMBitMap*) 0x000001b0f3ee0aa0
 Bits: [0x000001b0fcd60000, 0x000001b0fec30000)

Polling page: 0x000001b0f1be0000

Metaspace:

Usage:
  Non-class:     79.55 MB used.
      Class:     12.63 MB used.
       Both:     92.18 MB used.

Virtual space:
  Non-class space:      128.00 MB reserved,      80.00 MB ( 62%) committed,  2 nodes.
      Class space:        1.00 GB reserved,      13.00 MB (  1%) committed,  1 nodes.
             Both:        1.12 GB reserved,      93.00 MB (  8%) committed. 

Chunk freelists:
   Non-Class:  15.57 MB
       Class:  2.98 MB
        Both:  18.55 MB

MaxMetaspaceSize: unlimited
CompressedClassSpaceSize: 1.00 GB
Initial GC threshold: 21.00 MB
Current GC threshold: 154.00 MB
CDS: on
 - commit_granule_bytes: 65536.
 - commit_granule_words: 8192.
 - virtual_space_node_default_size: 8388608.
 - enlarge_chunks_in_place: 1.
 - use_allocation_guard: 0.


Internal statistics:

num_allocs_failed_limit: 8.
num_arena_births: 1286.
num_arena_deaths: 0.
num_vsnodes_births: 3.
num_vsnodes_deaths: 0.
num_space_committed: 1488.
num_space_uncommitted: 0.
num_chunks_returned_to_freelist: 8.
num_chunks_taken_from_freelist: 4533.
num_chunk_merges: 8.
num_chunk_splits: 3234.
num_chunks_enlarged: 2488.
num_inconsistent_stats: 0.

CodeHeap 'non-profiled nmethods': size=120064Kb used=4133Kb max_used=4133Kb free=115930Kb
 bounds [0x000001b087ac0000, 0x000001b087ed0000, 0x000001b08f000000]
CodeHeap 'profiled nmethods': size=120000Kb used=13847Kb max_used=13847Kb free=106152Kb
 bounds [0x000001b080000000, 0x000001b080d90000, 0x000001b087530000]
CodeHeap 'non-nmethods': size=5696Kb used=2089Kb max_used=2147Kb free=3606Kb
 bounds [0x000001b087530000, 0x000001b0877a0000, 0x000001b087ac0000]
CodeCache: size=245760Kb, used=20069Kb, max_used=20127Kb, free=225688Kb
 total_blobs=10357, nmethods=9510, adapters=751, full_count=0
Compilation: enabled, stopped_count=0, restarted_count=0

Compilation events (20 events):
Event: 263.602 Thread 0x000001b0ff24c9c0 nmethod 10963 0x000001b080d82008 code [0x000001b080d82120, 0x000001b080d82280]
Event: 264.532 Thread 0x000001b0ff24c9c0 10964       3       io.micrometer.core.instrument.Tags::tagsEqual (66 bytes)
Event: 264.544 Thread 0x000001b0ff24c9c0 nmethod 10964 0x000001b080d82308 code [0x000001b080d82460, 0x000001b080d82840]
Event: 264.548 Thread 0x000001b0ff249f30 10965       4       java.util.AbstractList::listIterator (6 bytes)
Event: 264.549 Thread 0x000001b0ff249f30 nmethod 10965 0x000001b087ec9108 code [0x000001b087ec9200, 0x000001b087ec92a0]
Event: 264.550 Thread 0x000001b0ff24c9c0 10966       3       org.hibernate.query.sqm.tree.domain.SqmBasicValuedSimplePath::getExpressible (2 bytes)
Event: 264.550 Thread 0x000001b0ff24c9c0 nmethod 10966 0x000001b080d82888 code [0x000001b080d829a0, 0x000001b080d82ab0]
Event: 264.571 Thread 0x000001b0ff24c9c0 10967       3       com.mysql.cj.jdbc.ConnectionImpl::checkClosed (8 bytes)
Event: 264.571 Thread 0x000001b0ff24c9c0 nmethod 10967 0x000001b080d82b88 code [0x000001b080d82ca0, 0x000001b080d82e00]
Event: 264.571 Thread 0x000001b0ff24c9c0 10968       3       com.mysql.cj.NativeSession::checkClosed (63 bytes)
Event: 264.571 Thread 0x000001b0ff249f30 10969       4       java.nio.ByteBuffer::arrayOffset (35 bytes)
Event: 264.572 Thread 0x000001b0ff249f30 nmethod 10969 0x000001b087ec9408 code [0x000001b087ec9500, 0x000001b087ec95c0]
Event: 264.572 Thread 0x000001b0ff24c9c0 nmethod 10968 0x000001b080d82e88 code [0x000001b080d83000, 0x000001b080d83600]
Event: 264.574 Thread 0x000001b0ff24c9c0 10970   !   3       jdk.internal.reflect.MethodHandleObjectFieldAccessorImpl::set (70 bytes)
Event: 264.575 Thread 0x000001b0ff249f30 10971       4       org.springframework.core.ResolvableType::equals (143 bytes)
Event: 264.581 Thread 0x000001b0ff24c9c0 nmethod 10970 0x000001b080d83688 code [0x000001b080d839c0, 0x000001b080d85598]
Event: 264.581 Thread 0x000001b0ff24c9c0 10972       3       org.apache.coyote.Request::getNote (7 bytes)
Event: 264.581 Thread 0x000001b0ff24c9c0 nmethod 10972 0x000001b080d85688 code [0x000001b080d857a0, 0x000001b080d858d8]
Event: 264.582 Thread 0x000001b0ff24c9c0 10973       3       org.apache.catalina.connector.Request::getHost (8 bytes)
Event: 264.582 Thread 0x000001b0ff24c9c0 nmethod 10973 0x000001b080d85988 code [0x000001b080d85aa0, 0x000001b080d85bb8]

GC Heap History (20 events):
Event: 18.428 GC heap before
{Heap before GC invocations=26 (full 0):
 garbage-first heap   total reserved 2019328K, committed 58368K, used 51635K [0x0000000084c00000, 0x0000000100000000)
  region size 1024K, 18 young (18432K), 1 survivors (1024K)
 Metaspace       used 74567K, committed 75200K, reserved 1114112K
  class space    used 10161K, committed 10432K, reserved 1048576K
}
Event: 18.434 GC heap after
{Heap after GC invocations=27 (full 0):
 garbage-first heap   total reserved 2019328K, committed 58368K, used 36422K [0x0000000084c00000, 0x0000000100000000)
  region size 1024K, 3 young (3072K), 3 survivors (3072K)
 Metaspace       used 74567K, committed 75200K, reserved 1114112K
  class space    used 10161K, committed 10432K, reserved 1048576K
}
Event: 18.843 GC heap before
{Heap before GC invocations=27 (full 0):
 garbage-first heap   total reserved 2019328K, committed 58368K, used 49734K [0x0000000084c00000, 0x0000000100000000)
  region size 1024K, 16 young (16384K), 3 survivors (3072K)
 Metaspace       used 75886K, committed 76544K, reserved 1179648K
  class space    used 10481K, committed 10752K, reserved 1048576K
}
Event: 18.853 GC heap after
{Heap after GC invocations=28 (full 0):
 garbage-first heap   total reserved 2019328K, committed 58368K, used 37519K [0x0000000084c00000, 0x0000000100000000)
  region size 1024K, 2 young (2048K), 2 survivors (2048K)
 Metaspace       used 75886K, committed 76544K, reserved 1179648K
  class space    used 10481K, committed 10752K, reserved 1048576K
}
Event: 19.651 GC heap before
{Heap before GC invocations=29 (full 0):
 garbage-first heap   total reserved 2019328K, committed 65536K, used 49807K [0x0000000084c00000, 0x0000000100000000)
  region size 1024K, 15 young (15360K), 2 survivors (2048K)
 Metaspace       used 77360K, committed 78016K, reserved 1179648K
  class space    used 10664K, committed 10944K, reserved 1048576K
}
Event: 19.659 GC heap after
{Heap after GC invocations=30 (full 0):
 garbage-first heap   total reserved 2019328K, committed 65536K, used 38107K [0x0000000084c00000, 0x0000000100000000)
  region size 1024K, 1 young (1024K), 1 survivors (1024K)
 Metaspace       used 77360K, committed 78016K, reserved 1179648K
  class space    used 10664K, committed 10944K, reserved 1048576K
}
Event: 20.145 GC heap before
{Heap before GC invocations=30 (full 0):
 garbage-first heap   total reserved 2019328K, committed 65536K, used 58587K [0x0000000084c00000, 0x0000000100000000)
  region size 1024K, 21 young (21504K), 1 survivors (1024K)
 Metaspace       used 77720K, committed 78464K, reserved 1179648K
  class space    used 10703K, committed 11008K, reserved 1048576K
}
Event: 20.152 GC heap after
{Heap after GC invocations=31 (full 0):
 garbage-first heap   total reserved 2019328K, committed 78848K, used 38859K [0x0000000084c00000, 0x0000000100000000)
  region size 1024K, 2 young (2048K), 2 survivors (2048K)
 Metaspace       used 77720K, committed 78464K, reserved 1179648K
  class space    used 10703K, committed 11008K, reserved 1048576K
}
Event: 21.074 GC heap before
{Heap before GC invocations=31 (full 0):
 garbage-first heap   total reserved 2019328K, committed 78848K, used 68555K [0x0000000084c00000, 0x0000000100000000)
  region size 1024K, 31 young (31744K), 2 survivors (2048K)
 Metaspace       used 79458K, committed 80192K, reserved 1179648K
  class space    used 10947K, committed 11264K, reserved 1048576K
}
Event: 21.081 GC heap after
{Heap after GC invocations=32 (full 0):
 garbage-first heap   total reserved 2019328K, committed 78848K, used 41240K [0x0000000084c00000, 0x0000000100000000)
  region size 1024K, 4 young (4096K), 4 survivors (4096K)
 Metaspace       used 79458K, committed 80192K, reserved 1179648K
  class space    used 10947K, committed 11264K, reserved 1048576K
}
Event: 22.069 GC heap before
{Heap before GC invocations=32 (full 0):
 garbage-first heap   total reserved 2019328K, committed 78848K, used 68888K [0x0000000084c00000, 0x0000000100000000)
  region size 1024K, 31 young (31744K), 4 survivors (4096K)
 Metaspace       used 81247K, committed 81984K, reserved 1179648K
  class space    used 11186K, committed 11520K, reserved 1048576K
}
Event: 22.079 GC heap after
{Heap after GC invocations=33 (full 0):
 garbage-first heap   total reserved 2019328K, committed 78848K, used 43506K [0x0000000084c00000, 0x0000000100000000)
  region size 1024K, 3 young (3072K), 3 survivors (3072K)
 Metaspace       used 81247K, committed 81984K, reserved 1179648K
  class space    used 11186K, committed 11520K, reserved 1048576K
}
Event: 23.097 GC heap before
{Heap before GC invocations=33 (full 0):
 garbage-first heap   total reserved 2019328K, committed 78848K, used 69106K [0x0000000084c00000, 0x0000000100000000)
  region size 1024K, 28 young (28672K), 3 survivors (3072K)
 Metaspace       used 82763K, committed 83584K, reserved 1179648K
  class space    used 11445K, committed 11840K, reserved 1048576K
}
Event: 23.106 GC heap after
{Heap after GC invocations=34 (full 0):
 garbage-first heap   total reserved 2019328K, committed 78848K, used 45386K [0x0000000084c00000, 0x0000000100000000)
  region size 1024K, 4 young (4096K), 4 survivors (4096K)
 Metaspace       used 82763K, committed 83584K, reserved 1179648K
  class space    used 11445K, committed 11840K, reserved 1048576K
}
Event: 23.882 GC heap before
{Heap before GC invocations=35 (full 0):
 garbage-first heap   total reserved 2019328K, committed 78848K, used 67914K [0x0000000084c00000, 0x0000000100000000)
  region size 1024K, 27 young (27648K), 4 survivors (4096K)
 Metaspace       used 85808K, committed 86656K, reserved 1179648K
  class space    used 11849K, committed 12224K, reserved 1048576K
}
Event: 23.894 GC heap after
{Heap after GC invocations=36 (full 0):
 garbage-first heap   total reserved 2019328K, committed 78848K, used 47255K [0x0000000084c00000, 0x0000000100000000)
  region size 1024K, 4 young (4096K), 4 survivors (4096K)
 Metaspace       used 85808K, committed 86656K, reserved 1179648K
  class space    used 11849K, committed 12224K, reserved 1048576K
}
Event: 27.152 GC heap before
{Heap before GC invocations=36 (full 0):
 garbage-first heap   total reserved 2019328K, committed 78848K, used 67735K [0x0000000084c00000, 0x0000000100000000)
  region size 1024K, 25 young (25600K), 4 survivors (4096K)
 Metaspace       used 90019K, committed 90880K, reserved 1179648K
  class space    used 12431K, committed 12800K, reserved 1048576K
}
Event: 27.167 GC heap after
{Heap after GC invocations=37 (full 0):
 garbage-first heap   total reserved 2019328K, committed 78848K, used 48237K [0x0000000084c00000, 0x0000000100000000)
  region size 1024K, 2 young (2048K), 2 survivors (2048K)
 Metaspace       used 90019K, committed 90880K, reserved 1179648K
  class space    used 12431K, committed 12800K, reserved 1048576K
}
Event: 63.570 GC heap before
{Heap before GC invocations=37 (full 0):
 garbage-first heap   total reserved 2019328K, committed 78848K, used 69741K [0x0000000084c00000, 0x0000000100000000)
  region size 1024K, 24 young (24576K), 2 survivors (2048K)
 Metaspace       used 93733K, committed 94592K, reserved 1179648K
  class space    used 12912K, committed 13248K, reserved 1048576K
}
Event: 63.575 GC heap after
{Heap after GC invocations=38 (full 0):
 garbage-first heap   total reserved 2019328K, committed 78848K, used 50886K [0x0000000084c00000, 0x0000000100000000)
  region size 1024K, 3 young (3072K), 3 survivors (3072K)
 Metaspace       used 93733K, committed 94592K, reserved 1179648K
  class space    used 12912K, committed 13248K, reserved 1048576K
}

Dll operation events (13 events):
Event: 0.025 Loaded shared library C:\Program Files\Java\jdk-23\bin\java.dll
Event: 0.026 Loaded shared library C:\Program Files\Java\jdk-23\bin\zip.dll
Event: 0.082 Loaded shared library C:\Program Files\Java\jdk-23\bin\jsvml.dll
Event: 0.277 Loaded shared library C:\Program Files\Java\jdk-23\bin\instrument.dll
Event: 0.361 Loaded shared library C:\Program Files\Java\jdk-23\bin\net.dll
Event: 0.363 Loaded shared library C:\Program Files\Java\jdk-23\bin\nio.dll
Event: 0.385 Loaded shared library C:\Program Files\Java\jdk-23\bin\zip.dll
Event: 0.574 Loaded shared library C:\Program Files\Java\jdk-23\bin\verify.dll
Event: 0.588 Loaded shared library C:\Program Files\Java\jdk-23\bin\jimage.dll
Event: 1.147 Loaded shared library C:\Program Files\Java\jdk-23\bin\management.dll
Event: 1.149 Loaded shared library C:\Program Files\Java\jdk-23\bin\management_ext.dll
Event: 3.660 Loaded shared library C:\Program Files\Java\jdk-23\bin\sunmscapi.dll
Event: 12.785 Loaded shared library C:\Program Files\Java\jdk-23\bin\extnet.dll

Deoptimization events (20 events):
Event: 238.567 Thread 0x000001b0df25f260 DEOPT PACKING pc=0x000001b080d01734 sp=0x000000018f6fec20
Event: 238.567 Thread 0x000001b0df25f260 DEOPT UNPACKING pc=0x000001b0875884c2 sp=0x000000018f6fe278 mode 1
Event: 243.573 Thread 0x000001b0df2619c0 DEOPT PACKING pc=0x000001b080d01734 sp=0x000000018fafed00
Event: 243.573 Thread 0x000001b0df2619c0 DEOPT UNPACKING pc=0x000001b0875884c2 sp=0x000000018fafe358 mode 1
Event: 248.576 Thread 0x000001b0e5677210 DEOPT PACKING pc=0x000001b080d01734 sp=0x000000018fefea30
Event: 248.576 Thread 0x000001b0e5677210 DEOPT UNPACKING pc=0x000001b0875884c2 sp=0x000000018fefe088 mode 1
Event: 253.587 Thread 0x000001b0df262050 DEOPT PACKING pc=0x000001b080d01734 sp=0x000000018fbfed50
Event: 253.587 Thread 0x000001b0df262050 DEOPT UNPACKING pc=0x000001b0875884c2 sp=0x000000018fbfe3a8 mode 1
Event: 253.631 Thread 0x000001b0df260610 DEOPT PACKING pc=0x000001b080af573c sp=0x000000018f5fcf70
Event: 253.631 Thread 0x000001b0df260610 DEOPT UNPACKING pc=0x000001b0875884c2 sp=0x000000018f5fc430 mode 1
Event: 253.631 Thread 0x000001b0df260610 DEOPT PACKING pc=0x000001b080af4f8c sp=0x000000018f5fcff0
Event: 253.631 Thread 0x000001b0df260610 DEOPT UNPACKING pc=0x000001b0875884c2 sp=0x000000018f5fc538 mode 1
Event: 258.590 Thread 0x000001b0df261330 DEOPT PACKING pc=0x000001b080d01734 sp=0x000000018f9ff0c0
Event: 258.590 Thread 0x000001b0df261330 DEOPT UNPACKING pc=0x000001b0875884c2 sp=0x000000018f9fe718 mode 1
Event: 263.601 Thread 0x000001b0df261330 DEOPT PACKING pc=0x000001b080d01734 sp=0x000000018f9ff0c0
Event: 263.601 Thread 0x000001b0df25f260 DEOPT PACKING pc=0x000001b080d01734 sp=0x000000018f6fec20
Event: 263.601 Thread 0x000001b0df261330 DEOPT UNPACKING pc=0x000001b0875884c2 sp=0x000000018f9fe718 mode 1
Event: 263.601 Thread 0x000001b0df25f260 DEOPT UNPACKING pc=0x000001b0875884c2 sp=0x000000018f6fe278 mode 1
Event: 263.601 Thread 0x000001b0df25f8f0 DEOPT PACKING pc=0x000001b080d01734 sp=0x000000018f8fefe0
Event: 263.601 Thread 0x000001b0df25f8f0 DEOPT UNPACKING pc=0x000001b0875884c2 sp=0x000000018f8fe638 mode 1

Classes loaded (20 events):
Event: 46.618 Loading class org/apache/http/conn/EofSensorInputStream
Event: 46.618 Loading class org/apache/http/conn/EofSensorInputStream done
Event: 46.621 Loading class org/apache/http/util/EntityUtils
Event: 46.621 Loading class org/apache/http/util/EntityUtils done
Event: 46.623 Loading class com/mercadopago/net/MPResponse
Event: 46.623 Loading class com/mercadopago/net/MPResponse done
Event: 46.628 Loading class org/hibernate/engine/spi/SharedSessionContractImplementor
Event: 46.628 Loading class org/hibernate/engine/spi/SharedSessionContractImplementor done
Event: 46.628 Loading class org/hibernate/engine/spi/SharedSessionContractImplementor
Event: 46.628 Loading class org/hibernate/engine/spi/SharedSessionContractImplementor done
Event: 46.629 Loading class org/hibernate/internal/util/collections/IdentityMap$IdentityKey
Event: 46.629 Loading class org/hibernate/internal/util/collections/IdentityMap$IdentityKey done
Event: 82.734 Loading class java/util/concurrent/locks/ReentrantReadWriteLock$Sync$HoldCounter
Event: 82.734 Loading class java/util/concurrent/locks/ReentrantReadWriteLock$Sync$HoldCounter done
Event: 130.704 Loading class org/springframework/core/convert/TypeDescriptor
Event: 130.705 Loading class org/springframework/core/convert/TypeDescriptor done
Event: 130.743 Loading class org/springframework/web/servlet/ModelAndViewDefiningException
Event: 130.743 Loading class org/springframework/web/servlet/ModelAndViewDefiningException done
Event: 130.758 Loading class org/springframework/web/method/annotation/ExceptionHandlerMethodResolver
Event: 130.758 Loading class org/springframework/web/method/annotation/ExceptionHandlerMethodResolver done

Classes unloaded (0 events):
No events

Classes redefined (0 events):
No events

Internal exceptions (20 events):
Event: 22.179 Thread 0x000001b0d6ee0f80 Exception <a 'java/lang/IncompatibleClassChangeError'{0x000000008b879430}: Found class java.lang.Object, but interface was expected> (0x000000008b879430) 
thrown [s\open\src\hotspot\share\interpreter\linkResolver.cpp, line 863]
Event: 22.272 Thread 0x000001b0d6ee0f80 Exception <a 'java/lang/NoSuchMethodError'{0x000000008b68eab0}: 'java.lang.Object java.lang.invoke.DirectMethodHandle$Holder.newInvokeSpecial(java.lang.Object, java.lang.Object, java.lang.Object, java.lang.Object, java.lang.Object, java.lang.Object, java.lang.Object, java.lang.Object, java.lang.Object)'> (0x000000008b68eab0) 
thrown [s\open\src\hotspot\share\interpreter\linkResolver.cpp, line 796]
Event: 22.834 Thread 0x000001b0d6ee0f80 Exception <a 'java/lang/NoSuchMethodError'{0x000000008876e288}: 'double java.lang.invoke.DirectMethodHandle$Holder.invokeStatic(java.lang.Object, java.lang.Object)'> (0x000000008876e288) 
thrown [s\open\src\hotspot\share\interpreter\linkResolver.cpp, line 796]
Event: 23.163 Thread 0x000001b0d62ed230 Exception <a 'java/lang/NoSuchMethodError'{0x000000008c7bf948}: 'long java.lang.invoke.DirectMethodHandle$Holder.invokeStatic(java.lang.Object, java.lang.Object, java.lang.Object)'> (0x000000008c7bf948) 
thrown [s\open\src\hotspot\share\interpreter\linkResolver.cpp, line 796]
Event: 23.474 Thread 0x000001b0d6ee0f80 Exception <a 'java/lang/NoSuchMethodError'{0x0000000088e0d500}: 'java.lang.Object java.lang.invoke.DirectMethodHandle$Holder.invokeVirtual(java.lang.Object, java.lang.Object, java.lang.Object, java.lang.Object, java.lang.Object, java.lang.Object, java.lang.Object, java.lang.Object, java.lang.Object)'> (0x0000000088e0d500) 
thrown [s\open\src\hotspot\share\interpreter\linkResolver.cpp, line 796]
Event: 23.542 Thread 0x000001b0d6ee0f80 Exception <a 'java/lang/NoSuchMethodError'{0x0000000088b28218}: 'void java.lang.invoke.DirectMethodHandle$Holder.invokeStatic(java.lang.Object, java.lang.Object, double)'> (0x0000000088b28218) 
thrown [s\open\src\hotspot\share\interpreter\linkResolver.cpp, line 796]
Event: 23.559 Thread 0x000001b0d6ee0f80 Exception <a 'java/lang/NoSuchMethodError'{0x0000000088bb0a70}: 'double java.lang.invoke.DirectMethodHandle$Holder.invokeStatic(java.lang.Object, java.lang.Object, java.lang.Object)'> (0x0000000088bb0a70) 
thrown [s\open\src\hotspot\share\interpreter\linkResolver.cpp, line 796]
Event: 23.595 Thread 0x000001b0d6ee0f80 Exception <a 'java/lang/IncompatibleClassChangeError'{0x0000000088ab2d10}: Found class java.lang.Object, but interface was expected> (0x0000000088ab2d10) 
thrown [s\open\src\hotspot\share\interpreter\linkResolver.cpp, line 863]
Event: 23.600 Thread 0x000001b0d6ee0f80 Exception <a 'java/lang/NoSuchMethodError'{0x0000000088ad03f8}: 'java.lang.Object java.lang.invoke.DirectMethodHandle$Holder.newInvokeSpecial(java.lang.Object, java.lang.Object, int, java.lang.Object, java.lang.Object)'> (0x0000000088ad03f8) 
thrown [s\open\src\hotspot\share\interpreter\linkResolver.cpp, line 796]
Event: 23.650 Thread 0x000001b0d6ee0f80 Implicit null exception at 0x000001b087bc9d5a to 0x000001b087bca01c
Event: 23.730 Thread 0x000001b0d6ee0f80 Exception <a 'java/lang/IncompatibleClassChangeError'{0x00000000887d99c0}: Found class java.lang.Object, but interface was expected> (0x00000000887d99c0) 
thrown [s\open\src\hotspot\share\interpreter\linkResolver.cpp, line 863]
Event: 23.799 Thread 0x000001b0d6ee0f80 Implicit null exception at 0x000001b087d077d5 to 0x000001b087d07ad9
Event: 23.833 Thread 0x000001b0df25f260 Exception <a 'java/lang/NoSuchMethodError'{0x0000000088313980}: 'java.lang.Object java.lang.invoke.DirectMethodHandle$Holder.invokeSpecial(java.lang.Object, java.lang.Object, java.lang.Object, java.lang.Object, java.lang.Object, long)'> (0x0000000088313980) 
thrown [s\open\src\hotspot\share\interpreter\linkResolver.cpp, line 796]
Event: 23.833 Thread 0x000001b0df25f260 Exception <a 'java/lang/NoSuchMethodError'{0x0000000088317168}: 'java.lang.Object java.lang.invoke.Invokers$Holder.linkToTargetMethod(java.lang.Object, java.lang.Object, java.lang.Object, long, java.lang.Object)'> (0x0000000088317168) 
thrown [s\open\src\hotspot\share\interpreter\linkResolver.cpp, line 796]
Event: 24.936 Thread 0x000001b0df260610 Exception <a 'java/lang/NoSuchMethodError'{0x0000000088908878}: 'void java.lang.invoke.DirectMethodHandle$Holder.invokeSpecialIFC(java.lang.Object, java.lang.Object, int, java.lang.Object, java.lang.Object, java.lang.Object, java.lang.Object)'> (0x0000000088908878) 
thrown [s\open\src\hotspot\share\interpreter\linkResolver.cpp, line 796]
Event: 25.030 Thread 0x000001b0df260610 Exception <a 'java/lang/NoSuchMethodError'{0x000000008876f2f8}: 'java.lang.Object java.lang.invoke.DirectMethodHandle$Holder.newInvokeSpecial(java.lang.Object, java.lang.Object, java.lang.Object, long)'> (0x000000008876f2f8) 
thrown [s\open\src\hotspot\share\interpreter\linkResolver.cpp, line 796]
Event: 25.030 Thread 0x000001b0df260610 Exception <a 'java/lang/NoSuchMethodError'{0x0000000088773700}: 'java.lang.Object java.lang.invoke.DirectMethodHandle$Holder.invokeSpecial(java.lang.Object, java.lang.Object, java.lang.Object, java.lang.Object, long)'> (0x0000000088773700) 
thrown [s\open\src\hotspot\share\interpreter\linkResolver.cpp, line 796]
Event: 25.031 Thread 0x000001b0df260610 Exception <a 'java/lang/NoSuchMethodError'{0x00000000887773e8}: 'java.lang.Object java.lang.invoke.Invokers$Holder.linkToTargetMethod(java.lang.Object, java.lang.Object, long, java.lang.Object)'> (0x00000000887773e8) 
thrown [s\open\src\hotspot\share\interpreter\linkResolver.cpp, line 796]
Event: 43.345 Thread 0x000001b0df2619c0 Exception <a 'java/lang/NoSuchMethodError'{0x000000008b60cdd8}: 'java.lang.Object java.lang.invoke.DirectMethodHandle$Holder.invokeInterface(java.lang.Object, java.lang.Object, java.lang.Object, java.lang.Object, java.lang.Object)'> (0x000000008b60cdd8) 
thrown [s\open\src\hotspot\share\interpreter\linkResolver.cpp, line 796]
Event: 43.376 Thread 0x000001b0df2619c0 Exception <a 'java/lang/NoSuchMethodError'{0x000000008b696ed0}: 'void java.lang.invoke.Invokers$Holder.invokeExact_MT(java.lang.Object, java.lang.Object, int, java.lang.Object)'> (0x000000008b696ed0) 
thrown [s\open\src\hotspot\share\interpreter\linkResolver.cpp, line 796]

VM Operations (20 events):
Event: 63.569 Executing VM operation: G1CollectForAllocation (G1 Evacuation Pause)
Event: 63.575 Executing VM operation: G1CollectForAllocation (G1 Evacuation Pause) done
Event: 63.643 Executing VM operation: G1PauseRemark
Event: 63.651 Executing VM operation: G1PauseRemark done
Event: 63.688 Executing VM operation: G1PauseCleanup
Event: 63.688 Executing VM operation: G1PauseCleanup done
Event: 120.489 Executing VM operation: HandshakeAllThreads (HandshakeForDeflation)
Event: 120.489 Executing VM operation: HandshakeAllThreads (HandshakeForDeflation) done
Event: 120.489 Executing VM operation: RendezvousGCThreads
Event: 120.489 Executing VM operation: RendezvousGCThreads done
Event: 130.742 Executing VM operation: HandshakeAllThreads (Deoptimize)
Event: 130.742 Executing VM operation: HandshakeAllThreads (Deoptimize) done
Event: 180.747 Executing VM operation: HandshakeAllThreads (HandshakeForDeflation)
Event: 180.748 Executing VM operation: HandshakeAllThreads (HandshakeForDeflation) done
Event: 180.748 Executing VM operation: RendezvousGCThreads
Event: 180.748 Executing VM operation: RendezvousGCThreads done
Event: 240.876 Executing VM operation: HandshakeAllThreads (HandshakeForDeflation)
Event: 240.876 Executing VM operation: HandshakeAllThreads (HandshakeForDeflation) done
Event: 240.876 Executing VM operation: RendezvousGCThreads
Event: 240.876 Executing VM operation: RendezvousGCThreads done

Memory protections (0 events):
No events

Nmethod flushes (20 events):
Event: 63.649 Thread 0x000001b0ff1ffde0 flushing  nmethod 0x000001b0809fe608
Event: 63.649 Thread 0x000001b0ff1ffde0 flushing  nmethod 0x000001b080a02e08
Event: 63.649 Thread 0x000001b0ff1ffde0 flushing  nmethod 0x000001b080a06688
Event: 63.649 Thread 0x000001b0ff1ffde0 flushing  nmethod 0x000001b080a0d708
Event: 63.649 Thread 0x000001b0ff1ffde0 flushing  nmethod 0x000001b080a22808
Event: 63.649 Thread 0x000001b0ff1ffde0 flushing  nmethod 0x000001b080a2c008
Event: 63.649 Thread 0x000001b0ff1ffde0 flushing  nmethod 0x000001b080a2cd88
Event: 63.649 Thread 0x000001b0ff1ffde0 flushing  nmethod 0x000001b080a2d288
Event: 63.649 Thread 0x000001b0ff1ffde0 flushing  nmethod 0x000001b080a2da88
Event: 63.649 Thread 0x000001b0ff1ffde0 flushing  nmethod 0x000001b080a2df08
Event: 63.649 Thread 0x000001b0ff1ffde0 flushing  nmethod 0x000001b080a2f408
Event: 63.649 Thread 0x000001b0ff1ffde0 flushing  nmethod 0x000001b080a31708
Event: 63.649 Thread 0x000001b0ff1ffde0 flushing  nmethod 0x000001b080a32108
Event: 63.649 Thread 0x000001b0ff1ffde0 flushing  nmethod 0x000001b080a3f408
Event: 63.649 Thread 0x000001b0ff1ffde0 flushing  nmethod 0x000001b080a3ff08
Event: 63.649 Thread 0x000001b0ff1ffde0 flushing  nmethod 0x000001b080a60008
Event: 63.649 Thread 0x000001b0ff1ffde0 flushing  nmethod 0x000001b080a6b708
Event: 63.649 Thread 0x000001b0ff1ffde0 flushing osr nmethod 0x000001b080af9588
Event: 63.649 Thread 0x000001b0ff1ffde0 flushing  nmethod 0x000001b080b0bb88
Event: 63.649 Thread 0x000001b0ff1ffde0 flushing  nmethod 0x000001b080b5ae08

Events (20 events):
Event: 24.110 Thread 0x000001b0df25f260 Thread added: 0x000001b0e5677f30
Event: 24.111 Thread 0x000001b0df25f260 Thread added: 0x000001b0e5675e60
Event: 24.112 Thread 0x000001b0e5677f30 Thread added: 0x000001b0e5673070
Event: 26.642 Thread 0x000001b0df25f8f0 Thread added: 0x000001b0e56778a0
Event: 26.643 Thread 0x000001b0df25f8f0 Thread added: 0x000001b0e567a690
Event: 26.643 Thread 0x000001b0df25f8f0 Thread added: 0x000001b0e5673700
Event: 26.643 Thread 0x000001b0e567a690 Thread added: 0x000001b0e56764f0
Event: 26.657 Thread 0x000001b0df261330 Thread added: 0x000001b0e56785c0
Event: 26.657 Thread 0x000001b0df261330 Thread added: 0x000001b0e5673d90
Event: 83.553 Thread 0x000001b0df25ebd0 Thread added: 0x000001b0da0b3e90
Event: 84.144 Thread 0x000001b0e5673070 Thread exited: 0x000001b0e5673070
Event: 86.659 Thread 0x000001b0e567a000 Thread exited: 0x000001b0e567a000
Event: 86.659 Thread 0x000001b0e56785c0 Thread exited: 0x000001b0e56785c0
Event: 86.659 Thread 0x000001b0e56764f0 Thread exited: 0x000001b0e56764f0
Event: 86.659 Thread 0x000001b0e56778a0 Thread exited: 0x000001b0e56778a0
Event: 86.660 Thread 0x000001b0e5673700 Thread exited: 0x000001b0e5673700
Event: 86.675 Thread 0x000001b0e5673d90 Thread exited: 0x000001b0e5673d90
Event: 86.675 Thread 0x000001b0e567a690 Thread exited: 0x000001b0e567a690
Event: 86.675 Thread 0x000001b0e5677f30 Thread exited: 0x000001b0e5677f30
Event: 86.675 Thread 0x000001b0e5675e60 Thread exited: 0x000001b0e5675e60


Dynamic libraries:
0x00007ff674610000 - 0x00007ff674620000 	C:\Program Files\Java\jdk-23\bin\java.exe
0x00007ffa60730000 - 0x00007ffa60947000 	C:\WINDOWS\SYSTEM32\ntdll.dll
0x00007ffa5ecf0000 - 0x00007ffa5edb4000 	C:\WINDOWS\System32\KERNEL32.DLL
0x00007ffa5db30000 - 0x00007ffa5df03000 	C:\WINDOWS\System32\KERNELBASE.dll
0x00007ffa5e040000 - 0x00007ffa5e151000 	C:\WINDOWS\System32\ucrtbase.dll
0x00007ffa51b30000 - 0x00007ffa51b47000 	C:\Program Files\Java\jdk-23\bin\jli.dll
0x00007ffa5f760000 - 0x00007ffa5f911000 	C:\WINDOWS\System32\USER32.dll
0x00007ffa5e190000 - 0x00007ffa5e1b6000 	C:\WINDOWS\System32\win32u.dll
0x00007ffa5e4f0000 - 0x00007ffa5e519000 	C:\WINDOWS\System32\GDI32.dll
0x00007ffa5df10000 - 0x00007ffa5e032000 	C:\WINDOWS\System32\gdi32full.dll
0x00007ffa5da90000 - 0x00007ffa5db2a000 	C:\WINDOWS\System32\msvcp_win.dll
0x00007ffa47f80000 - 0x00007ffa47f9b000 	C:\Program Files\Java\jdk-23\bin\VCRUNTIME140.dll
0x00007ffa44e40000 - 0x00007ffa450db000 	C:\WINDOWS\WinSxS\amd64_microsoft.windows.common-controls_6595b64144ccf1df_6.0.22621.5262_none_2712bde373830908\COMCTL32.dll
0x00007ffa5eb90000 - 0x00007ffa5ec37000 	C:\WINDOWS\System32\msvcrt.dll
0x00007ffa60400000 - 0x00007ffa60431000 	C:\WINDOWS\System32\IMM32.DLL
0x00007ffa4aca0000 - 0x00007ffa4acac000 	C:\Program Files\Java\jdk-23\bin\vcruntime140_1.dll
0x00007ffa46720000 - 0x00007ffa467ae000 	C:\Program Files\Java\jdk-23\bin\msvcp140.dll
0x00007ffa0c3c0000 - 0x00007ffa0d10f000 	C:\Program Files\Java\jdk-23\bin\server\jvm.dll
0x00007ffa5fb90000 - 0x00007ffa5fc41000 	C:\WINDOWS\System32\ADVAPI32.dll
0x00007ffa5fa00000 - 0x00007ffa5faa7000 	C:\WINDOWS\System32\sechost.dll
0x00007ffa5e160000 - 0x00007ffa5e188000 	C:\WINDOWS\System32\bcrypt.dll
0x00007ffa602e0000 - 0x00007ffa603f4000 	C:\WINDOWS\System32\RPCRT4.dll
0x00007ffa5edc0000 - 0x00007ffa5ee31000 	C:\WINDOWS\System32\WS2_32.dll
0x00007ffa5d130000 - 0x00007ffa5d17d000 	C:\WINDOWS\SYSTEM32\POWRPROF.dll
0x00007ffa54400000 - 0x00007ffa54434000 	C:\WINDOWS\SYSTEM32\WINMM.dll
0x00007ffa4bbd0000 - 0x00007ffa4bbda000 	C:\WINDOWS\SYSTEM32\VERSION.dll
0x00007ffa5d110000 - 0x00007ffa5d123000 	C:\WINDOWS\SYSTEM32\UMPDC.dll
0x00007ffa5c820000 - 0x00007ffa5c838000 	C:\WINDOWS\SYSTEM32\kernel.appcore.dll
0x00007ffa4a610000 - 0x00007ffa4a61a000 	C:\Program Files\Java\jdk-23\bin\jimage.dll
0x00007ffa5b210000 - 0x00007ffa5b442000 	C:\WINDOWS\SYSTEM32\DBGHELP.DLL
0x00007ffa5e7f0000 - 0x00007ffa5eb83000 	C:\WINDOWS\System32\combase.dll
0x00007ffa5fab0000 - 0x00007ffa5fb87000 	C:\WINDOWS\System32\OLEAUT32.dll
0x00007ffa42460000 - 0x00007ffa42492000 	C:\WINDOWS\SYSTEM32\dbgcore.DLL
0x00007ffa5da10000 - 0x00007ffa5da8b000 	C:\WINDOWS\System32\bcryptPrimitives.dll
0x00007ffa47f40000 - 0x00007ffa47f7c000 	C:\Program Files\Java\jdk-23\bin\jdwp.dll
0x00007ffa48b90000 - 0x00007ffa48b9f000 	C:\Program Files\Java\jdk-23\bin\instrument.dll
0x00007ffa47e10000 - 0x00007ffa47e2e000 	C:\Program Files\Java\jdk-23\bin\java.dll
0x00007ffa5e520000 - 0x00007ffa5e6c1000 	C:\WINDOWS\System32\ole32.dll
0x00007ffa5ee40000 - 0x00007ffa5f6dd000 	C:\WINDOWS\System32\SHELL32.dll
0x00007ffa5e1c0000 - 0x00007ffa5e2ff000 	C:\WINDOWS\System32\wintypes.dll
0x00007ffa46840000 - 0x00007ffa46857000 	C:\Program Files\Java\jdk-23\bin\zip.dll
0x00007ffa5b710000 - 0x00007ffa5c02d000 	C:\WINDOWS\SYSTEM32\windows.storage.dll
0x00007ffa5e3c0000 - 0x00007ffa5e4cb000 	C:\WINDOWS\System32\SHCORE.dll
0x00007ffa5f920000 - 0x00007ffa5f986000 	C:\WINDOWS\System32\shlwapi.dll
0x00007ffa5d750000 - 0x00007ffa5d77b000 	C:\WINDOWS\SYSTEM32\profapi.dll
0x00007ffa3e480000 - 0x00007ffa3e557000 	C:\Program Files\Java\jdk-23\bin\jsvml.dll
0x00007ffa488b0000 - 0x00007ffa488bc000 	C:\Program Files\Java\jdk-23\bin\dt_socket.dll
0x00007ffa5c320000 - 0x00007ffa5c34d000 	C:\WINDOWS\SYSTEM32\IPHLPAPI.DLL
0x00007ffa5cc90000 - 0x00007ffa5ccfa000 	C:\WINDOWS\system32\mswsock.dll
0x00007ffa48270000 - 0x00007ffa48280000 	C:\Program Files\Java\jdk-23\bin\net.dll
0x00007ffa46700000 - 0x00007ffa46716000 	C:\Program Files\Java\jdk-23\bin\nio.dll
0x00007ffa46830000 - 0x00007ffa46840000 	C:\Program Files\Java\jdk-23\bin\verify.dll
0x00007ffa466f0000 - 0x00007ffa466fa000 	C:\Program Files\Java\jdk-23\bin\management.dll
0x00007ffa466e0000 - 0x00007ffa466eb000 	C:\Program Files\Java\jdk-23\bin\management_ext.dll
0x00007ffa5f9e0000 - 0x00007ffa5f9e8000 	C:\WINDOWS\System32\PSAPI.DLL
0x00007ffa466d0000 - 0x00007ffa466de000 	C:\Program Files\Java\jdk-23\bin\sunmscapi.dll
0x00007ffa5d820000 - 0x00007ffa5d987000 	C:\WINDOWS\System32\CRYPT32.dll
0x00007ffa5d1c0000 - 0x00007ffa5d1ed000 	C:\WINDOWS\SYSTEM32\ncrypt.dll
0x00007ffa5d180000 - 0x00007ffa5d1b7000 	C:\WINDOWS\SYSTEM32\NTASN1.dll
0x00007ffa5cfe0000 - 0x00007ffa5cffb000 	C:\WINDOWS\SYSTEM32\CRYPTSP.dll
0x00007ffa5c780000 - 0x00007ffa5c7b7000 	C:\WINDOWS\system32\rsaenh.dll
0x00007ffa5cd30000 - 0x00007ffa5cd58000 	C:\WINDOWS\SYSTEM32\USERENV.dll
0x00007ffa5cfc0000 - 0x00007ffa5cfcc000 	C:\WINDOWS\SYSTEM32\CRYPTBASE.dll
0x00007ffa5f9f0000 - 0x00007ffa5f9f9000 	C:\WINDOWS\System32\NSI.dll
0x00007ffa5c350000 - 0x00007ffa5c448000 	C:\WINDOWS\SYSTEM32\DNSAPI.dll
0x00007ffa53270000 - 0x00007ffa5327a000 	C:\Windows\System32\rasadhlp.dll
0x00007ffa553b0000 - 0x00007ffa55433000 	C:\WINDOWS\System32\fwpuclnt.dll
0x00007ffa466c0000 - 0x00007ffa466c9000 	C:\Program Files\Java\jdk-23\bin\extnet.dll
0x00007ffa41f80000 - 0x00007ffa41f88000 	C:\WINDOWS\system32\wshunix.dll

dbghelp: loaded successfully - version: 4.0.5 - missing functions: none
symbol engine: initialized successfully - sym options: 0x614 - pdb path: .;C:\Program Files\Java\jdk-23\bin;C:\WINDOWS\SYSTEM32;C:\WINDOWS\WinSxS\amd64_microsoft.windows.common-controls_6595b64144ccf1df_6.0.22621.5262_none_2712bde373830908;C:\Program Files\Java\jdk-23\bin\server

VM Arguments:
jvm_args: -agentlib:jdwp=transport=dt_socket,address=127.0.0.1:7086,suspend=y,server=n -javaagent:C:\Users\Leo\AppData\Local\JetBrains\IdeaIC2024.2\captureAgent\debugger-agent.jar -Dkotlinx.coroutines.debug.enable.creation.stack.trace=false -Ddebugger.agent.enable.coroutines=true -Dfile.encoding=UTF-8 -Dsun.stdout.encoding=UTF-8 -Dsun.stderr.encoding=UTF-8 
java_command: com.example.rifa.RifaApplication
java_class_path (initial): D:\SuperSorteo\rifa\target\classes;C:\Users\Leo\.m2\repository\org\springframework\boot\spring-boot-starter-actuator\3.3.5\spring-boot-starter-actuator-3.3.5.jar;C:\Users\Leo\.m2\repository\org\springframework\boot\spring-boot-starter\3.3.5\spring-boot-starter-3.3.5.jar;C:\Users\Leo\.m2\repository\org\springframework\boot\spring-boot-starter-logging\3.3.5\spring-boot-starter-logging-3.3.5.jar;C:\Users\Leo\.m2\repository\ch\qos\logback\logback-classic\1.5.11\logback-classic-1.5.11.jar;C:\Users\Leo\.m2\repository\ch\qos\logback\logback-core\1.5.11\logback-core-1.5.11.jar;C:\Users\Leo\.m2\repository\org\apache\logging\log4j\log4j-to-slf4j\2.23.1\log4j-to-slf4j-2.23.1.jar;C:\Users\Leo\.m2\repository\org\apache\logging\log4j\log4j-api\2.23.1\log4j-api-2.23.1.jar;C:\Users\Leo\.m2\repository\org\slf4j\jul-to-slf4j\2.0.16\jul-to-slf4j-2.0.16.jar;C:\Users\Leo\.m2\repository\jakarta\annotation\jakarta.annotation-api\2.1.1\jakarta.annotation-api-2.1.1.jar;C:\Users\Leo\.m2\repository\org\yaml\snakeyaml\2.2\snakeyaml-2.2.jar;C:\Users\Leo\.m2\repository\org\springframework\boot\spring-boot-actuator-autoconfigure\3.3.5\spring-boot-actuator-autoconfigure-3.3.5.jar;C:\Users\Leo\.m2\repository\org\springframework\boot\spring-boot-actuator\3.3.5\spring-boot-actuator-3.3.5.jar;C:\Users\Leo\.m2\repository\com\fasterxml\jackson\core\jackson-databind\2.17.2\jackson-databind-2.17.2.jar;C:\Users\Leo\.m2\repository\com\fasterxml\jackson\core\jackson-annotations\2.17.2\jackson-annotations-2.17.2.jar;C:\Users\Leo\.m2\repository\com\fasterxml\jackson\core\jackson-core\2.17.2\jackson-core-2.17.2.jar;C:\Users\Leo\.m2\repository\com\fasterxml\jackson\datatype\jackson-datatype-jsr310\2.17.2\jackson-datatype-jsr310-2.17.2.jar;C:\Users\Leo\.m2\repository\io\micrometer\micrometer-observation\1.13.6\micrometer-observation-1.13.6.jar;C:\Users\Leo\.m2\repository\io\micrometer\micrometer-commons\1.13.6\micrometer-commons-1.13.6.jar;C:\Users\Leo\.m2\repository\io\micrometer\micrometer-jakarta9\1.13.6\micrometer-jakarta9-1.13.6.jar;C:\Users\Leo\.m2\repository\io\micrometer\micrometer-core\1.13.6\micrometer-core-1.13.6.jar;C:\Users\Leo\.m2\repository\org\hdrhistogram\HdrHistogram\2.2.2\HdrHistogram-2.2.2.jar;C:\Users\Leo\.m2\repository\org\latencyutils\LatencyUtils\2.0.3\LatencyUtils-2.0.3.jar;C:\Users\Leo\.m2\repository\org\springframework\boot\spring-boot-starter-mail\3.3.5\spring-boot-starter-mail-3.3.5.jar;C:\Users\Leo\.m2\repository\org\springframework\spring-context-support\6.1.14\spring-context-support-6.1.14.jar;C:\Users\Leo\.m2\repository\org\springframework\spring-beans\6.1.14\spring-beans-6.1.14.jar;C:\Users\Leo\.m2\repository\org\springframework\spring-context\6.1.14\spring-context-6.1.14.jar;C:\Users\Leo\.m2\repository\org\eclipse\angus\jakarta.mail\2.0.3\jakarta.mail-2.0.3.jar;C:\Users\Leo\.m2\repository\jakarta\activation\jakarta.activation-api\2.1.3\jakarta.activation-api-2.1.3.jar;C:\Users\Leo\.m2\repository\org\eclipse\angus\angus-activation\2.0.2\angus-activation-2.0.2.jar;C:\Users\Leo\.m2\repository\org\springframework\boot\spring-boot-starter-data-jpa\3.3.5\spring-boot-starter-data-jpa-3.3.5.jar;C:\Users\Leo\.m2\repository\org\springframework\boot\spring-boot-starter-aop\3.3.5\spring-boot-starter-aop-3.3.5.jar;C:\Users\Leo\.m2\repository\org\springframework\spring-aop\6.1.14\spring-aop-6.1.14.jar;C:\Users\Leo\.m2\repository\org\aspectj\aspectjweaver\1.9.22.1\aspectjweaver-1.9.22.1.jar;C:\Users\Leo\.m2\repository\org\springframework\boot\spring-boot-starter-jdbc\3.3.5\spring-boot-starter-jdbc-3.3.5.jar;C:\Users\Leo\.m2\repository\com\zaxxer\HikariCP\5.1.0\HikariCP-5.1.0.jar;C:\Users\Leo\.m2\repository\org\springframework\spring-jdbc\6.1.14\spring-jdbc-6.1.14.jar;C:\Users\Leo\.m2\repository\org\hibernate\orm\hibernate-core\6.5.3.Final\hibernate-core-6.5.3.Final.jar;C:\Users\Leo\.m2\repository\jakarta\persistence\jakarta.persistence-api\3.1.0\jakarta.persistence-api-3.1.0.jar;C:\Users\Leo\.m2\repository\jakarta\transaction\jakarta.transaction-api\2.0.1\jakarta.transaction-api-2.0.1.jar;C:\Users\Leo\.m2\repository\org\jboss\logging\jboss-logging\3.5.3.Final\jboss-logging-3.5.3.Final.jar;C:\Users\Leo\.m2\repository\org\hibernate\common\hibernate-commons-annotations\6.0.6.Final\hibernate-commons-annotations-6.0.6.Final.jar;C:\Users\Leo\.m2\repository\io\smallrye\jandex\3.1.2\jandex-3.1.2.jar;C:\Users\Leo\.m2\repository\com\fasterxml\classmate\1.7.0\classmate-1.7.0.jar;C:\Users\Leo\.m2\repository\net\bytebuddy\byte-buddy\1.14.19\byte-buddy-1.14.19.jar;C:\Users\Leo\.m2\repository\org\glassfish\jaxb\jaxb-runtime\4.0.5\jaxb-runtime-4.0.5.jar;C:\Users\Leo\.m2\repository\org\glassfish\jaxb\jaxb-core\4.0.5\jaxb-core-4.0.5.jar;C:\Users\Leo\.m2\repository\org\glassfish\jaxb\txw2\4.0.5\txw2-4.0.5.jar;C:\Users\Leo\.m2\repository\com\sun\istack\istack-commons-runtime\4.1.2\istack-commons-runtime-4.1.2.jar;C:\Users\Leo\.m2\repository\jakarta\inject\jakarta.inject-api\2.0.1\jakarta.inject-api-2.0.1.jar;C:\Users\Leo\.m2\repository\org\antlr\antlr4-runtime\4.13.0\antlr4-runtime-4.13.0.jar;C:\Users\Leo\.m2\repository\org\springframework\data\spring-data-jpa\3.3.5\spring-data-jpa-3.3.5.jar;C:\Users\Leo\.m2\repository\org\springframework\data\spring-data-commons\3.3.5\spring-data-commons-3.3.5.jar;C:\Users\Leo\.m2\repository\org\springframework\spring-orm\6.1.14\spring-orm-6.1.14.jar;C:\Users\Leo\.m2\repository\org\springframework\spring-tx\6.1.14\spring-tx-6.1.14.jar;C:\Users\Leo\.m2\repository\org\slf4j\slf4j-api\2.0.16\slf4j-api-2.0.16.jar;C:\Users\Leo\.m2\repository\org\springframework\spring-aspects\6.1.14\spring-aspects-6.1.14.jar;C:\Users\Leo\.m2\repository\org\springframework\boot\spring-boot-starter-validation\3.3.5\spring-boot-starter-validation-3.3.5.jar;C:\Users\Leo\.m2\repository\org\apache\tomcat\embed\tomcat-embed-el\10.1.31\tomcat-embed-el-10.1.31.jar;C:\Users\Leo\.m2\repository\org\hibernate\validator\hibernate-validator\8.0.1.Final\hibernate-validator-8.0.1.Final.jar;C:\Users\Leo\.m2\repository\jakarta\validation\jakarta.validation-api\3.0.2\jakarta.validation-api-3.0.2.jar;C:\Users\Leo\.m2\repository\org\springframework\boot\spring-boot-starter-web\3.3.5\spring-boot-starter-web-3.3.5.jar;C:\Users\Leo\.m2\repository\org\springframework\boot\spring-boot-starter-json\3.3.5\spring-boot-starter-json-3.3.5.jar;C:\Users\Leo\.m2\repository\com\fasterxml\jackson\datatype\jackson-datatype-jdk8\2.17.2\jackson-datatype-jdk8-2.17.2.jar;C:\Users\Leo\.m2\repository\com\fasterxml\jackson\module\jackson-module-parameter-names\2.17.2\jackson-module-parameter-names-2.17.2.jar;C:\Users\Leo\.m2\repository\org\springframework\boot\spring-boot-starter-tomcat\3.3.5\spring-boot-starter-tomcat-3.3.5.jar;C:\Users\Leo\.m2\repository\org\apache\tomcat\embed\tomcat-embed-core\10.1.31\tomcat-embed-core-10.1.31.jar;C:\Users\Leo\.m2\repository\org\apache\tomcat\embed\tomcat-embed-websocket\10.1.31\tomcat-embed-websocket-10.1.31.jar;C:\Users\Leo\.m2\repository\org\springframework\spring-web\6.1.14\spring-web-6.1.14.jar;C:\Users\Leo\.m2\repository\org\springframework\spring-webmvc\6.1.14\spring-webmvc-6.1.14.jar;C:\Users\Leo\.m2\repository\org\springframework\spring-expression\6.1.14\spring-expression-6.1.14.jar;C:\Users\Leo\.m2\repository\org\springframework\boot\spring-boot-starter-websocket\3.3.5\spring-boot-starter-websocket-3.3.5.jar;C:\Users\Leo\.m2\repository\org\springframework\spring-messaging\6.1.14\spring-messaging-6.1.14.jar;C:\Users\Leo\.m2\repository\org\springframework\spring-websocket\6.1.14\spring-websocket-6.1.14.jar;C:\Users\Leo\.m2\repository\org\springframework\boot\spring-boot-devtools\3.3.5\spring-boot-devtools-3.3.5.jar;C:\Users\Leo\.m2\repository\org\springframework\boot\spring-boot\3.3.5\spring-boot-3.3.5.jar;C:\Users\Leo\.m2\repository\org\springframework\boot\spring-boot-autoconfigure\3.3.5\spring-boot-autoconfigure-3.3.5.jar;C:\Users\Leo\.m2\repository\com\mysql\mysql-connector-j\8.3.0\mysql-connector-j-8.3.0.jar;C:\Users\Leo\.m2\repository\org\projectlombok\lombok\1.18.34\lombok-1.18.34.jar;C:\Users\Leo\.m2\repository\com\mercadopago\sdk-java\2.1.7\sdk-java-2.1.7.jar;C:\Users\Leo\.m2\repository\org\apache\maven\plugins\maven-javadoc-plugin\3.3.2\maven-javadoc-plugin-3.3.2.jar;C:\Users\Leo\.m2\repository\org\apache\maven\maven-core\3.0\maven-core-3.0.jar;C:\Users\Leo\.m2\repository\org\apache\maven\maven-settings-builder\3.0\maven-settings-builder-3.0.jar;C:\Users\Leo\.m2\repository\org\apache\maven\maven-repository-metadata\3.0\maven-repository-metadata-3.0.jar;C:\Users\Leo\.m2\repository\org\apache\maven\maven-model-builder\3.0\maven-model-builder-3.0.jar;C:\Users\Leo\.m2\repository\org\apache\maven\maven-aether-provider\3.0\maven-aether-provider-3.0.jar;C:\Users\Leo\.m2\repository\org\sonatype\aether\aether-impl\1.7\aether-impl-1.7.jar;C:\Users\Leo\.m2\repository\org\sonatype\aether\aether-spi\1.7\aether-spi-1.7.jar;C:\Users\Leo\.m2\repository\org\sonatype\aether\aether-api\1.7\aether-api-1.7.jar;C:\Users\Leo\.m2\repository\org\sonatype\aether\aether-util\1.7\aether-util-1.7.jar;C:\Users\Leo\.m2\repository\org\sonatype\sisu\sisu-inject-plexus\1.4.2\sisu-inject-plexus-1.4.2.jar;C:\Users\Leo\.m2\repository\org\sonatype\sisu\sisu-inject-bean\1.4.2\sisu-inject-bean-1.4.2.jar;C:\Users\Leo\.m2\repository\org\sonatype\sisu\sisu-guice\2.1.7\sisu-guice-2.1.7-noaop.jar;C:\Users\Leo\.m2\repository\org\codehaus\plexus\plexus-interpolation\1.14\plexus-interpolation-1.14.jar;C:\Users\Leo\.m2\repository\org\codehaus\plexus\plexus-classworlds\2.2.3\plexus-classworlds-2.2.3.jar;C:\Users\Leo\.m2\repository\org\codehaus\plexus\plexus-component-annotations\1.5.5\plexus-component-annotations-1.5.5.jar;C:\Users\Leo\.m2\repository\org\sonatype\plexus\plexus-sec-dispatcher\1.3\plexus-sec-dispatcher-1.3.jar;C:\Users\Leo\.m2\repository\org\sonatype\plexus\plexus-cipher\1.4\plexus-cipher-1.4.jar;C:\Users\Leo\.m2\repository\org\apache\maven\maven-model\3.0\maven-model-3.0.jar;C:\Users\Leo\.m2\repository\org\apache\maven\maven-settings\3.0\maven-settings-3.0.jar;C:\Users\Leo\.m2\repository\org\apache\maven\maven-plugin-api\3.0\maven-plugin-api-3.0.jar;C:\Users\Leo\.m2\repository\org\apache\maven\maven-artifact\3.0\maven-artifact-3.0.jar;C:\Users\Leo\.m2\repository\org\apache\maven\reporting\maven-reporting-api\3.1.0\maven-reporting-api-3.1.0.jar;C:\Users\Leo\.m2\repository\org\apache\maven\maven-archiver\3.5.1\maven-archiver-3.5.1.jar;C:\Users\Leo\.m2\repository\org\apache\maven\shared\maven-shared-utils\3.3.3\maven-shared-utils-3.3.3.jar;C:\Users\Leo\.m2\repository\org\apache\maven\shared\maven-invoker\3.1.0\maven-invoker-3.1.0.jar;C:\Users\Leo\.m2\repository\javax\inject\javax.inject\1\javax.inject-1.jar;C:\Users\Leo\.m2\repository\org\apache\maven\shared\maven-common-artifact-filters\3.1.1\maven-common-artifact-filters-3.1.1.jar;C:\Users\Leo\.m2\repository\org\apache\maven\shared\maven-artifact-transfer\0.13.1\maven-artifact-transfer-0.13.1.jar;C:\Users\Leo\.m2\repository\org\apache\maven\doxia\doxia-sink-api\1.11.1\doxia-sink-api-1.11.1.jar;C:\Users\Leo\.m2\repository\org\apache\maven\doxia\doxia-logging-api\1.11.1\doxia-logging-api-1.11.1.jar;C:\Users\Leo\.m2\repository\org\apache\maven\doxia\doxia-site-renderer\1.11.1\doxia-site-renderer-1.11.1.jar;C:\Users\Leo\.m2\repository\org\apache\maven\doxia\doxia-core\1.11.1\doxia-core-1.11.1.jar;C:\Users\Leo\.m2\repository\org\apache\maven\doxia\doxia-decoration-model\1.11.1\doxia-decoration-model-1.11.1.jar;C:\Users\Leo\.m2\repository\org\apache\maven\doxia\doxia-skin-model\1.11.1\doxia-skin-model-1.11.1.jar;C:\Users\Leo\.m2\repository\org\apache\maven\doxia\doxia-module-xhtml\1.11.1\doxia-module-xhtml-1.11.1.jar;C:\Users\Leo\.m2\repository\org\apache\maven\doxia\doxia-module-xhtml5\1.11.1\doxia-module-xhtml5-1.11.1.jar;C:\Users\Leo\.m2\repository\org\codehaus\plexus\plexus-i18n\1.0-beta-10\plexus-i18n-1.0-beta-10.jar;C:\Users\Leo\.m2\repository\org\codehaus\plexus\plexus-container-default\1.0-alpha-30\plexus-container-default-1.0-alpha-30.jar;C:\Users\Leo\.m2\repository\junit\junit\4.13.2\junit-4.13.2.jar;C:\Users\Leo\.m2\repository\org\hamcrest\hamcrest-core\2.2\hamcrest-core-2.2.jar;C:\Users\Leo\.m2\repository\org\codehaus\plexus\plexus-velocity\1.2\plexus-velocity-1.2.jar;C:\Users\Leo\.m2\repository\org\apache\velocity\velocity\1.7\velocity-1.7.jar;C:\Users\Leo\.m2\repository\commons-lang\commons-lang\2.4\commons-lang-2.4.jar;C:\Users\Leo\.m2\repository\org\apache\velocity\velocity-tools\2.0\velocity-tools-2.0.jar;C:\Users\Leo\.m2\repository\commons-beanutils\commons-beanutils\1.7.0\commons-beanutils-1.7.0.jar;C:\Users\Leo\.m2\repository\commons-digester\commons-digester\1.8\commons-digester-1.8.jar;C:\Users\Leo\.m2\repository\commons-chain\commons-chain\1.1\commons-chain-1.1.jar;C:\Users\Leo\.m2\repository\dom4j\dom4j\1.1\dom4j-1.1.jar;C:\Users\Leo\.m2\repository\oro\oro\2.0.8\oro-2.0.8.jar;C:\Users\Leo\.m2\repository\commons-collections\commons-collections\3.2.2\commons-collections-3.2.2.jar;C:\Users\Leo\.m2\repository\org\apache\maven\wagon\wagon-provider-api\2.4\wagon-provider-api-2.4.jar;C:\Users\Leo\.m2\repository\org\apache\commons\commons-lang3\3.14.0\commons-lang3-3.14.0.jar;C:\Users\Leo\.m2\repository\org\apache\commons\commons-text\1.9\commons-text-1.9.jar;C:\Users\Leo\.m2\repository\org\apache\httpcomponents\httpcore\4.4.16\httpcore-4.4.16.jar;C:\Users\Leo\.m2\repository\com\thoughtworks\qdox\qdox\2.0.1\qdox-2.0.1.jar;C:\Users\Leo\.m2\repository\org\codehaus\plexus\plexus-java\1.1.0\plexus-java-1.1.0.jar;C:\Users\Leo\.m2\repository\org\ow2\asm\asm\9.2\asm-9.2.jar;C:\Users\Leo\.m2\repository\org\codehaus\plexus\plexus-archiver\4.2.6\plexus-archiver-4.2.6.jar;C:\Users\Leo\.m2\repository\org\apache\commons\commons-compress\1.21\commons-compress-1.21.jar;C:\Users\Leo\.m2\repository\org\iq80\snappy\snappy\0.4\snappy-0.4.jar;C:\Users\Leo\.m2\repository\org\tukaani\xz\1.9\xz-1.9.jar;C:\Users\Leo\.m2\repository\org\codehaus\plexus\plexus-io\3.2.0\plexus-io-3.2.0.jar;C:\Users\Leo\.m2\repository\org\codehaus\plexus\plexus-utils\3.3.0\plexus-utils-3.3.0.jar;C:\Users\Leo\.m2\repository\commons-io\commons-io\2.11.0\commons-io-2.11.0.jar;C:\Users\Leo\.m2\repository\org\codehaus\plexus\plexus-interactivity-api\1.1\plexus-interactivity-api-1.1.jar;C:\Users\Leo\.m2\repository\org\apache\httpcomponents\httpclient\4.5.13\httpclient-4.5.13.jar;C:\Users\Leo\.m2\repository\commons-logging\commons-logging\1.2\commons-logging-1.2.jar;C:\Users\Leo\.m2\repository\commons-codec\commons-codec\1.16.1\commons-codec-1.16.1.jar;C:\Users\Leo\.m2\repository\com\google\code\gson\gson\2.10.1\gson-2.10.1.jar;C:\Users\Leo\.m2\repository\jakarta\xml\bind\jakarta.xml.bind-api\4.0.2\jakarta.xml.bind-api-4.0.2.jar;C:\Users\Leo\.m2\repository\org\hamcrest\hamcrest\2.2\hamcrest-2.2.jar;C:\Users\Leo\.m2\repository\org\springframework\spring-core\6.1.14\spring-core-6.1.14.jar;C:\Users\Leo\.m2\repository\org\springframework\spring-jcl\6.1.14\spring-jcl-6.1.14.jar;C:\Program Files\JetBrains\IntelliJ IDEA Community Edition 2024.2.3\lib\idea_rt.jar
Launcher Type: SUN_STANDARD

[Global flags]
     intx CICompilerCount                          = 3                                         {product} {ergonomic}
     uint ConcGCThreads                            = 1                                         {product} {ergonomic}
     uint G1ConcRefinementThreads                  = 4                                         {product} {ergonomic}
   size_t G1HeapRegionSize                         = 1048576                                   {product} {ergonomic}
   size_t InitialHeapSize                          = 130023424                                 {product} {ergonomic}
   size_t MarkStackSize                            = 4194304                                   {product} {ergonomic}
   size_t MarkStackSizeMax                         = 536870912                                 {product} {ergonomic}
   size_t MaxHeapSize                              = 2067791872                                {product} {ergonomic}
   size_t MaxNewSize                               = 1240465408                                {product} {ergonomic}
   size_t MinHeapDeltaBytes                        = 1048576                                   {product} {ergonomic}
   size_t MinHeapSize                              = 8388608                                   {product} {ergonomic}
    uintx NonNMethodCodeHeapSize                   = 5832704                                {pd product} {ergonomic}
    uintx NonProfiledCodeHeapSize                  = 122945536                              {pd product} {ergonomic}
    uintx ProfiledCodeHeapSize                     = 122880000                              {pd product} {ergonomic}
    uintx ReservedCodeCacheSize                    = 251658240                              {pd product} {ergonomic}
     bool SegmentedCodeCache                       = true                                      {product} {ergonomic}
   size_t SoftMaxHeapSize                          = 2067791872                             {manageable} {ergonomic}
     bool UseCompressedOops                        = true                           {product lp64_product} {ergonomic}
     bool UseG1GC                                  = true                                      {product} {ergonomic}
     bool UseLargePagesIndividualAllocation        = false                                  {pd product} {ergonomic}

Logging:
Log output configuration:
 #0: stdout all=warning uptime,level,tags foldmultilines=false
 #1: stderr all=off uptime,level,tags foldmultilines=false

Environment Variables:
PATH=C:\Program Files\Common Files\Oracle\Java\javapath;C:\WINDOWS\system32;C:\WINDOWS;C:\WINDOWS\System32\Wbem;C:\WINDOWS\System32\WindowsPowerShell\v1.0\;C:\WINDOWS\System32\OpenSSH\;D:\Programas\;C:\Program Files (x86)\Microsoft SQL Server\160\Tools\Binn\;C:\Program Files\Microsoft SQL Server\160\Tools\Binn\;C:\Program Files\Microsoft SQL Server\Client SDK\ODBC\170\Tools\Binn\;C:\Program Files\Microsoft SQL Server\160\DTS\Binn\;C:\Program Files (x86)\Microsoft SQL Server\160\DTS\Binn\;C:\Program Files\Microsoft SQL Server\150\Tools\Binn\;C:\Program Files\dotnet\;C:\Program Files\Git\cmd;D:\JAVA\apache-maven-3.9.9\bin;C:\Program Files\MySQL\MySQL Server 9.1\bin;;C:\Program Files\Docker\Docker\resources\bin;C:\ProgramData\chocolatey\bin;C:\Users\Leo\AppData\Local\Microsoft\WindowsApps;C:\Users\Leo\AppData\Roaming\npm;C:\Users\Leo\AppData\Local\Programs\Microsoft VS Code\bin;C:\Users\Leo\.dotnet\tools;C:\Program Files\Cloudflare;C:\Users\Leo\AppData\Local\Programs\Python\Python313\Scripts\;C:\Users\Leo\AppData\Local\Programs\Python\Python313\;C:\Users\Leo\AppData\Local\Programs\Python\Launcher\;C:\Users\Leo\AppData\Local\Microsoft\WindowsApps;C:\Users\Leo\AppData\Roaming\npm;C:\Users\Leo\AppData\Local\Programs\Microsoft VS Code\bin;C:\Users\Leo\.dotnet\tools
USERNAME=Leo
OS=Windows_NT
PROCESSOR_IDENTIFIER=Intel64 Family 6 Model 140 Stepping 1, GenuineIntel
TMP=C:\Users\Leo\AppData\Local\Temp
TEMP=C:\Users\Leo\AppData\Local\Temp




Periodic native trim disabled

---------------  S Y S T E M  ---------------

OS:
 Windows 11 , 64 bit Build 22621 (10.0.22621.5262)
OS uptime: 0 days 2:11 hours
Hyper-V role detected

CPU: total 4 (initial active 4) (2 cores per cpu, 2 threads per core) family 6 model 140 stepping 1 microcode 0xa6, cx8, cmov, fxsr, ht, mmx, 3dnowpref, sse, sse2, sse3, ssse3, sse4.1, sse4.2, popcnt, lzcnt, tsc, tscinvbit, avx, avx2, aes, erms, clmul, bmi1, bmi2, adx, avx512f, avx512dq, avx512cd, avx512bw, avx512vl, sha, fma, vzeroupper, avx512_vpopcntdq, avx512_vpclmulqdq, avx512_vaes, avx512_vnni, clflush, clflushopt, clwb, avx512_vbmi2, avx512_vbmi, hv, rdtscp, rdpid, fsrm, gfni, avx512_bitalg, f16c, cet_ibt, cet_ss, avx512_ifma
Processor Information for processor 0
  Max Mhz: 2995, Current Mhz: 2995, Mhz Limit: 2995
Processor Information for processor 1
  Max Mhz: 2995, Current Mhz: 1198, Mhz Limit: 2995
Processor Information for processor 2
  Max Mhz: 2995, Current Mhz: 2995, Mhz Limit: 2995
Processor Information for processor 3
  Max Mhz: 2995, Current Mhz: 2995, Mhz Limit: 2995

Memory: 4k page, system-wide physical 7886M (267M free)
TotalPageFile size 20190M (AvailPageFile size 3M)
current process WorkingSet (physical memory assigned to process): 156M, peak: 383M
current process commit charge ("private bytes"): 352M, peak: 414M

vm_info: Java HotSpot(TM) 64-Bit Server VM (23.0.1+11-39) for windows-amd64 JRE (23.0.1+11-39), built on 2024-09-30T07:20:43Z with MS VC++ 17.6 (VS2022)

END.
