#
# There is insufficient memory for the Java Runtime Environment to continue.
# Native memory allocation (malloc) failed to allocate 1556816 bytes. Error detail: Chunk::new
# Possible reasons:
#   The system is out of physical RAM or swap space
#   This process is running with CompressedOops enabled, and the Java Heap may be blocking the growth of the native heap
# Possible solutions:
#   Reduce memory load on the system
#   Increase physical memory or swap space
#   Check if swap backing store is full
#   Decrease Java heap size (-Xmx/-Xms)
#   Decrease number of Java threads
#   Decrease Java thread stack sizes (-Xss)
#   Set larger code cache with -XX:ReservedCodeCacheSize=
#   JVM is running with Unscaled Compressed Oops mode in which the Java heap is
#     placed in the first 4GB address space. The Java Heap base address is the
#     maximum limit for the native heap growth. Please use -XX:HeapBaseMinAddress
#     to set the Java Heap base and to place the Java Heap above 4GB virtual address.
# This output file may be truncated or incomplete.
#
#  Out of Memory Error (arena.cpp:149), pid=8092, tid=11324
#
# JRE version: Java(TM) SE Runtime Environment (23.0.1+11) (build 23.0.1+11-39)
# Java VM: Java HotSpot(TM) 64-Bit Server VM (23.0.1+11-39, mixed mode, sharing, tiered, compressed oops, compressed class ptrs, g1 gc, windows-amd64)
# No core dump will be written. Minidumps are not enabled by default on client versions of Windows
#

---------------  S U M M A R Y ------------

Command Line: -Dclassworlds.conf=C:\Users\Leo\.m2\wrapper\dists\apache-maven-3.9.9\977a63e90f436cd6ade95b4c0e10c20c\bin\m2.conf -Dmaven.home=C:\Users\Leo\.m2\wrapper\dists\apache-maven-3.9.9\977a63e90f436cd6ade95b4c0e10c20c -Dlibrary.jansi.path=C:\Users\Leo\.m2\wrapper\dists\apache-maven-3.9.9\977a63e90f436cd6ade95b4c0e10c20c\lib\jansi-native -Dmaven.multiModuleProjectDirectory=D:\SuperSorteo\rifa org.codehaus.plexus.classworlds.launcher.Launcher clean package -DskipTests

Host: 11th Gen Intel(R) Core(TM) i3-1115G4 @ 3.00GHz, 4 cores, 7G,  Windows 11 , 64 bit Build 22621 (10.0.22621.5262)
Time: Thu Nov 13 11:48:19 2025 Hora estándar de Cuba elapsed time: 23.869316 seconds (0d 0h 0m 23s)

---------------  T H R E A D  ---------------

Current thread (0x000001c8aac7bf50):  JavaThread "C2 CompilerThread0" daemon [_thread_in_native, id=11324, stack(0x000000501db00000,0x000000501dc00000) (1024K)]


Current CompileTask:
C2:23869 10234       4       jdk.nio.zipfs.ZipFileSystem::initCEN (610 bytes)

Stack: [0x000000501db00000,0x000000501dc00000]
Native frames: (J=compiled Java code, j=interpreted, Vv=VM code, C=native code)
V  [jvm.dll+0x6e08b9]  (no source info available)
V  [jvm.dll+0x87dc83]  (no source info available)
V  [jvm.dll+0x88010e]  (no source info available)
V  [jvm.dll+0x8807e3]  (no source info available)
V  [jvm.dll+0x27aee6]  (no source info available)
V  [jvm.dll+0xbc06f]  (no source info available)
V  [jvm.dll+0xbc2cb]  (no source info available)
V  [jvm.dll+0x3b3a62]  (no source info available)
V  [jvm.dll+0x38a42b]  (no source info available)
V  [jvm.dll+0x38989a]  (no source info available)
V  [jvm.dll+0x244aa1]  (no source info available)
V  [jvm.dll+0x243dff]  (no source info available)
V  [jvm.dll+0x1c33a0]  (no source info available)
V  [jvm.dll+0x253cf1]  (no source info available)
V  [jvm.dll+0x251faa]  (no source info available)
V  [jvm.dll+0x3ee036]  (no source info available)
V  [jvm.dll+0x824f8b]  (no source info available)
V  [jvm.dll+0x6df065]  (no source info available)
C  [ucrtbase.dll+0x29333]  (no source info available)
C  [KERNEL32.DLL+0x1259d]  (no source info available)
C  [ntdll.dll+0x5af58]  (no source info available)

Lock stack of current Java thread (top to bottom):


---------------  P R O C E S S  ---------------

Threads class SMR info:
_java_thread_list=0x000001c8f17b68c0, length=13, elements={
0x000001c88c655f90, 0x000001c8aac72af0, 0x000001c8aac739a0, 0x000001c8aac76a00,
0x000001c8aac777b0, 0x000001c8aac78650, 0x000001c8aac7a1b0, 0x000001c8aac7bf50,
0x000001c8aac84b40, 0x000001c8f011bfd0, 0x000001c8f0128a90, 0x000001c8f0ef2f90,
0x000001c8f07b8980
}

Java Threads: ( => current thread )
  0x000001c88c655f90 JavaThread "main"                              [_thread_in_native, id=9728, stack(0x000000501cd00000,0x000000501ce00000) (1024K)]
  0x000001c8aac72af0 JavaThread "Reference Handler"          daemon [_thread_blocked, id=12628, stack(0x000000501d500000,0x000000501d600000) (1024K)]
  0x000001c8aac739a0 JavaThread "Finalizer"                  daemon [_thread_blocked, id=12228, stack(0x000000501d600000,0x000000501d700000) (1024K)]
  0x000001c8aac76a00 JavaThread "Signal Dispatcher"          daemon [_thread_blocked, id=13200, stack(0x000000501d700000,0x000000501d800000) (1024K)]
  0x000001c8aac777b0 JavaThread "Attach Listener"            daemon [_thread_blocked, id=14452, stack(0x000000501d800000,0x000000501d900000) (1024K)]
  0x000001c8aac78650 JavaThread "Service Thread"             daemon [_thread_blocked, id=5872, stack(0x000000501d900000,0x000000501da00000) (1024K)]
  0x000001c8aac7a1b0 JavaThread "Monitor Deflation Thread"   daemon [_thread_blocked, id=18100, stack(0x000000501da00000,0x000000501db00000) (1024K)]
=>0x000001c8aac7bf50 JavaThread "C2 CompilerThread0"         daemon [_thread_in_native, id=11324, stack(0x000000501db00000,0x000000501dc00000) (1024K)]
  0x000001c8aac84b40 JavaThread "C1 CompilerThread0"         daemon [_thread_blocked, id=17976, stack(0x000000501dc00000,0x000000501dd00000) (1024K)]
  0x000001c8f011bfd0 JavaThread "Notification Thread"        daemon [_thread_blocked, id=15040, stack(0x000000501dd00000,0x000000501de00000) (1024K)]
  0x000001c8f0128a90 JavaThread "Common-Cleaner"             daemon [_thread_blocked, id=4196, stack(0x000000501de00000,0x000000501df00000) (1024K)]
  0x000001c8f0ef2f90 JavaThread "Thread-1"                   daemon [_thread_blocked, id=8744, stack(0x000000501df00000,0x000000501e000000) (1024K)]
  0x000001c8f07b8980 JavaThread "C2 CompilerThread1"         daemon [_thread_in_native, id=17688, stack(0x000000501e300000,0x000000501e400000) (1024K)]
Total: 13

Other Threads:
  0x000001c8aac56f20 VMThread "VM Thread"                           [id=12620, stack(0x000000501d400000,0x000000501d500000) (1024K)]
  0x000001c8aac45c00 WatcherThread "VM Periodic Task Thread"        [id=17524, stack(0x000000501d300000,0x000000501d400000) (1024K)]
  0x000001c88ea02350 WorkerThread "GC Thread#0"                     [id=17504, stack(0x000000501ce00000,0x000000501cf00000) (1024K)]
  0x000001c8f0bf1da0 WorkerThread "GC Thread#1"                     [id=1800, stack(0x000000501e000000,0x000000501e100000) (1024K)]
  0x000001c8f0c3cd50 WorkerThread "GC Thread#2"                     [id=17736, stack(0x000000501e100000,0x000000501e200000) (1024K)]
  0x000001c8f0c3d100 WorkerThread "GC Thread#3"                     [id=15208, stack(0x000000501e200000,0x000000501e300000) (1024K)]
  0x000001c88ea16970 ConcurrentGCThread "G1 Main Marker"            [id=14952, stack(0x000000501cf00000,0x000000501d000000) (1024K)]
  0x000001c88ea17480 WorkerThread "G1 Conc#0"                       [id=7776, stack(0x000000501d000000,0x000000501d100000) (1024K)]
  0x000001c8aab1a490 ConcurrentGCThread "G1 Refine#0"               [id=13388, stack(0x000000501d100000,0x000000501d200000) (1024K)]
  0x000001c8aab1af20 ConcurrentGCThread "G1 Service"                [id=5252, stack(0x000000501d200000,0x000000501d300000) (1024K)]
Total: 10

Threads with active compile tasks:
C2 CompilerThread0  23959 10234       4       jdk.nio.zipfs.ZipFileSystem::initCEN (610 bytes)
C2 CompilerThread1  23959 10248       4       com.sun.tools.javac.file.JavacFileManager$ArchiveContainer$1::preVisitDirectory (60 bytes)
Total: 2

VM state: not at safepoint (normal execution)

VM Mutex/Monitor currently owned by a thread: None

Heap address: 0x0000000084c00000, size: 1972 MB, Compressed Oops mode: 32-bit

CDS archive(s) mapped at: [0x000001c8ab000000-0x000001c8abd70000-0x000001c8abd70000), size 14090240, SharedBaseAddress: 0x000001c8ab000000, ArchiveRelocationMode: 1.
Compressed class space mapped at: 0x000001c8ac000000-0x000001c8ec000000, reserved size: 1073741824
Narrow klass base: 0x000001c8ab000000, Narrow klass shift: 0, Narrow klass range: 0x41000000

GC Precious Log:
 CardTable entry size: 512
 Card Set container configuration: InlinePtr #cards 5 size 8 Array Of Cards #cards 10 size 36 Howl #buckets 4 coarsen threshold 1843 Howl Bitmap #cards 512 size 80 coarsen threshold 460 Card regions per heap region 1 cards per card region 2048
 CPUs: 4 total, 4 available
 Memory: 7886M
 Large Page Support: Disabled
 NUMA Support: Disabled
 Compressed Oops: Enabled (32-bit)
 Heap Region Size: 1M
 Heap Min Capacity: 8M
 Heap Initial Capacity: 124M
 Heap Max Capacity: 1972M
 Pre-touch: Disabled
 Parallel Workers: 4
 Concurrent Workers: 1
 Concurrent Refinement Workers: 4
 Periodic GC: Disabled

Heap:
 garbage-first heap   total reserved 2019328K, committed 104448K, used 85476K [0x0000000084c00000, 0x0000000100000000)
  region size 1024K, 28 young (28672K), 4 survivors (4096K)
 Metaspace       used 32616K, committed 33088K, reserved 1114112K
  class space    used 3694K, committed 3904K, reserved 1048576K

Heap Regions: E=young(eden), S=young(survivor), O=old, HS=humongous(starts), HC=humongous(continues), CS=collection set, F=free, TAMS=top-at-mark-start, PB=parsable bottom
|   0|0x0000000084c00000, 0x0000000084d00000, 0x0000000084d00000|100%| O|  |TAMS 0x0000000084c00000| PB 0x0000000084c00000| Untracked |  0
|   1|0x0000000084d00000, 0x0000000084e00000, 0x0000000084e00000|100%| O|  |TAMS 0x0000000084d00000| PB 0x0000000084d00000| Untracked |  0
|   2|0x0000000084e00000, 0x0000000084f00000, 0x0000000084f00000|100%| O|  |TAMS 0x0000000084e00000| PB 0x0000000084e00000| Untracked |  0
|   3|0x0000000084f00000, 0x0000000085000000, 0x0000000085000000|100%| O|  |TAMS 0x0000000084f00000| PB 0x0000000084f00000| Untracked |  0
|   4|0x0000000085000000, 0x0000000085100000, 0x0000000085100000|100%| O|  |TAMS 0x0000000085000000| PB 0x0000000085000000| Untracked |  0
|   5|0x0000000085100000, 0x0000000085200000, 0x0000000085200000|100%| O|  |TAMS 0x0000000085100000| PB 0x0000000085100000| Untracked |  0
|   6|0x0000000085200000, 0x0000000085300000, 0x0000000085300000|100%| O|  |TAMS 0x0000000085200000| PB 0x0000000085200000| Untracked |  0
|   7|0x0000000085300000, 0x0000000085400000, 0x0000000085400000|100%| O|  |TAMS 0x0000000085300000| PB 0x0000000085300000| Untracked |  0
|   8|0x0000000085400000, 0x0000000085500000, 0x0000000085500000|100%| O|  |TAMS 0x0000000085400000| PB 0x0000000085400000| Untracked |  0
|   9|0x0000000085500000, 0x0000000085600000, 0x0000000085600000|100%| O|  |TAMS 0x0000000085500000| PB 0x0000000085500000| Untracked |  0
|  10|0x0000000085600000, 0x0000000085700000, 0x0000000085700000|100%| O|  |TAMS 0x0000000085600000| PB 0x0000000085600000| Untracked |  0
|  11|0x0000000085700000, 0x0000000085800000, 0x0000000085800000|100%| O|  |TAMS 0x0000000085700000| PB 0x0000000085700000| Untracked |  0
|  12|0x0000000085800000, 0x0000000085900000, 0x0000000085900000|100%| O|  |TAMS 0x0000000085800000| PB 0x0000000085800000| Untracked |  0
|  13|0x0000000085900000, 0x0000000085a00000, 0x0000000085a00000|100%| O|Cm|TAMS 0x0000000085900000| PB 0x0000000085900000| Complete |  0
|  14|0x0000000085a00000, 0x0000000085b00000, 0x0000000085b00000|100%| O|Cm|TAMS 0x0000000085a00000| PB 0x0000000085a00000| Complete |  0
|  15|0x0000000085b00000, 0x0000000085c00000, 0x0000000085c00000|100%| O|  |TAMS 0x0000000085b00000| PB 0x0000000085b00000| Untracked |  0
|  16|0x0000000085c00000, 0x0000000085d00000, 0x0000000085d00000|100%| O|  |TAMS 0x0000000085c00000| PB 0x0000000085c00000| Untracked |  0
|  17|0x0000000085d00000, 0x0000000085e00000, 0x0000000085e00000|100%| O|  |TAMS 0x0000000085d00000| PB 0x0000000085d00000| Untracked |  0
|  18|0x0000000085e00000, 0x0000000085f00000, 0x0000000085f00000|100%|HS|  |TAMS 0x0000000085e00000| PB 0x0000000085e00000| Complete |  0
|  19|0x0000000085f00000, 0x0000000086000000, 0x0000000086000000|100%|HC|  |TAMS 0x0000000085f00000| PB 0x0000000085f00000| Complete |  0
|  20|0x0000000086000000, 0x0000000086100000, 0x0000000086100000|100%| O|  |TAMS 0x0000000086000000| PB 0x0000000086000000| Untracked |  0
|  21|0x0000000086100000, 0x0000000086200000, 0x0000000086200000|100%|HS|  |TAMS 0x0000000086100000| PB 0x0000000086100000| Complete |  0
|  22|0x0000000086200000, 0x0000000086300000, 0x0000000086300000|100%| O|  |TAMS 0x0000000086200000| PB 0x0000000086200000| Untracked |  0
|  23|0x0000000086300000, 0x0000000086400000, 0x0000000086400000|100%| O|  |TAMS 0x0000000086300000| PB 0x0000000086300000| Untracked |  0
|  24|0x0000000086400000, 0x0000000086500000, 0x0000000086500000|100%| O|  |TAMS 0x0000000086400000| PB 0x0000000086400000| Untracked |  0
|  25|0x0000000086500000, 0x0000000086600000, 0x0000000086600000|100%| O|  |TAMS 0x0000000086500000| PB 0x0000000086500000| Untracked |  0
|  26|0x0000000086600000, 0x0000000086700000, 0x0000000086700000|100%| O|  |TAMS 0x0000000086600000| PB 0x0000000086600000| Untracked |  0
|  27|0x0000000086700000, 0x0000000086800000, 0x0000000086800000|100%| O|  |TAMS 0x0000000086700000| PB 0x0000000086700000| Untracked |  0
|  28|0x0000000086800000, 0x0000000086900000, 0x0000000086900000|100%| O|  |TAMS 0x0000000086800000| PB 0x0000000086800000| Untracked |  0
|  29|0x0000000086900000, 0x0000000086a00000, 0x0000000086a00000|100%| O|Cm|TAMS 0x0000000086900000| PB 0x0000000086900000| Complete |  0
|  30|0x0000000086a00000, 0x0000000086b00000, 0x0000000086b00000|100%| O|Cm|TAMS 0x0000000086a00000| PB 0x0000000086a00000| Complete |  0
|  31|0x0000000086b00000, 0x0000000086c00000, 0x0000000086c00000|100%| O|  |TAMS 0x0000000086b00000| PB 0x0000000086b00000| Untracked |  0
|  32|0x0000000086c00000, 0x0000000086d00000, 0x0000000086d00000|100%| O|  |TAMS 0x0000000086c00000| PB 0x0000000086c00000| Untracked |  0
|  33|0x0000000086d00000, 0x0000000086e00000, 0x0000000086e00000|100%| O|  |TAMS 0x0000000086d00000| PB 0x0000000086d00000| Untracked |  0
|  34|0x0000000086e00000, 0x0000000086f00000, 0x0000000086f00000|100%| O|  |TAMS 0x0000000086e00000| PB 0x0000000086e00000| Untracked |  0
|  35|0x0000000086f00000, 0x0000000087000000, 0x0000000087000000|100%|HS|  |TAMS 0x0000000086f00000| PB 0x0000000086f00000| Complete |  0
|  36|0x0000000087000000, 0x0000000087100000, 0x0000000087100000|100%|HC|  |TAMS 0x0000000087000000| PB 0x0000000087000000| Complete |  0
|  37|0x0000000087100000, 0x0000000087200000, 0x0000000087200000|100%| O|  |TAMS 0x0000000087100000| PB 0x0000000087100000| Untracked |  0
|  38|0x0000000087200000, 0x0000000087300000, 0x0000000087300000|100%| O|  |TAMS 0x0000000087200000| PB 0x0000000087200000| Untracked |  0
|  39|0x0000000087300000, 0x0000000087400000, 0x0000000087400000|100%| O|Cm|TAMS 0x0000000087300000| PB 0x0000000087300000| Complete |  0
|  40|0x0000000087400000, 0x0000000087500000, 0x0000000087500000|100%| O|Cm|TAMS 0x0000000087400000| PB 0x0000000087400000| Complete |  0
|  41|0x0000000087500000, 0x0000000087600000, 0x0000000087600000|100%| O|Cm|TAMS 0x0000000087500000| PB 0x0000000087500000| Complete |  0
|  42|0x0000000087600000, 0x0000000087700000, 0x0000000087700000|100%| O|  |TAMS 0x0000000087600000| PB 0x0000000087600000| Untracked |  0
|  43|0x0000000087700000, 0x0000000087800000, 0x0000000087800000|100%| O|Cm|TAMS 0x0000000087700000| PB 0x0000000087700000| Complete |  0
|  44|0x0000000087800000, 0x0000000087900000, 0x0000000087900000|100%| O|Cm|TAMS 0x0000000087800000| PB 0x0000000087800000| Complete |  0
|  45|0x0000000087900000, 0x0000000087a00000, 0x0000000087a00000|100%| O|  |TAMS 0x0000000087900000| PB 0x0000000087900000| Untracked |  0
|  46|0x0000000087a00000, 0x0000000087b00000, 0x0000000087b00000|100%| O|  |TAMS 0x0000000087a00000| PB 0x0000000087a00000| Untracked |  0
|  47|0x0000000087b00000, 0x0000000087c00000, 0x0000000087c00000|100%|HS|  |TAMS 0x0000000087b00000| PB 0x0000000087b00000| Complete |  0
|  48|0x0000000087c00000, 0x0000000087c00000, 0x0000000087d00000|  0%| F|  |TAMS 0x0000000087c00000| PB 0x0000000087c00000| Untracked |  0
|  49|0x0000000087d00000, 0x0000000087d00000, 0x0000000087e00000|  0%| F|  |TAMS 0x0000000087d00000| PB 0x0000000087d00000| Untracked |  0
|  50|0x0000000087e00000, 0x0000000087e00000, 0x0000000087f00000|  0%| F|  |TAMS 0x0000000087e00000| PB 0x0000000087e00000| Untracked |  0
|  51|0x0000000087f00000, 0x0000000088000000, 0x0000000088000000|100%| O|  |TAMS 0x0000000087f00000| PB 0x0000000087f00000| Untracked |  0
|  52|0x0000000088000000, 0x0000000088100000, 0x0000000088100000|100%| O|  |TAMS 0x0000000088000000| PB 0x0000000088000000| Untracked |  0
|  53|0x0000000088100000, 0x0000000088200000, 0x0000000088200000|100%| O|  |TAMS 0x0000000088100000| PB 0x0000000088100000| Untracked |  0
|  54|0x0000000088200000, 0x0000000088200000, 0x0000000088300000|  0%| F|  |TAMS 0x0000000088200000| PB 0x0000000088200000| Untracked |  0
|  55|0x0000000088300000, 0x0000000088300000, 0x0000000088400000|  0%| F|  |TAMS 0x0000000088300000| PB 0x0000000088300000| Untracked |  0
|  56|0x0000000088400000, 0x0000000088500000, 0x0000000088500000|100%| O|  |TAMS 0x0000000088400000| PB 0x0000000088400000| Untracked |  0
|  57|0x0000000088500000, 0x0000000088580000, 0x0000000088600000| 50%| O|  |TAMS 0x0000000088500000| PB 0x0000000088500000| Untracked |  0
|  58|0x0000000088600000, 0x0000000088600000, 0x0000000088700000|  0%| F|  |TAMS 0x0000000088600000| PB 0x0000000088600000| Untracked |  0
|  59|0x0000000088700000, 0x0000000088700000, 0x0000000088800000|  0%| F|  |TAMS 0x0000000088700000| PB 0x0000000088700000| Untracked |  0
|  60|0x0000000088800000, 0x0000000088800000, 0x0000000088900000|  0%| F|  |TAMS 0x0000000088800000| PB 0x0000000088800000| Untracked |  0
|  61|0x0000000088900000, 0x0000000088900000, 0x0000000088a00000|  0%| F|  |TAMS 0x0000000088900000| PB 0x0000000088900000| Untracked |  0
|  62|0x0000000088a00000, 0x0000000088a00000, 0x0000000088b00000|  0%| F|  |TAMS 0x0000000088a00000| PB 0x0000000088a00000| Untracked |  0
|  63|0x0000000088b00000, 0x0000000088b00000, 0x0000000088c00000|  0%| F|  |TAMS 0x0000000088b00000| PB 0x0000000088b00000| Untracked |  0
|  64|0x0000000088c00000, 0x0000000088c00000, 0x0000000088d00000|  0%| F|  |TAMS 0x0000000088c00000| PB 0x0000000088c00000| Untracked |  0
|  65|0x0000000088d00000, 0x0000000088d00000, 0x0000000088e00000|  0%| F|  |TAMS 0x0000000088d00000| PB 0x0000000088d00000| Untracked |  0
|  66|0x0000000088e00000, 0x0000000088e00000, 0x0000000088f00000|  0%| F|  |TAMS 0x0000000088e00000| PB 0x0000000088e00000| Untracked |  0
|  67|0x0000000088f00000, 0x0000000088f00000, 0x0000000089000000|  0%| F|  |TAMS 0x0000000088f00000| PB 0x0000000088f00000| Untracked |  0
|  68|0x0000000089000000, 0x0000000089000000, 0x0000000089100000|  0%| F|  |TAMS 0x0000000089000000| PB 0x0000000089000000| Untracked |  0
|  69|0x0000000089100000, 0x0000000089100000, 0x0000000089200000|  0%| F|  |TAMS 0x0000000089100000| PB 0x0000000089100000| Untracked |  0
|  70|0x0000000089200000, 0x0000000089300000, 0x0000000089300000|100%| E|  |TAMS 0x0000000089200000| PB 0x0000000089200000| Complete |  0
|  71|0x0000000089300000, 0x0000000089400000, 0x0000000089400000|100%| E|CS|TAMS 0x0000000089300000| PB 0x0000000089300000| Complete |  0
|  72|0x0000000089400000, 0x0000000089500000, 0x0000000089500000|100%| E|CS|TAMS 0x0000000089400000| PB 0x0000000089400000| Complete |  0
|  73|0x0000000089500000, 0x0000000089600000, 0x0000000089600000|100%| E|CS|TAMS 0x0000000089500000| PB 0x0000000089500000| Complete |  0
|  74|0x0000000089600000, 0x0000000089700000, 0x0000000089700000|100%| E|CS|TAMS 0x0000000089600000| PB 0x0000000089600000| Complete |  0
|  75|0x0000000089700000, 0x0000000089800000, 0x0000000089800000|100%| E|CS|TAMS 0x0000000089700000| PB 0x0000000089700000| Complete |  0
|  76|0x0000000089800000, 0x0000000089900000, 0x0000000089900000|100%| E|CS|TAMS 0x0000000089800000| PB 0x0000000089800000| Complete |  0
|  77|0x0000000089900000, 0x0000000089a00000, 0x0000000089a00000|100%| E|CS|TAMS 0x0000000089900000| PB 0x0000000089900000| Complete |  0
|  78|0x0000000089a00000, 0x0000000089b00000, 0x0000000089b00000|100%| E|CS|TAMS 0x0000000089a00000| PB 0x0000000089a00000| Complete |  0
|  79|0x0000000089b00000, 0x0000000089c00000, 0x0000000089c00000|100%| E|CS|TAMS 0x0000000089b00000| PB 0x0000000089b00000| Complete |  0
|  80|0x0000000089c00000, 0x0000000089d00000, 0x0000000089d00000|100%| E|CS|TAMS 0x0000000089c00000| PB 0x0000000089c00000| Complete |  0
|  81|0x0000000089d00000, 0x0000000089e00000, 0x0000000089e00000|100%| E|CS|TAMS 0x0000000089d00000| PB 0x0000000089d00000| Complete |  0
|  82|0x0000000089e00000, 0x0000000089f00000, 0x0000000089f00000|100%| E|CS|TAMS 0x0000000089e00000| PB 0x0000000089e00000| Complete |  0
|  83|0x0000000089f00000, 0x0000000089ff91c0, 0x000000008a000000| 97%| S|CS|TAMS 0x0000000089f00000| PB 0x0000000089f00000| Complete |  0
|  84|0x000000008a000000, 0x000000008a100000, 0x000000008a100000|100%| S|CS|TAMS 0x000000008a000000| PB 0x000000008a000000| Complete |  0
|  85|0x000000008a100000, 0x000000008a200000, 0x000000008a200000|100%| S|CS|TAMS 0x000000008a100000| PB 0x000000008a100000| Complete |  0
|  86|0x000000008a200000, 0x000000008a300000, 0x000000008a300000|100%| S|CS|TAMS 0x000000008a200000| PB 0x000000008a200000| Complete |  0
|  87|0x000000008a300000, 0x000000008a400000, 0x000000008a400000|100%| E|CS|TAMS 0x000000008a300000| PB 0x000000008a300000| Complete |  0
| 132|0x000000008d000000, 0x000000008d100000, 0x000000008d100000|100%| E|CS|TAMS 0x000000008d000000| PB 0x000000008d000000| Complete |  0
| 133|0x000000008d100000, 0x000000008d200000, 0x000000008d200000|100%| E|CS|TAMS 0x000000008d100000| PB 0x000000008d100000| Complete |  0
| 134|0x000000008d200000, 0x000000008d300000, 0x000000008d300000|100%| E|CS|TAMS 0x000000008d200000| PB 0x000000008d200000| Complete |  0
| 135|0x000000008d300000, 0x000000008d400000, 0x000000008d400000|100%| E|CS|TAMS 0x000000008d300000| PB 0x000000008d300000| Complete |  0
| 136|0x000000008d400000, 0x000000008d500000, 0x000000008d500000|100%| E|CS|TAMS 0x000000008d400000| PB 0x000000008d400000| Complete |  0
| 137|0x000000008d500000, 0x000000008d600000, 0x000000008d600000|100%| E|CS|TAMS 0x000000008d500000| PB 0x000000008d500000| Complete |  0
| 138|0x000000008d600000, 0x000000008d700000, 0x000000008d700000|100%| E|CS|TAMS 0x000000008d600000| PB 0x000000008d600000| Complete |  0
| 139|0x000000008d700000, 0x000000008d800000, 0x000000008d800000|100%| E|CS|TAMS 0x000000008d700000| PB 0x000000008d700000| Complete |  0
| 148|0x000000008e000000, 0x000000008e100000, 0x000000008e100000|100%| E|CS|TAMS 0x000000008e000000| PB 0x000000008e000000| Complete |  0
|1967|0x00000000ffb00000, 0x00000000ffc00000, 0x00000000ffc00000|100%| E|CS|TAMS 0x00000000ffb00000| PB 0x00000000ffb00000| Complete |  0
|1968|0x00000000ffc00000, 0x00000000ffd00000, 0x00000000ffd00000|100%| O|Cm|TAMS 0x00000000ffc00000| PB 0x00000000ffc00000| Complete |  0
|1969|0x00000000ffd00000, 0x00000000ffe00000, 0x00000000ffe00000|100%| O|Cm|TAMS 0x00000000ffd00000| PB 0x00000000ffd00000| Complete |  0
|1970|0x00000000ffe00000, 0x00000000fff00000, 0x00000000fff00000|100%| O|Cm|TAMS 0x00000000ffe00000| PB 0x00000000ffe00000| Complete |  0
|1971|0x00000000fff00000, 0x0000000100000000, 0x0000000100000000|100%| O|Cm|TAMS 0x00000000fff00000| PB 0x00000000fff00000| Complete |  0

Card table byte_map: [0x000001c8a64c0000,0x000001c8a68a0000] _byte_map_base: 0x000001c8a609a000

Marking Bits: (CMBitMap*) 0x000001c88ea02a60
 Bits: [0x000001c8a68a0000, 0x000001c8a8770000)

Polling page: 0x000001c88c990000

Metaspace:

Usage:
  Non-class:     28.24 MB used.
      Class:      3.61 MB used.
       Both:     31.85 MB used.

Virtual space:
  Non-class space:       64.00 MB reserved,      28.50 MB ( 45%) committed,  1 nodes.
      Class space:        1.00 GB reserved,       3.81 MB ( <1%) committed,  1 nodes.
             Both:        1.06 GB reserved,      32.31 MB (  3%) committed. 

Chunk freelists:
   Non-Class:  3.53 MB
       Class:  12.20 MB
        Both:  15.73 MB

MaxMetaspaceSize: unlimited
CompressedClassSpaceSize: 1.00 GB
Initial GC threshold: 21.00 MB
Current GC threshold: 53.88 MB
CDS: on
 - commit_granule_bytes: 65536.
 - commit_granule_words: 8192.
 - virtual_space_node_default_size: 8388608.
 - enlarge_chunks_in_place: 1.
 - use_allocation_guard: 0.


Internal statistics:

num_allocs_failed_limit: 3.
num_arena_births: 408.
num_arena_deaths: 0.
num_vsnodes_births: 2.
num_vsnodes_deaths: 0.
num_space_committed: 517.
num_space_uncommitted: 0.
num_chunks_returned_to_freelist: 3.
num_chunks_taken_from_freelist: 1637.
num_chunk_merges: 3.
num_chunk_splits: 1143.
num_chunks_enlarged: 861.
num_inconsistent_stats: 0.

CodeHeap 'non-profiled nmethods': size=120064Kb used=3799Kb max_used=3900Kb free=116264Kb
 bounds [0x000001c89eba0000, 0x000001c89ef70000, 0x000001c8a60e0000]
CodeHeap 'profiled nmethods': size=120000Kb used=15067Kb max_used=16143Kb free=104932Kb
 bounds [0x000001c8970e0000, 0x000001c8980b0000, 0x000001c89e610000]
CodeHeap 'non-nmethods': size=5696Kb used=1617Kb max_used=1677Kb free=4078Kb
 bounds [0x000001c89e610000, 0x000001c89e880000, 0x000001c89eba0000]
CodeCache: size=245760Kb, used=20483Kb, max_used=21720Kb, free=225274Kb
 total_blobs=9353, nmethods=8780, adapters=476, full_count=0
Compilation: enabled, stopped_count=0, restarted_count=0

Compilation events (20 events):
Event: 23.636 Thread 0x000001c8aac84b40 nmethod 10232 0x000001c89710ec08 code [0x000001c89710ed20, 0x000001c89710ef40]
Event: 23.636 Thread 0x000001c8aac84b40 10233       3       java.util.TreeMap$Values::iterator (19 bytes)
Event: 23.636 Thread 0x000001c8aac84b40 nmethod 10233 0x000001c897139688 code [0x000001c8971397e0, 0x000001c897139c88]
Event: 23.642 Thread 0x000001c8aac7bf50 10234       4       jdk.nio.zipfs.ZipFileSystem::initCEN (610 bytes)
Event: 23.649 Thread 0x000001c8aac84b40 10238   !   3       sun.nio.ch.FileChannelImpl::size (238 bytes)
Event: 23.650 Thread 0x000001c8aac84b40 nmethod 10238 0x000001c897a33108 code [0x000001c897a33360, 0x000001c897a34278]
Event: 23.650 Thread 0x000001c8aac84b40 10239       3       sun.nio.ch.FileDispatcherImpl::size (5 bytes)
Event: 23.650 Thread 0x000001c8aac84b40 nmethod 10239 0x000001c8970e0f88 code [0x000001c8970e10a0, 0x000001c8970e11d8]
Event: 23.724 Thread 0x000001c8aac84b40 10240       3       java.nio.file.Files::newByteChannel (36 bytes)
Event: 23.725 Thread 0x000001c8aac84b40 nmethod 10240 0x000001c897b1e608 code [0x000001c897b1e7c0, 0x000001c897b1f138]
Event: 23.734 Thread 0x000001c8aac84b40 10242  s!   3       com.sun.tools.javac.file.JavacFileManager::getContainer (211 bytes)
Event: 23.735 Thread 0x000001c8aac84b40 nmethod 10242 0x000001c897c48808 code [0x000001c897c48ae0, 0x000001c897c4a330]
Event: 23.763 Thread 0x000001c8f07b8980 nmethod 10220 0x000001c89ee07308 code [0x000001c89ee07a80, 0x000001c89ee0f608]
Event: 23.764 Thread 0x000001c8f07b8980 10235   !   4       jdk.nio.zipfs.ZipFileSystem::buildNodeTree (123 bytes)
Event: 23.805 Thread 0x000001c8f07b8980 nmethod 10235 0x000001c89edf2888 code [0x000001c89edf2b20, 0x000001c89edf4ab0]
Event: 23.806 Thread 0x000001c8f07b8980 10236       4       jdk.internal.ref.PhantomCleanable::<init> (49 bytes)
Event: 23.815 Thread 0x000001c8f07b8980 nmethod 10236 0x000001c89ed42788 code [0x000001c89ed428e0, 0x000001c89ed433f8]
Event: 23.815 Thread 0x000001c8f07b8980 10237   !   4       jdk.internal.ref.PhantomCleanable::insert (53 bytes)
Event: 23.820 Thread 0x000001c8f07b8980 nmethod 10237 0x000001c89ecb0908 code [0x000001c89ecb0a20, 0x000001c89ecb1048]
Event: 23.820 Thread 0x000001c8f07b8980 10241       4       java.nio.ByteBuffer::<init> (47 bytes)

GC Heap History (20 events):
Event: 3.723 GC heap before
{Heap before GC invocations=5 (full 0):
 garbage-first heap   total reserved 2019328K, committed 126976K, used 75545K [0x0000000084c00000, 0x0000000100000000)
  region size 1024K, 62 young (63488K), 4 survivors (4096K)
 Metaspace       used 16811K, committed 17088K, reserved 1114112K
  class space    used 1961K, committed 2112K, reserved 1048576K
}
Event: 3.732 GC heap after
{Heap after GC invocations=6 (full 0):
 garbage-first heap   total reserved 2019328K, committed 152576K, used 18713K [0x0000000084c00000, 0x0000000100000000)
  region size 1024K, 7 young (7168K), 7 survivors (7168K)
 Metaspace       used 16811K, committed 17088K, reserved 1114112K
  class space    used 1961K, committed 2112K, reserved 1048576K
}
Event: 5.429 GC heap before
{Heap before GC invocations=6 (full 0):
 garbage-first heap   total reserved 2019328K, committed 152576K, used 95513K [0x0000000084c00000, 0x0000000100000000)
  region size 1024K, 79 young (80896K), 7 survivors (7168K)
 Metaspace       used 21014K, committed 21312K, reserved 1114112K
  class space    used 2434K, committed 2560K, reserved 1048576K
}
Event: 5.438 GC heap after
{Heap after GC invocations=7 (full 0):
 garbage-first heap   total reserved 2019328K, committed 152576K, used 24124K [0x0000000084c00000, 0x0000000100000000)
  region size 1024K, 7 young (7168K), 7 survivors (7168K)
 Metaspace       used 21014K, committed 21312K, reserved 1114112K
  class space    used 2434K, committed 2560K, reserved 1048576K
}
Event: 5.514 GC heap before
{Heap before GC invocations=7 (full 0):
 garbage-first heap   total reserved 2019328K, committed 152576K, used 34364K [0x0000000084c00000, 0x0000000100000000)
  region size 1024K, 16 young (16384K), 7 survivors (7168K)
 Metaspace       used 21218K, committed 21504K, reserved 1114112K
  class space    used 2451K, committed 2560K, reserved 1048576K
}
Event: 5.522 GC heap after
{Heap after GC invocations=8 (full 0):
 garbage-first heap   total reserved 2019328K, committed 152576K, used 29094K [0x0000000084c00000, 0x0000000100000000)
  region size 1024K, 8 young (8192K), 8 survivors (8192K)
 Metaspace       used 21218K, committed 21504K, reserved 1114112K
  class space    used 2451K, committed 2560K, reserved 1048576K
}
Event: 7.052 GC heap before
{Heap before GC invocations=9 (full 0):
 garbage-first heap   total reserved 2019328K, committed 99328K, used 81318K [0x0000000084c00000, 0x0000000100000000)
  region size 1024K, 58 young (59392K), 8 survivors (8192K)
 Metaspace       used 27152K, committed 27520K, reserved 1114112K
  class space    used 3160K, committed 3328K, reserved 1048576K
}
Event: 7.082 GC heap after
{Heap after GC invocations=10 (full 0):
 garbage-first heap   total reserved 2019328K, committed 104448K, used 42496K [0x0000000084c00000, 0x0000000100000000)
  region size 1024K, 8 young (8192K), 8 survivors (8192K)
 Metaspace       used 27152K, committed 27520K, reserved 1114112K
  class space    used 3160K, committed 3328K, reserved 1048576K
}
Event: 8.475 GC heap before
{Heap before GC invocations=10 (full 0):
 garbage-first heap   total reserved 2019328K, committed 104448K, used 80384K [0x0000000084c00000, 0x0000000100000000)
  region size 1024K, 46 young (47104K), 8 survivors (8192K)
 Metaspace       used 28640K, committed 29120K, reserved 1114112K
  class space    used 3293K, committed 3520K, reserved 1048576K
}
Event: 8.498 GC heap after
{Heap after GC invocations=11 (full 0):
 garbage-first heap   total reserved 2019328K, committed 104448K, used 47616K [0x0000000084c00000, 0x0000000100000000)
  region size 1024K, 5 young (5120K), 5 survivors (5120K)
 Metaspace       used 28640K, committed 29120K, reserved 1114112K
  class space    used 3293K, committed 3520K, reserved 1048576K
}
Event: 9.957 GC heap before
{Heap before GC invocations=11 (full 0):
 garbage-first heap   total reserved 2019328K, committed 104448K, used 84480K [0x0000000084c00000, 0x0000000100000000)
  region size 1024K, 41 young (41984K), 5 survivors (5120K)
 Metaspace       used 29850K, committed 30272K, reserved 1114112K
  class space    used 3422K, committed 3648K, reserved 1048576K
}
Event: 9.965 GC heap after
{Heap after GC invocations=12 (full 0):
 garbage-first heap   total reserved 2019328K, committed 104448K, used 48128K [0x0000000084c00000, 0x0000000100000000)
  region size 1024K, 1 young (1024K), 1 survivors (1024K)
 Metaspace       used 29850K, committed 30272K, reserved 1114112K
  class space    used 3422K, committed 3648K, reserved 1048576K
}
Event: 10.560 GC heap before
{Heap before GC invocations=12 (full 0):
 garbage-first heap   total reserved 2019328K, committed 104448K, used 88064K [0x0000000084c00000, 0x0000000100000000)
  region size 1024K, 40 young (40960K), 1 survivors (1024K)
 Metaspace       used 30092K, committed 30592K, reserved 1114112K
  class space    used 3426K, committed 3648K, reserved 1048576K
}
Event: 10.563 GC heap after
{Heap after GC invocations=13 (full 0):
 garbage-first heap   total reserved 2019328K, committed 104448K, used 48289K [0x0000000084c00000, 0x0000000100000000)
  region size 1024K, 2 young (2048K), 2 survivors (2048K)
 Metaspace       used 30092K, committed 30592K, reserved 1114112K
  class space    used 3426K, committed 3648K, reserved 1048576K
}
Event: 16.101 GC heap before
{Heap before GC invocations=14 (full 0):
 garbage-first heap   total reserved 2019328K, committed 104448K, used 90273K [0x0000000084c00000, 0x0000000100000000)
  region size 1024K, 43 young (44032K), 2 survivors (2048K)
 Metaspace       used 32189K, committed 32640K, reserved 1114112K
  class space    used 3678K, committed 3904K, reserved 1048576K
}
Event: 16.108 GC heap after
{Heap after GC invocations=15 (full 0):
 garbage-first heap   total reserved 2019328K, committed 104448K, used 49495K [0x0000000084c00000, 0x0000000100000000)
  region size 1024K, 3 young (3072K), 3 survivors (3072K)
 Metaspace       used 32189K, committed 32640K, reserved 1114112K
  class space    used 3678K, committed 3904K, reserved 1048576K
}
Event: 21.594 GC heap before
{Heap before GC invocations=15 (full 0):
 garbage-first heap   total reserved 2019328K, committed 104448K, used 93527K [0x0000000084c00000, 0x0000000100000000)
  region size 1024K, 44 young (45056K), 3 survivors (3072K)
 Metaspace       used 32582K, committed 33088K, reserved 1114112K
  class space    used 3693K, committed 3904K, reserved 1048576K
}
Event: 21.624 GC heap after
{Heap after GC invocations=16 (full 0):
 garbage-first heap   total reserved 2019328K, committed 104448K, used 56591K [0x0000000084c00000, 0x0000000100000000)
  region size 1024K, 6 young (6144K), 6 survivors (6144K)
 Metaspace       used 32582K, committed 33088K, reserved 1114112K
  class space    used 3693K, committed 3904K, reserved 1048576K
}
Event: 22.964 GC heap before
{Heap before GC invocations=16 (full 0):
 garbage-first heap   total reserved 2019328K, committed 104448K, used 66831K [0x0000000084c00000, 0x0000000100000000)
  region size 1024K, 17 young (17408K), 6 survivors (6144K)
 Metaspace       used 32605K, committed 33088K, reserved 1114112K
  class space    used 3694K, committed 3904K, reserved 1048576K
}
Event: 22.981 GC heap after
{Heap after GC invocations=17 (full 0):
 garbage-first heap   total reserved 2019328K, committed 104448K, used 60900K [0x0000000084c00000, 0x0000000100000000)
  region size 1024K, 4 young (4096K), 4 survivors (4096K)
 Metaspace       used 32605K, committed 33088K, reserved 1114112K
  class space    used 3694K, committed 3904K, reserved 1048576K
}

Dll operation events (8 events):
Event: 0.009 Loaded shared library C:\Program Files\Java\jdk-23\bin\java.dll
Event: 0.043 Loaded shared library C:\Program Files\Java\jdk-23\bin\jsvml.dll
Event: 0.063 Loaded shared library C:\Program Files\Java\jdk-23\bin\net.dll
Event: 0.065 Loaded shared library C:\Program Files\Java\jdk-23\bin\nio.dll
Event: 0.069 Loaded shared library C:\Program Files\Java\jdk-23\bin\zip.dll
Event: 0.212 Loaded shared library C:\Program Files\Java\jdk-23\bin\jimage.dll
Event: 0.214 Loaded shared library C:\Users\Leo\.m2\wrapper\dists\apache-maven-3.9.9\977a63e90f436cd6ade95b4c0e10c20c\lib\jansi-native\Windows\x86_64\jansi.dll
Event: 0.229 Loaded shared library C:\Program Files\Java\jdk-23\bin\verify.dll

Deoptimization events (20 events):
Event: 21.593 Thread 0x000001c88c655f90 DEOPT PACKING pc=0x000001c89ee8a2f8 sp=0x000000501cdfd830
Event: 21.593 Thread 0x000001c88c655f90 DEOPT UNPACKING pc=0x000001c89e667982 sp=0x000000501cdfd7f0 mode 2
Event: 21.593 Thread 0x000001c88c655f90 Uncommon trap: trap_request=0xffffffde fr.pc=0x000001c89ee8a2f8 relative=0x00000000000019b8
Event: 21.593 Thread 0x000001c88c655f90 Uncommon trap: reason=class_check action=maybe_recompile pc=0x000001c89ee8a2f8 method=com.sun.tools.javac.code.Symtab.lookupPackage(Lcom/sun/tools/javac/code/Symbol$ModuleSymbol;Lcom/sun/tools/javac/util/Name;Z)Lcom/sun/tools/javac/code/Symbol$PackageSymb
Event: 21.593 Thread 0x000001c88c655f90 DEOPT PACKING pc=0x000001c89ee8a2f8 sp=0x000000501cdfd830
Event: 21.593 Thread 0x000001c88c655f90 DEOPT UNPACKING pc=0x000001c89e667982 sp=0x000000501cdfd7f0 mode 2
Event: 21.593 Thread 0x000001c88c655f90 Uncommon trap: trap_request=0xffffffde fr.pc=0x000001c89ee8a2f8 relative=0x00000000000019b8
Event: 21.593 Thread 0x000001c88c655f90 Uncommon trap: reason=class_check action=maybe_recompile pc=0x000001c89ee8a2f8 method=com.sun.tools.javac.code.Symtab.lookupPackage(Lcom/sun/tools/javac/code/Symbol$ModuleSymbol;Lcom/sun/tools/javac/util/Name;Z)Lcom/sun/tools/javac/code/Symbol$PackageSymb
Event: 21.593 Thread 0x000001c88c655f90 DEOPT PACKING pc=0x000001c89ee8a2f8 sp=0x000000501cdfd830
Event: 21.593 Thread 0x000001c88c655f90 DEOPT UNPACKING pc=0x000001c89e667982 sp=0x000000501cdfd7f0 mode 2
Event: 21.712 Thread 0x000001c88c655f90 DEOPT PACKING pc=0x000001c897da1f63 sp=0x000000501cdfd780
Event: 21.712 Thread 0x000001c88c655f90 DEOPT UNPACKING pc=0x000001c89e6684c2 sp=0x000000501cdfcc68 mode 0
Event: 23.642 Thread 0x000001c88c655f90 DEOPT PACKING pc=0x000001c897b926ce sp=0x000000501cdfd0b0
Event: 23.642 Thread 0x000001c88c655f90 DEOPT UNPACKING pc=0x000001c89e6684c2 sp=0x000000501cdfc648 mode 0
Event: 23.643 Thread 0x000001c88c655f90 DEOPT PACKING pc=0x000001c897b945dd sp=0x000000501cdfd090
Event: 23.643 Thread 0x000001c88c655f90 DEOPT UNPACKING pc=0x000001c89e6684c2 sp=0x000000501cdfc5b0 mode 0
Event: 23.761 Thread 0x000001c88c655f90 DEOPT PACKING pc=0x000001c897b945dd sp=0x000000501cdfcf60
Event: 23.761 Thread 0x000001c88c655f90 DEOPT UNPACKING pc=0x000001c89e6684c2 sp=0x000000501cdfc478 mode 0
Event: 23.763 Thread 0x000001c88c655f90 DEOPT PACKING pc=0x000001c897b926ce sp=0x000000501cdfd050
Event: 23.763 Thread 0x000001c88c655f90 DEOPT UNPACKING pc=0x000001c89e6684c2 sp=0x000000501cdfc5e8 mode 0

Classes loaded (20 events):
Event: 15.481 Loading class java/util/stream/IntPipeline$StatelessOp done
Event: 15.481 Loading class java/util/stream/ReferencePipeline$4 done
Event: 15.483 Loading class java/util/stream/Nodes$IntFixedNodeBuilder
Event: 15.483 Loading class java/util/stream/Node$Builder$OfInt
Event: 15.484 Loading class java/util/stream/Sink$OfInt
Event: 15.484 Loading class java/util/stream/Sink$OfInt done
Event: 15.484 Loading class java/util/stream/Node$Builder$OfInt done
Event: 15.484 Loading class java/util/stream/Nodes$IntArrayNode
Event: 15.484 Loading class java/util/stream/Nodes$IntArrayNode done
Event: 15.484 Loading class java/util/stream/Nodes$IntFixedNodeBuilder done
Event: 15.484 Loading class java/util/stream/ReferencePipeline$4$1
Event: 15.484 Loading class java/util/stream/ReferencePipeline$4$1 done
Event: 16.314 Loading class java/lang/invoke/MethodHandleImpl$CountingWrapper$1
Event: 16.314 Loading class java/lang/invoke/MethodHandleImpl$CountingWrapper$1 done
Event: 20.111 Loading class java/util/EnumMap$Values
Event: 20.113 Loading class java/util/EnumMap$Values done
Event: 20.113 Loading class java/util/EnumMap$ValueIterator
Event: 20.113 Loading class java/util/EnumMap$ValueIterator done
Event: 20.116 Loading class java/util/WeakHashMap$KeyIterator
Event: 20.117 Loading class java/util/WeakHashMap$KeyIterator done

Classes unloaded (0 events):
No events

Classes redefined (0 events):
No events

Internal exceptions (20 events):
Event: 18.298 Thread 0x000001c88c655f90 Exception <a 'sun/nio/fs/WindowsException'{0x000000008985cc90}> (0x000000008985cc90) 
thrown [s\open\src\hotspot\share\prims\jni.cpp, line 520]
Event: 18.298 Thread 0x000001c88c655f90 Exception <a 'sun/nio/fs/WindowsException'{0x000000008985d410}> (0x000000008985d410) 
thrown [s\open\src\hotspot\share\prims\jni.cpp, line 520]
Event: 18.399 Thread 0x000001c88c655f90 Exception <a 'sun/nio/fs/WindowsException'{0x0000000089865d60}> (0x0000000089865d60) 
thrown [s\open\src\hotspot\share\prims\jni.cpp, line 520]
Event: 18.400 Thread 0x000001c88c655f90 Exception <a 'sun/nio/fs/WindowsException'{0x00000000898663f8}> (0x00000000898663f8) 
thrown [s\open\src\hotspot\share\prims\jni.cpp, line 520]
Event: 18.400 Thread 0x000001c88c655f90 Exception <a 'sun/nio/fs/WindowsException'{0x0000000089866b70}> (0x0000000089866b70) 
thrown [s\open\src\hotspot\share\prims\jni.cpp, line 520]
Event: 18.400 Thread 0x000001c88c655f90 Exception <a 'sun/nio/fs/WindowsException'{0x0000000089867270}> (0x0000000089867270) 
thrown [s\open\src\hotspot\share\prims\jni.cpp, line 520]
Event: 19.256 Thread 0x000001c88c655f90 Exception <a 'sun/nio/fs/WindowsException'{0x000000008988ab60}> (0x000000008988ab60) 
thrown [s\open\src\hotspot\share\prims\jni.cpp, line 520]
Event: 19.257 Thread 0x000001c88c655f90 Exception <a 'sun/nio/fs/WindowsException'{0x000000008988b1e8}> (0x000000008988b1e8) 
thrown [s\open\src\hotspot\share\prims\jni.cpp, line 520]
Event: 19.257 Thread 0x000001c88c655f90 Exception <a 'sun/nio/fs/WindowsException'{0x000000008988b908}> (0x000000008988b908) 
thrown [s\open\src\hotspot\share\prims\jni.cpp, line 520]
Event: 20.051 Thread 0x000001c88c655f90 Exception <a 'sun/nio/fs/WindowsException'{0x0000000089674960}> (0x0000000089674960) 
thrown [s\open\src\hotspot\share\prims\jni.cpp, line 520]
Event: 20.052 Thread 0x000001c88c655f90 Exception <a 'sun/nio/fs/WindowsException'{0x0000000089675000}> (0x0000000089675000) 
thrown [s\open\src\hotspot\share\prims\jni.cpp, line 520]
Event: 20.052 Thread 0x000001c88c655f90 Exception <a 'sun/nio/fs/WindowsException'{0x0000000089675780}> (0x0000000089675780) 
thrown [s\open\src\hotspot\share\prims\jni.cpp, line 520]
Event: 20.688 Thread 0x000001c88c655f90 Exception <a 'sun/nio/fs/WindowsException'{0x00000000894f85f0}> (0x00000000894f85f0) 
thrown [s\open\src\hotspot\share\prims\jni.cpp, line 520]
Event: 20.688 Thread 0x000001c88c655f90 Exception <a 'sun/nio/fs/WindowsException'{0x00000000894f8c38}> (0x00000000894f8c38) 
thrown [s\open\src\hotspot\share\prims\jni.cpp, line 520]
Event: 20.695 Thread 0x000001c88c655f90 Exception <a 'sun/nio/fs/WindowsException'{0x000000008930be30}> (0x000000008930be30) 
thrown [s\open\src\hotspot\share\prims\jni.cpp, line 520]
Event: 21.591 Thread 0x000001c88c655f90 Exception <a 'sun/nio/fs/WindowsException'{0x0000000088476b08}> (0x0000000088476b08) 
thrown [s\open\src\hotspot\share\prims\jni.cpp, line 520]
Event: 21.703 Thread 0x000001c88c655f90 Exception <a 'sun/nio/fs/WindowsException'{0x00000000ffb141d0}> (0x00000000ffb141d0) 
thrown [s\open\src\hotspot\share\prims\jni.cpp, line 520]
Event: 21.710 Thread 0x000001c88c655f90 Exception <a 'sun/nio/fs/WindowsException'{0x00000000ffb318c8}> (0x00000000ffb318c8) 
thrown [s\open\src\hotspot\share\prims\jni.cpp, line 520]
Event: 21.710 Thread 0x000001c88c655f90 Exception <a 'sun/nio/fs/WindowsException'{0x00000000ffb32358}> (0x00000000ffb32358) 
thrown [s\open\src\hotspot\share\prims\jni.cpp, line 520]
Event: 21.711 Thread 0x000001c88c655f90 Exception <a 'sun/nio/fs/WindowsException'{0x00000000ffb32e78}> (0x00000000ffb32e78) 
thrown [s\open\src\hotspot\share\prims\jni.cpp, line 520]

VM Operations (20 events):
Event: 10.847 Executing VM operation: HandshakeAllThreads (Deoptimize)
Event: 10.847 Executing VM operation: HandshakeAllThreads (Deoptimize) done
Event: 10.899 Executing VM operation: HandshakeAllThreads (Deoptimize)
Event: 10.899 Executing VM operation: HandshakeAllThreads (Deoptimize) done
Event: 10.927 Executing VM operation: HandshakeAllThreads (Deoptimize)
Event: 10.927 Executing VM operation: HandshakeAllThreads (Deoptimize) done
Event: 10.988 Executing VM operation: HandshakeAllThreads (Deoptimize)
Event: 10.988 Executing VM operation: HandshakeAllThreads (Deoptimize) done
Event: 16.101 Executing VM operation: G1CollectForAllocation (G1 Evacuation Pause)
Event: 16.108 Executing VM operation: G1CollectForAllocation (G1 Evacuation Pause) done
Event: 20.115 Executing VM operation: HandshakeAllThreads (Deoptimize)
Event: 20.115 Executing VM operation: HandshakeAllThreads (Deoptimize) done
Event: 21.594 Executing VM operation: G1CollectForAllocation (G1 Evacuation Pause)
Event: 21.624 Executing VM operation: G1CollectForAllocation (G1 Evacuation Pause) done
Event: 22.964 Executing VM operation: G1TryInitiateConcMark (G1 Humongous Allocation)
Event: 22.982 Executing VM operation: G1TryInitiateConcMark (G1 Humongous Allocation) done
Event: 23.263 Executing VM operation: G1PauseRemark
Event: 23.307 Executing VM operation: G1PauseRemark done
Event: 23.337 Executing VM operation: G1PauseCleanup
Event: 23.337 Executing VM operation: G1PauseCleanup done

Memory protections (0 events):
No events

Nmethod flushes (20 events):
Event: 23.306 Thread 0x000001c8aac56f20 flushing  nmethod 0x000001c897d6bc08
Event: 23.306 Thread 0x000001c8aac56f20 flushing  nmethod 0x000001c897d6c788
Event: 23.306 Thread 0x000001c8aac56f20 flushing  nmethod 0x000001c897d6cb88
Event: 23.306 Thread 0x000001c8aac56f20 flushing  nmethod 0x000001c897da1388
Event: 23.306 Thread 0x000001c8aac56f20 flushing  nmethod 0x000001c897da3408
Event: 23.306 Thread 0x000001c8aac56f20 flushing  nmethod 0x000001c897da3b08
Event: 23.306 Thread 0x000001c8aac56f20 flushing  nmethod 0x000001c897da5588
Event: 23.306 Thread 0x000001c8aac56f20 flushing  nmethod 0x000001c897da5d88
Event: 23.306 Thread 0x000001c8aac56f20 flushing  nmethod 0x000001c897da6708
Event: 23.306 Thread 0x000001c8aac56f20 flushing  nmethod 0x000001c897da7008
Event: 23.306 Thread 0x000001c8aac56f20 flushing  nmethod 0x000001c897dba008
Event: 23.306 Thread 0x000001c8aac56f20 flushing  nmethod 0x000001c897dbb108
Event: 23.306 Thread 0x000001c8aac56f20 flushing  nmethod 0x000001c897dbba08
Event: 23.306 Thread 0x000001c8aac56f20 flushing  nmethod 0x000001c897dbcb88
Event: 23.306 Thread 0x000001c8aac56f20 flushing  nmethod 0x000001c897e17f08
Event: 23.306 Thread 0x000001c8aac56f20 flushing  nmethod 0x000001c897e18508
Event: 23.306 Thread 0x000001c8aac56f20 flushing  nmethod 0x000001c897e18808
Event: 23.306 Thread 0x000001c8aac56f20 flushing  nmethod 0x000001c897e18b88
Event: 23.306 Thread 0x000001c8aac56f20 flushing  nmethod 0x000001c897e19688
Event: 23.306 Thread 0x000001c8aac56f20 flushing  nmethod 0x000001c897e95508

Events (19 events):
Event: 0.026 Thread 0x000001c88c655f90 Thread added: 0x000001c88c655f90
Event: 0.039 Thread 0x000001c88c655f90 Thread added: 0x000001c8aac72af0
Event: 0.039 Thread 0x000001c88c655f90 Thread added: 0x000001c8aac739a0
Event: 0.040 Thread 0x000001c88c655f90 Thread added: 0x000001c8aac76a00
Event: 0.040 Thread 0x000001c88c655f90 Thread added: 0x000001c8aac777b0
Event: 0.040 Thread 0x000001c88c655f90 Thread added: 0x000001c8aac78650
Event: 0.040 Thread 0x000001c88c655f90 Thread added: 0x000001c8aac7a1b0
Event: 0.040 Thread 0x000001c88c655f90 Thread added: 0x000001c8aac7bf50
Event: 0.040 Thread 0x000001c88c655f90 Thread added: 0x000001c8aac84b40
Event: 0.059 Thread 0x000001c88c655f90 Thread added: 0x000001c8f011bfd0
Event: 0.061 Thread 0x000001c88c655f90 Thread added: 0x000001c8f0128a90
Event: 0.210 Thread 0x000001c88c655f90 Thread added: 0x000001c8f04343f0
Event: 0.872 Thread 0x000001c8f04343f0 Thread exited: 0x000001c8f04343f0
Event: 1.761 Thread 0x000001c88c655f90 Thread added: 0x000001c8f0ef2f90
Event: 16.120 Thread 0x000001c8aac84b40 Thread added: 0x000001c8f2b95b70
Event: 17.460 Thread 0x000001c8f2b95b70 Thread exited: 0x000001c8f2b95b70
Event: 20.833 Thread 0x000001c8aac84b40 Thread added: 0x000001c8f2114470
Event: 21.551 Thread 0x000001c8f2114470 Thread exited: 0x000001c8f2114470
Event: 23.241 Thread 0x000001c8aac7bf50 Thread added: 0x000001c8f07b8980


Dynamic libraries:
0x00007ff674610000 - 0x00007ff674620000 	C:\Program Files\Java\jdk-23\bin\java.exe
0x00007ffa60730000 - 0x00007ffa60947000 	C:\WINDOWS\SYSTEM32\ntdll.dll
0x00007ffa5ecf0000 - 0x00007ffa5edb4000 	C:\WINDOWS\System32\KERNEL32.DLL
0x00007ffa5db30000 - 0x00007ffa5df03000 	C:\WINDOWS\System32\KERNELBASE.dll
0x00007ffa5e040000 - 0x00007ffa5e151000 	C:\WINDOWS\System32\ucrtbase.dll
0x00007ffa54f30000 - 0x00007ffa54f47000 	C:\Program Files\Java\jdk-23\bin\jli.dll
0x00007ffa51b30000 - 0x00007ffa51b4b000 	C:\Program Files\Java\jdk-23\bin\VCRUNTIME140.dll
0x00007ffa5f760000 - 0x00007ffa5f911000 	C:\WINDOWS\System32\USER32.dll
0x00007ffa5e190000 - 0x00007ffa5e1b6000 	C:\WINDOWS\System32\win32u.dll
0x00007ffa5e4f0000 - 0x00007ffa5e519000 	C:\WINDOWS\System32\GDI32.dll
0x00007ffa44e40000 - 0x00007ffa450db000 	C:\WINDOWS\WinSxS\amd64_microsoft.windows.common-controls_6595b64144ccf1df_6.0.22621.5262_none_2712bde373830908\COMCTL32.dll
0x00007ffa5df10000 - 0x00007ffa5e032000 	C:\WINDOWS\System32\gdi32full.dll
0x00007ffa5eb90000 - 0x00007ffa5ec37000 	C:\WINDOWS\System32\msvcrt.dll
0x00007ffa5da90000 - 0x00007ffa5db2a000 	C:\WINDOWS\System32\msvcp_win.dll
0x00007ffa60400000 - 0x00007ffa60431000 	C:\WINDOWS\System32\IMM32.DLL
0x00007ffa575b0000 - 0x00007ffa575bc000 	C:\Program Files\Java\jdk-23\bin\vcruntime140_1.dll
0x00007ffa47f60000 - 0x00007ffa47fee000 	C:\Program Files\Java\jdk-23\bin\msvcp140.dll
0x00007ffa0c3c0000 - 0x00007ffa0d10f000 	C:\Program Files\Java\jdk-23\bin\server\jvm.dll
0x00007ffa5fb90000 - 0x00007ffa5fc41000 	C:\WINDOWS\System32\ADVAPI32.dll
0x00007ffa5fa00000 - 0x00007ffa5faa7000 	C:\WINDOWS\System32\sechost.dll
0x00007ffa5e160000 - 0x00007ffa5e188000 	C:\WINDOWS\System32\bcrypt.dll
0x00007ffa602e0000 - 0x00007ffa603f4000 	C:\WINDOWS\System32\RPCRT4.dll
0x00007ffa5edc0000 - 0x00007ffa5ee31000 	C:\WINDOWS\System32\WS2_32.dll
0x00007ffa4bbd0000 - 0x00007ffa4bbda000 	C:\WINDOWS\SYSTEM32\VERSION.dll
0x00007ffa54400000 - 0x00007ffa54434000 	C:\WINDOWS\SYSTEM32\WINMM.dll
0x00007ffa5d130000 - 0x00007ffa5d17d000 	C:\WINDOWS\SYSTEM32\POWRPROF.dll
0x00007ffa5d110000 - 0x00007ffa5d123000 	C:\WINDOWS\SYSTEM32\UMPDC.dll
0x00007ffa5c820000 - 0x00007ffa5c838000 	C:\WINDOWS\SYSTEM32\kernel.appcore.dll
0x00007ffa57550000 - 0x00007ffa5755a000 	C:\Program Files\Java\jdk-23\bin\jimage.dll
0x00007ffa5b210000 - 0x00007ffa5b442000 	C:\WINDOWS\SYSTEM32\DBGHELP.DLL
0x00007ffa5e7f0000 - 0x00007ffa5eb83000 	C:\WINDOWS\System32\combase.dll
0x00007ffa5fab0000 - 0x00007ffa5fb87000 	C:\WINDOWS\System32\OLEAUT32.dll
0x00007ffa42460000 - 0x00007ffa42492000 	C:\WINDOWS\SYSTEM32\dbgcore.DLL
0x00007ffa5da10000 - 0x00007ffa5da8b000 	C:\WINDOWS\System32\bcryptPrimitives.dll
0x00007ffa48ba0000 - 0x00007ffa48bbe000 	C:\Program Files\Java\jdk-23\bin\java.dll
0x00007ffa5e520000 - 0x00007ffa5e6c1000 	C:\WINDOWS\System32\ole32.dll
0x00007ffa5ee40000 - 0x00007ffa5f6dd000 	C:\WINDOWS\System32\SHELL32.dll
0x00007ffa5e1c0000 - 0x00007ffa5e2ff000 	C:\WINDOWS\System32\wintypes.dll
0x00007ffa5b710000 - 0x00007ffa5c02d000 	C:\WINDOWS\SYSTEM32\windows.storage.dll
0x00007ffa5e3c0000 - 0x00007ffa5e4cb000 	C:\WINDOWS\System32\SHCORE.dll
0x00007ffa5f920000 - 0x00007ffa5f986000 	C:\WINDOWS\System32\shlwapi.dll
0x00007ffa5d750000 - 0x00007ffa5d77b000 	C:\WINDOWS\SYSTEM32\profapi.dll
0x00007ffa3e480000 - 0x00007ffa3e557000 	C:\Program Files\Java\jdk-23\bin\jsvml.dll
0x00007ffa52040000 - 0x00007ffa52050000 	C:\Program Files\Java\jdk-23\bin\net.dll
0x00007ffa5cc90000 - 0x00007ffa5ccfa000 	C:\WINDOWS\system32\mswsock.dll
0x00007ffa47e10000 - 0x00007ffa47e26000 	C:\Program Files\Java\jdk-23\bin\nio.dll
0x00007ffa47f40000 - 0x00007ffa47f57000 	C:\Program Files\Java\jdk-23\bin\zip.dll
0x00007ffa463b0000 - 0x00007ffa463d4000 	C:\Users\Leo\.m2\wrapper\dists\apache-maven-3.9.9\977a63e90f436cd6ade95b4c0e10c20c\lib\jansi-native\Windows\x86_64\jansi.dll
0x00007ffa4aca0000 - 0x00007ffa4acb0000 	C:\Program Files\Java\jdk-23\bin\verify.dll

dbghelp: loaded successfully - version: 4.0.5 - missing functions: none
symbol engine: initialized successfully - sym options: 0x614 - pdb path: .;C:\Program Files\Java\jdk-23\bin;C:\WINDOWS\SYSTEM32;C:\WINDOWS\WinSxS\amd64_microsoft.windows.common-controls_6595b64144ccf1df_6.0.22621.5262_none_2712bde373830908;C:\Program Files\Java\jdk-23\bin\server;C:\Users\Leo\.m2\wrapper\dists\apache-maven-3.9.9\977a63e90f436cd6ade95b4c0e10c20c\lib\jansi-native\Windows\x86_64

VM Arguments:
jvm_args: -Dclassworlds.conf=C:\Users\Leo\.m2\wrapper\dists\apache-maven-3.9.9\977a63e90f436cd6ade95b4c0e10c20c\bin\m2.conf -Dmaven.home=C:\Users\Leo\.m2\wrapper\dists\apache-maven-3.9.9\977a63e90f436cd6ade95b4c0e10c20c -Dlibrary.jansi.path=C:\Users\Leo\.m2\wrapper\dists\apache-maven-3.9.9\977a63e90f436cd6ade95b4c0e10c20c\lib\jansi-native -Dmaven.multiModuleProjectDirectory=D:\SuperSorteo\rifa 
java_command: org.codehaus.plexus.classworlds.launcher.Launcher clean package -DskipTests
java_class_path (initial): C:\Users\Leo\.m2\wrapper\dists\apache-maven-3.9.9\977a63e90f436cd6ade95b4c0e10c20c\boot\plexus-classworlds-2.8.0.jar
Launcher Type: SUN_STANDARD

[Global flags]
     intx CICompilerCount                          = 3                                         {product} {ergonomic}
     uint ConcGCThreads                            = 1                                         {product} {ergonomic}
     uint G1ConcRefinementThreads                  = 4                                         {product} {ergonomic}
   size_t G1HeapRegionSize                         = 1048576                                   {product} {ergonomic}
   size_t InitialHeapSize                          = 130023424                                 {product} {ergonomic}
   size_t MarkStackSize                            = 4194304                                   {product} {ergonomic}
   size_t MarkStackSizeMax                         = 536870912                                 {product} {ergonomic}
   size_t MaxHeapSize                              = 2067791872                                {product} {ergonomic}
   size_t MaxNewSize                               = 1240465408                                {product} {ergonomic}
   size_t MinHeapDeltaBytes                        = 1048576                                   {product} {ergonomic}
   size_t MinHeapSize                              = 8388608                                   {product} {ergonomic}
    uintx NonNMethodCodeHeapSize                   = 5832704                                {pd product} {ergonomic}
    uintx NonProfiledCodeHeapSize                  = 122945536                              {pd product} {ergonomic}
    uintx ProfiledCodeHeapSize                     = 122880000                              {pd product} {ergonomic}
    uintx ReservedCodeCacheSize                    = 251658240                              {pd product} {ergonomic}
     bool SegmentedCodeCache                       = true                                      {product} {ergonomic}
   size_t SoftMaxHeapSize                          = 2067791872                             {manageable} {ergonomic}
     bool UseCompressedOops                        = true                           {product lp64_product} {ergonomic}
     bool UseG1GC                                  = true                                      {product} {ergonomic}
     bool UseLargePagesIndividualAllocation        = false                                  {pd product} {ergonomic}

Logging:
Log output configuration:
 #0: stdout all=warning uptime,level,tags foldmultilines=false
 #1: stderr all=off uptime,level,tags foldmultilines=false

Environment Variables:
PATH=C:\Program Files\Common Files\Oracle\Java\javapath;C:\WINDOWS\system32;C:\WINDOWS;C:\WINDOWS\System32\Wbem;C:\WINDOWS\System32\WindowsPowerShell\v1.0\;C:\WINDOWS\System32\OpenSSH\;D:\Programas\;C:\Program Files (x86)\Microsoft SQL Server\160\Tools\Binn\;C:\Program Files\Microsoft SQL Server\160\Tools\Binn\;C:\Program Files\Microsoft SQL Server\Client SDK\ODBC\170\Tools\Binn\;C:\Program Files\Microsoft SQL Server\160\DTS\Binn\;C:\Program Files (x86)\Microsoft SQL Server\160\DTS\Binn\;C:\Program Files\Microsoft SQL Server\150\Tools\Binn\;C:\Program Files\dotnet\;C:\Program Files\Git\cmd;D:\JAVA\apache-maven-3.9.9\bin;C:\Program Files\MySQL\MySQL Server 9.1\bin;;C:\Program Files\Docker\Docker\resources\bin;C:\ProgramData\chocolatey\bin;C:\Users\Leo\AppData\Local\Microsoft\WindowsApps;C:\Users\Leo\AppData\Roaming\npm;C:\Users\Leo\AppData\Local\Programs\Microsoft VS Code\bin;C:\Users\Leo\.dotnet\tools;C:\Program Files\Cloudflare;C:\Users\Leo\AppData\Local\Programs\Python\Python313\Scripts\;C:\Users\Leo\AppData\Local\Programs\Python\Python313\;C:\Users\Leo\AppData\Local\Programs\Python\Launcher\;C:\Users\Leo\AppData\Local\Microsoft\WindowsApps;C:\Users\Leo\AppData\Roaming\npm;C:\Users\Leo\AppData\Local\Programs\Microsoft VS Code\bin;C:\Users\Leo\.dotnet\tools
USERNAME=Leo
OS=Windows_NT
PROCESSOR_IDENTIFIER=Intel64 Family 6 Model 140 Stepping 1, GenuineIntel
TMP=C:\Users\Leo\AppData\Local\Temp
TEMP=C:\Users\Leo\AppData\Local\Temp




Periodic native trim disabled

---------------  S Y S T E M  ---------------

OS:
 Windows 11 , 64 bit Build 22621 (10.0.22621.5262)
OS uptime: 0 days 3:06 hours
Hyper-V role detected

CPU: total 4 (initial active 4) (2 cores per cpu, 2 threads per core) family 6 model 140 stepping 1 microcode 0xa6, cx8, cmov, fxsr, ht, mmx, 3dnowpref, sse, sse2, sse3, ssse3, sse4.1, sse4.2, popcnt, lzcnt, tsc, tscinvbit, avx, avx2, aes, erms, clmul, bmi1, bmi2, adx, avx512f, avx512dq, avx512cd, avx512bw, avx512vl, sha, fma, vzeroupper, avx512_vpopcntdq, avx512_vpclmulqdq, avx512_vaes, avx512_vnni, clflush, clflushopt, clwb, avx512_vbmi2, avx512_vbmi, hv, rdtscp, rdpid, fsrm, gfni, avx512_bitalg, f16c, cet_ibt, cet_ss, avx512_ifma
Processor Information for the first 4 processors :
  Max Mhz: 2995, Current Mhz: 2995, Mhz Limit: 2995

Memory: 4k page, system-wide physical 7886M (383M free)
TotalPageFile size 20190M (AvailPageFile size 39M)
current process WorkingSet (physical memory assigned to process): 263M, peak: 263M
current process commit charge ("private bytes"): 286M, peak: 287M

vm_info: Java HotSpot(TM) 64-Bit Server VM (23.0.1+11-39) for windows-amd64 JRE (23.0.1+11-39), built on 2024-09-30T07:20:43Z with MS VC++ 17.6 (VS2022)

END.
