#
# There is insufficient memory for the Java Runtime Environment to continue.
# Native memory allocation (malloc) failed to allocate 631504 bytes. Error detail: Chunk::new
# Possible reasons:
#   The system is out of physical RAM or swap space
#   This process is running with CompressedOops enabled, and the Java Heap may be blocking the growth of the native heap
# Possible solutions:
#   Reduce memory load on the system
#   Increase physical memory or swap space
#   Check if swap backing store is full
#   Decrease Java heap size (-Xmx/-Xms)
#   Decrease number of Java threads
#   Decrease Java thread stack sizes (-Xss)
#   Set larger code cache with -XX:ReservedCodeCacheSize=
#   JVM is running with Unscaled Compressed Oops mode in which the Java heap is
#     placed in the first 4GB address space. The Java Heap base address is the
#     maximum limit for the native heap growth. Please use -XX:HeapBaseMinAddress
#     to set the Java Heap base and to place the Java Heap above 4GB virtual address.
# This output file may be truncated or incomplete.
#
#  Out of Memory Error (arena.cpp:149), pid=11744, tid=13544
#
# JRE version: Java(TM) SE Runtime Environment (23.0.1+11) (build 23.0.1+11-39)
# Java VM: Java HotSpot(TM) 64-Bit Server VM (23.0.1+11-39, mixed mode, sharing, tiered, compressed oops, compressed class ptrs, g1 gc, windows-amd64)
# No core dump will be written. Minidumps are not enabled by default on client versions of Windows
#

---------------  S U M M A R Y ------------

Command Line: -agentlib:jdwp=transport=dt_socket,address=127.0.0.1:7414,suspend=y,server=n -javaagent:C:\Users\Leo\AppData\Local\JetBrains\IdeaIC2024.2\captureAgent\debugger-agent.jar -Dkotlinx.coroutines.debug.enable.creation.stack.trace=false -Ddebugger.agent.enable.coroutines=true -Dfile.encoding=UTF-8 -Dsun.stdout.encoding=UTF-8 -Dsun.stderr.encoding=UTF-8 com.example.rifa.RifaApplication

Host: 11th Gen Intel(R) Core(TM) i3-1115G4 @ 3.00GHz, 4 cores, 7G,  Windows 11 , 64 bit Build 22621 (10.0.22621.5262)
Time: Sat Nov 22 11:02:46 2025 Hora estándar de Cuba elapsed time: 8.740188 seconds (0d 0h 0m 8s)

---------------  T H R E A D  ---------------

Current thread (0x000002dbd10b0dd0):  JavaThread "C2 CompilerThread0" daemon [_thread_in_native, id=13544, stack(0x000000ed25a00000,0x000000ed25b00000) (1024K)]


Current CompileTask:
C2:8740 5578   !   4       jdk.internal.loader.BuiltinClassLoader::findClassOnClassPathOrNull (64 bytes)

Stack: [0x000000ed25a00000,0x000000ed25b00000]
Native frames: (J=compiled Java code, j=interpreted, Vv=VM code, C=native code)
V  [jvm.dll+0x6e08b9]  (no source info available)
V  [jvm.dll+0x87dc83]  (no source info available)
V  [jvm.dll+0x88010e]  (no source info available)
V  [jvm.dll+0x8807e3]  (no source info available)
V  [jvm.dll+0x27aee6]  (no source info available)
V  [jvm.dll+0xbc06f]  (no source info available)
V  [jvm.dll+0xbc2cb]  (no source info available)
V  [jvm.dll+0x1d434f]  (no source info available)
V  [jvm.dll+0x66d925]  (no source info available)
V  [jvm.dll+0x66bb55]  (no source info available)
V  [jvm.dll+0x2448d7]  (no source info available)
V  [jvm.dll+0x243dff]  (no source info available)
V  [jvm.dll+0x1c33a0]  (no source info available)
V  [jvm.dll+0x253cf1]  (no source info available)
V  [jvm.dll+0x251faa]  (no source info available)
V  [jvm.dll+0x3ee036]  (no source info available)
V  [jvm.dll+0x824f8b]  (no source info available)
V  [jvm.dll+0x6df065]  (no source info available)
C  [ucrtbase.dll+0x29333]  (no source info available)
C  [KERNEL32.DLL+0x1259d]  (no source info available)
C  [ntdll.dll+0x5af58]  (no source info available)

Lock stack of current Java thread (top to bottom):


---------------  P R O C E S S  ---------------

Threads class SMR info:
_java_thread_list=0x000002dc19e8aeb0, length=21, elements={
0x000002dbb2987c60, 0x000002dbd1086920, 0x000002dbd10876c0, 0x000002dbd1089dd0,
0x000002dbd108aa50, 0x000002dbd108bd40, 0x000002dbd10afda0, 0x000002dbd10b0dd0,
0x000002dbd10b27d0, 0x000002dbd12e8160, 0x000002dbd13ecf10, 0x000002dbd13701c0,
0x000002dbd141cbd0, 0x000002dbd141bd30, 0x000002dbd1bcbd80, 0x000002dc17265510,
0x000002dc1726a120, 0x000002dc18966e80, 0x000002dc18966160, 0x000002dc18965440,
0x000002dc18967510
}

Java Threads: ( => current thread )
  0x000002dbb2987c60 JavaThread "main"                              [_thread_blocked, id=9944, stack(0x000000ed24c00000,0x000000ed24d00000) (1024K)]
  0x000002dbd1086920 JavaThread "Reference Handler"          daemon [_thread_blocked, id=16292, stack(0x000000ed25400000,0x000000ed25500000) (1024K)]
  0x000002dbd10876c0 JavaThread "Finalizer"                  daemon [_thread_blocked, id=11692, stack(0x000000ed25500000,0x000000ed25600000) (1024K)]
  0x000002dbd1089dd0 JavaThread "Signal Dispatcher"          daemon [_thread_blocked, id=5776, stack(0x000000ed25600000,0x000000ed25700000) (1024K)]
  0x000002dbd108aa50 JavaThread "Attach Listener"            daemon [_thread_blocked, id=6288, stack(0x000000ed25700000,0x000000ed25800000) (1024K)]
  0x000002dbd108bd40 JavaThread "Service Thread"             daemon [_thread_blocked, id=10056, stack(0x000000ed25800000,0x000000ed25900000) (1024K)]
  0x000002dbd10afda0 JavaThread "Monitor Deflation Thread"   daemon [_thread_blocked, id=5812, stack(0x000000ed25900000,0x000000ed25a00000) (1024K)]
=>0x000002dbd10b0dd0 JavaThread "C2 CompilerThread0"         daemon [_thread_in_native, id=13544, stack(0x000000ed25a00000,0x000000ed25b00000) (1024K)]
  0x000002dbd10b27d0 JavaThread "C1 CompilerThread0"         daemon [_thread_blocked, id=8124, stack(0x000000ed25b00000,0x000000ed25c00000) (1024K)]
  0x000002dbd12e8160 JavaThread "Common-Cleaner"             daemon [_thread_blocked, id=10856, stack(0x000000ed25c00000,0x000000ed25d00000) (1024K)]
  0x000002dbd13ecf10 JavaThread "JDWP Transport Listener: dt_socket" daemon [_thread_blocked, id=17644, stack(0x000000ed25d00000,0x000000ed25e00000) (1024K)]
  0x000002dbd13701c0 JavaThread "JDWP Event Helper Thread"   daemon [_thread_blocked, id=7228, stack(0x000000ed25e00000,0x000000ed25f00000) (1024K)]
  0x000002dbd141cbd0 JavaThread "JDWP Command Reader"        daemon [_thread_in_native, id=3192, stack(0x000000ed25f00000,0x000000ed26000000) (1024K)]
  0x000002dbd141bd30 JavaThread "Notification Thread"        daemon [_thread_blocked, id=11712, stack(0x000000ed26000000,0x000000ed26100000) (1024K)]
  0x000002dbd1bcbd80 JavaThread "C2 CompilerThread1"         daemon [_thread_in_native, id=15856, stack(0x000000ed26400000,0x000000ed26500000) (1024K)]
  0x000002dc17265510 JavaThread "Thread-0"                          [_thread_blocked, id=14052, stack(0x000000ed26500000,0x000000ed26600000) (1024K)]
  0x000002dc1726a120 JavaThread "restartedMain"                     [_thread_in_native, id=14404, stack(0x000000ed26600000,0x000000ed26700000) (1024K)]
  0x000002dc18966e80 JavaThread "Catalina-utility-1"                [_thread_blocked, id=9492, stack(0x000000ed26700000,0x000000ed26800000) (1024K)]
  0x000002dc18966160 JavaThread "Catalina-utility-2"                [_thread_blocked, id=12712, stack(0x000000ed26800000,0x000000ed26900000) (1024K)]
  0x000002dc18965440 JavaThread "container-0"                       [_thread_blocked, id=15968, stack(0x000000ed26900000,0x000000ed26a00000) (1024K)]
  0x000002dc18967510 JavaThread "mysql-cj-abandoned-connection-cleanup" daemon [_thread_blocked, id=6424, stack(0x000000ed26a00000,0x000000ed26b00000) (1024K)]
Total: 21

Other Threads:
  0x000002dbd106d550 VMThread "VM Thread"                           [id=11416, stack(0x000000ed25300000,0x000000ed25400000) (1024K)]
  0x000002dbd105af50 WatcherThread "VM Periodic Task Thread"        [id=3432, stack(0x000000ed25200000,0x000000ed25300000) (1024K)]
  0x000002dbb4d4efa0 WorkerThread "GC Thread#0"                     [id=16588, stack(0x000000ed24d00000,0x000000ed24e00000) (1024K)]
  0x000002dbd1ac57d0 WorkerThread "GC Thread#1"                     [id=8268, stack(0x000000ed26100000,0x000000ed26200000) (1024K)]
  0x000002dbd1ac5e20 WorkerThread "GC Thread#2"                     [id=17396, stack(0x000000ed26200000,0x000000ed26300000) (1024K)]
  0x000002dc170b6dd0 WorkerThread "GC Thread#3"                     [id=2204, stack(0x000000ed26300000,0x000000ed26400000) (1024K)]
  0x000002dbb4d63410 ConcurrentGCThread "G1 Main Marker"            [id=15480, stack(0x000000ed24e00000,0x000000ed24f00000) (1024K)]
  0x000002dbb4d63f20 WorkerThread "G1 Conc#0"                       [id=17516, stack(0x000000ed24f00000,0x000000ed25000000) (1024K)]
  0x000002dbd0f2b940 ConcurrentGCThread "G1 Refine#0"               [id=3320, stack(0x000000ed25000000,0x000000ed25100000) (1024K)]
  0x000002dbd0f2e3e0 ConcurrentGCThread "G1 Service"                [id=17572, stack(0x000000ed25100000,0x000000ed25200000) (1024K)]
Total: 10

Threads with active compile tasks:
C2 CompilerThread0  8827 5578   !   4       jdk.internal.loader.BuiltinClassLoader::findClassOnClassPathOrNull (64 bytes)
C2 CompilerThread1  8827 5336       4       org.springframework.core.annotation.TypeMappedAnnotations::get (52 bytes)
Total: 2

VM state: not at safepoint (normal execution)

VM Mutex/Monitor currently owned by a thread: None

Heap address: 0x0000000084c00000, size: 1972 MB, Compressed Oops mode: 32-bit

CDS archive(s) mapped at: [0x000002dbd2000000-0x000002dbd2d70000-0x000002dbd2d70000), size 14090240, SharedBaseAddress: 0x000002dbd2000000, ArchiveRelocationMode: 1.
Compressed class space mapped at: 0x000002dbd3000000-0x000002dc13000000, reserved size: 1073741824
Narrow klass base: 0x000002dbd2000000, Narrow klass shift: 0, Narrow klass range: 0x41000000

GC Precious Log:
 CardTable entry size: 512
 Card Set container configuration: InlinePtr #cards 5 size 8 Array Of Cards #cards 10 size 36 Howl #buckets 4 coarsen threshold 1843 Howl Bitmap #cards 512 size 80 coarsen threshold 460 Card regions per heap region 1 cards per card region 2048
 CPUs: 4 total, 4 available
 Memory: 7886M
 Large Page Support: Disabled
 NUMA Support: Disabled
 Compressed Oops: Enabled (32-bit)
 Heap Region Size: 1M
 Heap Min Capacity: 8M
 Heap Initial Capacity: 124M
 Heap Max Capacity: 1972M
 Pre-touch: Disabled
 Parallel Workers: 4
 Concurrent Workers: 1
 Concurrent Refinement Workers: 4
 Periodic GC: Disabled

Heap:
 garbage-first heap   total reserved 2019328K, committed 51200K, used 28595K [0x0000000084c00000, 0x0000000100000000)
  region size 1024K, 5 young (5120K), 3 survivors (3072K)
 Metaspace       used 43078K, committed 43584K, reserved 1114112K
  class space    used 5630K, committed 5888K, reserved 1048576K

Heap Regions: E=young(eden), S=young(survivor), O=old, HS=humongous(starts), HC=humongous(continues), CS=collection set, F=free, TAMS=top-at-mark-start, PB=parsable bottom
|   0|0x0000000084c00000, 0x0000000084d00000, 0x0000000084d00000|100%|HS|  |TAMS 0x0000000084c00000| PB 0x0000000084c00000| Complete |  0
|   1|0x0000000084d00000, 0x0000000084e00000, 0x0000000084e00000|100%| O|  |TAMS 0x0000000084d00000| PB 0x0000000084d00000| Untracked |  0
|   2|0x0000000084e00000, 0x0000000084f00000, 0x0000000084f00000|100%| O|  |TAMS 0x0000000084e00000| PB 0x0000000084e00000| Untracked |  0
|   3|0x0000000084f00000, 0x0000000085000000, 0x0000000085000000|100%| O|  |TAMS 0x0000000084f00000| PB 0x0000000084f00000| Untracked |  0
|   4|0x0000000085000000, 0x0000000085100000, 0x0000000085100000|100%| O|  |TAMS 0x0000000085000000| PB 0x0000000085000000| Untracked |  0
|   5|0x0000000085100000, 0x0000000085200000, 0x0000000085200000|100%| O|  |TAMS 0x0000000085100000| PB 0x0000000085100000| Untracked |  0
|   6|0x0000000085200000, 0x0000000085300000, 0x0000000085300000|100%| O|  |TAMS 0x0000000085200000| PB 0x0000000085200000| Untracked |  0
|   7|0x0000000085300000, 0x0000000085400000, 0x0000000085400000|100%| O|  |TAMS 0x0000000085300000| PB 0x0000000085300000| Untracked |  0
|   8|0x0000000085400000, 0x0000000085500000, 0x0000000085500000|100%| O|  |TAMS 0x0000000085400000| PB 0x0000000085400000| Untracked |  0
|   9|0x0000000085500000, 0x0000000085600000, 0x0000000085600000|100%| O|  |TAMS 0x0000000085500000| PB 0x0000000085500000| Untracked |  0
|  10|0x0000000085600000, 0x00000000856bb540, 0x0000000085700000| 73%| O|  |TAMS 0x0000000085600000| PB 0x0000000085600000| Untracked |  0
|  11|0x0000000085700000, 0x0000000085800000, 0x0000000085800000|100%| O|  |TAMS 0x0000000085700000| PB 0x0000000085700000| Untracked |  0
|  12|0x0000000085800000, 0x0000000085900000, 0x0000000085900000|100%| O|  |TAMS 0x0000000085800000| PB 0x0000000085800000| Untracked |  0
|  13|0x0000000085900000, 0x0000000085a00000, 0x0000000085a00000|100%| O|  |TAMS 0x0000000085900000| PB 0x0000000085900000| Untracked |  0
|  14|0x0000000085a00000, 0x0000000085b00000, 0x0000000085b00000|100%| O|  |TAMS 0x0000000085a00000| PB 0x0000000085a00000| Untracked |  0
|  15|0x0000000085b00000, 0x0000000085c00000, 0x0000000085c00000|100%| O|  |TAMS 0x0000000085b00000| PB 0x0000000085b00000| Untracked |  0
|  16|0x0000000085c00000, 0x0000000085d00000, 0x0000000085d00000|100%| O|  |TAMS 0x0000000085c00000| PB 0x0000000085c00000| Untracked |  0
|  17|0x0000000085d00000, 0x0000000085e00000, 0x0000000085e00000|100%| O|  |TAMS 0x0000000085d00000| PB 0x0000000085d00000| Untracked |  0
|  18|0x0000000085e00000, 0x0000000085f00000, 0x0000000085f00000|100%| O|  |TAMS 0x0000000085e00000| PB 0x0000000085e00000| Untracked |  0
|  19|0x0000000085f00000, 0x0000000086000000, 0x0000000086000000|100%| O|  |TAMS 0x0000000085f00000| PB 0x0000000085f00000| Untracked |  0
|  20|0x0000000086000000, 0x0000000086100000, 0x0000000086100000|100%| O|  |TAMS 0x0000000086000000| PB 0x0000000086000000| Untracked |  0
|  21|0x0000000086100000, 0x0000000086200000, 0x0000000086200000|100%| O|  |TAMS 0x0000000086100000| PB 0x0000000086100000| Untracked |  0
|  22|0x0000000086200000, 0x0000000086300000, 0x0000000086300000|100%| O|Cm|TAMS 0x0000000086200000| PB 0x0000000086200000| Complete |  0
|  23|0x0000000086300000, 0x0000000086400000, 0x0000000086400000|100%| O|  |TAMS 0x0000000086300000| PB 0x0000000086300000| Untracked |  0
|  24|0x0000000086400000, 0x0000000086500000, 0x0000000086500000|100%| O|  |TAMS 0x0000000086400000| PB 0x0000000086400000| Untracked |  0
|  25|0x0000000086500000, 0x0000000086500000, 0x0000000086600000|  0%| F|  |TAMS 0x0000000086500000| PB 0x0000000086500000| Untracked |  0
|  26|0x0000000086600000, 0x0000000086600000, 0x0000000086700000|  0%| F|  |TAMS 0x0000000086600000| PB 0x0000000086600000| Untracked |  0
|  27|0x0000000086700000, 0x0000000086700000, 0x0000000086800000|  0%| F|  |TAMS 0x0000000086700000| PB 0x0000000086700000| Untracked |  0
|  28|0x0000000086800000, 0x0000000086831ab0, 0x0000000086900000| 19%| S|CS|TAMS 0x0000000086800000| PB 0x0000000086800000| Complete |  0
|  29|0x0000000086900000, 0x0000000086a00000, 0x0000000086a00000|100%| S|CS|TAMS 0x0000000086900000| PB 0x0000000086900000| Complete |  0
|  30|0x0000000086a00000, 0x0000000086a00000, 0x0000000086b00000|  0%| F|  |TAMS 0x0000000086a00000| PB 0x0000000086a00000| Untracked |  0
|  31|0x0000000086b00000, 0x0000000086b00000, 0x0000000086c00000|  0%| F|  |TAMS 0x0000000086b00000| PB 0x0000000086b00000| Untracked |  0
|  32|0x0000000086c00000, 0x0000000086d00000, 0x0000000086d00000|100%| S|CS|TAMS 0x0000000086c00000| PB 0x0000000086c00000| Complete |  0
|  33|0x0000000086d00000, 0x0000000086d00000, 0x0000000086e00000|  0%| F|  |TAMS 0x0000000086d00000| PB 0x0000000086d00000| Untracked |  0
|  34|0x0000000086e00000, 0x0000000086e00000, 0x0000000086f00000|  0%| F|  |TAMS 0x0000000086e00000| PB 0x0000000086e00000| Untracked |  0
|  35|0x0000000086f00000, 0x0000000086f00000, 0x0000000087000000|  0%| F|  |TAMS 0x0000000086f00000| PB 0x0000000086f00000| Untracked |  0
|  36|0x0000000087000000, 0x0000000087000000, 0x0000000087100000|  0%| F|  |TAMS 0x0000000087000000| PB 0x0000000087000000| Untracked |  0
|  37|0x0000000087100000, 0x0000000087100000, 0x0000000087200000|  0%| F|  |TAMS 0x0000000087100000| PB 0x0000000087100000| Untracked |  0
|  38|0x0000000087200000, 0x0000000087200000, 0x0000000087300000|  0%| F|  |TAMS 0x0000000087200000| PB 0x0000000087200000| Untracked |  0
|  39|0x0000000087300000, 0x0000000087300000, 0x0000000087400000|  0%| F|  |TAMS 0x0000000087300000| PB 0x0000000087300000| Untracked |  0
|  40|0x0000000087400000, 0x0000000087400000, 0x0000000087500000|  0%| F|  |TAMS 0x0000000087400000| PB 0x0000000087400000| Untracked |  0
|  41|0x0000000087500000, 0x0000000087500000, 0x0000000087600000|  0%| F|  |TAMS 0x0000000087500000| PB 0x0000000087500000| Untracked |  0
|  42|0x0000000087600000, 0x0000000087600000, 0x0000000087700000|  0%| F|  |TAMS 0x0000000087600000| PB 0x0000000087600000| Untracked |  0
|  43|0x0000000087700000, 0x0000000087700000, 0x0000000087800000|  0%| F|  |TAMS 0x0000000087700000| PB 0x0000000087700000| Untracked |  0
|  44|0x0000000087800000, 0x0000000087800000, 0x0000000087900000|  0%| F|  |TAMS 0x0000000087800000| PB 0x0000000087800000| Untracked |  0
|  45|0x0000000087900000, 0x0000000087900000, 0x0000000087a00000|  0%| F|  |TAMS 0x0000000087900000| PB 0x0000000087900000| Untracked |  0
| 108|0x000000008b800000, 0x000000008b800000, 0x000000008b900000|  0%| F|  |TAMS 0x000000008b800000| PB 0x000000008b800000| Untracked |  0
| 109|0x000000008b900000, 0x000000008b900000, 0x000000008ba00000|  0%| F|  |TAMS 0x000000008b900000| PB 0x000000008b900000| Untracked |  0
| 110|0x000000008ba00000, 0x000000008ba59f38, 0x000000008bb00000| 35%| E|  |TAMS 0x000000008ba00000| PB 0x000000008ba00000| Complete |  0
| 111|0x000000008bb00000, 0x000000008bc00000, 0x000000008bc00000|100%| E|CS|TAMS 0x000000008bb00000| PB 0x000000008bb00000| Complete |  0

Card table byte_map: [0x000002dbcc7f0000,0x000002dbccbd0000] _byte_map_base: 0x000002dbcc3ca000

Marking Bits: (CMBitMap*) 0x000002dbb4d4f6b0
 Bits: [0x000002dbccbd0000, 0x000002dbceaa0000)

Polling page: 0x000002dbb2ba0000

Metaspace:

Usage:
  Non-class:     36.61 MB used.
      Class:      5.50 MB used.
       Both:     42.11 MB used.

Virtual space:
  Non-class space:       64.00 MB reserved,      36.94 MB ( 58%) committed,  1 nodes.
      Class space:        1.00 GB reserved,       5.75 MB ( <1%) committed,  1 nodes.
             Both:        1.06 GB reserved,      42.69 MB (  4%) committed. 

Chunk freelists:
   Non-Class:  10.65 MB
       Class:  10.17 MB
        Both:  20.82 MB

MaxMetaspaceSize: unlimited
CompressedClassSpaceSize: 1.00 GB
Initial GC threshold: 21.00 MB
Current GC threshold: 70.75 MB
CDS: on
 - commit_granule_bytes: 65536.
 - commit_granule_words: 8192.
 - virtual_space_node_default_size: 8388608.
 - enlarge_chunks_in_place: 1.
 - use_allocation_guard: 0.


Internal statistics:

num_allocs_failed_limit: 6.
num_arena_births: 710.
num_arena_deaths: 0.
num_vsnodes_births: 2.
num_vsnodes_deaths: 0.
num_space_committed: 683.
num_space_uncommitted: 0.
num_chunks_returned_to_freelist: 6.
num_chunks_taken_from_freelist: 2220.
num_chunk_merges: 6.
num_chunk_splits: 1555.
num_chunks_enlarged: 1151.
num_inconsistent_stats: 0.

CodeHeap 'non-profiled nmethods': size=120064Kb used=2407Kb max_used=2747Kb free=117656Kb
 bounds [0x000002dbc4ed0000, 0x000002dbc5180000, 0x000002dbcc410000]
CodeHeap 'profiled nmethods': size=120000Kb used=7811Kb max_used=9006Kb free=112188Kb
 bounds [0x000002dbbd410000, 0x000002dbbdce0000, 0x000002dbc4940000]
CodeHeap 'non-nmethods': size=5696Kb used=1720Kb max_used=1750Kb free=3975Kb
 bounds [0x000002dbc4940000, 0x000002dbc4bb0000, 0x000002dbc4ed0000]
CodeCache: size=245760Kb, used=11938Kb, max_used=13503Kb, free=233819Kb
 total_blobs=5371, nmethods=4768, adapters=508, full_count=0
Compilation: enabled, stopped_count=0, restarted_count=0

Compilation events (20 events):
Event: 8.503 Thread 0x000002dbd10b0dd0 nmethod 5565 0x000002dbc517a908 code [0x000002dbc517aa00, 0x000002dbc517aa78]
Event: 8.503 Thread 0x000002dbd10b0dd0 5566       4       java.lang.Integer::reverseBytes (28 bytes)
Event: 8.503 Thread 0x000002dbd10b0dd0 nmethod 5566 0x000002dbc517ac08 code [0x000002dbc517ad00, 0x000002dbc517ad98]
Event: 8.510 Thread 0x000002dbd10b0dd0 5572       4       jdk.internal.loader.URLClassPath$JarLoader$2::getInputStream (15 bytes)
Event: 8.559 Thread 0x000002dbd10b0dd0 nmethod 5572 0x000002dbc517af08 code [0x000002dbc517b1e0, 0x000002dbc517dab8]
Event: 8.559 Thread 0x000002dbd10b0dd0 5573       4       ch.qos.logback.classic.LoggerContext::getTurboFilterChainDecision_0_3OrMore (31 bytes)
Event: 8.561 Thread 0x000002dbd10b0dd0 nmethod 5573 0x000002dbc517dc88 code [0x000002dbc517dda0, 0x000002dbc517df28]
Event: 8.577 Thread 0x000002dbd10b0dd0 5574       4       java.util.Collections$SetFromMap::add (22 bytes)
Event: 8.578 Thread 0x000002dbd10b0dd0 nmethod 5574 0x000002dbc517df88 code [0x000002dbc517e0a0, 0x000002dbc517e1b0]
Event: 8.580 Thread 0x000002dbd10b27d0 5575       1       java.util.Collections$EmptyEnumeration::hasMoreElements (2 bytes)
Event: 8.580 Thread 0x000002dbd10b27d0 nmethod 5575 0x000002dbc517e288 code [0x000002dbc517e3a0, 0x000002dbc517e468]
Event: 8.582 Thread 0x000002dbd10b0dd0 5576       4       jdk.internal.loader.URLClassPath$JarLoader$2::getContentLength (9 bytes)
Event: 8.583 Thread 0x000002dbd10b0dd0 nmethod 5576 0x000002dbc517e588 code [0x000002dbc517e680, 0x000002dbc517e718]
Event: 8.583 Thread 0x000002dbd10b0dd0 5577   !   4       java.util.jar.JarFile$JarFileEntry::getCodeSigners (77 bytes)
Event: 8.585 Thread 0x000002dbd10b0dd0 nmethod 5577 0x000002dbc517e888 code [0x000002dbc517e9c0, 0x000002dbc517ebb0]
Event: 8.586 Thread 0x000002dbd10b0dd0 5578   !   4       jdk.internal.loader.BuiltinClassLoader::findClassOnClassPathOrNull (64 bytes)
Event: 8.648 Thread 0x000002dbd10b27d0 5579       3       jdk.internal.loader.URLClassPath$1::<init> (30 bytes)
Event: 8.649 Thread 0x000002dbd10b27d0 nmethod 5579 0x000002dbbd4a9808 code [0x000002dbbd4a9920, 0x000002dbbd4a9b80]
Event: 8.661 Thread 0x000002dbd10b27d0 5580       3       java.lang.ClassLoader::getResources (55 bytes)
Event: 8.662 Thread 0x000002dbd10b27d0 nmethod 5580 0x000002dbbd4d2808 code [0x000002dbbd4d29e0, 0x000002dbbd4d3610]

GC Heap History (20 events):
Event: 2.857 GC heap after
{Heap after GC invocations=4 (full 0):
 garbage-first heap   total reserved 2019328K, committed 126976K, used 13929K [0x0000000084c00000, 0x0000000100000000)
  region size 1024K, 6 young (6144K), 6 survivors (6144K)
 Metaspace       used 19385K, committed 19648K, reserved 1114112K
  class space    used 2430K, committed 2560K, reserved 1048576K
}
Event: 2.966 GC heap before
{Heap before GC invocations=4 (full 0):
 garbage-first heap   total reserved 2019328K, committed 126976K, used 25193K [0x0000000084c00000, 0x0000000100000000)
  region size 1024K, 18 young (18432K), 6 survivors (6144K)
 Metaspace       used 21245K, committed 21504K, reserved 1114112K
  class space    used 2662K, committed 2816K, reserved 1048576K
}
Event: 2.973 GC heap after
{Heap after GC invocations=5 (full 0):
 garbage-first heap   total reserved 2019328K, committed 126976K, used 14531K [0x0000000084c00000, 0x0000000100000000)
  region size 1024K, 4 young (4096K), 4 survivors (4096K)
 Metaspace       used 21245K, committed 21504K, reserved 1114112K
  class space    used 2662K, committed 2816K, reserved 1048576K
}
Event: 4.033 GC heap before
{Heap before GC invocations=6 (full 0):
 garbage-first heap   total reserved 2019328K, committed 51200K, used 40131K [0x0000000084c00000, 0x0000000100000000)
  region size 1024K, 30 young (30720K), 4 survivors (4096K)
 Metaspace       used 24057K, committed 24448K, reserved 1114112K
  class space    used 3000K, committed 3200K, reserved 1048576K
}
Event: 4.041 GC heap after
{Heap after GC invocations=7 (full 0):
 garbage-first heap   total reserved 2019328K, committed 51200K, used 18022K [0x0000000084c00000, 0x0000000100000000)
  region size 1024K, 4 young (4096K), 4 survivors (4096K)
 Metaspace       used 24057K, committed 24448K, reserved 1114112K
  class space    used 3000K, committed 3200K, reserved 1048576K
}
Event: 4.744 GC heap before
{Heap before GC invocations=7 (full 0):
 garbage-first heap   total reserved 2019328K, committed 51200K, used 39526K [0x0000000084c00000, 0x0000000100000000)
  region size 1024K, 25 young (25600K), 4 survivors (4096K)
 Metaspace       used 26303K, committed 26624K, reserved 1114112K
  class space    used 3302K, committed 3456K, reserved 1048576K
}
Event: 4.749 GC heap after
{Heap after GC invocations=8 (full 0):
 garbage-first heap   total reserved 2019328K, committed 51200K, used 19516K [0x0000000084c00000, 0x0000000100000000)
  region size 1024K, 2 young (2048K), 2 survivors (2048K)
 Metaspace       used 26303K, committed 26624K, reserved 1114112K
  class space    used 3302K, committed 3456K, reserved 1048576K
}
Event: 5.422 GC heap before
{Heap before GC invocations=8 (full 0):
 garbage-first heap   total reserved 2019328K, committed 51200K, used 39996K [0x0000000084c00000, 0x0000000100000000)
  region size 1024K, 22 young (22528K), 2 survivors (2048K)
 Metaspace       used 29044K, committed 29440K, reserved 1114112K
  class space    used 3689K, committed 3840K, reserved 1048576K
}
Event: 5.427 GC heap after
{Heap after GC invocations=9 (full 0):
 garbage-first heap   total reserved 2019328K, committed 51200K, used 21029K [0x0000000084c00000, 0x0000000100000000)
  region size 1024K, 3 young (3072K), 3 survivors (3072K)
 Metaspace       used 29044K, committed 29440K, reserved 1114112K
  class space    used 3689K, committed 3840K, reserved 1048576K
}
Event: 6.236 GC heap before
{Heap before GC invocations=9 (full 0):
 garbage-first heap   total reserved 2019328K, committed 51200K, used 40485K [0x0000000084c00000, 0x0000000100000000)
  region size 1024K, 23 young (23552K), 3 survivors (3072K)
 Metaspace       used 32570K, committed 33024K, reserved 1114112K
  class space    used 4138K, committed 4352K, reserved 1048576K
}
Event: 6.240 GC heap after
{Heap after GC invocations=10 (full 0):
 garbage-first heap   total reserved 2019328K, committed 51200K, used 22394K [0x0000000084c00000, 0x0000000100000000)
  region size 1024K, 3 young (3072K), 3 survivors (3072K)
 Metaspace       used 32570K, committed 33024K, reserved 1114112K
  class space    used 4138K, committed 4352K, reserved 1048576K
}
Event: 6.859 GC heap before
{Heap before GC invocations=10 (full 0):
 garbage-first heap   total reserved 2019328K, committed 51200K, used 42874K [0x0000000084c00000, 0x0000000100000000)
  region size 1024K, 23 young (23552K), 3 survivors (3072K)
 Metaspace       used 35098K, committed 35584K, reserved 1114112K
  class space    used 4511K, committed 4736K, reserved 1048576K
}
Event: 6.864 GC heap after
{Heap after GC invocations=11 (full 0):
 garbage-first heap   total reserved 2019328K, committed 51200K, used 24323K [0x0000000084c00000, 0x0000000100000000)
  region size 1024K, 2 young (2048K), 2 survivors (2048K)
 Metaspace       used 35098K, committed 35584K, reserved 1114112K
  class space    used 4511K, committed 4736K, reserved 1048576K
}
Event: 6.949 GC heap before
{Heap before GC invocations=11 (full 0):
 garbage-first heap   total reserved 2019328K, committed 51200K, used 25347K [0x0000000084c00000, 0x0000000100000000)
  region size 1024K, 4 young (4096K), 2 survivors (2048K)
 Metaspace       used 35498K, committed 35968K, reserved 1114112K
  class space    used 4558K, committed 4800K, reserved 1048576K
}
Event: 6.953 GC heap after
{Heap after GC invocations=12 (full 0):
 garbage-first heap   total reserved 2019328K, committed 51200K, used 24515K [0x0000000084c00000, 0x0000000100000000)
  region size 1024K, 1 young (1024K), 1 survivors (1024K)
 Metaspace       used 35498K, committed 35968K, reserved 1114112K
  class space    used 4558K, committed 4800K, reserved 1048576K
}
Event: 7.552 GC heap before
{Heap before GC invocations=13 (full 0):
 garbage-first heap   total reserved 2019328K, committed 51200K, used 43971K [0x0000000084c00000, 0x0000000100000000)
  region size 1024K, 20 young (20480K), 1 survivors (1024K)
 Metaspace       used 37610K, committed 38080K, reserved 1114112K
  class space    used 4799K, committed 4992K, reserved 1048576K
}
Event: 7.556 GC heap after
{Heap after GC invocations=14 (full 0):
 garbage-first heap   total reserved 2019328K, committed 51200K, used 25518K [0x0000000084c00000, 0x0000000100000000)
  region size 1024K, 2 young (2048K), 2 survivors (2048K)
 Metaspace       used 37610K, committed 38080K, reserved 1114112K
  class space    used 4799K, committed 4992K, reserved 1048576K
}
Event: 8.069 GC heap before
{Heap before GC invocations=14 (full 0):
 garbage-first heap   total reserved 2019328K, committed 51200K, used 43950K [0x0000000084c00000, 0x0000000100000000)
  region size 1024K, 20 young (20480K), 2 survivors (2048K)
 Metaspace       used 38803K, committed 39360K, reserved 1114112K
  class space    used 5007K, committed 5248K, reserved 1048576K
}
Event: 8.073 GC heap after
{Heap after GC invocations=15 (full 0):
 garbage-first heap   total reserved 2019328K, committed 51200K, used 26577K [0x0000000084c00000, 0x0000000100000000)
  region size 1024K, 3 young (3072K), 3 survivors (3072K)
 Metaspace       used 38803K, committed 39360K, reserved 1114112K
  class space    used 5007K, committed 5248K, reserved 1048576K
}
Event: 8.732 GC heap before
{Heap before GC invocations=15 (full 0):
 garbage-first heap   total reserved 2019328K, committed 51200K, used 42961K [0x0000000084c00000, 0x0000000100000000)
  region size 1024K, 20 young (20480K), 3 survivors (3072K)
 Metaspace       used 42813K, committed 43328K, reserved 1114112K
  class space    used 5587K, committed 5824K, reserved 1048576K
}

Dll operation events (12 events):
Event: 0.027 Loaded shared library C:\Program Files\Java\jdk-23\bin\java.dll
Event: 0.028 Loaded shared library C:\Program Files\Java\jdk-23\bin\zip.dll
Event: 0.098 Loaded shared library C:\Program Files\Java\jdk-23\bin\jsvml.dll
Event: 0.316 Loaded shared library C:\Program Files\Java\jdk-23\bin\instrument.dll
Event: 0.410 Loaded shared library C:\Program Files\Java\jdk-23\bin\net.dll
Event: 0.413 Loaded shared library C:\Program Files\Java\jdk-23\bin\nio.dll
Event: 0.458 Loaded shared library C:\Program Files\Java\jdk-23\bin\zip.dll
Event: 0.730 Loaded shared library C:\Program Files\Java\jdk-23\bin\verify.dll
Event: 0.745 Loaded shared library C:\Program Files\Java\jdk-23\bin\jimage.dll
Event: 1.431 Loaded shared library C:\Program Files\Java\jdk-23\bin\management.dll
Event: 1.434 Loaded shared library C:\Program Files\Java\jdk-23\bin\management_ext.dll
Event: 3.508 Loaded shared library C:\Program Files\Java\jdk-23\bin\sunmscapi.dll

Deoptimization events (20 events):
Event: 8.680 Thread 0x000002dc1726a120 DEOPT PACKING pc=0x000002dbc5021130 sp=0x000000ed266fd030
Event: 8.680 Thread 0x000002dc1726a120 DEOPT UNPACKING pc=0x000002dbc49984c2 sp=0x000000ed266fc440 mode 1
Event: 8.680 Thread 0x000002dc1726a120 DEOPT PACKING pc=0x000002dbbd5273c9 sp=0x000000ed266fc600
Event: 8.680 Thread 0x000002dc1726a120 DEOPT UNPACKING pc=0x000002dbc49984c2 sp=0x000000ed266fba58 mode 1
Event: 8.680 Thread 0x000002dc1726a120 DEOPT PACKING pc=0x000002dbc5099844 sp=0x000000ed266fc690
Event: 8.680 Thread 0x000002dc1726a120 DEOPT UNPACKING pc=0x000002dbc49984c2 sp=0x000000ed266fbb18 mode 1
Event: 8.680 Thread 0x000002dc1726a120 DEOPT PACKING pc=0x000002dbc5021130 sp=0x000000ed266fd030
Event: 8.680 Thread 0x000002dc1726a120 DEOPT UNPACKING pc=0x000002dbc49984c2 sp=0x000000ed266fc440 mode 1
Event: 8.710 Thread 0x000002dc1726a120 DEOPT PACKING pc=0x000002dbbd5273c9 sp=0x000000ed266fc560
Event: 8.710 Thread 0x000002dc1726a120 DEOPT UNPACKING pc=0x000002dbc49984c2 sp=0x000000ed266fb9b8 mode 1
Event: 8.710 Thread 0x000002dc1726a120 DEOPT PACKING pc=0x000002dbc5099844 sp=0x000000ed266fc5f0
Event: 8.710 Thread 0x000002dc1726a120 DEOPT UNPACKING pc=0x000002dbc49984c2 sp=0x000000ed266fba78 mode 1
Event: 8.710 Thread 0x000002dc1726a120 DEOPT PACKING pc=0x000002dbc5021130 sp=0x000000ed266fcf90
Event: 8.710 Thread 0x000002dc1726a120 DEOPT UNPACKING pc=0x000002dbc49984c2 sp=0x000000ed266fc3a0 mode 1
Event: 8.710 Thread 0x000002dc1726a120 DEOPT PACKING pc=0x000002dbbd5273c9 sp=0x000000ed266fc560
Event: 8.710 Thread 0x000002dc1726a120 DEOPT UNPACKING pc=0x000002dbc49984c2 sp=0x000000ed266fb9b8 mode 1
Event: 8.710 Thread 0x000002dc1726a120 DEOPT PACKING pc=0x000002dbc5099844 sp=0x000000ed266fc5f0
Event: 8.710 Thread 0x000002dc1726a120 DEOPT UNPACKING pc=0x000002dbc49984c2 sp=0x000000ed266fba78 mode 1
Event: 8.710 Thread 0x000002dc1726a120 DEOPT PACKING pc=0x000002dbc5021130 sp=0x000000ed266fcf90
Event: 8.710 Thread 0x000002dc1726a120 DEOPT UNPACKING pc=0x000002dbc49984c2 sp=0x000000ed266fc3a0 mode 1

Classes loaded (20 events):
Event: 8.722 Loading class net/bytebuddy/matcher/MethodSortMatcher$Sort$4
Event: 8.722 Loading class net/bytebuddy/matcher/MethodSortMatcher$Sort$4 done
Event: 8.723 Loading class net/bytebuddy/matcher/MethodSortMatcher$Sort$5
Event: 8.723 Loading class net/bytebuddy/matcher/MethodSortMatcher$Sort$5 done
Event: 8.723 Loading class net/bytebuddy/matcher/MethodSortMatcher
Event: 8.723 Loading class net/bytebuddy/matcher/MethodSortMatcher done
Event: 8.724 Loading class net/bytebuddy/matcher/MethodParametersMatcher
Event: 8.724 Loading class net/bytebuddy/matcher/MethodParametersMatcher done
Event: 8.724 Loading class net/bytebuddy/matcher/CollectionSizeMatcher
Event: 8.724 Loading class net/bytebuddy/matcher/CollectionSizeMatcher done
Event: 8.725 Loading class net/bytebuddy/description/type/TypeDescription$ForLoadedType
Event: 8.725 Loading class net/bytebuddy/description/type/TypeDescription$ForLoadedType done
Event: 8.727 Loading class net/bytebuddy/description/type/TypeDescription$AbstractBase
Event: 8.727 Loading class net/bytebuddy/description/type/TypeDescription$AbstractBase done
Event: 8.729 Loading class net/bytebuddy/description/TypeVariableSource$AbstractBase
Event: 8.729 Loading class net/bytebuddy/description/TypeVariableSource$AbstractBase done
Event: 8.730 Loading class net/bytebuddy/description/ModifierReviewable$AbstractBase
Event: 8.730 Loading class net/bytebuddy/description/ModifierReviewable$AbstractBase done
Event: 8.730 Loading class net/bytebuddy/description/ModifierReviewable$ForParameterDescription
Event: 8.730 Loading class net/bytebuddy/description/ModifierReviewable$ForParameterDescription done

Classes unloaded (0 events):
No events

Classes redefined (0 events):
No events

Internal exceptions (20 events):
Event: 6.646 Thread 0x000002dc1726a120 Exception <a 'java/lang/IncompatibleClassChangeError'{0x000000008713f7b8}: Found class java.lang.Object, but interface was expected> (0x000000008713f7b8) 
thrown [s\open\src\hotspot\share\interpreter\linkResolver.cpp, line 863]
Event: 6.647 Thread 0x000002dc1726a120 Exception <a 'java/lang/NoSuchMethodError'{0x000000008714d9c0}: 'int java.lang.invoke.DirectMethodHandle$Holder.invokeSpecialIFC(java.lang.Object, java.lang.Object, java.lang.Object)'> (0x000000008714d9c0) 
thrown [s\open\src\hotspot\share\interpreter\linkResolver.cpp, line 796]
Event: 6.661 Thread 0x000002dc1726a120 Exception <a 'java/lang/NoSuchMethodError'{0x0000000087195988}: 'void java.lang.invoke.DirectMethodHandle$Holder.invokeStatic(java.lang.Object, java.lang.Object, java.lang.Object, int, java.lang.Object)'> (0x0000000087195988) 
thrown [s\open\src\hotspot\share\interpreter\linkResolver.cpp, line 796]
Event: 6.662 Thread 0x000002dc1726a120 Exception <a 'java/lang/NoSuchMethodError'{0x000000008719c268}: 'java.lang.Object java.lang.invoke.DirectMethodHandle$Holder.newInvokeSpecial(java.lang.Object, java.lang.Object, java.lang.Object, int)'> (0x000000008719c268) 
thrown [s\open\src\hotspot\share\interpreter\linkResolver.cpp, line 796]
Event: 6.662 Thread 0x000002dc1726a120 Exception <a 'java/lang/NoSuchMethodError'{0x00000000871a0120}: 'java.lang.Object java.lang.invoke.DirectMethodHandle$Holder.invokeSpecial(java.lang.Object, java.lang.Object, java.lang.Object, java.lang.Object, int)'> (0x00000000871a0120) 
thrown [s\open\src\hotspot\share\interpreter\linkResolver.cpp, line 796]
Event: 6.662 Thread 0x000002dc1726a120 Exception <a 'java/lang/NoSuchMethodError'{0x00000000871a35c0}: 'java.lang.Object java.lang.invoke.Invokers$Holder.linkToTargetMethod(java.lang.Object, java.lang.Object, int, java.lang.Object)'> (0x00000000871a35c0) 
thrown [s\open\src\hotspot\share\interpreter\linkResolver.cpp, line 796]
Event: 6.874 Thread 0x000002dc1726a120 Exception <a 'java/lang/NoSuchMethodError'{0x000000008bb2cc40}: 'java.lang.Object java.lang.invoke.DirectMethodHandle$Holder.invokeStaticInit(java.lang.Object, int, int, int, int)'> (0x000000008bb2cc40) 
thrown [s\open\src\hotspot\share\interpreter\linkResolver.cpp, line 796]
Event: 6.925 Thread 0x000002dc1726a120 Exception <a 'java/lang/NoSuchMethodError'{0x000000008ba38220}: 'java.lang.Object java.lang.invoke.DirectMethodHandle$Holder.invokeStaticInit(java.lang.Object, java.lang.Object, int, int, int, int)'> (0x000000008ba38220) 
thrown [s\open\src\hotspot\share\interpreter\linkResolver.cpp, line 796]
Event: 7.188 Thread 0x000002dc1726a120 Exception <a 'java/lang/NoSuchMethodError'{0x000000008730aca0}: 'int java.lang.invoke.DirectMethodHandle$Holder.invokeVirtual(java.lang.Object, java.lang.Object, java.lang.Object, java.lang.Object)'> (0x000000008730aca0) 
thrown [s\open\src\hotspot\share\interpreter\linkResolver.cpp, line 796]
Event: 7.189 Thread 0x000002dc1726a120 Exception <a 'java/lang/NoSuchMethodError'{0x000000008730e538}: 'int java.lang.invoke.DelegatingMethodHandle$Holder.reinvoke_L(java.lang.Object, java.lang.Object, java.lang.Object, java.lang.Object)'> (0x000000008730e538) 
thrown [s\open\src\hotspot\share\interpreter\linkResolver.cpp, line 796]
Event: 7.291 Thread 0x000002dc1726a120 Exception <a 'java/io/FileNotFoundException'{0x00000000871c1418}> (0x00000000871c1418) 
thrown [s\open\src\hotspot\share\prims\jni.cpp, line 520]
Event: 7.356 Thread 0x000002dc1726a120 Exception <a 'java/lang/NoSuchMethodError'{0x0000000086fc5bf8}: 'int java.lang.invoke.DirectMethodHandle$Holder.invokeInterface(java.lang.Object, java.lang.Object, java.lang.Object, java.lang.Object)'> (0x0000000086fc5bf8) 
thrown [s\open\src\hotspot\share\interpreter\linkResolver.cpp, line 796]
Event: 7.523 Thread 0x000002dc1726a120 Exception <a 'java/lang/NoSuchMethodError'{0x0000000086b22cb0}: 'java.lang.Object java.lang.invoke.DirectMethodHandle$Holder.invokeStaticInit(java.lang.Object, java.lang.Object, java.lang.Object, java.lang.Object)'> (0x0000000086b22cb0) 
thrown [s\open\src\hotspot\share\interpreter\linkResolver.cpp, line 796]
Event: 7.525 Thread 0x000002dc1726a120 Exception <a 'java/lang/IncompatibleClassChangeError'{0x0000000086b348f8}: Found class java.lang.Object, but interface was expected> (0x0000000086b348f8) 
thrown [s\open\src\hotspot\share\interpreter\linkResolver.cpp, line 863]
Event: 7.526 Thread 0x000002dc1726a120 Exception <a 'java/lang/IncompatibleClassChangeError'{0x0000000086b41d48}: Found class java.lang.Object, but interface was expected> (0x0000000086b41d48) 
thrown [s\open\src\hotspot\share\interpreter\linkResolver.cpp, line 863]
Event: 7.531 Thread 0x000002dc1726a120 Exception <a 'java/lang/IncompatibleClassChangeError'{0x0000000086b6e178}: Found class java.lang.Object, but interface was expected> (0x0000000086b6e178) 
thrown [s\open\src\hotspot\share\interpreter\linkResolver.cpp, line 863]
Event: 7.809 Thread 0x000002dc1726a120 Exception <a 'java/lang/NoSuchMethodError'{0x0000000087507c48}: 'long java.lang.invoke.DirectMethodHandle$Holder.invokeVirtual(java.lang.Object, java.lang.Object)'> (0x0000000087507c48) 
thrown [s\open\src\hotspot\share\interpreter\linkResolver.cpp, line 796]
Event: 7.817 Thread 0x000002dc1726a120 Exception <a 'java/io/FileNotFoundException'{0x0000000087537f08}> (0x0000000087537f08) 
thrown [s\open\src\hotspot\share\prims\jni.cpp, line 520]
Event: 7.962 Thread 0x000002dc1726a120 Exception <a 'java/lang/NoSuchMethodError'{0x0000000086e66390}: 'java.lang.Object java.lang.invoke.DirectMethodHandle$Holder.newInvokeSpecial(java.lang.Object, java.lang.Object, java.lang.Object, java.lang.Object, java.lang.Object, java.lang.Object, java.lang.Object, java.lang.Object, java.lang.Object, java.lang.Object, java.lang.Object)'> (0x0000000086e66390) 
thrown [s\open\src\hotspot\share\interpreter\linkResolver.cpp, line 796]
Event: 8.144 Thread 0x000002dc1726a120 Exception <a 'java/lang/NoSuchMethodError'{0x000000008bae7a08}: 'void java.lang.invoke.DelegatingMethodHandle$Holder.reinvoke_L(java.lang.Object, java.lang.Object, java.lang.Object, java.lang.Object, int, java.lang.Object, java.lang.Object, java.lang.Object)'> (0x000000008bae7a08) 
thrown [s\open\src\hotspot\share\interpreter\linkResolver.cpp, line 796]

VM Operations (20 events):
Event: 7.254 Executing VM operation: HandshakeAllThreads (Deoptimize) done
Event: 7.552 Executing VM operation: G1CollectForAllocation (G1 Evacuation Pause)
Event: 7.556 Executing VM operation: G1CollectForAllocation (G1 Evacuation Pause) done
Event: 7.660 Executing VM operation: HandshakeAllThreads (Deoptimize)
Event: 7.660 Executing VM operation: HandshakeAllThreads (Deoptimize) done
Event: 7.662 Executing VM operation: HandshakeAllThreads (Deoptimize)
Event: 7.662 Executing VM operation: HandshakeAllThreads (Deoptimize) done
Event: 7.756 Executing VM operation: HandshakeAllThreads (Deoptimize)
Event: 7.756 Executing VM operation: HandshakeAllThreads (Deoptimize) done
Event: 7.756 Executing VM operation: HandshakeAllThreads (Deoptimize)
Event: 7.757 Executing VM operation: HandshakeAllThreads (Deoptimize) done
Event: 7.822 Executing VM operation: HandshakeAllThreads (Deoptimize)
Event: 7.822 Executing VM operation: HandshakeAllThreads (Deoptimize) done
Event: 7.978 Executing VM operation: HandshakeAllThreads (Deoptimize)
Event: 7.978 Executing VM operation: HandshakeAllThreads (Deoptimize) done
Event: 8.069 Executing VM operation: G1CollectForAllocation (G1 Evacuation Pause)
Event: 8.073 Executing VM operation: G1CollectForAllocation (G1 Evacuation Pause) done
Event: 8.248 Executing VM operation: HandshakeAllThreads (Deoptimize)
Event: 8.248 Executing VM operation: HandshakeAllThreads (Deoptimize) done
Event: 8.732 Executing VM operation: G1CollectForAllocation (G1 Evacuation Pause)

Memory protections (0 events):
No events

Nmethod flushes (20 events):
Event: 6.989 Thread 0x000002dbd106d550 flushing  nmethod 0x000002dbbd515108
Event: 6.989 Thread 0x000002dbd106d550 flushing  nmethod 0x000002dbbd515d08
Event: 6.989 Thread 0x000002dbd106d550 flushing osr nmethod 0x000002dbbd538a88
Event: 6.989 Thread 0x000002dbd106d550 flushing  nmethod 0x000002dbbd562888
Event: 6.989 Thread 0x000002dbd106d550 flushing  nmethod 0x000002dbbd573a08
Event: 6.989 Thread 0x000002dbd106d550 flushing  nmethod 0x000002dbbd573d08
Event: 6.989 Thread 0x000002dbd106d550 flushing  nmethod 0x000002dbbd575308
Event: 6.989 Thread 0x000002dbd106d550 flushing  nmethod 0x000002dbbd575608
Event: 6.989 Thread 0x000002dbd106d550 flushing  nmethod 0x000002dbbd576a88
Event: 6.989 Thread 0x000002dbd106d550 flushing  nmethod 0x000002dbbd577208
Event: 6.989 Thread 0x000002dbd106d550 flushing  nmethod 0x000002dbbd591008
Event: 6.989 Thread 0x000002dbd106d550 flushing  nmethod 0x000002dbbd592a88
Event: 6.989 Thread 0x000002dbd106d550 flushing  nmethod 0x000002dbbd5ffd88
Event: 6.989 Thread 0x000002dbd106d550 flushing  nmethod 0x000002dbbd608508
Event: 6.989 Thread 0x000002dbd106d550 flushing  nmethod 0x000002dbbd66e308
Event: 6.989 Thread 0x000002dbd106d550 flushing  nmethod 0x000002dbbd7a7a88
Event: 6.989 Thread 0x000002dbd106d550 flushing  nmethod 0x000002dbbd7a8088
Event: 6.989 Thread 0x000002dbd106d550 flushing  nmethod 0x000002dbbd7c7f88
Event: 6.989 Thread 0x000002dbd106d550 flushing  nmethod 0x000002dbbd7c8788
Event: 6.989 Thread 0x000002dbd106d550 flushing  nmethod 0x000002dbbd815288

Events (20 events):
Event: 0.095 Thread 0x000002dbb2987c60 Thread added: 0x000002dbd108bd40
Event: 0.095 Thread 0x000002dbb2987c60 Thread added: 0x000002dbd10afda0
Event: 0.096 Thread 0x000002dbb2987c60 Thread added: 0x000002dbd10b0dd0
Event: 0.096 Thread 0x000002dbb2987c60 Thread added: 0x000002dbd10b27d0
Event: 0.217 Thread 0x000002dbb2987c60 Thread added: 0x000002dbd12e8160
Event: 0.258 Thread 0x000002dbb2987c60 Thread added: 0x000002dbd13ecf10
Event: 0.258 Thread 0x000002dbb2987c60 Thread added: 0x000002dbd13701c0
Event: 0.259 Thread 0x000002dbd13ecf10 Thread added: 0x000002dbd141cbd0
Event: 0.350 Thread 0x000002dbb2987c60 Thread added: 0x000002dbd141bd30
Event: 1.416 Thread 0x000002dbd10b27d0 Thread added: 0x000002dbd1bcbd80
Event: 1.572 Thread 0x000002dbb2987c60 Thread added: 0x000002dc17265510
Event: 1.578 Thread 0x000002dc17265510 Thread added: 0x000002dc1726a120
Event: 2.112 Thread 0x000002dc1726a120 Thread added: 0x000002dc1769e060
Event: 2.840 Thread 0x000002dc1726a120 Thread added: 0x000002dc17f93b90
Event: 3.017 Thread 0x000002dc17f93b90 Thread exited: 0x000002dc17f93b90
Event: 3.526 Thread 0x000002dc1769e060 Thread exited: 0x000002dc1769e060
Event: 7.832 Thread 0x000002dc1726a120 Thread added: 0x000002dc18966e80
Event: 7.834 Thread 0x000002dc1726a120 Thread added: 0x000002dc18966160
Event: 7.840 Thread 0x000002dc1726a120 Thread added: 0x000002dc18965440
Event: 7.888 Thread 0x000002dc1726a120 Thread added: 0x000002dc18967510


Dynamic libraries:
0x00007ff7d56a0000 - 0x00007ff7d56b0000 	C:\Program Files\Java\jdk-23\bin\java.exe
0x00007ffc21530000 - 0x00007ffc21747000 	C:\WINDOWS\SYSTEM32\ntdll.dll
0x00007ffc1ff90000 - 0x00007ffc20054000 	C:\WINDOWS\System32\KERNEL32.DLL
0x00007ffc1e770000 - 0x00007ffc1eb43000 	C:\WINDOWS\System32\KERNELBASE.dll
0x00007ffc1eb50000 - 0x00007ffc1ec61000 	C:\WINDOWS\System32\ucrtbase.dll
0x00007ffbf7660000 - 0x00007ffbf767b000 	C:\Program Files\Java\jdk-23\bin\VCRUNTIME140.dll
0x00007ffc08e10000 - 0x00007ffc08e27000 	C:\Program Files\Java\jdk-23\bin\jli.dll
0x00007ffc20c10000 - 0x00007ffc20dc1000 	C:\WINDOWS\System32\USER32.dll
0x00007ffc1f050000 - 0x00007ffc1f076000 	C:\WINDOWS\System32\win32u.dll
0x00007ffc202d0000 - 0x00007ffc202f9000 	C:\WINDOWS\System32\GDI32.dll
0x00007ffc1eea0000 - 0x00007ffc1efc2000 	C:\WINDOWS\System32\gdi32full.dll
0x00007ffc1e6a0000 - 0x00007ffc1e73a000 	C:\WINDOWS\System32\msvcp_win.dll
0x00007ffc05aa0000 - 0x00007ffc05d3b000 	C:\WINDOWS\WinSxS\amd64_microsoft.windows.common-controls_6595b64144ccf1df_6.0.22621.5262_none_2712bde373830908\COMCTL32.dll
0x00007ffc1f320000 - 0x00007ffc1f3c7000 	C:\WINDOWS\System32\msvcrt.dll
0x00007ffc1f2e0000 - 0x00007ffc1f311000 	C:\WINDOWS\System32\IMM32.DLL
0x00007ffc08bc0000 - 0x00007ffc08bcc000 	C:\Program Files\Java\jdk-23\bin\vcruntime140_1.dll
0x00007ffbe2b50000 - 0x00007ffbe2bde000 	C:\Program Files\Java\jdk-23\bin\msvcp140.dll
0x00007ffba0720000 - 0x00007ffba146f000 	C:\Program Files\Java\jdk-23\bin\server\jvm.dll
0x00007ffc20060000 - 0x00007ffc20111000 	C:\WINDOWS\System32\ADVAPI32.dll
0x00007ffc20220000 - 0x00007ffc202c7000 	C:\WINDOWS\System32\sechost.dll
0x00007ffc1e740000 - 0x00007ffc1e768000 	C:\WINDOWS\System32\bcrypt.dll
0x00007ffc1f1c0000 - 0x00007ffc1f2d4000 	C:\WINDOWS\System32\RPCRT4.dll
0x00007ffc1ff10000 - 0x00007ffc1ff81000 	C:\WINDOWS\System32\WS2_32.dll
0x00007ffc1df30000 - 0x00007ffc1df7d000 	C:\WINDOWS\SYSTEM32\POWRPROF.dll
0x00007ffc15a50000 - 0x00007ffc15a84000 	C:\WINDOWS\SYSTEM32\WINMM.dll
0x00007ffc0cbe0000 - 0x00007ffc0cbea000 	C:\WINDOWS\SYSTEM32\VERSION.dll
0x00007ffc1df10000 - 0x00007ffc1df23000 	C:\WINDOWS\SYSTEM32\UMPDC.dll
0x00007ffc1d620000 - 0x00007ffc1d638000 	C:\WINDOWS\SYSTEM32\kernel.appcore.dll
0x00007ffc074c0000 - 0x00007ffc074ca000 	C:\Program Files\Java\jdk-23\bin\jimage.dll
0x00007ffc1c010000 - 0x00007ffc1c242000 	C:\WINDOWS\SYSTEM32\DBGHELP.DLL
0x00007ffc21150000 - 0x00007ffc214e3000 	C:\WINDOWS\System32\combase.dll
0x00007ffc20140000 - 0x00007ffc20217000 	C:\WINDOWS\System32\OLEAUT32.dll
0x00007ffc0adf0000 - 0x00007ffc0ae22000 	C:\WINDOWS\SYSTEM32\dbgcore.DLL
0x00007ffc1e620000 - 0x00007ffc1e69b000 	C:\WINDOWS\System32\bcryptPrimitives.dll
0x00007ffbf3fc0000 - 0x00007ffbf3ffc000 	C:\Program Files\Java\jdk-23\bin\jdwp.dll
0x00007ffbfdbb0000 - 0x00007ffbfdbbf000 	C:\Program Files\Java\jdk-23\bin\instrument.dll
0x00007ffbf6e00000 - 0x00007ffbf6e1e000 	C:\Program Files\Java\jdk-23\bin\java.dll
0x00007ffc20dd0000 - 0x00007ffc20f71000 	C:\WINDOWS\System32\ole32.dll
0x00007ffc20370000 - 0x00007ffc20c0d000 	C:\WINDOWS\System32\SHELL32.dll
0x00007ffc1f080000 - 0x00007ffc1f1bf000 	C:\WINDOWS\System32\wintypes.dll
0x00007ffbf0df0000 - 0x00007ffbf0e07000 	C:\Program Files\Java\jdk-23\bin\zip.dll
0x00007ffc1c510000 - 0x00007ffc1ce2d000 	C:\WINDOWS\SYSTEM32\windows.storage.dll
0x00007ffc1f560000 - 0x00007ffc1f66b000 	C:\WINDOWS\System32\SHCORE.dll
0x00007ffc1f3d0000 - 0x00007ffc1f436000 	C:\WINDOWS\System32\shlwapi.dll
0x00007ffc1e550000 - 0x00007ffc1e57b000 	C:\WINDOWS\SYSTEM32\profapi.dll
0x00007ffbcd4f0000 - 0x00007ffbcd5c7000 	C:\Program Files\Java\jdk-23\bin\jsvml.dll
0x00007ffbfd380000 - 0x00007ffbfd38c000 	C:\Program Files\Java\jdk-23\bin\dt_socket.dll
0x00007ffc1d080000 - 0x00007ffc1d0ad000 	C:\WINDOWS\SYSTEM32\IPHLPAPI.DLL
0x00007ffc1da90000 - 0x00007ffc1dafa000 	C:\WINDOWS\system32\mswsock.dll
0x00007ffbfb200000 - 0x00007ffbfb210000 	C:\Program Files\Java\jdk-23\bin\net.dll
0x00007ffbf0dd0000 - 0x00007ffbf0de6000 	C:\Program Files\Java\jdk-23\bin\nio.dll
0x00007ffbf7440000 - 0x00007ffbf7450000 	C:\Program Files\Java\jdk-23\bin\verify.dll
0x00007ffbf7340000 - 0x00007ffbf734a000 	C:\Program Files\Java\jdk-23\bin\management.dll
0x00007ffbf6f10000 - 0x00007ffbf6f1b000 	C:\Program Files\Java\jdk-23\bin\management_ext.dll
0x00007ffc1f990000 - 0x00007ffc1f998000 	C:\WINDOWS\System32\PSAPI.DLL
0x00007ffbf6df0000 - 0x00007ffbf6dfe000 	C:\Program Files\Java\jdk-23\bin\sunmscapi.dll
0x00007ffc1ec70000 - 0x00007ffc1edd7000 	C:\WINDOWS\System32\CRYPT32.dll
0x00007ffc1dfc0000 - 0x00007ffc1dfed000 	C:\WINDOWS\SYSTEM32\ncrypt.dll
0x00007ffc1df80000 - 0x00007ffc1dfb7000 	C:\WINDOWS\SYSTEM32\NTASN1.dll
0x00007ffc1dde0000 - 0x00007ffc1ddfb000 	C:\WINDOWS\SYSTEM32\CRYPTSP.dll
0x00007ffc1d580000 - 0x00007ffc1d5b7000 	C:\WINDOWS\system32\rsaenh.dll
0x00007ffc1db30000 - 0x00007ffc1db58000 	C:\WINDOWS\SYSTEM32\USERENV.dll
0x00007ffc1ddc0000 - 0x00007ffc1ddcc000 	C:\WINDOWS\SYSTEM32\CRYPTBASE.dll
0x00007ffc1f670000 - 0x00007ffc1f679000 	C:\WINDOWS\System32\NSI.dll

dbghelp: loaded successfully - version: 4.0.5 - missing functions: none
symbol engine: initialized successfully - sym options: 0x614 - pdb path: .;C:\Program Files\Java\jdk-23\bin;C:\WINDOWS\SYSTEM32;C:\WINDOWS\WinSxS\amd64_microsoft.windows.common-controls_6595b64144ccf1df_6.0.22621.5262_none_2712bde373830908;C:\Program Files\Java\jdk-23\bin\server

VM Arguments:
jvm_args: -agentlib:jdwp=transport=dt_socket,address=127.0.0.1:7414,suspend=y,server=n -javaagent:C:\Users\Leo\AppData\Local\JetBrains\IdeaIC2024.2\captureAgent\debugger-agent.jar -Dkotlinx.coroutines.debug.enable.creation.stack.trace=false -Ddebugger.agent.enable.coroutines=true -Dfile.encoding=UTF-8 -Dsun.stdout.encoding=UTF-8 -Dsun.stderr.encoding=UTF-8 
java_command: com.example.rifa.RifaApplication
java_class_path (initial): D:\SuperSorteo\rifa\target\classes;C:\Users\Leo\.m2\repository\org\springframework\boot\spring-boot-starter-actuator\3.3.5\spring-boot-starter-actuator-3.3.5.jar;C:\Users\Leo\.m2\repository\org\springframework\boot\spring-boot-starter\3.3.5\spring-boot-starter-3.3.5.jar;C:\Users\Leo\.m2\repository\org\springframework\boot\spring-boot-starter-logging\3.3.5\spring-boot-starter-logging-3.3.5.jar;C:\Users\Leo\.m2\repository\ch\qos\logback\logback-classic\1.5.11\logback-classic-1.5.11.jar;C:\Users\Leo\.m2\repository\ch\qos\logback\logback-core\1.5.11\logback-core-1.5.11.jar;C:\Users\Leo\.m2\repository\org\apache\logging\log4j\log4j-to-slf4j\2.23.1\log4j-to-slf4j-2.23.1.jar;C:\Users\Leo\.m2\repository\org\apache\logging\log4j\log4j-api\2.23.1\log4j-api-2.23.1.jar;C:\Users\Leo\.m2\repository\org\slf4j\jul-to-slf4j\2.0.16\jul-to-slf4j-2.0.16.jar;C:\Users\Leo\.m2\repository\jakarta\annotation\jakarta.annotation-api\2.1.1\jakarta.annotation-api-2.1.1.jar;C:\Users\Leo\.m2\repository\org\yaml\snakeyaml\2.2\snakeyaml-2.2.jar;C:\Users\Leo\.m2\repository\org\springframework\boot\spring-boot-actuator-autoconfigure\3.3.5\spring-boot-actuator-autoconfigure-3.3.5.jar;C:\Users\Leo\.m2\repository\org\springframework\boot\spring-boot-actuator\3.3.5\spring-boot-actuator-3.3.5.jar;C:\Users\Leo\.m2\repository\com\fasterxml\jackson\core\jackson-databind\2.17.2\jackson-databind-2.17.2.jar;C:\Users\Leo\.m2\repository\com\fasterxml\jackson\core\jackson-annotations\2.17.2\jackson-annotations-2.17.2.jar;C:\Users\Leo\.m2\repository\com\fasterxml\jackson\core\jackson-core\2.17.2\jackson-core-2.17.2.jar;C:\Users\Leo\.m2\repository\com\fasterxml\jackson\datatype\jackson-datatype-jsr310\2.17.2\jackson-datatype-jsr310-2.17.2.jar;C:\Users\Leo\.m2\repository\io\micrometer\micrometer-observation\1.13.6\micrometer-observation-1.13.6.jar;C:\Users\Leo\.m2\repository\io\micrometer\micrometer-commons\1.13.6\micrometer-commons-1.13.6.jar;C:\Users\Leo\.m2\repository\io\micrometer\micrometer-jakarta9\1.13.6\micrometer-jakarta9-1.13.6.jar;C:\Users\Leo\.m2\repository\io\micrometer\micrometer-core\1.13.6\micrometer-core-1.13.6.jar;C:\Users\Leo\.m2\repository\org\hdrhistogram\HdrHistogram\2.2.2\HdrHistogram-2.2.2.jar;C:\Users\Leo\.m2\repository\org\latencyutils\LatencyUtils\2.0.3\LatencyUtils-2.0.3.jar;C:\Users\Leo\.m2\repository\org\springframework\boot\spring-boot-starter-mail\3.3.5\spring-boot-starter-mail-3.3.5.jar;C:\Users\Leo\.m2\repository\org\springframework\spring-context-support\6.1.14\spring-context-support-6.1.14.jar;C:\Users\Leo\.m2\repository\org\springframework\spring-beans\6.1.14\spring-beans-6.1.14.jar;C:\Users\Leo\.m2\repository\org\springframework\spring-context\6.1.14\spring-context-6.1.14.jar;C:\Users\Leo\.m2\repository\org\eclipse\angus\jakarta.mail\2.0.3\jakarta.mail-2.0.3.jar;C:\Users\Leo\.m2\repository\jakarta\activation\jakarta.activation-api\2.1.3\jakarta.activation-api-2.1.3.jar;C:\Users\Leo\.m2\repository\org\eclipse\angus\angus-activation\2.0.2\angus-activation-2.0.2.jar;C:\Users\Leo\.m2\repository\org\springframework\boot\spring-boot-starter-data-jpa\3.3.5\spring-boot-starter-data-jpa-3.3.5.jar;C:\Users\Leo\.m2\repository\org\springframework\boot\spring-boot-starter-aop\3.3.5\spring-boot-starter-aop-3.3.5.jar;C:\Users\Leo\.m2\repository\org\springframework\spring-aop\6.1.14\spring-aop-6.1.14.jar;C:\Users\Leo\.m2\repository\org\aspectj\aspectjweaver\1.9.22.1\aspectjweaver-1.9.22.1.jar;C:\Users\Leo\.m2\repository\org\springframework\boot\spring-boot-starter-jdbc\3.3.5\spring-boot-starter-jdbc-3.3.5.jar;C:\Users\Leo\.m2\repository\com\zaxxer\HikariCP\5.1.0\HikariCP-5.1.0.jar;C:\Users\Leo\.m2\repository\org\springframework\spring-jdbc\6.1.14\spring-jdbc-6.1.14.jar;C:\Users\Leo\.m2\repository\org\hibernate\orm\hibernate-core\6.5.3.Final\hibernate-core-6.5.3.Final.jar;C:\Users\Leo\.m2\repository\jakarta\persistence\jakarta.persistence-api\3.1.0\jakarta.persistence-api-3.1.0.jar;C:\Users\Leo\.m2\repository\jakarta\transaction\jakarta.transaction-api\2.0.1\jakarta.transaction-api-2.0.1.jar;C:\Users\Leo\.m2\repository\org\jboss\logging\jboss-logging\3.5.3.Final\jboss-logging-3.5.3.Final.jar;C:\Users\Leo\.m2\repository\org\hibernate\common\hibernate-commons-annotations\6.0.6.Final\hibernate-commons-annotations-6.0.6.Final.jar;C:\Users\Leo\.m2\repository\io\smallrye\jandex\3.1.2\jandex-3.1.2.jar;C:\Users\Leo\.m2\repository\com\fasterxml\classmate\1.7.0\classmate-1.7.0.jar;C:\Users\Leo\.m2\repository\net\bytebuddy\byte-buddy\1.14.19\byte-buddy-1.14.19.jar;C:\Users\Leo\.m2\repository\org\glassfish\jaxb\jaxb-runtime\4.0.5\jaxb-runtime-4.0.5.jar;C:\Users\Leo\.m2\repository\org\glassfish\jaxb\jaxb-core\4.0.5\jaxb-core-4.0.5.jar;C:\Users\Leo\.m2\repository\org\glassfish\jaxb\txw2\4.0.5\txw2-4.0.5.jar;C:\Users\Leo\.m2\repository\com\sun\istack\istack-commons-runtime\4.1.2\istack-commons-runtime-4.1.2.jar;C:\Users\Leo\.m2\repository\jakarta\inject\jakarta.inject-api\2.0.1\jakarta.inject-api-2.0.1.jar;C:\Users\Leo\.m2\repository\org\antlr\antlr4-runtime\4.13.0\antlr4-runtime-4.13.0.jar;C:\Users\Leo\.m2\repository\org\springframework\data\spring-data-jpa\3.3.5\spring-data-jpa-3.3.5.jar;C:\Users\Leo\.m2\repository\org\springframework\data\spring-data-commons\3.3.5\spring-data-commons-3.3.5.jar;C:\Users\Leo\.m2\repository\org\springframework\spring-orm\6.1.14\spring-orm-6.1.14.jar;C:\Users\Leo\.m2\repository\org\springframework\spring-tx\6.1.14\spring-tx-6.1.14.jar;C:\Users\Leo\.m2\repository\org\slf4j\slf4j-api\2.0.16\slf4j-api-2.0.16.jar;C:\Users\Leo\.m2\repository\org\springframework\spring-aspects\6.1.14\spring-aspects-6.1.14.jar;C:\Users\Leo\.m2\repository\org\springframework\boot\spring-boot-starter-validation\3.3.5\spring-boot-starter-validation-3.3.5.jar;C:\Users\Leo\.m2\repository\org\apache\tomcat\embed\tomcat-embed-el\10.1.31\tomcat-embed-el-10.1.31.jar;C:\Users\Leo\.m2\repository\org\hibernate\validator\hibernate-validator\8.0.1.Final\hibernate-validator-8.0.1.Final.jar;C:\Users\Leo\.m2\repository\jakarta\validation\jakarta.validation-api\3.0.2\jakarta.validation-api-3.0.2.jar;C:\Users\Leo\.m2\repository\org\springframework\boot\spring-boot-starter-web\3.3.5\spring-boot-starter-web-3.3.5.jar;C:\Users\Leo\.m2\repository\org\springframework\boot\spring-boot-starter-json\3.3.5\spring-boot-starter-json-3.3.5.jar;C:\Users\Leo\.m2\repository\com\fasterxml\jackson\datatype\jackson-datatype-jdk8\2.17.2\jackson-datatype-jdk8-2.17.2.jar;C:\Users\Leo\.m2\repository\com\fasterxml\jackson\module\jackson-module-parameter-names\2.17.2\jackson-module-parameter-names-2.17.2.jar;C:\Users\Leo\.m2\repository\org\springframework\boot\spring-boot-starter-tomcat\3.3.5\spring-boot-starter-tomcat-3.3.5.jar;C:\Users\Leo\.m2\repository\org\apache\tomcat\embed\tomcat-embed-core\10.1.31\tomcat-embed-core-10.1.31.jar;C:\Users\Leo\.m2\repository\org\apache\tomcat\embed\tomcat-embed-websocket\10.1.31\tomcat-embed-websocket-10.1.31.jar;C:\Users\Leo\.m2\repository\org\springframework\spring-web\6.1.14\spring-web-6.1.14.jar;C:\Users\Leo\.m2\repository\org\springframework\spring-webmvc\6.1.14\spring-webmvc-6.1.14.jar;C:\Users\Leo\.m2\repository\org\springframework\spring-expression\6.1.14\spring-expression-6.1.14.jar;C:\Users\Leo\.m2\repository\org\springframework\boot\spring-boot-starter-websocket\3.3.5\spring-boot-starter-websocket-3.3.5.jar;C:\Users\Leo\.m2\repository\org\springframework\spring-messaging\6.1.14\spring-messaging-6.1.14.jar;C:\Users\Leo\.m2\repository\org\springframework\spring-websocket\6.1.14\spring-websocket-6.1.14.jar;C:\Users\Leo\.m2\repository\org\springframework\boot\spring-boot-devtools\3.3.5\spring-boot-devtools-3.3.5.jar;C:\Users\Leo\.m2\repository\org\springframework\boot\spring-boot\3.3.5\spring-boot-3.3.5.jar;C:\Users\Leo\.m2\repository\org\springframework\boot\spring-boot-autoconfigure\3.3.5\spring-boot-autoconfigure-3.3.5.jar;C:\Users\Leo\.m2\repository\com\mysql\mysql-connector-j\8.3.0\mysql-connector-j-8.3.0.jar;C:\Users\Leo\.m2\repository\org\projectlombok\lombok\1.18.34\lombok-1.18.34.jar;C:\Users\Leo\.m2\repository\com\mercadopago\sdk-java\2.1.7\sdk-java-2.1.7.jar;C:\Users\Leo\.m2\repository\org\apache\maven\plugins\maven-javadoc-plugin\3.3.2\maven-javadoc-plugin-3.3.2.jar;C:\Users\Leo\.m2\repository\org\apache\maven\maven-core\3.0\maven-core-3.0.jar;C:\Users\Leo\.m2\repository\org\apache\maven\maven-settings-builder\3.0\maven-settings-builder-3.0.jar;C:\Users\Leo\.m2\repository\org\apache\maven\maven-repository-metadata\3.0\maven-repository-metadata-3.0.jar;C:\Users\Leo\.m2\repository\org\apache\maven\maven-model-builder\3.0\maven-model-builder-3.0.jar;C:\Users\Leo\.m2\repository\org\apache\maven\maven-aether-provider\3.0\maven-aether-provider-3.0.jar;C:\Users\Leo\.m2\repository\org\sonatype\aether\aether-impl\1.7\aether-impl-1.7.jar;C:\Users\Leo\.m2\repository\org\sonatype\aether\aether-spi\1.7\aether-spi-1.7.jar;C:\Users\Leo\.m2\repository\org\sonatype\aether\aether-api\1.7\aether-api-1.7.jar;C:\Users\Leo\.m2\repository\org\sonatype\aether\aether-util\1.7\aether-util-1.7.jar;C:\Users\Leo\.m2\repository\org\sonatype\sisu\sisu-inject-plexus\1.4.2\sisu-inject-plexus-1.4.2.jar;C:\Users\Leo\.m2\repository\org\sonatype\sisu\sisu-inject-bean\1.4.2\sisu-inject-bean-1.4.2.jar;C:\Users\Leo\.m2\repository\org\sonatype\sisu\sisu-guice\2.1.7\sisu-guice-2.1.7-noaop.jar;C:\Users\Leo\.m2\repository\org\codehaus\plexus\plexus-interpolation\1.14\plexus-interpolation-1.14.jar;C:\Users\Leo\.m2\repository\org\codehaus\plexus\plexus-classworlds\2.2.3\plexus-classworlds-2.2.3.jar;C:\Users\Leo\.m2\repository\org\codehaus\plexus\plexus-component-annotations\1.5.5\plexus-component-annotations-1.5.5.jar;C:\Users\Leo\.m2\repository\org\sonatype\plexus\plexus-sec-dispatcher\1.3\plexus-sec-dispatcher-1.3.jar;C:\Users\Leo\.m2\repository\org\sonatype\plexus\plexus-cipher\1.4\plexus-cipher-1.4.jar;C:\Users\Leo\.m2\repository\org\apache\maven\maven-model\3.0\maven-model-3.0.jar;C:\Users\Leo\.m2\repository\org\apache\maven\maven-settings\3.0\maven-settings-3.0.jar;C:\Users\Leo\.m2\repository\org\apache\maven\maven-plugin-api\3.0\maven-plugin-api-3.0.jar;C:\Users\Leo\.m2\repository\org\apache\maven\maven-artifact\3.0\maven-artifact-3.0.jar;C:\Users\Leo\.m2\repository\org\apache\maven\reporting\maven-reporting-api\3.1.0\maven-reporting-api-3.1.0.jar;C:\Users\Leo\.m2\repository\org\apache\maven\maven-archiver\3.5.1\maven-archiver-3.5.1.jar;C:\Users\Leo\.m2\repository\org\apache\maven\shared\maven-shared-utils\3.3.3\maven-shared-utils-3.3.3.jar;C:\Users\Leo\.m2\repository\org\apache\maven\shared\maven-invoker\3.1.0\maven-invoker-3.1.0.jar;C:\Users\Leo\.m2\repository\javax\inject\javax.inject\1\javax.inject-1.jar;C:\Users\Leo\.m2\repository\org\apache\maven\shared\maven-common-artifact-filters\3.1.1\maven-common-artifact-filters-3.1.1.jar;C:\Users\Leo\.m2\repository\org\apache\maven\shared\maven-artifact-transfer\0.13.1\maven-artifact-transfer-0.13.1.jar;C:\Users\Leo\.m2\repository\org\apache\maven\doxia\doxia-sink-api\1.11.1\doxia-sink-api-1.11.1.jar;C:\Users\Leo\.m2\repository\org\apache\maven\doxia\doxia-logging-api\1.11.1\doxia-logging-api-1.11.1.jar;C:\Users\Leo\.m2\repository\org\apache\maven\doxia\doxia-site-renderer\1.11.1\doxia-site-renderer-1.11.1.jar;C:\Users\Leo\.m2\repository\org\apache\maven\doxia\doxia-core\1.11.1\doxia-core-1.11.1.jar;C:\Users\Leo\.m2\repository\org\apache\maven\doxia\doxia-decoration-model\1.11.1\doxia-decoration-model-1.11.1.jar;C:\Users\Leo\.m2\repository\org\apache\maven\doxia\doxia-skin-model\1.11.1\doxia-skin-model-1.11.1.jar;C:\Users\Leo\.m2\repository\org\apache\maven\doxia\doxia-module-xhtml\1.11.1\doxia-module-xhtml-1.11.1.jar;C:\Users\Leo\.m2\repository\org\apache\maven\doxia\doxia-module-xhtml5\1.11.1\doxia-module-xhtml5-1.11.1.jar;C:\Users\Leo\.m2\repository\org\codehaus\plexus\plexus-i18n\1.0-beta-10\plexus-i18n-1.0-beta-10.jar;C:\Users\Leo\.m2\repository\org\codehaus\plexus\plexus-container-default\1.0-alpha-30\plexus-container-default-1.0-alpha-30.jar;C:\Users\Leo\.m2\repository\junit\junit\4.13.2\junit-4.13.2.jar;C:\Users\Leo\.m2\repository\org\hamcrest\hamcrest-core\2.2\hamcrest-core-2.2.jar;C:\Users\Leo\.m2\repository\org\codehaus\plexus\plexus-velocity\1.2\plexus-velocity-1.2.jar;C:\Users\Leo\.m2\repository\org\apache\velocity\velocity\1.7\velocity-1.7.jar;C:\Users\Leo\.m2\repository\commons-lang\commons-lang\2.4\commons-lang-2.4.jar;C:\Users\Leo\.m2\repository\org\apache\velocity\velocity-tools\2.0\velocity-tools-2.0.jar;C:\Users\Leo\.m2\repository\commons-beanutils\commons-beanutils\1.7.0\commons-beanutils-1.7.0.jar;C:\Users\Leo\.m2\repository\commons-digester\commons-digester\1.8\commons-digester-1.8.jar;C:\Users\Leo\.m2\repository\commons-chain\commons-chain\1.1\commons-chain-1.1.jar;C:\Users\Leo\.m2\repository\dom4j\dom4j\1.1\dom4j-1.1.jar;C:\Users\Leo\.m2\repository\oro\oro\2.0.8\oro-2.0.8.jar;C:\Users\Leo\.m2\repository\commons-collections\commons-collections\3.2.2\commons-collections-3.2.2.jar;C:\Users\Leo\.m2\repository\org\apache\maven\wagon\wagon-provider-api\2.4\wagon-provider-api-2.4.jar;C:\Users\Leo\.m2\repository\org\apache\commons\commons-lang3\3.14.0\commons-lang3-3.14.0.jar;C:\Users\Leo\.m2\repository\org\apache\commons\commons-text\1.9\commons-text-1.9.jar;C:\Users\Leo\.m2\repository\org\apache\httpcomponents\httpcore\4.4.16\httpcore-4.4.16.jar;C:\Users\Leo\.m2\repository\com\thoughtworks\qdox\qdox\2.0.1\qdox-2.0.1.jar;C:\Users\Leo\.m2\repository\org\codehaus\plexus\plexus-java\1.1.0\plexus-java-1.1.0.jar;C:\Users\Leo\.m2\repository\org\ow2\asm\asm\9.2\asm-9.2.jar;C:\Users\Leo\.m2\repository\org\codehaus\plexus\plexus-archiver\4.2.6\plexus-archiver-4.2.6.jar;C:\Users\Leo\.m2\repository\org\apache\commons\commons-compress\1.21\commons-compress-1.21.jar;C:\Users\Leo\.m2\repository\org\iq80\snappy\snappy\0.4\snappy-0.4.jar;C:\Users\Leo\.m2\repository\org\tukaani\xz\1.9\xz-1.9.jar;C:\Users\Leo\.m2\repository\org\codehaus\plexus\plexus-io\3.2.0\plexus-io-3.2.0.jar;C:\Users\Leo\.m2\repository\org\codehaus\plexus\plexus-utils\3.3.0\plexus-utils-3.3.0.jar;C:\Users\Leo\.m2\repository\commons-io\commons-io\2.11.0\commons-io-2.11.0.jar;C:\Users\Leo\.m2\repository\org\codehaus\plexus\plexus-interactivity-api\1.1\plexus-interactivity-api-1.1.jar;C:\Users\Leo\.m2\repository\org\apache\httpcomponents\httpclient\4.5.13\httpclient-4.5.13.jar;C:\Users\Leo\.m2\repository\commons-logging\commons-logging\1.2\commons-logging-1.2.jar;C:\Users\Leo\.m2\repository\commons-codec\commons-codec\1.16.1\commons-codec-1.16.1.jar;C:\Users\Leo\.m2\repository\com\google\code\gson\gson\2.10.1\gson-2.10.1.jar;C:\Users\Leo\.m2\repository\jakarta\xml\bind\jakarta.xml.bind-api\4.0.2\jakarta.xml.bind-api-4.0.2.jar;C:\Users\Leo\.m2\repository\org\hamcrest\hamcrest\2.2\hamcrest-2.2.jar;C:\Users\Leo\.m2\repository\org\springframework\spring-core\6.1.14\spring-core-6.1.14.jar;C:\Users\Leo\.m2\repository\org\springframework\spring-jcl\6.1.14\spring-jcl-6.1.14.jar;C:\Program Files\JetBrains\IntelliJ IDEA Community Edition 2024.2.3\lib\idea_rt.jar
Launcher Type: SUN_STANDARD

[Global flags]
     intx CICompilerCount                          = 3                                         {product} {ergonomic}
     uint ConcGCThreads                            = 1                                         {product} {ergonomic}
     uint G1ConcRefinementThreads                  = 4                                         {product} {ergonomic}
   size_t G1HeapRegionSize                         = 1048576                                   {product} {ergonomic}
   size_t InitialHeapSize                          = 130023424                                 {product} {ergonomic}
   size_t MarkStackSize                            = 4194304                                   {product} {ergonomic}
   size_t MarkStackSizeMax                         = 536870912                                 {product} {ergonomic}
   size_t MaxHeapSize                              = 2067791872                                {product} {ergonomic}
   size_t MaxNewSize                               = 1240465408                                {product} {ergonomic}
   size_t MinHeapDeltaBytes                        = 1048576                                   {product} {ergonomic}
   size_t MinHeapSize                              = 8388608                                   {product} {ergonomic}
    uintx NonNMethodCodeHeapSize                   = 5832704                                {pd product} {ergonomic}
    uintx NonProfiledCodeHeapSize                  = 122945536                              {pd product} {ergonomic}
    uintx ProfiledCodeHeapSize                     = 122880000                              {pd product} {ergonomic}
    uintx ReservedCodeCacheSize                    = 251658240                              {pd product} {ergonomic}
     bool SegmentedCodeCache                       = true                                      {product} {ergonomic}
   size_t SoftMaxHeapSize                          = 2067791872                             {manageable} {ergonomic}
     bool UseCompressedOops                        = true                           {product lp64_product} {ergonomic}
     bool UseG1GC                                  = true                                      {product} {ergonomic}
     bool UseLargePagesIndividualAllocation        = false                                  {pd product} {ergonomic}

Logging:
Log output configuration:
 #0: stdout all=warning uptime,level,tags foldmultilines=false
 #1: stderr all=off uptime,level,tags foldmultilines=false

Environment Variables:
PATH=C:\Program Files\Common Files\Oracle\Java\javapath;C:\WINDOWS\system32;C:\WINDOWS;C:\WINDOWS\System32\Wbem;C:\WINDOWS\System32\WindowsPowerShell\v1.0\;C:\WINDOWS\System32\OpenSSH\;D:\Programas\;C:\Program Files (x86)\Microsoft SQL Server\160\Tools\Binn\;C:\Program Files\Microsoft SQL Server\160\Tools\Binn\;C:\Program Files\Microsoft SQL Server\Client SDK\ODBC\170\Tools\Binn\;C:\Program Files\Microsoft SQL Server\160\DTS\Binn\;C:\Program Files (x86)\Microsoft SQL Server\160\DTS\Binn\;C:\Program Files\Microsoft SQL Server\150\Tools\Binn\;C:\Program Files\dotnet\;C:\Program Files\Git\cmd;D:\JAVA\apache-maven-3.9.9\bin;C:\Program Files\MySQL\MySQL Server 9.1\bin;;C:\Program Files\Docker\Docker\resources\bin;C:\ProgramData\chocolatey\bin;C:\Users\Leo\AppData\Local\Microsoft\WindowsApps;C:\Users\Leo\AppData\Roaming\npm;C:\Users\Leo\AppData\Local\Programs\Microsoft VS Code\bin;C:\Users\Leo\.dotnet\tools;C:\Program Files\Cloudflare;C:\Users\Leo\AppData\Local\Programs\Python\Python313\Scripts\;C:\Users\Leo\AppData\Local\Programs\Python\Python313\;C:\Users\Leo\AppData\Local\Programs\Python\Launcher\;C:\Users\Leo\AppData\Local\Microsoft\WindowsApps;C:\Users\Leo\AppData\Roaming\npm;C:\Users\Leo\AppData\Local\Programs\Microsoft VS Code\bin;C:\Users\Leo\.dotnet\tools
USERNAME=Leo
OS=Windows_NT
PROCESSOR_IDENTIFIER=Intel64 Family 6 Model 140 Stepping 1, GenuineIntel
TMP=C:\Users\Leo\AppData\Local\Temp
TEMP=C:\Users\Leo\AppData\Local\Temp




Periodic native trim disabled

---------------  S Y S T E M  ---------------

OS:
 Windows 11 , 64 bit Build 22621 (10.0.22621.5262)
OS uptime: 2 days 4:47 hours
Hyper-V role detected

CPU: total 4 (initial active 4) (2 cores per cpu, 2 threads per core) family 6 model 140 stepping 1 microcode 0xa6, cx8, cmov, fxsr, ht, mmx, 3dnowpref, sse, sse2, sse3, ssse3, sse4.1, sse4.2, popcnt, lzcnt, tsc, tscinvbit, avx, avx2, aes, erms, clmul, bmi1, bmi2, adx, avx512f, avx512dq, avx512cd, avx512bw, avx512vl, sha, fma, vzeroupper, avx512_vpopcntdq, avx512_vpclmulqdq, avx512_vaes, avx512_vnni, clflush, clflushopt, clwb, avx512_vbmi2, avx512_vbmi, hv, rdtscp, rdpid, fsrm, gfni, avx512_bitalg, f16c, cet_ibt, cet_ss, avx512_ifma
Processor Information for the first 4 processors :
  Max Mhz: 2995, Current Mhz: 2995, Mhz Limit: 2995

Memory: 4k page, system-wide physical 7886M (321M free)
TotalPageFile size 20190M (AvailPageFile size 6M)
current process WorkingSet (physical memory assigned to process): 242M, peak: 250M
current process commit charge ("private bytes"): 276M, peak: 280M

vm_info: Java HotSpot(TM) 64-Bit Server VM (23.0.1+11-39) for windows-amd64 JRE (23.0.1+11-39), built on 2024-09-30T07:20:43Z with MS VC++ 17.6 (VS2022)

END.
