#
# There is insufficient memory for the Java Runtime Environment to continue.
# Native memory allocation (malloc) failed to allocate 1109696 bytes. Error detail: Chunk::new
# Possible reasons:
#   The system is out of physical RAM or swap space
#   This process is running with CompressedOops enabled, and the Java Heap may be blocking the growth of the native heap
# Possible solutions:
#   Reduce memory load on the system
#   Increase physical memory or swap space
#   Check if swap backing store is full
#   Decrease Java heap size (-Xmx/-Xms)
#   Decrease number of Java threads
#   Decrease Java thread stack sizes (-Xss)
#   Set larger code cache with -XX:ReservedCodeCacheSize=
#   JVM is running with Unscaled Compressed Oops mode in which the Java heap is
#     placed in the first 4GB address space. The Java Heap base address is the
#     maximum limit for the native heap growth. Please use -XX:HeapBaseMinAddress
#     to set the Java Heap base and to place the Java Heap above 4GB virtual address.
# This output file may be truncated or incomplete.
#
#  Out of Memory Error (arena.cpp:149), pid=4436, tid=6240
#
# JRE version: Java(TM) SE Runtime Environment (23.0.1+11) (build 23.0.1+11-39)
# Java VM: Java HotSpot(TM) 64-Bit Server VM (23.0.1+11-39, mixed mode, sharing, tiered, compressed oops, compressed class ptrs, g1 gc, windows-amd64)
# No core dump will be written. Minidumps are not enabled by default on client versions of Windows
#

---------------  S U M M A R Y ------------

Command Line: -Dclassworlds.conf=C:\Users\Leo\.m2\wrapper\dists\apache-maven-3.9.9\977a63e90f436cd6ade95b4c0e10c20c\bin\m2.conf -Dmaven.home=C:\Users\Leo\.m2\wrapper\dists\apache-maven-3.9.9\977a63e90f436cd6ade95b4c0e10c20c -Dlibrary.jansi.path=C:\Users\Leo\.m2\wrapper\dists\apache-maven-3.9.9\977a63e90f436cd6ade95b4c0e10c20c\lib\jansi-native -Dmaven.multiModuleProjectDirectory=D:\SuperSorteo\rifa org.codehaus.plexus.classworlds.launcher.Launcher clean package -DskipTests

Host: 11th Gen Intel(R) Core(TM) i3-1115G4 @ 3.00GHz, 4 cores, 7G,  Windows 11 , 64 bit Build 22621 (10.0.22621.5262)
Time: Mon Nov 17 11:48:51 2025 Hora estándar de Cuba elapsed time: 5.912590 seconds (0d 0h 0m 5s)

---------------  T H R E A D  ---------------

Current thread (0x00000225c207a7f0):  JavaThread "C2 CompilerThread0" daemon [_thread_in_native, id=6240, stack(0x000000746d800000,0x000000746d900000) (1024K)]


Current CompileTask:
C2:5912 5454       4       org.apache.maven.model.inheritance.DefaultInheritanceAssembler$InheritanceModelMerger::mergePluginContainer_Plugins (433 bytes)

Stack: [0x000000746d800000,0x000000746d900000]
Native frames: (J=compiled Java code, j=interpreted, Vv=VM code, C=native code)
V  [jvm.dll+0x6e08b9]  (no source info available)
V  [jvm.dll+0x87dc83]  (no source info available)
V  [jvm.dll+0x88010e]  (no source info available)
V  [jvm.dll+0x8807e3]  (no source info available)
V  [jvm.dll+0x27aee6]  (no source info available)
V  [jvm.dll+0xbc06f]  (no source info available)
V  [jvm.dll+0xbc2cb]  (no source info available)
V  [jvm.dll+0x2ee94d]  (no source info available)
V  [jvm.dll+0x6063d9]  (no source info available)
V  [jvm.dll+0x24ddf2]  (no source info available)
V  [jvm.dll+0x2467f7]  (no source info available)
V  [jvm.dll+0x243d04]  (no source info available)
V  [jvm.dll+0x1c33a0]  (no source info available)
V  [jvm.dll+0x253cf1]  (no source info available)
V  [jvm.dll+0x251faa]  (no source info available)
V  [jvm.dll+0x3ee036]  (no source info available)
V  [jvm.dll+0x824f8b]  (no source info available)
V  [jvm.dll+0x6df065]  (no source info available)
C  [ucrtbase.dll+0x29333]  (no source info available)
C  [KERNEL32.DLL+0x1259d]  (no source info available)
C  [ntdll.dll+0x5af58]  (no source info available)

Lock stack of current Java thread (top to bottom):


---------------  P R O C E S S  ---------------

Threads class SMR info:
_java_thread_list=0x0000022608476730, length=12, elements={
0x00000225a3a324a0, 0x00000225c206b6a0, 0x00000225c206c550, 0x00000225c2071b90,
0x00000225c20726e0, 0x00000225c20739d0, 0x00000225c2075cd0, 0x00000225c207a7f0,
0x00000225c207c2b0, 0x00000225c21ca5d0, 0x00000225c21cd920, 0x000002260846b330
}

Java Threads: ( => current thread )
  0x00000225a3a324a0 JavaThread "main"                              [_thread_in_vm, id=5760, stack(0x000000746ca00000,0x000000746cb00000) (1024K)]
  0x00000225c206b6a0 JavaThread "Reference Handler"          daemon [_thread_blocked, id=15244, stack(0x000000746d200000,0x000000746d300000) (1024K)]
  0x00000225c206c550 JavaThread "Finalizer"                  daemon [_thread_blocked, id=14716, stack(0x000000746d300000,0x000000746d400000) (1024K)]
  0x00000225c2071b90 JavaThread "Signal Dispatcher"          daemon [_thread_blocked, id=16124, stack(0x000000746d400000,0x000000746d500000) (1024K)]
  0x00000225c20726e0 JavaThread "Attach Listener"            daemon [_thread_blocked, id=9520, stack(0x000000746d500000,0x000000746d600000) (1024K)]
  0x00000225c20739d0 JavaThread "Service Thread"             daemon [_thread_blocked, id=6908, stack(0x000000746d600000,0x000000746d700000) (1024K)]
  0x00000225c2075cd0 JavaThread "Monitor Deflation Thread"   daemon [_thread_blocked, id=2032, stack(0x000000746d700000,0x000000746d800000) (1024K)]
=>0x00000225c207a7f0 JavaThread "C2 CompilerThread0"         daemon [_thread_in_native, id=6240, stack(0x000000746d800000,0x000000746d900000) (1024K)]
  0x00000225c207c2b0 JavaThread "C1 CompilerThread0"         daemon [_thread_blocked, id=15904, stack(0x000000746d900000,0x000000746da00000) (1024K)]
  0x00000225c21ca5d0 JavaThread "Notification Thread"        daemon [_thread_blocked, id=1552, stack(0x000000746da00000,0x000000746db00000) (1024K)]
  0x00000225c21cd920 JavaThread "Common-Cleaner"             daemon [_thread_blocked, id=18832, stack(0x000000746db00000,0x000000746dc00000) (1024K)]
  0x000002260846b330 JavaThread "Thread-1"                   daemon [_thread_blocked, id=2028, stack(0x000000746df00000,0x000000746e000000) (1024K)]
Total: 12

Other Threads:
  0x00000225c2050690 VMThread "VM Thread"                           [id=80, stack(0x000000746d100000,0x000000746d200000) (1024K)]
  0x00000225c203f100 WatcherThread "VM Periodic Task Thread"        [id=18788, stack(0x000000746d000000,0x000000746d100000) (1024K)]
  0x00000225a5e44230 WorkerThread "GC Thread#0"                     [id=15416, stack(0x000000746cb00000,0x000000746cc00000) (1024K)]
  0x00000225c28ecab0 WorkerThread "GC Thread#1"                     [id=13292, stack(0x000000746dc00000,0x000000746dd00000) (1024K)]
  0x00000225c2cc1b20 WorkerThread "GC Thread#2"                     [id=6024, stack(0x000000746dd00000,0x000000746de00000) (1024K)]
  0x00000225c2cc1ed0 WorkerThread "GC Thread#3"                     [id=6324, stack(0x000000746de00000,0x000000746df00000) (1024K)]
  0x00000225a5e586a0 ConcurrentGCThread "G1 Main Marker"            [id=5180, stack(0x000000746cc00000,0x000000746cd00000) (1024K)]
  0x00000225a5e59360 WorkerThread "G1 Conc#0"                       [id=13032, stack(0x000000746cd00000,0x000000746ce00000) (1024K)]
  0x00000225c1f134e0 ConcurrentGCThread "G1 Refine#0"               [id=17568, stack(0x000000746ce00000,0x000000746cf00000) (1024K)]
  0x00000225a5eae1f0 ConcurrentGCThread "G1 Service"                [id=14632, stack(0x000000746cf00000,0x000000746d000000) (1024K)]
Total: 10

Threads with active compile tasks:
C2 CompilerThread0  6010 5454       4       org.apache.maven.model.inheritance.DefaultInheritanceAssembler$InheritanceModelMerger::mergePluginContainer_Plugins (433 bytes)
Total: 1

VM state: not at safepoint (normal execution)

VM Mutex/Monitor currently owned by a thread: None

Heap address: 0x0000000084c00000, size: 1972 MB, Compressed Oops mode: 32-bit

CDS archive(s) mapped at: [0x00000225c3000000-0x00000225c3d70000-0x00000225c3d70000), size 14090240, SharedBaseAddress: 0x00000225c3000000, ArchiveRelocationMode: 1.
Compressed class space mapped at: 0x00000225c4000000-0x0000022604000000, reserved size: 1073741824
Narrow klass base: 0x00000225c3000000, Narrow klass shift: 0, Narrow klass range: 0x41000000

GC Precious Log:
 CardTable entry size: 512
 Card Set container configuration: InlinePtr #cards 5 size 8 Array Of Cards #cards 10 size 36 Howl #buckets 4 coarsen threshold 1843 Howl Bitmap #cards 512 size 80 coarsen threshold 460 Card regions per heap region 1 cards per card region 2048
 CPUs: 4 total, 4 available
 Memory: 7886M
 Large Page Support: Disabled
 NUMA Support: Disabled
 Compressed Oops: Enabled (32-bit)
 Heap Region Size: 1M
 Heap Min Capacity: 8M
 Heap Initial Capacity: 124M
 Heap Max Capacity: 1972M
 Pre-touch: Disabled
 Parallel Workers: 4
 Concurrent Workers: 1
 Concurrent Refinement Workers: 4
 Periodic GC: Disabled

Heap:
 garbage-first heap   total reserved 2019328K, committed 92160K, used 28129K [0x0000000084c00000, 0x0000000100000000)
  region size 1024K, 4 young (4096K), 2 survivors (2048K)
 Metaspace       used 22714K, committed 22976K, reserved 1114112K
  class space    used 2682K, committed 2816K, reserved 1048576K

Heap Regions: E=young(eden), S=young(survivor), O=old, HS=humongous(starts), HC=humongous(continues), CS=collection set, F=free, TAMS=top-at-mark-start, PB=parsable bottom
|   0|0x0000000084c00000, 0x0000000084d00000, 0x0000000084d00000|100%| O|  |TAMS 0x0000000084c00000| PB 0x0000000084c00000| Untracked |  0
|   1|0x0000000084d00000, 0x0000000084e00000, 0x0000000084e00000|100%| O|  |TAMS 0x0000000084d00000| PB 0x0000000084d00000| Untracked |  0
|   2|0x0000000084e00000, 0x0000000084f00000, 0x0000000084f00000|100%| O|  |TAMS 0x0000000084e00000| PB 0x0000000084e00000| Untracked |  0
|   3|0x0000000084f00000, 0x0000000085000000, 0x0000000085000000|100%| O|  |TAMS 0x0000000084f00000| PB 0x0000000084f00000| Untracked |  0
|   4|0x0000000085000000, 0x0000000085100000, 0x0000000085100000|100%| O|  |TAMS 0x0000000085000000| PB 0x0000000085000000| Untracked |  0
|   5|0x0000000085100000, 0x0000000085200000, 0x0000000085200000|100%| O|  |TAMS 0x0000000085100000| PB 0x0000000085100000| Untracked |  0
|   6|0x0000000085200000, 0x0000000085300000, 0x0000000085300000|100%| O|  |TAMS 0x0000000085200000| PB 0x0000000085200000| Untracked |  0
|   7|0x0000000085300000, 0x0000000085400000, 0x0000000085400000|100%| O|  |TAMS 0x0000000085300000| PB 0x0000000085300000| Untracked |  0
|   8|0x0000000085400000, 0x0000000085500000, 0x0000000085500000|100%| O|  |TAMS 0x0000000085400000| PB 0x0000000085400000| Untracked |  0
|   9|0x0000000085500000, 0x0000000085600000, 0x0000000085600000|100%| O|  |TAMS 0x0000000085500000| PB 0x0000000085500000| Untracked |  0
|  10|0x0000000085600000, 0x0000000085700000, 0x0000000085700000|100%| O|  |TAMS 0x0000000085600000| PB 0x0000000085600000| Untracked |  0
|  11|0x0000000085700000, 0x0000000085800000, 0x0000000085800000|100%| O|Cm|TAMS 0x0000000085700000| PB 0x0000000085700000| Complete |  0
|  12|0x0000000085800000, 0x0000000085900000, 0x0000000085900000|100%| O|  |TAMS 0x0000000085800000| PB 0x0000000085800000| Untracked |  0
|  13|0x0000000085900000, 0x0000000085900000, 0x0000000085a00000|  0%| F|  |TAMS 0x0000000085900000| PB 0x0000000085900000| Untracked |  0
|  14|0x0000000085a00000, 0x0000000085a00000, 0x0000000085b00000|  0%| F|  |TAMS 0x0000000085a00000| PB 0x0000000085a00000| Untracked |  0
|  15|0x0000000085b00000, 0x0000000085c00000, 0x0000000085c00000|100%|HS|  |TAMS 0x0000000085b00000| PB 0x0000000085b00000| Complete |  0
|  16|0x0000000085c00000, 0x0000000085d00000, 0x0000000085d00000|100%|HC|  |TAMS 0x0000000085c00000| PB 0x0000000085c00000| Complete |  0
|  17|0x0000000085d00000, 0x0000000085e00000, 0x0000000085e00000|100%| O|  |TAMS 0x0000000085d00000| PB 0x0000000085d00000| Untracked |  0
|  18|0x0000000085e00000, 0x0000000085f00000, 0x0000000085f00000|100%| O|  |TAMS 0x0000000085e00000| PB 0x0000000085e00000| Untracked |  0
|  19|0x0000000085f00000, 0x0000000086000000, 0x0000000086000000|100%| O|  |TAMS 0x0000000085f00000| PB 0x0000000085f00000| Untracked |  0
|  20|0x0000000086000000, 0x0000000086100000, 0x0000000086100000|100%| O|  |TAMS 0x0000000086000000| PB 0x0000000086000000| Untracked |  0
|  21|0x0000000086100000, 0x0000000086200000, 0x0000000086200000|100%| O|  |TAMS 0x0000000086100000| PB 0x0000000086100000| Untracked |  0
|  22|0x0000000086200000, 0x0000000086300000, 0x0000000086300000|100%| O|  |TAMS 0x0000000086200000| PB 0x0000000086200000| Untracked |  0
|  23|0x0000000086300000, 0x0000000086400000, 0x0000000086400000|100%| O|  |TAMS 0x0000000086300000| PB 0x0000000086300000| Untracked |  0
|  24|0x0000000086400000, 0x0000000086500000, 0x0000000086500000|100%| O|  |TAMS 0x0000000086400000| PB 0x0000000086400000| Untracked |  0
|  25|0x0000000086500000, 0x0000000086600000, 0x0000000086600000|100%| O|  |TAMS 0x0000000086500000| PB 0x0000000086500000| Untracked |  0
|  26|0x0000000086600000, 0x0000000086680000, 0x0000000086700000| 50%| O|  |TAMS 0x0000000086600000| PB 0x0000000086600000| Untracked |  0
|  27|0x0000000086700000, 0x0000000086700000, 0x0000000086800000|  0%| F|  |TAMS 0x0000000086700000| PB 0x0000000086700000| Untracked |  0
|  28|0x0000000086800000, 0x0000000086800000, 0x0000000086900000|  0%| F|  |TAMS 0x0000000086800000| PB 0x0000000086800000| Untracked |  0
|  29|0x0000000086900000, 0x0000000086900000, 0x0000000086a00000|  0%| F|  |TAMS 0x0000000086900000| PB 0x0000000086900000| Untracked |  0
|  30|0x0000000086a00000, 0x0000000086a00000, 0x0000000086b00000|  0%| F|  |TAMS 0x0000000086a00000| PB 0x0000000086a00000| Untracked |  0
|  31|0x0000000086b00000, 0x0000000086b00000, 0x0000000086c00000|  0%| F|  |TAMS 0x0000000086b00000| PB 0x0000000086b00000| Untracked |  0
|  32|0x0000000086c00000, 0x0000000086c00000, 0x0000000086d00000|  0%| F|  |TAMS 0x0000000086c00000| PB 0x0000000086c00000| Untracked |  0
|  33|0x0000000086d00000, 0x0000000086d00000, 0x0000000086e00000|  0%| F|  |TAMS 0x0000000086d00000| PB 0x0000000086d00000| Untracked |  0
|  34|0x0000000086e00000, 0x0000000086e00000, 0x0000000086f00000|  0%| F|  |TAMS 0x0000000086e00000| PB 0x0000000086e00000| Untracked |  0
|  35|0x0000000086f00000, 0x0000000086f00000, 0x0000000087000000|  0%| F|  |TAMS 0x0000000086f00000| PB 0x0000000086f00000| Untracked |  0
|  36|0x0000000087000000, 0x0000000087000000, 0x0000000087100000|  0%| F|  |TAMS 0x0000000087000000| PB 0x0000000087000000| Untracked |  0
|  37|0x0000000087100000, 0x0000000087100000, 0x0000000087200000|  0%| F|  |TAMS 0x0000000087100000| PB 0x0000000087100000| Untracked |  0
|  38|0x0000000087200000, 0x0000000087200000, 0x0000000087300000|  0%| F|  |TAMS 0x0000000087200000| PB 0x0000000087200000| Untracked |  0
|  39|0x0000000087300000, 0x0000000087300000, 0x0000000087400000|  0%| F|  |TAMS 0x0000000087300000| PB 0x0000000087300000| Untracked |  0
|  40|0x0000000087400000, 0x0000000087400000, 0x0000000087500000|  0%| F|  |TAMS 0x0000000087400000| PB 0x0000000087400000| Untracked |  0
|  41|0x0000000087500000, 0x0000000087500000, 0x0000000087600000|  0%| F|  |TAMS 0x0000000087500000| PB 0x0000000087500000| Untracked |  0
|  42|0x0000000087600000, 0x0000000087600000, 0x0000000087700000|  0%| F|  |TAMS 0x0000000087600000| PB 0x0000000087600000| Untracked |  0
|  43|0x0000000087700000, 0x0000000087700000, 0x0000000087800000|  0%| F|  |TAMS 0x0000000087700000| PB 0x0000000087700000| Untracked |  0
|  44|0x0000000087800000, 0x0000000087800000, 0x0000000087900000|  0%| F|  |TAMS 0x0000000087800000| PB 0x0000000087800000| Untracked |  0
|  45|0x0000000087900000, 0x0000000087900000, 0x0000000087a00000|  0%| F|  |TAMS 0x0000000087900000| PB 0x0000000087900000| Untracked |  0
|  46|0x0000000087a00000, 0x0000000087a00000, 0x0000000087b00000|  0%| F|  |TAMS 0x0000000087a00000| PB 0x0000000087a00000| Untracked |  0
|  47|0x0000000087b00000, 0x0000000087b00000, 0x0000000087c00000|  0%| F|  |TAMS 0x0000000087b00000| PB 0x0000000087b00000| Untracked |  0
|  48|0x0000000087c00000, 0x0000000087c00000, 0x0000000087d00000|  0%| F|  |TAMS 0x0000000087c00000| PB 0x0000000087c00000| Untracked |  0
|  49|0x0000000087d00000, 0x0000000087d00000, 0x0000000087e00000|  0%| F|  |TAMS 0x0000000087d00000| PB 0x0000000087d00000| Untracked |  0
|  50|0x0000000087e00000, 0x0000000087e00000, 0x0000000087f00000|  0%| F|  |TAMS 0x0000000087e00000| PB 0x0000000087e00000| Untracked |  0
|  51|0x0000000087f00000, 0x0000000087f00000, 0x0000000088000000|  0%| F|  |TAMS 0x0000000087f00000| PB 0x0000000087f00000| Untracked |  0
|  52|0x0000000088000000, 0x0000000088000000, 0x0000000088100000|  0%| F|  |TAMS 0x0000000088000000| PB 0x0000000088000000| Untracked |  0
|  53|0x0000000088100000, 0x0000000088100000, 0x0000000088200000|  0%| F|  |TAMS 0x0000000088100000| PB 0x0000000088100000| Untracked |  0
|  54|0x0000000088200000, 0x0000000088200000, 0x0000000088300000|  0%| F|  |TAMS 0x0000000088200000| PB 0x0000000088200000| Untracked |  0
|  55|0x0000000088300000, 0x0000000088300000, 0x0000000088400000|  0%| F|  |TAMS 0x0000000088300000| PB 0x0000000088300000| Untracked |  0
|  56|0x0000000088400000, 0x0000000088400000, 0x0000000088500000|  0%| F|  |TAMS 0x0000000088400000| PB 0x0000000088400000| Untracked |  0
|  57|0x0000000088500000, 0x0000000088500000, 0x0000000088600000|  0%| F|  |TAMS 0x0000000088500000| PB 0x0000000088500000| Untracked |  0
|  58|0x0000000088600000, 0x0000000088600000, 0x0000000088700000|  0%| F|  |TAMS 0x0000000088600000| PB 0x0000000088600000| Untracked |  0
|  59|0x0000000088700000, 0x0000000088700000, 0x0000000088800000|  0%| F|  |TAMS 0x0000000088700000| PB 0x0000000088700000| Untracked |  0
|  60|0x0000000088800000, 0x0000000088800000, 0x0000000088900000|  0%| F|  |TAMS 0x0000000088800000| PB 0x0000000088800000| Untracked |  0
|  61|0x0000000088900000, 0x0000000088900000, 0x0000000088a00000|  0%| F|  |TAMS 0x0000000088900000| PB 0x0000000088900000| Untracked |  0
|  62|0x0000000088a00000, 0x0000000088a00000, 0x0000000088b00000|  0%| F|  |TAMS 0x0000000088a00000| PB 0x0000000088a00000| Untracked |  0
|  63|0x0000000088b00000, 0x0000000088b00000, 0x0000000088c00000|  0%| F|  |TAMS 0x0000000088b00000| PB 0x0000000088b00000| Untracked |  0
|  64|0x0000000088c00000, 0x0000000088c00000, 0x0000000088d00000|  0%| F|  |TAMS 0x0000000088c00000| PB 0x0000000088c00000| Untracked |  0
|  65|0x0000000088d00000, 0x0000000088d00000, 0x0000000088e00000|  0%| F|  |TAMS 0x0000000088d00000| PB 0x0000000088d00000| Untracked |  0
|  66|0x0000000088e00000, 0x0000000088e00000, 0x0000000088f00000|  0%| F|  |TAMS 0x0000000088e00000| PB 0x0000000088e00000| Untracked |  0
|  67|0x0000000088f00000, 0x0000000088f00000, 0x0000000089000000|  0%| F|  |TAMS 0x0000000088f00000| PB 0x0000000088f00000| Untracked |  0
|  68|0x0000000089000000, 0x0000000089000000, 0x0000000089100000|  0%| F|  |TAMS 0x0000000089000000| PB 0x0000000089000000| Untracked |  0
|  69|0x0000000089100000, 0x0000000089100000, 0x0000000089200000|  0%| F|  |TAMS 0x0000000089100000| PB 0x0000000089100000| Untracked |  0
|  70|0x0000000089200000, 0x0000000089200000, 0x0000000089300000|  0%| F|  |TAMS 0x0000000089200000| PB 0x0000000089200000| Untracked |  0
|  71|0x0000000089300000, 0x0000000089300000, 0x0000000089400000|  0%| F|  |TAMS 0x0000000089300000| PB 0x0000000089300000| Untracked |  0
|  72|0x0000000089400000, 0x0000000089400000, 0x0000000089500000|  0%| F|  |TAMS 0x0000000089400000| PB 0x0000000089400000| Untracked |  0
|  73|0x0000000089500000, 0x0000000089500000, 0x0000000089600000|  0%| F|  |TAMS 0x0000000089500000| PB 0x0000000089500000| Untracked |  0
|  74|0x0000000089600000, 0x0000000089600000, 0x0000000089700000|  0%| F|  |TAMS 0x0000000089600000| PB 0x0000000089600000| Untracked |  0
|  75|0x0000000089700000, 0x0000000089700000, 0x0000000089800000|  0%| F|  |TAMS 0x0000000089700000| PB 0x0000000089700000| Untracked |  0
|  76|0x0000000089800000, 0x0000000089800000, 0x0000000089900000|  0%| F|  |TAMS 0x0000000089800000| PB 0x0000000089800000| Untracked |  0
|  77|0x0000000089900000, 0x0000000089900000, 0x0000000089a00000|  0%| F|  |TAMS 0x0000000089900000| PB 0x0000000089900000| Untracked |  0
|  78|0x0000000089a00000, 0x0000000089a00000, 0x0000000089b00000|  0%| F|  |TAMS 0x0000000089a00000| PB 0x0000000089a00000| Untracked |  0
|  79|0x0000000089b00000, 0x0000000089b00000, 0x0000000089c00000|  0%| F|  |TAMS 0x0000000089b00000| PB 0x0000000089b00000| Untracked |  0
|  80|0x0000000089c00000, 0x0000000089c00000, 0x0000000089d00000|  0%| F|  |TAMS 0x0000000089c00000| PB 0x0000000089c00000| Untracked |  0
|  81|0x0000000089d00000, 0x0000000089d00000, 0x0000000089e00000|  0%| F|  |TAMS 0x0000000089d00000| PB 0x0000000089d00000| Untracked |  0
|  82|0x0000000089e00000, 0x0000000089e00000, 0x0000000089f00000|  0%| F|  |TAMS 0x0000000089e00000| PB 0x0000000089e00000| Untracked |  0
|  83|0x0000000089f00000, 0x0000000089f00000, 0x000000008a000000|  0%| F|  |TAMS 0x0000000089f00000| PB 0x0000000089f00000| Untracked |  0
|  84|0x000000008a000000, 0x000000008a000000, 0x000000008a100000|  0%| F|  |TAMS 0x000000008a000000| PB 0x000000008a000000| Untracked |  0
|  85|0x000000008a100000, 0x000000008a100000, 0x000000008a200000|  0%| F|  |TAMS 0x000000008a100000| PB 0x000000008a100000| Untracked |  0
|  86|0x000000008a200000, 0x000000008a298010, 0x000000008a300000| 59%| E|  |TAMS 0x000000008a200000| PB 0x000000008a200000| Complete |  0
| 145|0x000000008dd00000, 0x000000008ddf8500, 0x000000008de00000| 96%| S|CS|TAMS 0x000000008dd00000| PB 0x000000008dd00000| Complete |  0
| 146|0x000000008de00000, 0x000000008df00000, 0x000000008df00000|100%| S|CS|TAMS 0x000000008de00000| PB 0x000000008de00000| Complete |  0
| 148|0x000000008e000000, 0x000000008e100000, 0x000000008e100000|100%| E|CS|TAMS 0x000000008e000000| PB 0x000000008e000000| Complete |  0

Card table byte_map: [0x00000225bd900000,0x00000225bdce0000] _byte_map_base: 0x00000225bd4da000

Marking Bits: (CMBitMap*) 0x00000225a5e44940
 Bits: [0x00000225bdce0000, 0x00000225bfbb0000)

Polling page: 0x00000225a3c00000

Metaspace:

Usage:
  Non-class:     19.59 MB used.
      Class:      2.63 MB used.
       Both:     22.22 MB used.

Virtual space:
  Non-class space:       64.00 MB reserved,      19.75 MB ( 31%) committed,  1 nodes.
      Class space:        1.00 GB reserved,       2.75 MB ( <1%) committed,  1 nodes.
             Both:        1.06 GB reserved,      22.50 MB (  2%) committed. 

Chunk freelists:
   Non-Class:  12.03 MB
       Class:  13.20 MB
        Both:  25.23 MB

MaxMetaspaceSize: unlimited
CompressedClassSpaceSize: 1.00 GB
Initial GC threshold: 21.00 MB
Current GC threshold: 35.44 MB
CDS: on
 - commit_granule_bytes: 65536.
 - commit_granule_words: 8192.
 - virtual_space_node_default_size: 8388608.
 - enlarge_chunks_in_place: 1.
 - use_allocation_guard: 0.


Internal statistics:

num_allocs_failed_limit: 3.
num_arena_births: 222.
num_arena_deaths: 0.
num_vsnodes_births: 2.
num_vsnodes_deaths: 0.
num_space_committed: 360.
num_space_uncommitted: 0.
num_chunks_returned_to_freelist: 3.
num_chunks_taken_from_freelist: 1005.
num_chunk_merges: 3.
num_chunk_splits: 707.
num_chunks_enlarged: 563.
num_inconsistent_stats: 0.

CodeHeap 'non-profiled nmethods': size=120064Kb used=2037Kb max_used=2037Kb free=118026Kb
 bounds [0x00000225b5fe0000, 0x00000225b6250000, 0x00000225bd520000]
CodeHeap 'profiled nmethods': size=120000Kb used=9607Kb max_used=9607Kb free=110392Kb
 bounds [0x00000225ae520000, 0x00000225aee90000, 0x00000225b5a50000]
CodeHeap 'non-nmethods': size=5696Kb used=1575Kb max_used=1579Kb free=4120Kb
 bounds [0x00000225b5a50000, 0x00000225b5cc0000, 0x00000225b5fe0000]
CodeCache: size=245760Kb, used=13219Kb, max_used=13223Kb, free=232538Kb
 total_blobs=6382, nmethods=5838, adapters=448, full_count=0
Compilation: enabled, stopped_count=0, restarted_count=0

Compilation events (20 events):
Event: 5.899 Thread 0x00000225c207c2b0 5840       2       jdk.nio.zipfs.ZipFileSystem$IndexNode::keyOf (37 bytes)
Event: 5.900 Thread 0x00000225c207c2b0 nmethod 5840 0x00000225aee79688 code [0x00000225aee79800, 0x00000225aee79c08]
Event: 5.900 Thread 0x00000225c207c2b0 5846       2       java.util.concurrent.locks.AbstractQueuedSynchronizer::acquireShared (20 bytes)
Event: 5.900 Thread 0x00000225c207c2b0 nmethod 5846 0x00000225aee79c88 code [0x00000225aee79dc0, 0x00000225aee79f60]
Event: 5.900 Thread 0x00000225c207c2b0 5841       2       jdk.nio.zipfs.ZipFileSystem::beginRead (15 bytes)
Event: 5.900 Thread 0x00000225c207c2b0 nmethod 5841 0x00000225aee79f88 code [0x00000225aee7a0c0, 0x00000225aee7a248]
Event: 5.900 Thread 0x00000225c207c2b0 5842       2       jdk.nio.zipfs.ZipFileSystem::ensureOpen (16 bytes)
Event: 5.900 Thread 0x00000225c207c2b0 nmethod 5842 0x00000225aee7a308 code [0x00000225aee7a440, 0x00000225aee7a618]
Event: 5.900 Thread 0x00000225c207c2b0 5843       2       jdk.nio.zipfs.ZipFileSystem::endRead (15 bytes)
Event: 5.901 Thread 0x00000225c207c2b0 nmethod 5843 0x00000225aee7a688 code [0x00000225aee7a7c0, 0x00000225aee7a9b8]
Event: 5.901 Thread 0x00000225c207c2b0 5844       2       jdk.nio.zipfs.ZipPath::getFileSystem (5 bytes)
Event: 5.901 Thread 0x00000225c207c2b0 nmethod 5844 0x00000225aee7aa88 code [0x00000225aee7aba0, 0x00000225aee7aca8]
Event: 5.901 Thread 0x00000225c207c2b0 5845       2       jdk.nio.zipfs.ZipFileSystemProvider::toZipPath (32 bytes)
Event: 5.901 Thread 0x00000225c207c2b0 nmethod 5845 0x00000225aee7ad88 code [0x00000225aee7aec0, 0x00000225aee7b1a8]
Event: 5.901 Thread 0x00000225c207c2b0 5847       2       java.nio.file.Files::exists (10 bytes)
Event: 5.901 Thread 0x00000225c207c2b0 nmethod 5847 0x00000225aee7b208 code [0x00000225aee7b340, 0x00000225aee7b4c8]
Event: 5.901 Thread 0x00000225c207c2b0 5848       2       com.sun.tools.javac.file.Locations$BasicLocationHandler::checkDirectory (83 bytes)
Event: 5.902 Thread 0x00000225c207c2b0 nmethod 5848 0x00000225aee7b508 code [0x00000225aee7b760, 0x00000225aee7c0d8]
Event: 5.902 Thread 0x00000225c207c2b0 5849       2       jdk.nio.zipfs.ZipFileSystemProvider::exists (20 bytes)
Event: 5.902 Thread 0x00000225c207c2b0 nmethod 5849 0x00000225aee7c188 code [0x00000225aee7c300, 0x00000225aee7c6d8]

GC Heap History (16 events):
Event: 0.608 GC heap before
{Heap before GC invocations=0 (full 0):
 garbage-first heap   total reserved 2019328K, committed 126976K, used 14336K [0x0000000084c00000, 0x0000000100000000)
  region size 1024K, 14 young (14336K), 0 survivors (0K)
 Metaspace       used 3967K, committed 4160K, reserved 1114112K
  class space    used 428K, committed 512K, reserved 1048576K
}
Event: 0.617 GC heap after
{Heap after GC invocations=1 (full 0):
 garbage-first heap   total reserved 2019328K, committed 126976K, used 3392K [0x0000000084c00000, 0x0000000100000000)
  region size 1024K, 2 young (2048K), 2 survivors (2048K)
 Metaspace       used 3967K, committed 4160K, reserved 1114112K
  class space    used 428K, committed 512K, reserved 1048576K
}
Event: 0.930 GC heap before
{Heap before GC invocations=1 (full 0):
 garbage-first heap   total reserved 2019328K, committed 126976K, used 15680K [0x0000000084c00000, 0x0000000100000000)
  region size 1024K, 15 young (15360K), 2 survivors (2048K)
 Metaspace       used 6178K, committed 6400K, reserved 1114112K
  class space    used 759K, committed 896K, reserved 1048576K
}
Event: 0.935 GC heap after
{Heap after GC invocations=2 (full 0):
 garbage-first heap   total reserved 2019328K, committed 126976K, used 4130K [0x0000000084c00000, 0x0000000100000000)
  region size 1024K, 1 young (1024K), 1 survivors (1024K)
 Metaspace       used 6178K, committed 6400K, reserved 1114112K
  class space    used 759K, committed 896K, reserved 1048576K
}
Event: 1.691 GC heap before
{Heap before GC invocations=2 (full 0):
 garbage-first heap   total reserved 2019328K, committed 126976K, used 37922K [0x0000000084c00000, 0x0000000100000000)
  region size 1024K, 35 young (35840K), 1 survivors (1024K)
 Metaspace       used 11623K, committed 11776K, reserved 1114112K
  class space    used 1448K, committed 1536K, reserved 1048576K
}
Event: 1.698 GC heap after
{Heap after GC invocations=3 (full 0):
 garbage-first heap   total reserved 2019328K, committed 126976K, used 6388K [0x0000000084c00000, 0x0000000100000000)
  region size 1024K, 3 young (3072K), 3 survivors (3072K)
 Metaspace       used 11623K, committed 11776K, reserved 1114112K
  class space    used 1448K, committed 1536K, reserved 1048576K
}
Event: 2.561 GC heap before
{Heap before GC invocations=3 (full 0):
 garbage-first heap   total reserved 2019328K, committed 126976K, used 46324K [0x0000000084c00000, 0x0000000100000000)
  region size 1024K, 42 young (43008K), 3 survivors (3072K)
 Metaspace       used 15809K, committed 16064K, reserved 1114112K
  class space    used 1932K, committed 2048K, reserved 1048576K
}
Event: 2.576 GC heap after
{Heap after GC invocations=4 (full 0):
 garbage-first heap   total reserved 2019328K, committed 126976K, used 11344K [0x0000000084c00000, 0x0000000100000000)
  region size 1024K, 6 young (6144K), 6 survivors (6144K)
 Metaspace       used 15809K, committed 16064K, reserved 1114112K
  class space    used 1932K, committed 2048K, reserved 1048576K
}
Event: 3.324 GC heap before
{Heap before GC invocations=4 (full 0):
 garbage-first heap   total reserved 2019328K, committed 126976K, used 56400K [0x0000000084c00000, 0x0000000100000000)
  region size 1024K, 50 young (51200K), 6 survivors (6144K)
 Metaspace       used 16340K, committed 16640K, reserved 1114112K
  class space    used 1960K, committed 2112K, reserved 1048576K
}
Event: 3.341 GC heap after
{Heap after GC invocations=5 (full 0):
 garbage-first heap   total reserved 2019328K, committed 126976K, used 15348K [0x0000000084c00000, 0x0000000100000000)
  region size 1024K, 4 young (4096K), 4 survivors (4096K)
 Metaspace       used 16340K, committed 16640K, reserved 1114112K
  class space    used 1960K, committed 2112K, reserved 1048576K
}
Event: 4.099 GC heap before
{Heap before GC invocations=5 (full 0):
 garbage-first heap   total reserved 2019328K, committed 126976K, used 75764K [0x0000000084c00000, 0x0000000100000000)
  region size 1024K, 63 young (64512K), 4 survivors (4096K)
 Metaspace       used 16838K, committed 17088K, reserved 1114112K
  class space    used 1962K, committed 2112K, reserved 1048576K
}
Event: 4.109 GC heap after
{Heap after GC invocations=6 (full 0):
 garbage-first heap   total reserved 2019328K, committed 152576K, used 18420K [0x0000000084c00000, 0x0000000100000000)
  region size 1024K, 7 young (7168K), 7 survivors (7168K)
 Metaspace       used 16838K, committed 17088K, reserved 1114112K
  class space    used 1962K, committed 2112K, reserved 1048576K
}
Event: 5.840 GC heap before
{Heap before GC invocations=6 (full 0):
 garbage-first heap   total reserved 2019328K, committed 152576K, used 98292K [0x0000000084c00000, 0x0000000100000000)
  region size 1024K, 81 young (82944K), 7 survivors (7168K)
 Metaspace       used 21080K, committed 21376K, reserved 1114112K
  class space    used 2444K, committed 2560K, reserved 1048576K
}
Event: 5.853 GC heap after
{Heap after GC invocations=7 (full 0):
 garbage-first heap   total reserved 2019328K, committed 152576K, used 27666K [0x0000000084c00000, 0x0000000100000000)
  region size 1024K, 9 young (9216K), 9 survivors (9216K)
 Metaspace       used 21080K, committed 21376K, reserved 1114112K
  class space    used 2444K, committed 2560K, reserved 1048576K
}
Event: 5.880 GC heap before
{Heap before GC invocations=7 (full 0):
 garbage-first heap   total reserved 2019328K, committed 152576K, used 28690K [0x0000000084c00000, 0x0000000100000000)
  region size 1024K, 11 young (11264K), 9 survivors (9216K)
 Metaspace       used 21226K, committed 21504K, reserved 1114112K
  class space    used 2451K, committed 2560K, reserved 1048576K
}
Event: 5.891 GC heap after
{Heap after GC invocations=8 (full 0):
 garbage-first heap   total reserved 2019328K, committed 152576K, used 27105K [0x0000000084c00000, 0x0000000100000000)
  region size 1024K, 2 young (2048K), 2 survivors (2048K)
 Metaspace       used 21226K, committed 21504K, reserved 1114112K
  class space    used 2451K, committed 2560K, reserved 1048576K
}

Dll operation events (8 events):
Event: 0.010 Loaded shared library C:\Program Files\Java\jdk-23\bin\java.dll
Event: 0.054 Loaded shared library C:\Program Files\Java\jdk-23\bin\jsvml.dll
Event: 0.078 Loaded shared library C:\Program Files\Java\jdk-23\bin\net.dll
Event: 0.080 Loaded shared library C:\Program Files\Java\jdk-23\bin\nio.dll
Event: 0.087 Loaded shared library C:\Program Files\Java\jdk-23\bin\zip.dll
Event: 0.277 Loaded shared library C:\Program Files\Java\jdk-23\bin\jimage.dll
Event: 0.280 Loaded shared library C:\Users\Leo\.m2\wrapper\dists\apache-maven-3.9.9\977a63e90f436cd6ade95b4c0e10c20c\lib\jansi-native\Windows\x86_64\jansi.dll
Event: 0.296 Loaded shared library C:\Program Files\Java\jdk-23\bin\verify.dll

Deoptimization events (20 events):
Event: 5.754 Thread 0x00000225a3a324a0 Uncommon trap: trap_request=0xffffff45 fr.pc=0x00000225b5fef230 relative=0x0000000000000190
Event: 5.754 Thread 0x00000225a3a324a0 Uncommon trap: reason=unstable_if action=reinterpret pc=0x00000225b5fef230 method=jdk.internal.util.ArraysSupport.vectorizedHashCode(Ljava/lang/Object;IIII)I @ 2 c2
Event: 5.754 Thread 0x00000225a3a324a0 DEOPT PACKING pc=0x00000225b5fef230 sp=0x000000746cafcba0
Event: 5.754 Thread 0x00000225a3a324a0 DEOPT UNPACKING pc=0x00000225b5aa7982 sp=0x000000746cafcb50 mode 2
Event: 5.758 Thread 0x00000225a3a324a0 DEOPT PACKING pc=0x00000225aee5a558 sp=0x000000746cafcd70
Event: 5.758 Thread 0x00000225a3a324a0 DEOPT UNPACKING pc=0x00000225b5aa84c2 sp=0x000000746cafc218 mode 0
Event: 5.758 Thread 0x00000225a3a324a0 DEOPT PACKING pc=0x00000225aee59ca3 sp=0x000000746cafcaf0
Event: 5.758 Thread 0x00000225a3a324a0 DEOPT UNPACKING pc=0x00000225b5aa84c2 sp=0x000000746cafbf68 mode 0
Event: 5.758 Thread 0x00000225a3a324a0 DEOPT PACKING pc=0x00000225aee5997f sp=0x000000746cafccf0
Event: 5.758 Thread 0x00000225a3a324a0 DEOPT UNPACKING pc=0x00000225b5aa84c2 sp=0x000000746cafc178 mode 0
Event: 5.758 Thread 0x00000225a3a324a0 DEOPT PACKING pc=0x00000225aee5a0b7 sp=0x000000746cafcd90
Event: 5.758 Thread 0x00000225a3a324a0 DEOPT UNPACKING pc=0x00000225b5aa84c2 sp=0x000000746cafc220 mode 0
Event: 5.796 Thread 0x00000225a3a324a0 DEOPT PACKING pc=0x00000225aee656a4 sp=0x000000746cafcc00
Event: 5.796 Thread 0x00000225a3a324a0 DEOPT UNPACKING pc=0x00000225b5aa84c2 sp=0x000000746cafc080 mode 0
Event: 5.796 Thread 0x00000225a3a324a0 DEOPT PACKING pc=0x00000225aee6534c sp=0x000000746cafcc10
Event: 5.796 Thread 0x00000225a3a324a0 DEOPT UNPACKING pc=0x00000225b5aa84c2 sp=0x000000746cafc098 mode 0
Event: 5.853 Thread 0x00000225c21cd920 Uncommon trap: trap_request=0xffffff45 fr.pc=0x00000225b6032bec relative=0x000000000000016c
Event: 5.853 Thread 0x00000225c21cd920 Uncommon trap: reason=unstable_if action=reinterpret pc=0x00000225b6032bec method=java.util.concurrent.locks.ReentrantLock$NonfairSync.initialTryLock()Z @ 25 c2
Event: 5.853 Thread 0x00000225c21cd920 DEOPT PACKING pc=0x00000225b6032bec sp=0x000000746dbff360
Event: 5.853 Thread 0x00000225c21cd920 DEOPT UNPACKING pc=0x00000225b5aa7982 sp=0x000000746dbff300 mode 2

Classes loaded (20 events):
Event: 5.742 Loading class java/nio/file/attribute/FileOwnerAttributeView done
Event: 5.742 Loading class java/nio/file/attribute/AclFileAttributeView done
Event: 5.742 Loading class sun/nio/fs/AbstractAclFileAttributeView done
Event: 5.742 Loading class sun/nio/fs/WindowsAclFileAttributeView done
Event: 5.742 Loading class sun/nio/fs/WindowsSecurity
Event: 5.743 Loading class sun/nio/fs/WindowsSecurity done
Event: 5.747 Loading class java/nio/file/attribute/PosixFileAttributeView
Event: 5.747 Loading class java/nio/file/attribute/PosixFileAttributeView done
Event: 5.803 Loading class java/nio/file/ClosedDirectoryStreamException
Event: 5.803 Loading class java/nio/file/ClosedDirectoryStreamException done
Event: 5.803 Loading class java/nio/file/DirectoryIteratorException
Event: 5.804 Loading class java/nio/file/DirectoryIteratorException done
Event: 5.808 Loading class java/util/TreeMap$KeySpliterator
Event: 5.809 Loading class java/util/TreeMap$TreeMapSpliterator
Event: 5.809 Loading class java/util/TreeMap$TreeMapSpliterator done
Event: 5.809 Loading class java/util/TreeMap$KeySpliterator done
Event: 5.878 Loading class java/util/regex/PatternSyntaxException
Event: 5.879 Loading class java/util/regex/PatternSyntaxException done
Event: 5.879 Loading class java/time/temporal/TemporalAdjusters
Event: 5.879 Loading class java/time/temporal/TemporalAdjusters done

Classes unloaded (0 events):
No events

Classes redefined (0 events):
No events

Internal exceptions (20 events):
Event: 2.180 Thread 0x00000225a3a324a0 Exception <a 'java/lang/NoSuchMethodError'{0x000000008b661a70}: 'void java.lang.invoke.DirectMethodHandle$Holder.invokeVirtual(java.lang.Object, java.lang.Object, int)'> (0x000000008b661a70) 
thrown [s\open\src\hotspot\share\interpreter\linkResolver.cpp, line 796]
Event: 2.181 Thread 0x00000225a3a324a0 Exception <a 'java/lang/NoSuchMethodError'{0x000000008b665888}: 'void java.lang.invoke.DirectMethodHandle$Holder.invokeSpecial(java.lang.Object, java.lang.Object, java.lang.Object, int)'> (0x000000008b665888) 
thrown [s\open\src\hotspot\share\interpreter\linkResolver.cpp, line 796]
Event: 2.181 Thread 0x00000225a3a324a0 Exception <a 'java/lang/NoSuchMethodError'{0x000000008b668f70}: 'void java.lang.invoke.DelegatingMethodHandle$Holder.reinvoke_L(java.lang.Object, java.lang.Object, int)'> (0x000000008b668f70) 
thrown [s\open\src\hotspot\share\interpreter\linkResolver.cpp, line 796]
Event: 2.685 Thread 0x00000225a3a324a0 Exception <a 'java/lang/NoSuchMethodError'{0x000000008bfe4c98}: 'int java.lang.invoke.DirectMethodHandle$Holder.invokeSpecialIFC(java.lang.Object, java.lang.Object, java.lang.Object, java.lang.Object)'> (0x000000008bfe4c98) 
thrown [s\open\src\hotspot\share\interpreter\linkResolver.cpp, line 796]
Event: 4.460 Thread 0x00000225a3a324a0 Implicit null exception at 0x00000225b61711e8 to 0x00000225b61713b0
Event: 4.460 Thread 0x00000225a3a324a0 Implicit null exception at 0x00000225b613cbe8 to 0x00000225b613cdb4
Event: 4.460 Thread 0x00000225a3a324a0 Implicit null exception at 0x00000225b605811d to 0x00000225b605819d
Event: 4.629 Thread 0x00000225a3a324a0 Implicit null exception at 0x00000225b610f41d to 0x00000225b610f48e
Event: 4.630 Thread 0x00000225a3a324a0 Exception <a 'java/lang/NoSuchMethodError'{0x000000008c002fa8}: 'java.lang.Object java.lang.invoke.DirectMethodHandle$Holder.newInvokeSpecial(java.lang.Object, java.lang.Object, java.lang.Object, java.lang.Object, java.lang.Object, java.lang.Object, java.lang.Object)'> (0x000000008c002fa8) 
thrown [s\open\src\hotspot\share\interpreter\linkResolver.cpp, line 796]
Event: 4.683 Thread 0x00000225a3a324a0 Implicit null exception at 0x00000225b6174547 to 0x00000225b6174d2c
Event: 4.690 Thread 0x00000225a3a324a0 Exception <a 'java/lang/NoSuchMethodError'{0x000000008be9faa0}: 'int java.lang.invoke.DirectMethodHandle$Holder.invokeVirtual(java.lang.Object, java.lang.Object)'> (0x000000008be9faa0) 
thrown [s\open\src\hotspot\share\interpreter\linkResolver.cpp, line 796]
Event: 4.707 Thread 0x00000225a3a324a0 Implicit null exception at 0x00000225b6141fb9 to 0x00000225b614277a
Event: 4.728 Thread 0x00000225a3a324a0 Exception <a 'java/lang/NoSuchMethodError'{0x000000008bc08680}: 'void java.lang.invoke.Invokers$Holder.invokeExact_MT(java.lang.Object, java.lang.Object, int, java.lang.Object)'> (0x000000008bc08680) 
thrown [s\open\src\hotspot\share\interpreter\linkResolver.cpp, line 796]
Event: 4.734 Thread 0x00000225a3a324a0 Exception <a 'java/lang/NoSuchMethodError'{0x000000008bc3e630}: 'void java.lang.invoke.DirectMethodHandle$Holder.invokeInterface(java.lang.Object, java.lang.Object, java.lang.Object)'> (0x000000008bc3e630) 
thrown [s\open\src\hotspot\share\interpreter\linkResolver.cpp, line 796]
Event: 5.300 Thread 0x00000225a3a324a0 Exception <a 'sun/nio/fs/WindowsException'{0x000000008a845330}> (0x000000008a845330) 
thrown [s\open\src\hotspot\share\prims\jni.cpp, line 520]
Event: 5.310 Thread 0x00000225a3a324a0 Exception <a 'java/lang/IncompatibleClassChangeError'{0x000000008a878228}: Found class java.lang.Object, but interface was expected> (0x000000008a878228) 
thrown [s\open\src\hotspot\share\interpreter\linkResolver.cpp, line 863]
Event: 5.450 Thread 0x00000225a3a324a0 Exception <a 'java/lang/NoSuchMethodError'{0x000000008a7f82f0}: 'int java.lang.invoke.DirectMethodHandle$Holder.invokeInterface(java.lang.Object, java.lang.Object)'> (0x000000008a7f82f0) 
thrown [s\open\src\hotspot\share\interpreter\linkResolver.cpp, line 796]
Event: 5.732 Thread 0x00000225a3a324a0 Exception <a 'java/lang/NoSuchMethodError'{0x0000000089e80518}: 'int java.lang.invoke.DirectMethodHandle$Holder.invokeVirtual(java.lang.Object, java.lang.Object, java.lang.Object)'> (0x0000000089e80518) 
thrown [s\open\src\hotspot\share\interpreter\linkResolver.cpp, line 796]
Event: 5.734 Thread 0x00000225a3a324a0 Exception <a 'java/lang/NoSuchMethodError'{0x0000000089e8d590}: 'int java.lang.invoke.DirectMethodHandle$Holder.invokeStaticInit(java.lang.Object, java.lang.Object, java.lang.Object)'> (0x0000000089e8d590) 
thrown [s\open\src\hotspot\share\interpreter\linkResolver.cpp, line 796]
Event: 5.879 Thread 0x00000225a3a324a0 Exception <a 'java/lang/NoSuchMethodError'{0x000000008dfbe7f0}: 'java.lang.Object java.lang.invoke.DirectMethodHandle$Holder.invokeStatic(java.lang.Object, int, java.lang.Object)'> (0x000000008dfbe7f0) 
thrown [s\open\src\hotspot\share\interpreter\linkResolver.cpp, line 796]

VM Operations (20 events):
Event: 5.301 Executing VM operation: HandshakeAllThreads (Deoptimize)
Event: 5.301 Executing VM operation: HandshakeAllThreads (Deoptimize) done
Event: 5.349 Executing VM operation: HandshakeAllThreads (Deoptimize)
Event: 5.349 Executing VM operation: HandshakeAllThreads (Deoptimize) done
Event: 5.447 Executing VM operation: HandshakeAllThreads (Deoptimize)
Event: 5.447 Executing VM operation: HandshakeAllThreads (Deoptimize) done
Event: 5.457 Executing VM operation: HandshakeAllThreads (Deoptimize)
Event: 5.457 Executing VM operation: HandshakeAllThreads (Deoptimize) done
Event: 5.737 Executing VM operation: HandshakeAllThreads (Deoptimize)
Event: 5.737 Executing VM operation: HandshakeAllThreads (Deoptimize) done
Event: 5.740 Executing VM operation: HandshakeAllThreads (Deoptimize)
Event: 5.740 Executing VM operation: HandshakeAllThreads (Deoptimize) done
Event: 5.745 Executing VM operation: HandshakeAllThreads (Deoptimize)
Event: 5.745 Executing VM operation: HandshakeAllThreads (Deoptimize) done
Event: 5.747 Executing VM operation: HandshakeAllThreads (Deoptimize)
Event: 5.747 Executing VM operation: HandshakeAllThreads (Deoptimize) done
Event: 5.840 Executing VM operation: G1CollectForAllocation (G1 Evacuation Pause)
Event: 5.853 Executing VM operation: G1CollectForAllocation (G1 Evacuation Pause) done
Event: 5.880 Executing VM operation: CollectForMetadataAllocation (Metadata GC Threshold)
Event: 5.891 Executing VM operation: CollectForMetadataAllocation (Metadata GC Threshold) done

Memory protections (0 events):
No events

Nmethod flushes (0 events):
No events

Events (14 events):
Event: 0.031 Thread 0x00000225a3a324a0 Thread added: 0x00000225a3a324a0
Event: 0.051 Thread 0x00000225a3a324a0 Thread added: 0x00000225c206b6a0
Event: 0.051 Thread 0x00000225a3a324a0 Thread added: 0x00000225c206c550
Event: 0.051 Thread 0x00000225a3a324a0 Thread added: 0x00000225c2071b90
Event: 0.052 Thread 0x00000225a3a324a0 Thread added: 0x00000225c20726e0
Event: 0.052 Thread 0x00000225a3a324a0 Thread added: 0x00000225c20739d0
Event: 0.052 Thread 0x00000225a3a324a0 Thread added: 0x00000225c2075cd0
Event: 0.052 Thread 0x00000225a3a324a0 Thread added: 0x00000225c207a7f0
Event: 0.052 Thread 0x00000225a3a324a0 Thread added: 0x00000225c207c2b0
Event: 0.072 Thread 0x00000225a3a324a0 Thread added: 0x00000225c21ca5d0
Event: 0.075 Thread 0x00000225a3a324a0 Thread added: 0x00000225c21cd920
Event: 0.276 Thread 0x00000225a3a324a0 Thread added: 0x00000225c2463520
Event: 0.535 Thread 0x00000225c2463520 Thread exited: 0x00000225c2463520
Event: 2.000 Thread 0x00000225a3a324a0 Thread added: 0x000002260846b330


Dynamic libraries:
0x00007ff63b260000 - 0x00007ff63b270000 	C:\Program Files\Java\jdk-23\bin\java.exe
0x00007ff85b990000 - 0x00007ff85bba7000 	C:\WINDOWS\SYSTEM32\ntdll.dll
0x00007ff859e80000 - 0x00007ff859f44000 	C:\WINDOWS\System32\KERNEL32.DLL
0x00007ff858ff0000 - 0x00007ff8593c3000 	C:\WINDOWS\System32\KERNELBASE.dll
0x00007ff859400000 - 0x00007ff859511000 	C:\WINDOWS\System32\ucrtbase.dll
0x00007ff84fc10000 - 0x00007ff84fc27000 	C:\Program Files\Java\jdk-23\bin\jli.dll
0x00007ff84c010000 - 0x00007ff84c02b000 	C:\Program Files\Java\jdk-23\bin\VCRUNTIME140.dll
0x00007ff85a050000 - 0x00007ff85a201000 	C:\WINDOWS\System32\USER32.dll
0x00007ff858e50000 - 0x00007ff858e76000 	C:\WINDOWS\System32\win32u.dll
0x00007ff83fc10000 - 0x00007ff83feab000 	C:\WINDOWS\WinSxS\amd64_microsoft.windows.common-controls_6595b64144ccf1df_6.0.22621.5262_none_2712bde373830908\COMCTL32.dll
0x00007ff859cd0000 - 0x00007ff859cf9000 	C:\WINDOWS\System32\GDI32.dll
0x00007ff859ae0000 - 0x00007ff859b87000 	C:\WINDOWS\System32\msvcrt.dll
0x00007ff858b20000 - 0x00007ff858c42000 	C:\WINDOWS\System32\gdi32full.dll
0x00007ff858a80000 - 0x00007ff858b1a000 	C:\WINDOWS\System32\msvcp_win.dll
0x00007ff85b7d0000 - 0x00007ff85b801000 	C:\WINDOWS\System32\IMM32.DLL
0x00007ff850630000 - 0x00007ff85063c000 	C:\Program Files\Java\jdk-23\bin\vcruntime140_1.dll
0x00007ff82f0f0000 - 0x00007ff82f17e000 	C:\Program Files\Java\jdk-23\bin\msvcp140.dll
0x00007fffde380000 - 0x00007fffdf0cf000 	C:\Program Files\Java\jdk-23\bin\server\jvm.dll
0x00007ff859dc0000 - 0x00007ff859e71000 	C:\WINDOWS\System32\ADVAPI32.dll
0x00007ff859740000 - 0x00007ff8597e7000 	C:\WINDOWS\System32\sechost.dll
0x00007ff8593d0000 - 0x00007ff8593f8000 	C:\WINDOWS\System32\bcrypt.dll
0x00007ff859bb0000 - 0x00007ff859cc4000 	C:\WINDOWS\System32\RPCRT4.dll
0x00007ff859f70000 - 0x00007ff859fe1000 	C:\WINDOWS\System32\WS2_32.dll
0x00007ff858390000 - 0x00007ff8583dd000 	C:\WINDOWS\SYSTEM32\POWRPROF.dll
0x00007ff84fb10000 - 0x00007ff84fb44000 	C:\WINDOWS\SYSTEM32\WINMM.dll
0x00007ff84a4e0000 - 0x00007ff84a4ea000 	C:\WINDOWS\SYSTEM32\VERSION.dll
0x00007ff858370000 - 0x00007ff858383000 	C:\WINDOWS\SYSTEM32\UMPDC.dll
0x00007ff857a80000 - 0x00007ff857a98000 	C:\WINDOWS\SYSTEM32\kernel.appcore.dll
0x00007ff84fc80000 - 0x00007ff84fc8a000 	C:\Program Files\Java\jdk-23\bin\jimage.dll
0x00007ff856470000 - 0x00007ff8566a2000 	C:\WINDOWS\SYSTEM32\DBGHELP.DLL
0x00007ff85a3e0000 - 0x00007ff85a773000 	C:\WINDOWS\System32\combase.dll
0x00007ff85a7f0000 - 0x00007ff85a8c7000 	C:\WINDOWS\System32\OLEAUT32.dll
0x00007ff848ac0000 - 0x00007ff848af2000 	C:\WINDOWS\SYSTEM32\dbgcore.DLL
0x00007ff859520000 - 0x00007ff85959b000 	C:\WINDOWS\System32\bcryptPrimitives.dll
0x00007ff841750000 - 0x00007ff84176e000 	C:\Program Files\Java\jdk-23\bin\java.dll
0x00007ff859880000 - 0x00007ff859a21000 	C:\WINDOWS\System32\ole32.dll
0x00007ff85a8d0000 - 0x00007ff85b16d000 	C:\WINDOWS\System32\SHELL32.dll
0x00007ff858c50000 - 0x00007ff858d8f000 	C:\WINDOWS\System32\wintypes.dll
0x00007ff856970000 - 0x00007ff85728d000 	C:\WINDOWS\SYSTEM32\windows.storage.dll
0x00007ff85b840000 - 0x00007ff85b94b000 	C:\WINDOWS\System32\SHCORE.dll
0x00007ff859d50000 - 0x00007ff859db6000 	C:\WINDOWS\System32\shlwapi.dll
0x00007ff8589b0000 - 0x00007ff8589db000 	C:\WINDOWS\SYSTEM32\profapi.dll
0x00007ff82ef20000 - 0x00007ff82eff7000 	C:\Program Files\Java\jdk-23\bin\jsvml.dll
0x00007ff84fc00000 - 0x00007ff84fc10000 	C:\Program Files\Java\jdk-23\bin\net.dll
0x00007ff857ef0000 - 0x00007ff857f5a000 	C:\WINDOWS\system32\mswsock.dll
0x00007ff8416e0000 - 0x00007ff8416f6000 	C:\Program Files\Java\jdk-23\bin\nio.dll
0x00007ff840570000 - 0x00007ff840587000 	C:\Program Files\Java\jdk-23\bin\zip.dll
0x00007ff835900000 - 0x00007ff835924000 	C:\Users\Leo\.m2\wrapper\dists\apache-maven-3.9.9\977a63e90f436cd6ade95b4c0e10c20c\lib\jansi-native\Windows\x86_64\jansi.dll
0x00007ff84fba0000 - 0x00007ff84fbb0000 	C:\Program Files\Java\jdk-23\bin\verify.dll

dbghelp: loaded successfully - version: 4.0.5 - missing functions: none
symbol engine: initialized successfully - sym options: 0x614 - pdb path: .;C:\Program Files\Java\jdk-23\bin;C:\WINDOWS\SYSTEM32;C:\WINDOWS\WinSxS\amd64_microsoft.windows.common-controls_6595b64144ccf1df_6.0.22621.5262_none_2712bde373830908;C:\Program Files\Java\jdk-23\bin\server;C:\Users\Leo\.m2\wrapper\dists\apache-maven-3.9.9\977a63e90f436cd6ade95b4c0e10c20c\lib\jansi-native\Windows\x86_64

VM Arguments:
jvm_args: -Dclassworlds.conf=C:\Users\Leo\.m2\wrapper\dists\apache-maven-3.9.9\977a63e90f436cd6ade95b4c0e10c20c\bin\m2.conf -Dmaven.home=C:\Users\Leo\.m2\wrapper\dists\apache-maven-3.9.9\977a63e90f436cd6ade95b4c0e10c20c -Dlibrary.jansi.path=C:\Users\Leo\.m2\wrapper\dists\apache-maven-3.9.9\977a63e90f436cd6ade95b4c0e10c20c\lib\jansi-native -Dmaven.multiModuleProjectDirectory=D:\SuperSorteo\rifa 
java_command: org.codehaus.plexus.classworlds.launcher.Launcher clean package -DskipTests
java_class_path (initial): C:\Users\Leo\.m2\wrapper\dists\apache-maven-3.9.9\977a63e90f436cd6ade95b4c0e10c20c\boot\plexus-classworlds-2.8.0.jar
Launcher Type: SUN_STANDARD

[Global flags]
     intx CICompilerCount                          = 3                                         {product} {ergonomic}
     uint ConcGCThreads                            = 1                                         {product} {ergonomic}
     uint G1ConcRefinementThreads                  = 4                                         {product} {ergonomic}
   size_t G1HeapRegionSize                         = 1048576                                   {product} {ergonomic}
   size_t InitialHeapSize                          = 130023424                                 {product} {ergonomic}
   size_t MarkStackSize                            = 4194304                                   {product} {ergonomic}
   size_t MarkStackSizeMax                         = 536870912                                 {product} {ergonomic}
   size_t MaxHeapSize                              = 2067791872                                {product} {ergonomic}
   size_t MaxNewSize                               = 1240465408                                {product} {ergonomic}
   size_t MinHeapDeltaBytes                        = 1048576                                   {product} {ergonomic}
   size_t MinHeapSize                              = 8388608                                   {product} {ergonomic}
    uintx NonNMethodCodeHeapSize                   = 5832704                                {pd product} {ergonomic}
    uintx NonProfiledCodeHeapSize                  = 122945536                              {pd product} {ergonomic}
    uintx ProfiledCodeHeapSize                     = 122880000                              {pd product} {ergonomic}
    uintx ReservedCodeCacheSize                    = 251658240                              {pd product} {ergonomic}
     bool SegmentedCodeCache                       = true                                      {product} {ergonomic}
   size_t SoftMaxHeapSize                          = 2067791872                             {manageable} {ergonomic}
     bool UseCompressedOops                        = true                           {product lp64_product} {ergonomic}
     bool UseG1GC                                  = true                                      {product} {ergonomic}
     bool UseLargePagesIndividualAllocation        = false                                  {pd product} {ergonomic}

Logging:
Log output configuration:
 #0: stdout all=warning uptime,level,tags foldmultilines=false
 #1: stderr all=off uptime,level,tags foldmultilines=false

Environment Variables:
PATH=C:\Program Files\Common Files\Oracle\Java\javapath;C:\WINDOWS\system32;C:\WINDOWS;C:\WINDOWS\System32\Wbem;C:\WINDOWS\System32\WindowsPowerShell\v1.0\;C:\WINDOWS\System32\OpenSSH\;D:\Programas\;C:\Program Files (x86)\Microsoft SQL Server\160\Tools\Binn\;C:\Program Files\Microsoft SQL Server\160\Tools\Binn\;C:\Program Files\Microsoft SQL Server\Client SDK\ODBC\170\Tools\Binn\;C:\Program Files\Microsoft SQL Server\160\DTS\Binn\;C:\Program Files (x86)\Microsoft SQL Server\160\DTS\Binn\;C:\Program Files\Microsoft SQL Server\150\Tools\Binn\;C:\Program Files\dotnet\;C:\Program Files\Git\cmd;D:\JAVA\apache-maven-3.9.9\bin;C:\Program Files\MySQL\MySQL Server 9.1\bin;;C:\Program Files\Docker\Docker\resources\bin;C:\ProgramData\chocolatey\bin;C:\Users\Leo\AppData\Local\Microsoft\WindowsApps;C:\Users\Leo\AppData\Roaming\npm;C:\Users\Leo\AppData\Local\Programs\Microsoft VS Code\bin;C:\Users\Leo\.dotnet\tools;C:\Program Files\Cloudflare;C:\Users\Leo\AppData\Local\Programs\Python\Python313\Scripts\;C:\Users\Leo\AppData\Local\Programs\Python\Python313\;C:\Users\Leo\AppData\Local\Programs\Python\Launcher\;C:\Users\Leo\AppData\Local\Microsoft\WindowsApps;C:\Users\Leo\AppData\Roaming\npm;C:\Users\Leo\AppData\Local\Programs\Microsoft VS Code\bin;C:\Users\Leo\.dotnet\tools
USERNAME=Leo
OS=Windows_NT
PROCESSOR_IDENTIFIER=Intel64 Family 6 Model 140 Stepping 1, GenuineIntel
TMP=C:\Users\Leo\AppData\Local\Temp
TEMP=C:\Users\Leo\AppData\Local\Temp




Periodic native trim disabled

---------------  S Y S T E M  ---------------

OS:
 Windows 11 , 64 bit Build 22621 (10.0.22621.5262)
OS uptime: 3 days 20:00 hours
Hyper-V role detected

CPU: total 4 (initial active 4) (2 cores per cpu, 2 threads per core) family 6 model 140 stepping 1 microcode 0xa6, cx8, cmov, fxsr, ht, mmx, 3dnowpref, sse, sse2, sse3, ssse3, sse4.1, sse4.2, popcnt, lzcnt, tsc, tscinvbit, avx, avx2, aes, erms, clmul, bmi1, bmi2, adx, avx512f, avx512dq, avx512cd, avx512bw, avx512vl, sha, fma, vzeroupper, avx512_vpopcntdq, avx512_vpclmulqdq, avx512_vaes, avx512_vnni, clflush, clflushopt, clwb, avx512_vbmi2, avx512_vbmi, hv, rdtscp, rdpid, fsrm, gfni, avx512_bitalg, f16c, cet_ibt, cet_ss, avx512_ifma
Processor Information for processor 0
  Max Mhz: 2995, Current Mhz: 998, Mhz Limit: 2995
Processor Information for processor 1
  Max Mhz: 2995, Current Mhz: 998, Mhz Limit: 2995
Processor Information for processor 2
  Max Mhz: 2995, Current Mhz: 2995, Mhz Limit: 2995
Processor Information for processor 3
  Max Mhz: 2995, Current Mhz: 2995, Mhz Limit: 2995

Memory: 4k page, system-wide physical 7886M (302M free)
TotalPageFile size 20190M (AvailPageFile size 63M)
current process WorkingSet (physical memory assigned to process): 170M, peak: 224M
current process commit charge ("private bytes"): 226M, peak: 285M

vm_info: Java HotSpot(TM) 64-Bit Server VM (23.0.1+11-39) for windows-amd64 JRE (23.0.1+11-39), built on 2024-09-30T07:20:43Z with MS VC++ 17.6 (VS2022)

END.
