#
# There is insufficient memory for the Java Runtime Environment to continue.
# Native memory allocation (mmap) failed to map 130023424 bytes. Error detail: G1 virtual space
# Possible reasons:
#   The system is out of physical RAM or swap space
#   This process is running with CompressedOops enabled, and the Java Heap may be blocking the growth of the native heap
# Possible solutions:
#   Reduce memory load on the system
#   Increase physical memory or swap space
#   Check if swap backing store is full
#   Decrease Java heap size (-Xmx/-Xms)
#   Decrease number of Java threads
#   Decrease Java thread stack sizes (-Xss)
#   Set larger code cache with -XX:ReservedCodeCacheSize=
#   JVM is running with Unscaled Compressed Oops mode in which the Java heap is
#     placed in the first 4GB address space. The Java Heap base address is the
#     maximum limit for the native heap growth. Please use -XX:HeapBaseMinAddress
#     to set the Java Heap base and to place the Java Heap above 4GB virtual address.
# This output file may be truncated or incomplete.
#
#  Out of Memory Error (os_windows.cpp:3828), pid=4976, tid=2396
#
# JRE version:  (21.0.4+13) (build )
# Java VM: OpenJDK 64-Bit Server VM (21.0.4+13-b509.17, mixed mode, sharing, tiered, compressed oops, compressed class ptrs, g1 gc, windows-amd64)
# No core dump will be written. Minidumps are not enabled by default on client versions of Windows
#

---------------  S U M M A R Y ------------

Command Line: git4idea.http.GitAskPassApp Username for 'https://github.com': 

Host: 11th Gen Intel(R) Core(TM) i3-1115G4 @ 3.00GHz, 4 cores, 7G,  Windows 11 , 64 bit Build 22621 (10.0.22621.5262)
Time: Mon Nov 17 12:39:34 2025 Hora estándar de Cuba elapsed time: 0.026426 seconds (0d 0h 0m 0s)

---------------  T H R E A D  ---------------

Current thread (0x000001a56f6943a0):  JavaThread "Unknown thread" [_thread_in_vm, id=2396, stack(0x000000970e600000,0x000000970e700000) (1024K)]

Stack: [0x000000970e600000,0x000000970e700000]
Native frames: (J=compiled Java code, j=interpreted, Vv=VM code, C=native code)
V  [jvm.dll+0x6e36d9]
V  [jvm.dll+0x8c0bd3]
V  [jvm.dll+0x8c312e]
V  [jvm.dll+0x8c3813]
V  [jvm.dll+0x288256]
V  [jvm.dll+0x6dfe65]
V  [jvm.dll+0x6d433a]
V  [jvm.dll+0x36209b]
V  [jvm.dll+0x369c46]
V  [jvm.dll+0x3bbd76]
V  [jvm.dll+0x3bc048]
V  [jvm.dll+0x33485c]
V  [jvm.dll+0x33554b]
V  [jvm.dll+0x888039]
V  [jvm.dll+0x3c8ea8]
V  [jvm.dll+0x8711d8]
V  [jvm.dll+0x45d85e]
V  [jvm.dll+0x45f541]
C  [jli.dll+0x52ab]
C  [ucrtbase.dll+0x29333]
C  [KERNEL32.DLL+0x1259d]
C  [ntdll.dll+0x5af58]


---------------  P R O C E S S  ---------------

Threads class SMR info:
_java_thread_list=0x00007fffdbbd2108, length=0, elements={
}

Java Threads: ( => current thread )
Total: 0

Other Threads:
  0x000001a57196fe50 WorkerThread "GC Thread#0"                     [id=9784, stack(0x000000970e700000,0x000000970e800000) (1024K)]
  0x000001a571980e00 ConcurrentGCThread "G1 Main Marker"            [id=10320, stack(0x000000970e800000,0x000000970e900000) (1024K)]
  0x000001a571981900 WorkerThread "G1 Conc#0"                       [id=17464, stack(0x000000970e900000,0x000000970ea00000) (1024K)]

[error occurred during error reporting (printing all threads), id 0xc0000005, EXCEPTION_ACCESS_VIOLATION (0xc0000005) at pc=0x00007fffdb2c7917]
VM state: not at safepoint (not fully initialized)

VM Mutex/Monitor currently owned by a thread:  ([mutex/lock_event])
[0x00007fffdbc46a48] Heap_lock - owner thread: 0x000001a56f6943a0

Heap address: 0x0000000084c00000, size: 1972 MB, Compressed Oops mode: 32-bit

CDS archive(s) mapped at: [0x0000000000000000-0x0000000000000000-0x0000000000000000), size 0, SharedBaseAddress: 0x0000000800000000, ArchiveRelocationMode: 1.
Narrow klass base: 0x0000000000000000, Narrow klass shift: 0, Narrow klass range: 0x0

GC Precious Log:
 CardTable entry size: 512
 Card Set container configuration: InlinePtr #cards 5 size 8 Array Of Cards #cards 12 size 40 Howl #buckets 4 coarsen threshold 1843 Howl Bitmap #cards 512 size 80 coarsen threshold 460 Card regions per heap region 1 cards per card region 2048

Heap:
 garbage-first heap   total 0K, used 0K [0x0000000084c00000, 0x0000000100000000)
  region size 1024K, 0 young (0K), 0 survivors (0K)
 Metaspace       used 0K, committed 0K, reserved 0K
  class space    used 0K, committed 0K, reserved 0K

Heap Regions: E=young(eden), S=young(survivor), O=old, HS=humongous(starts), HC=humongous(continues), CS=collection set, F=free, TAMS=top-at-mark-start, PB=parsable bottom

Card table byte_map: [0x000001a575c10000,0x000001a575ff0000] _byte_map_base: 0x000001a5757ea000

Marking Bits: (CMBitMap*) 0x000001a571970550
 Bits: [0x000001a575ff0000, 0x000001a577ec0000)

GC Heap History (0 events):
No events

Dll operation events (1 events):
Event: 0.015 Loaded shared library C:\Program Files\JetBrains\IntelliJ IDEA Community Edition 2024.2.3\jbr\bin\java.dll

Deoptimization events (0 events):
No events

Classes loaded (0 events):
No events

Classes unloaded (0 events):
No events

Classes redefined (0 events):
No events

Internal exceptions (0 events):
No events

ZGC Phase Switch (0 events):
No events

VM Operations (0 events):
No events

Memory protections (0 events):
No events

Nmethod flushes (0 events):
No events

Events (0 events):
No events


Dynamic libraries:
0x00007ff6e1770000 - 0x00007ff6e177a000 	C:\Program Files\JetBrains\IntelliJ IDEA Community Edition 2024.2.3\jbr\bin\java.exe
0x00007ff85b990000 - 0x00007ff85bba7000 	C:\WINDOWS\SYSTEM32\ntdll.dll
0x00007ff859e80000 - 0x00007ff859f44000 	C:\WINDOWS\System32\KERNEL32.DLL
0x00007ff858ff0000 - 0x00007ff8593c3000 	C:\WINDOWS\System32\KERNELBASE.dll
0x00007ff859400000 - 0x00007ff859511000 	C:\WINDOWS\System32\ucrtbase.dll
0x00007ff848480000 - 0x00007ff84849b000 	C:\Program Files\JetBrains\IntelliJ IDEA Community Edition 2024.2.3\jbr\bin\VCRUNTIME140.dll
0x00007ff831850000 - 0x00007ff831868000 	C:\Program Files\JetBrains\IntelliJ IDEA Community Edition 2024.2.3\jbr\bin\jli.dll
0x00007ff85a050000 - 0x00007ff85a201000 	C:\WINDOWS\System32\USER32.dll
0x00007ff858e50000 - 0x00007ff858e76000 	C:\WINDOWS\System32\win32u.dll
0x00007ff83fc10000 - 0x00007ff83feab000 	C:\WINDOWS\WinSxS\amd64_microsoft.windows.common-controls_6595b64144ccf1df_6.0.22621.5262_none_2712bde373830908\COMCTL32.dll
0x00007ff859cd0000 - 0x00007ff859cf9000 	C:\WINDOWS\System32\GDI32.dll
0x00007ff858b20000 - 0x00007ff858c42000 	C:\WINDOWS\System32\gdi32full.dll
0x00007ff859ae0000 - 0x00007ff859b87000 	C:\WINDOWS\System32\msvcrt.dll
0x00007ff858a80000 - 0x00007ff858b1a000 	C:\WINDOWS\System32\msvcp_win.dll
0x00007ff85b7d0000 - 0x00007ff85b801000 	C:\WINDOWS\System32\IMM32.DLL
0x00007ff84fb90000 - 0x00007ff84fb9c000 	C:\Program Files\JetBrains\IntelliJ IDEA Community Edition 2024.2.3\jbr\bin\vcruntime140_1.dll
0x00007ff817970000 - 0x00007ff8179fd000 	C:\Program Files\JetBrains\IntelliJ IDEA Community Edition 2024.2.3\jbr\bin\msvcp140.dll
0x00007fffdaf80000 - 0x00007fffdbd37000 	C:\Program Files\JetBrains\IntelliJ IDEA Community Edition 2024.2.3\jbr\bin\server\jvm.dll
0x00007ff859dc0000 - 0x00007ff859e71000 	C:\WINDOWS\System32\ADVAPI32.dll
0x00007ff859740000 - 0x00007ff8597e7000 	C:\WINDOWS\System32\sechost.dll
0x00007ff8593d0000 - 0x00007ff8593f8000 	C:\WINDOWS\System32\bcrypt.dll
0x00007ff859bb0000 - 0x00007ff859cc4000 	C:\WINDOWS\System32\RPCRT4.dll
0x00007ff859f70000 - 0x00007ff859fe1000 	C:\WINDOWS\System32\WS2_32.dll
0x00007ff84fb10000 - 0x00007ff84fb44000 	C:\WINDOWS\SYSTEM32\WINMM.dll
0x00007ff84a4e0000 - 0x00007ff84a4ea000 	C:\WINDOWS\SYSTEM32\VERSION.dll
0x00007ff858390000 - 0x00007ff8583dd000 	C:\WINDOWS\SYSTEM32\POWRPROF.dll
0x00007ff858370000 - 0x00007ff858383000 	C:\WINDOWS\SYSTEM32\UMPDC.dll
0x00007ff857a80000 - 0x00007ff857a98000 	C:\WINDOWS\SYSTEM32\kernel.appcore.dll
0x00007ff841e30000 - 0x00007ff841e3a000 	C:\Program Files\JetBrains\IntelliJ IDEA Community Edition 2024.2.3\jbr\bin\jimage.dll
0x00007ff856470000 - 0x00007ff8566a2000 	C:\WINDOWS\SYSTEM32\DBGHELP.DLL
0x00007ff85a3e0000 - 0x00007ff85a773000 	C:\WINDOWS\System32\combase.dll
0x00007ff85a7f0000 - 0x00007ff85a8c7000 	C:\WINDOWS\System32\OLEAUT32.dll
0x00007ff848ac0000 - 0x00007ff848af2000 	C:\WINDOWS\SYSTEM32\dbgcore.DLL
0x00007ff859520000 - 0x00007ff85959b000 	C:\WINDOWS\System32\bcryptPrimitives.dll
0x00007ff841e10000 - 0x00007ff841e2f000 	C:\Program Files\JetBrains\IntelliJ IDEA Community Edition 2024.2.3\jbr\bin\java.dll

dbghelp: loaded successfully - version: 4.0.5 - missing functions: none
symbol engine: initialized successfully - sym options: 0x614 - pdb path: .;C:\Program Files\JetBrains\IntelliJ IDEA Community Edition 2024.2.3\jbr\bin;C:\WINDOWS\SYSTEM32;C:\WINDOWS\WinSxS\amd64_microsoft.windows.common-controls_6595b64144ccf1df_6.0.22621.5262_none_2712bde373830908;C:\Program Files\JetBrains\IntelliJ IDEA Community Edition 2024.2.3\jbr\bin\server

VM Arguments:
java_command: git4idea.http.GitAskPassApp Username for 'https://github.com': 
java_class_path (initial): C:/Program Files/JetBrains/IntelliJ IDEA Community Edition 2024.2.3/plugins/vcs-git/lib/git4idea-rt.jar;C:/Program Files/JetBrains/IntelliJ IDEA Community Edition 2024.2.3/lib/externalProcess-rt.jar
Launcher Type: SUN_STANDARD

[Global flags]
     intx CICompilerCount                          = 3                                         {product} {ergonomic}
     uint ConcGCThreads                            = 1                                         {product} {ergonomic}
     uint G1ConcRefinementThreads                  = 4                                         {product} {ergonomic}
   size_t G1HeapRegionSize                         = 1048576                                   {product} {ergonomic}
    uintx GCDrainStackTargetSize                   = 64                                        {product} {ergonomic}
   size_t InitialHeapSize                          = 130023424                                 {product} {ergonomic}
   size_t MarkStackSize                            = 4194304                                   {product} {ergonomic}
   size_t MaxHeapSize                              = 2067791872                                {product} {ergonomic}
   size_t MinHeapDeltaBytes                        = 1048576                                   {product} {ergonomic}
   size_t MinHeapSize                              = 8388608                                   {product} {ergonomic}
    uintx NonNMethodCodeHeapSize                   = 5832780                                {pd product} {ergonomic}
    uintx NonProfiledCodeHeapSize                  = 122912730                              {pd product} {ergonomic}
    uintx ProfiledCodeHeapSize                     = 122912730                              {pd product} {ergonomic}
    uintx ReservedCodeCacheSize                    = 251658240                              {pd product} {ergonomic}
     bool SegmentedCodeCache                       = true                                      {product} {ergonomic}
   size_t SoftMaxHeapSize                          = 2067791872                             {manageable} {ergonomic}
     bool UseCompressedOops                        = true                           {product lp64_product} {ergonomic}
     bool UseG1GC                                  = true                                      {product} {ergonomic}
     bool UseLargePagesIndividualAllocation        = false                                  {pd product} {ergonomic}

Logging:
Log output configuration:
 #0: stdout all=warning uptime,level,tags foldmultilines=false
 #1: stderr all=off uptime,level,tags foldmultilines=false

Environment Variables:
PATH=C:\Program Files\Git\mingw64\libexec\git-core;C:\Program Files\Git\mingw64\libexec\git-core;C:\Program Files\Git\mingw64\bin;C:\Program Files\Git\usr\bin;C:\Users\Leo\bin;C:\Program Files\Common Files\Oracle\Java\javapath;C:\WINDOWS\system32;C:\WINDOWS;C:\WINDOWS\System32\Wbem;C:\WINDOWS\System32\WindowsPowerShell\v1.0;C:\WINDOWS\System32\OpenSSH;D:\Programas;C:\Program Files (x86)\Microsoft SQL Server\160\Tools\Binn;C:\Program Files\Microsoft SQL Server\160\Tools\Binn;C:\Program Files\Microsoft SQL Server\Client SDK\ODBC\170\Tools\Binn;C:\Program Files\Microsoft SQL Server\160\DTS\Binn;C:\Program Files (x86)\Microsoft SQL Server\160\DTS\Binn;C:\Program Files\Microsoft SQL Server\150\Tools\Binn;C:\Program Files\dotnet;C:\Program Files\Git\cmd;D:\JAVA\apache-maven-3.9.9\bin;C:\Program Files\MySQL\MySQL Server 9.1\bin;C:\Program Files\Docker\Docker\resources\bin;C:\ProgramData\chocolatey\bin;C:\Users\Leo\AppData\Local\Microsoft\WindowsApps;C:\Users\Leo\AppData\Roaming\npm;C:\Users\Leo\AppData\Local\Programs\Microsoft VS Code\bin;C:\Users\Leo\.dotnet\tools;C:\Program Files\Cloudflare;C:\Users\Leo\AppData\Local\Programs\Python\Python313\Scripts;C:\Users\Leo\AppData\Local\Programs\Python\Python313;C:\Users\Leo\AppData\Local\Programs\Python\Launcher;C:\Users\Leo\AppData\Local\Microsoft\WindowsApps;C:\Users\Leo\AppData\Roaming\npm;C:\Users\Leo\AppData\Local\Programs\Microsoft VS Code\bin;C:\Users\Leo\.dotnet\tools
USERNAME=Leo
DISPLAY=:0.0
LC_ALL=en_US.UTF-8
TERM=xterm-256color
TMPDIR=C:\Users\Leo\AppData\Local\Temp
OS=Windows_NT
PROCESSOR_IDENTIFIER=Intel64 Family 6 Model 140 Stepping 1, GenuineIntel
TMP=C:\Users\Leo\AppData\Local\Temp
TEMP=C:\Users\Leo\AppData\Local\Temp




Periodic native trim disabled

JNI global refs:
JNI global refs: 0, weak refs: 0

JNI global refs memory usage: 0, weak refs: 0

Process memory usage:
Resident Set Size: 11736K (0% of 8075748K total physical memory with 279612K free physical memory)

OOME stack traces (most recent first):
Classloader memory used:

---------------  S Y S T E M  ---------------

OS:
 Windows 11 , 64 bit Build 22621 (10.0.22621.5262)
OS uptime: 3 days 20:51 hours
Hyper-V role detected

CPU: total 4 (initial active 4) (2 cores per cpu, 2 threads per core) family 6 model 140 stepping 1 microcode 0xa6, cx8, cmov, fxsr, ht, mmx, 3dnowpref, sse, sse2, sse3, ssse3, sse4.1, sse4.2, popcnt, lzcnt, tsc, tscinvbit, avx, avx2, aes, erms, clmul, bmi1, bmi2, adx, avx512f, avx512dq, avx512cd, avx512bw, avx512vl, sha, fma, vzeroupper, avx512_vpopcntdq, avx512_vpclmulqdq, avx512_vaes, avx512_vnni, clflush, clflushopt, clwb, avx512_vbmi2, avx512_vbmi, hv, rdtscp, rdpid, fsrm, gfni, avx512_bitalg, f16c, cet_ibt, cet_ss, avx512_ifma
Processor Information for all 4 processors :
  Max Mhz: 2995, Current Mhz: 2995, Mhz Limit: 2995

Memory: 4k page, system-wide physical 7886M (273M free)
TotalPageFile size 20190M (AvailPageFile size 98M)
current process WorkingSet (physical memory assigned to process): 11M, peak: 11M
current process commit charge ("private bytes"): 52M, peak: 176M

vm_info: OpenJDK 64-Bit Server VM (21.0.4+13-b509.17) for windows-amd64 JRE (21.0.4+13-b509.17), built on 2024-09-04 by "builduser" with MS VC++ 16.10 / 16.11 (VS2019)

END.
