#
# There is insufficient memory for the Java Runtime Environment to continue.
# Native memory allocation (malloc) failed to allocate 621824 bytes. Error detail: Chunk::new
# Possible reasons:
#   The system is out of physical RAM or swap space
#   This process is running with CompressedOops enabled, and the Java Heap may be blocking the growth of the native heap
# Possible solutions:
#   Reduce memory load on the system
#   Increase physical memory or swap space
#   Check if swap backing store is full
#   Decrease Java heap size (-Xmx/-Xms)
#   Decrease number of Java threads
#   Decrease Java thread stack sizes (-Xss)
#   Set larger code cache with -XX:ReservedCodeCacheSize=
#   JVM is running with Unscaled Compressed Oops mode in which the Java heap is
#     placed in the first 4GB address space. The Java Heap base address is the
#     maximum limit for the native heap growth. Please use -XX:HeapBaseMinAddress
#     to set the Java Heap base and to place the Java Heap above 4GB virtual address.
# This output file may be truncated or incomplete.
#
#  Out of Memory Error (arena.cpp:149), pid=3180, tid=2852
#
# JRE version: Java(TM) SE Runtime Environment (23.0.1+11) (build 23.0.1+11-39)
# Java VM: Java HotSpot(TM) 64-Bit Server VM (23.0.1+11-39, mixed mode, sharing, tiered, compressed oops, compressed class ptrs, g1 gc, windows-amd64)
# No core dump will be written. Minidumps are not enabled by default on client versions of Windows
#

---------------  S U M M A R Y ------------

Command Line: -agentlib:jdwp=transport=dt_socket,address=127.0.0.1:2416,suspend=y,server=n -javaagent:C:\Users\Leo\AppData\Local\JetBrains\IdeaIC2024.2\captureAgent\debugger-agent.jar -Dkotlinx.coroutines.debug.enable.creation.stack.trace=false -Ddebugger.agent.enable.coroutines=true -Dfile.encoding=UTF-8 -Dsun.stdout.encoding=UTF-8 -Dsun.stderr.encoding=UTF-8 com.example.rifa.RifaApplication

Host: 11th Gen Intel(R) Core(TM) i3-1115G4 @ 3.00GHz, 4 cores, 7G,  Windows 11 , 64 bit Build 22621 (10.0.22621.5262)
Time: Sat Nov 22 11:02:04 2025 Hora estándar de Cuba elapsed time: 14.447844 seconds (0d 0h 0m 14s)

---------------  T H R E A D  ---------------

Current thread (0x000002687e90cd00):  JavaThread "C2 CompilerThread0" daemon [_thread_in_native, id=2852, stack(0x000000fd11c00000,0x000000fd11d00000) (1024K)]


Current CompileTask:
C2:14447 5516       4       java.util.function.BiPredicate$$Lambda/0x00000268120d8360::test (16 bytes)

Stack: [0x000000fd11c00000,0x000000fd11d00000]
Native frames: (J=compiled Java code, j=interpreted, Vv=VM code, C=native code)
V  [jvm.dll+0x6e08b9]  (no source info available)
V  [jvm.dll+0x87dc83]  (no source info available)
V  [jvm.dll+0x88010e]  (no source info available)
V  [jvm.dll+0x8807e3]  (no source info available)
V  [jvm.dll+0x27aee6]  (no source info available)
V  [jvm.dll+0xbc06f]  (no source info available)
V  [jvm.dll+0xbc2cb]  (no source info available)
V  [jvm.dll+0x3b3a9c]  (no source info available)
V  [jvm.dll+0x38a42b]  (no source info available)
V  [jvm.dll+0x38989a]  (no source info available)
V  [jvm.dll+0x244aa1]  (no source info available)
V  [jvm.dll+0x243dff]  (no source info available)
V  [jvm.dll+0x1c33a0]  (no source info available)
V  [jvm.dll+0x253cf1]  (no source info available)
V  [jvm.dll+0x251faa]  (no source info available)
V  [jvm.dll+0x3ee036]  (no source info available)
V  [jvm.dll+0x824f8b]  (no source info available)
V  [jvm.dll+0x6df065]  (no source info available)
C  [ucrtbase.dll+0x29333]  (no source info available)
C  [KERNEL32.DLL+0x1259d]  (no source info available)
C  [ntdll.dll+0x5af58]  (no source info available)

Lock stack of current Java thread (top to bottom):


---------------  P R O C E S S  ---------------

Threads class SMR info:
_java_thread_list=0x000002685fd31a40, length=20, elements={
0x0000026873576dc0, 0x000002687e905f60, 0x000002687e906fc0, 0x000002687e908c80,
0x000002687e9097d0, 0x000002687e90a320, 0x000002687e90ae70, 0x000002687e90cd00,
0x000002687e93dee0, 0x00000268561e9ec0, 0x000002685625d740, 0x0000026856262510,
0x0000026856276cd0, 0x00000268561fd210, 0x0000026857128120, 0x0000026857128790,
0x000002685fd4e190, 0x0000026858228610, 0x000002685c9b48b0, 0x000002685c9b6980
}

Java Threads: ( => current thread )
  0x0000026873576dc0 JavaThread "main"                              [_thread_blocked, id=11084, stack(0x000000fd10e00000,0x000000fd10f00000) (1024K)]
  0x000002687e905f60 JavaThread "Reference Handler"          daemon [_thread_blocked, id=11960, stack(0x000000fd11600000,0x000000fd11700000) (1024K)]
  0x000002687e906fc0 JavaThread "Finalizer"                  daemon [_thread_blocked, id=15068, stack(0x000000fd11700000,0x000000fd11800000) (1024K)]
  0x000002687e908c80 JavaThread "Signal Dispatcher"          daemon [_thread_blocked, id=17940, stack(0x000000fd11800000,0x000000fd11900000) (1024K)]
  0x000002687e9097d0 JavaThread "Attach Listener"            daemon [_thread_blocked, id=13268, stack(0x000000fd11900000,0x000000fd11a00000) (1024K)]
  0x000002687e90a320 JavaThread "Service Thread"             daemon [_thread_blocked, id=17808, stack(0x000000fd11a00000,0x000000fd11b00000) (1024K)]
  0x000002687e90ae70 JavaThread "Monitor Deflation Thread"   daemon [_thread_blocked, id=12380, stack(0x000000fd11b00000,0x000000fd11c00000) (1024K)]
=>0x000002687e90cd00 JavaThread "C2 CompilerThread0"         daemon [_thread_in_native, id=2852, stack(0x000000fd11c00000,0x000000fd11d00000) (1024K)]
  0x000002687e93dee0 JavaThread "C1 CompilerThread0"         daemon [_thread_blocked, id=13240, stack(0x000000fd11d00000,0x000000fd11e00000) (1024K)]
  0x00000268561e9ec0 JavaThread "Common-Cleaner"             daemon [_thread_blocked, id=9012, stack(0x000000fd11e00000,0x000000fd11f00000) (1024K)]
  0x000002685625d740 JavaThread "JDWP Transport Listener: dt_socket" daemon [_thread_blocked, id=16676, stack(0x000000fd11f00000,0x000000fd12000000) (1024K)]
  0x0000026856262510 JavaThread "JDWP Event Helper Thread"   daemon [_thread_in_native, id=14248, stack(0x000000fd12000000,0x000000fd12100000) (1024K)]
  0x0000026856276cd0 JavaThread "JDWP Command Reader"        daemon [_thread_in_native, id=16376, stack(0x000000fd12100000,0x000000fd12200000) (1024K)]
  0x00000268561fd210 JavaThread "Notification Thread"        daemon [_thread_blocked, id=2472, stack(0x000000fd12200000,0x000000fd12300000) (1024K)]
  0x0000026857128120 JavaThread "Thread-0"                          [_thread_blocked, id=15000, stack(0x000000fd12700000,0x000000fd12800000) (1024K)]
  0x0000026857128790 JavaThread "restartedMain"                     [_thread_in_vm, id=17224, stack(0x000000fd12800000,0x000000fd12900000) (1024K)]
  0x000002685fd4e190 JavaThread "Catalina-utility-1"                [_thread_new, id=14656, stack(0x0000000000000000,0x0000000000000000) (0B)]
  0x0000026858228610 JavaThread "Catalina-utility-2"                [_thread_new, id=17256, stack(0x0000000000000000,0x0000000000000000) (0B)]
  0x000002685c9b48b0 JavaThread "container-0"                       [_thread_blocked, id=5996, stack(0x000000fd12a00000,0x000000fd12b00000) (1024K)]
  0x000002685c9b6980 JavaThread "mysql-cj-abandoned-connection-cleanup" daemon [_thread_blocked, id=4084, stack(0x000000fd12c00000,0x000000fd12d00000) (1024K)]
Total: 20

Other Threads:
  0x000002687e8ec570 VMThread "VM Thread"                           [id=12884, stack(0x000000fd11500000,0x000000fd11600000) (1024K)]
  0x000002687e8d9a70 WatcherThread "VM Periodic Task Thread"        [id=15508, stack(0x000000fd11400000,0x000000fd11500000) (1024K)]
  0x00000268735ce480 WorkerThread "GC Thread#0"                     [id=16156, stack(0x000000fd10f00000,0x000000fd11000000) (1024K)]
  0x0000026856a81560 WorkerThread "GC Thread#1"                     [id=12860, stack(0x000000fd12400000,0x000000fd12500000) (1024K)]
  0x0000026856d57bb0 WorkerThread "GC Thread#2"                     [id=5760, stack(0x000000fd12500000,0x000000fd12600000) (1024K)]
  0x0000026856d57f60 WorkerThread "GC Thread#3"                     [id=9680, stack(0x000000fd12600000,0x000000fd12700000) (1024K)]
  0x00000268735e2aa0 ConcurrentGCThread "G1 Main Marker"            [id=14568, stack(0x000000fd11000000,0x000000fd11100000) (1024K)]
  0x00000268735e35b0 WorkerThread "G1 Conc#0"                       [id=17548, stack(0x000000fd11100000,0x000000fd11200000) (1024K)]
  0x000002687e7ad950 ConcurrentGCThread "G1 Refine#0"               [id=5820, stack(0x000000fd11200000,0x000000fd11300000) (1024K)]
  0x000002687e7b05a0 ConcurrentGCThread "G1 Service"                [id=13740, stack(0x000000fd11300000,0x000000fd11400000) (1024K)]
Total: 10

Threads with active compile tasks:
C2 CompilerThread0  14547 5516       4       java.util.function.BiPredicate$$Lambda/0x00000268120d8360::test (16 bytes)
Total: 1

VM state: not at safepoint (normal execution)

VM Mutex/Monitor currently owned by a thread: None

Heap address: 0x0000000084c00000, size: 1972 MB, Compressed Oops mode: 32-bit

CDS archive(s) mapped at: [0x0000026811000000-0x0000026811d70000-0x0000026811d70000), size 14090240, SharedBaseAddress: 0x0000026811000000, ArchiveRelocationMode: 1.
Compressed class space mapped at: 0x0000026812000000-0x0000026852000000, reserved size: 1073741824
Narrow klass base: 0x0000026811000000, Narrow klass shift: 0, Narrow klass range: 0x41000000

GC Precious Log:
 CardTable entry size: 512
 Card Set container configuration: InlinePtr #cards 5 size 8 Array Of Cards #cards 10 size 36 Howl #buckets 4 coarsen threshold 1843 Howl Bitmap #cards 512 size 80 coarsen threshold 460 Card regions per heap region 1 cards per card region 2048
 CPUs: 4 total, 4 available
 Memory: 7886M
 Large Page Support: Disabled
 NUMA Support: Disabled
 Compressed Oops: Enabled (32-bit)
 Heap Region Size: 1M
 Heap Min Capacity: 8M
 Heap Initial Capacity: 124M
 Heap Max Capacity: 1972M
 Pre-touch: Disabled
 Parallel Workers: 4
 Concurrent Workers: 1
 Concurrent Refinement Workers: 4
 Periodic GC: Disabled

Heap:
 garbage-first heap   total reserved 2019328K, committed 55296K, used 37807K [0x0000000084c00000, 0x0000000100000000)
  region size 1024K, 16 young (16384K), 3 survivors (3072K)
 Metaspace       used 38584K, committed 39104K, reserved 1114112K
  class space    used 4961K, committed 5184K, reserved 1048576K

Heap Regions: E=young(eden), S=young(survivor), O=old, HS=humongous(starts), HC=humongous(continues), CS=collection set, F=free, TAMS=top-at-mark-start, PB=parsable bottom
|   0|0x0000000084c00000, 0x0000000084d00000, 0x0000000084d00000|100%|HS|  |TAMS 0x0000000084c00000| PB 0x0000000084c00000| Complete |  0
|   1|0x0000000084d00000, 0x0000000084e00000, 0x0000000084e00000|100%| O|  |TAMS 0x0000000084d00000| PB 0x0000000084d00000| Untracked |  0
|   2|0x0000000084e00000, 0x0000000084f00000, 0x0000000084f00000|100%| O|  |TAMS 0x0000000084e00000| PB 0x0000000084e00000| Untracked |  0
|   3|0x0000000084f00000, 0x0000000085000000, 0x0000000085000000|100%| O|  |TAMS 0x0000000084f00000| PB 0x0000000084f00000| Untracked |  0
|   4|0x0000000085000000, 0x0000000085100000, 0x0000000085100000|100%| O|  |TAMS 0x0000000085000000| PB 0x0000000085000000| Untracked |  0
|   5|0x0000000085100000, 0x0000000085200000, 0x0000000085200000|100%| O|  |TAMS 0x0000000085100000| PB 0x0000000085100000| Untracked |  0
|   6|0x0000000085200000, 0x0000000085300000, 0x0000000085300000|100%| O|  |TAMS 0x0000000085200000| PB 0x0000000085200000| Untracked |  0
|   7|0x0000000085300000, 0x0000000085400000, 0x0000000085400000|100%| O|  |TAMS 0x0000000085300000| PB 0x0000000085300000| Untracked |  0
|   8|0x0000000085400000, 0x0000000085500000, 0x0000000085500000|100%| O|  |TAMS 0x0000000085400000| PB 0x0000000085400000| Untracked |  0
|   9|0x0000000085500000, 0x0000000085600000, 0x0000000085600000|100%| O|  |TAMS 0x0000000085500000| PB 0x0000000085500000| Untracked |  0
|  10|0x0000000085600000, 0x0000000085613d80, 0x0000000085700000|  7%| O|Cm|TAMS 0x0000000085600000| PB 0x0000000085600000| Complete |  0
|  11|0x0000000085700000, 0x0000000085800000, 0x0000000085800000|100%| O|  |TAMS 0x0000000085700000| PB 0x0000000085700000| Untracked |  0
|  12|0x0000000085800000, 0x0000000085900000, 0x0000000085900000|100%| O|  |TAMS 0x0000000085800000| PB 0x0000000085800000| Untracked |  0
|  13|0x0000000085900000, 0x0000000085a00000, 0x0000000085a00000|100%| O|  |TAMS 0x0000000085900000| PB 0x0000000085900000| Untracked |  0
|  14|0x0000000085a00000, 0x0000000085b00000, 0x0000000085b00000|100%| O|  |TAMS 0x0000000085a00000| PB 0x0000000085a00000| Untracked |  0
|  15|0x0000000085b00000, 0x0000000085c00000, 0x0000000085c00000|100%| O|  |TAMS 0x0000000085b00000| PB 0x0000000085b00000| Untracked |  0
|  16|0x0000000085c00000, 0x0000000085d00000, 0x0000000085d00000|100%| O|  |TAMS 0x0000000085c00000| PB 0x0000000085c00000| Untracked |  0
|  17|0x0000000085d00000, 0x0000000085e00000, 0x0000000085e00000|100%| O|  |TAMS 0x0000000085d00000| PB 0x0000000085d00000| Untracked |  0
|  18|0x0000000085e00000, 0x0000000085f00000, 0x0000000085f00000|100%| O|  |TAMS 0x0000000085e00000| PB 0x0000000085e00000| Untracked |  0
|  19|0x0000000085f00000, 0x0000000086000000, 0x0000000086000000|100%| O|  |TAMS 0x0000000085f00000| PB 0x0000000085f00000| Untracked |  0
|  20|0x0000000086000000, 0x0000000086100000, 0x0000000086100000|100%| O|  |TAMS 0x0000000086000000| PB 0x0000000086000000| Untracked |  0
|  21|0x0000000086100000, 0x0000000086200000, 0x0000000086200000|100%| O|  |TAMS 0x0000000086100000| PB 0x0000000086100000| Untracked |  0
|  22|0x0000000086200000, 0x0000000086300000, 0x0000000086300000|100%| O|  |TAMS 0x0000000086200000| PB 0x0000000086200000| Untracked |  0
|  23|0x0000000086300000, 0x000000008633f228, 0x0000000086400000| 24%| O|  |TAMS 0x0000000086300000| PB 0x0000000086300000| Untracked |  0
|  24|0x0000000086400000, 0x0000000086400000, 0x0000000086500000|  0%| F|  |TAMS 0x0000000086400000| PB 0x0000000086400000| Untracked |  0
|  25|0x0000000086500000, 0x0000000086500000, 0x0000000086600000|  0%| F|  |TAMS 0x0000000086500000| PB 0x0000000086500000| Untracked |  0
|  26|0x0000000086600000, 0x0000000086600000, 0x0000000086700000|  0%| F|  |TAMS 0x0000000086600000| PB 0x0000000086600000| Untracked |  0
|  27|0x0000000086700000, 0x0000000086798e40, 0x0000000086800000| 59%| S|CS|TAMS 0x0000000086700000| PB 0x0000000086700000| Complete |  0
|  28|0x0000000086800000, 0x0000000086900000, 0x0000000086900000|100%| S|CS|TAMS 0x0000000086800000| PB 0x0000000086800000| Complete |  0
|  29|0x0000000086900000, 0x0000000086a00000, 0x0000000086a00000|100%| S|CS|TAMS 0x0000000086900000| PB 0x0000000086900000| Complete |  0
|  30|0x0000000086a00000, 0x0000000086a00000, 0x0000000086b00000|  0%| F|  |TAMS 0x0000000086a00000| PB 0x0000000086a00000| Untracked |  0
|  31|0x0000000086b00000, 0x0000000086b00000, 0x0000000086c00000|  0%| F|  |TAMS 0x0000000086b00000| PB 0x0000000086b00000| Untracked |  0
|  32|0x0000000086c00000, 0x0000000086c00000, 0x0000000086d00000|  0%| F|  |TAMS 0x0000000086c00000| PB 0x0000000086c00000| Untracked |  0
|  33|0x0000000086d00000, 0x0000000086d00000, 0x0000000086e00000|  0%| F|  |TAMS 0x0000000086d00000| PB 0x0000000086d00000| Untracked |  0
|  34|0x0000000086e00000, 0x0000000086e00000, 0x0000000086f00000|  0%| F|  |TAMS 0x0000000086e00000| PB 0x0000000086e00000| Untracked |  0
|  35|0x0000000086f00000, 0x0000000086f00000, 0x0000000087000000|  0%| F|  |TAMS 0x0000000086f00000| PB 0x0000000086f00000| Untracked |  0
|  36|0x0000000087000000, 0x0000000087000000, 0x0000000087100000|  0%| F|  |TAMS 0x0000000087000000| PB 0x0000000087000000| Untracked |  0
|  37|0x0000000087100000, 0x0000000087100000, 0x0000000087200000|  0%| F|  |TAMS 0x0000000087100000| PB 0x0000000087100000| Untracked |  0
|  38|0x0000000087200000, 0x0000000087200000, 0x0000000087300000|  0%| F|  |TAMS 0x0000000087200000| PB 0x0000000087200000| Untracked |  0
|  39|0x0000000087300000, 0x0000000087300000, 0x0000000087400000|  0%| F|  |TAMS 0x0000000087300000| PB 0x0000000087300000| Untracked |  0
|  40|0x0000000087400000, 0x0000000087400000, 0x0000000087500000|  0%| F|  |TAMS 0x0000000087400000| PB 0x0000000087400000| Untracked |  0
|  41|0x0000000087500000, 0x0000000087565668, 0x0000000087600000| 39%| E|  |TAMS 0x0000000087500000| PB 0x0000000087500000| Complete |  0
|  42|0x0000000087600000, 0x0000000087700000, 0x0000000087700000|100%| E|CS|TAMS 0x0000000087600000| PB 0x0000000087600000| Complete |  0
|  43|0x0000000087700000, 0x0000000087800000, 0x0000000087800000|100%| E|CS|TAMS 0x0000000087700000| PB 0x0000000087700000| Complete |  0
|  44|0x0000000087800000, 0x0000000087900000, 0x0000000087900000|100%| E|CS|TAMS 0x0000000087800000| PB 0x0000000087800000| Complete |  0
|  45|0x0000000087900000, 0x0000000087a00000, 0x0000000087a00000|100%| E|CS|TAMS 0x0000000087900000| PB 0x0000000087900000| Complete |  0
|  46|0x0000000087a00000, 0x0000000087b00000, 0x0000000087b00000|100%| E|CS|TAMS 0x0000000087a00000| PB 0x0000000087a00000| Complete |  0
|  47|0x0000000087b00000, 0x0000000087c00000, 0x0000000087c00000|100%| E|CS|TAMS 0x0000000087b00000| PB 0x0000000087b00000| Complete |  0
| 107|0x000000008b700000, 0x000000008b800000, 0x000000008b800000|100%| E|CS|TAMS 0x000000008b700000| PB 0x000000008b700000| Complete |  0
| 108|0x000000008b800000, 0x000000008b900000, 0x000000008b900000|100%| E|CS|TAMS 0x000000008b800000| PB 0x000000008b800000| Complete |  0
| 109|0x000000008b900000, 0x000000008ba00000, 0x000000008ba00000|100%| E|CS|TAMS 0x000000008b900000| PB 0x000000008b900000| Complete |  0
| 110|0x000000008ba00000, 0x000000008bb00000, 0x000000008bb00000|100%| E|CS|TAMS 0x000000008ba00000| PB 0x000000008ba00000| Complete |  0
| 111|0x000000008bb00000, 0x000000008bc00000, 0x000000008bc00000|100%| E|CS|TAMS 0x000000008bb00000| PB 0x000000008bb00000| Complete |  0
| 123|0x000000008c700000, 0x000000008c800000, 0x000000008c800000|100%| E|CS|TAMS 0x000000008c700000| PB 0x000000008c700000| Complete |  0

Card table byte_map: [0x000002687c070000,0x000002687c450000] _byte_map_base: 0x000002687bc4a000

Marking Bits: (CMBitMap*) 0x00000268735ceb90
 Bits: [0x000002687c450000, 0x000002687e320000)

Polling page: 0x0000026871350000

Metaspace:

Usage:
  Non-class:     32.84 MB used.
      Class:      4.84 MB used.
       Both:     37.68 MB used.

Virtual space:
  Non-class space:       64.00 MB reserved,      33.12 MB ( 52%) committed,  1 nodes.
      Class space:        1.00 GB reserved,       5.06 MB ( <1%) committed,  1 nodes.
             Both:        1.06 GB reserved,      38.19 MB (  4%) committed. 

Chunk freelists:
   Non-Class:  14.53 MB
       Class:  10.97 MB
        Both:  25.50 MB

MaxMetaspaceSize: unlimited
CompressedClassSpaceSize: 1.00 GB
Initial GC threshold: 21.00 MB
Current GC threshold: 59.19 MB
CDS: on
 - commit_granule_bytes: 65536.
 - commit_granule_words: 8192.
 - virtual_space_node_default_size: 8388608.
 - enlarge_chunks_in_place: 1.
 - use_allocation_guard: 0.


Internal statistics:

num_allocs_failed_limit: 6.
num_arena_births: 648.
num_arena_deaths: 0.
num_vsnodes_births: 2.
num_vsnodes_deaths: 0.
num_space_committed: 611.
num_space_uncommitted: 0.
num_chunks_returned_to_freelist: 6.
num_chunks_taken_from_freelist: 2000.
num_chunk_merges: 6.
num_chunk_splits: 1368.
num_chunks_enlarged: 994.
num_inconsistent_stats: 0.

CodeHeap 'non-profiled nmethods': size=120064Kb used=2970Kb max_used=2970Kb free=117093Kb
 bounds [0x0000026807ac0000, 0x0000026807db0000, 0x000002680f000000]
CodeHeap 'profiled nmethods': size=120000Kb used=8726Kb max_used=8783Kb free=111273Kb
 bounds [0x0000026800000000, 0x00000268008a0000, 0x0000026807530000]
CodeHeap 'non-nmethods': size=5696Kb used=1692Kb max_used=1751Kb free=4003Kb
 bounds [0x0000026807530000, 0x00000268077a0000, 0x0000026807ac0000]
CodeCache: size=245760Kb, used=13388Kb, max_used=13504Kb, free=232369Kb
 total_blobs=5717, nmethods=5133, adapters=489, full_count=0
Compilation: enabled, stopped_count=0, restarted_count=0

Compilation events (20 events):
Event: 14.395 Thread 0x000002687e93dee0 5522       3       org.springframework.boot.context.properties.bind.Binder$Context::getConverter (8 bytes)
Event: 14.395 Thread 0x000002687e93dee0 nmethod 5522 0x0000026800017008 code [0x0000026800017120, 0x0000026800017238]
Event: 14.395 Thread 0x000002687e93dee0 5523       3       org.springframework.boot.context.properties.bind.BindConverter::convert (25 bytes)
Event: 14.396 Thread 0x000002687e93dee0 nmethod 5523 0x0000026800098088 code [0x0000026800098200, 0x0000026800098610]
Event: 14.396 Thread 0x000002687e93dee0 5525       3       org.springframework.boot.context.properties.bind.BindConverter::convert (14 bytes)
Event: 14.396 Thread 0x000002687e93dee0 nmethod 5525 0x0000026800097d88 code [0x0000026800097ec0, 0x0000026800098058]
Event: 14.396 Thread 0x000002687e93dee0 5524       1       org.springframework.boot.context.properties.bind.JavaBeanBinder$BeanProperty::getName (5 bytes)
Event: 14.396 Thread 0x000002687e93dee0 nmethod 5524 0x0000026807af5e88 code [0x0000026807af5fa0, 0x0000026807af6068]
Event: 14.397 Thread 0x000002687e93dee0 5528       3       org.springframework.boot.context.properties.bind.Binder::findProperty (75 bytes)
Event: 14.397 Thread 0x000002687e93dee0 nmethod 5528 0x00000268003c4388 code [0x00000268003c4560, 0x00000268003c4e70]
Event: 14.398 Thread 0x000002687e93dee0 5529   !   3       org.springframework.util.ClassUtils::isVisible (26 bytes)
Event: 14.399 Thread 0x000002687e90cd00 nmethod 5520 0x0000026807af5508 code [0x0000026807af5660, 0x0000026807af5e20]
Event: 14.399 Thread 0x000002687e90cd00 5516       4       java.util.function.BiPredicate$$Lambda/0x00000268120d8360::test (16 bytes)
Event: 14.399 Thread 0x000002687e93dee0 nmethod 5529 0x00000268003c3b88 code [0x00000268003c3d20, 0x00000268003c4330]
Event: 14.403 Thread 0x000002687e93dee0 5530       3       java.io.BufferedInputStream::getInIfOpen (21 bytes)
Event: 14.403 Thread 0x000002687e93dee0 nmethod 5530 0x0000026800097988 code [0x0000026800097ac0, 0x0000026800097cd8]
Event: 14.403 Thread 0x000002687e93dee0 5531       3       org.aspectj.apache.bcel.classfile.Unknown::<init> (32 bytes)
Event: 14.404 Thread 0x000002687e93dee0 nmethod 5531 0x00000268003c3588 code [0x00000268003c36e0, 0x00000268003c3b38]
Event: 14.418 Thread 0x000002687e93dee0 5533       3       org.springframework.beans.factory.annotation.InjectionMetadata::<init> (15 bytes)
Event: 14.418 Thread 0x000002687e93dee0 nmethod 5533 0x00000268003c3208 code [0x00000268003c3320, 0x00000268003c3540]

GC Heap History (20 events):
Event: 1.216 GC heap before
{Heap before GC invocations=1 (full 0):
 garbage-first heap   total reserved 2019328K, committed 126976K, used 17664K [0x0000000084c00000, 0x0000000100000000)
  region size 1024K, 13 young (13312K), 2 survivors (2048K)
 Metaspace       used 4820K, committed 5056K, reserved 1114112K
  class space    used 546K, committed 704K, reserved 1048576K
}
Event: 1.219 GC heap after
{Heap after GC invocations=2 (full 0):
 garbage-first heap   total reserved 2019328K, committed 126976K, used 8666K [0x0000000084c00000, 0x0000000100000000)
  region size 1024K, 2 young (2048K), 2 survivors (2048K)
 Metaspace       used 4820K, committed 5056K, reserved 1114112K
  class space    used 546K, committed 704K, reserved 1048576K
}
Event: 2.016 GC heap before
{Heap before GC invocations=2 (full 0):
 garbage-first heap   total reserved 2019328K, committed 126976K, used 39386K [0x0000000084c00000, 0x0000000100000000)
  region size 1024K, 33 young (33792K), 2 survivors (2048K)
 Metaspace       used 11101K, committed 11392K, reserved 1114112K
  class space    used 1391K, committed 1536K, reserved 1048576K
}
Event: 2.020 GC heap after
{Heap after GC invocations=3 (full 0):
 garbage-first heap   total reserved 2019328K, committed 126976K, used 10448K [0x0000000084c00000, 0x0000000100000000)
  region size 1024K, 3 young (3072K), 3 survivors (3072K)
 Metaspace       used 11101K, committed 11392K, reserved 1114112K
  class space    used 1391K, committed 1536K, reserved 1048576K
}
Event: 3.035 GC heap before
{Heap before GC invocations=3 (full 0):
 garbage-first heap   total reserved 2019328K, committed 126976K, used 49360K [0x0000000084c00000, 0x0000000100000000)
  region size 1024K, 42 young (43008K), 3 survivors (3072K)
 Metaspace       used 19582K, committed 19904K, reserved 1114112K
  class space    used 2447K, committed 2560K, reserved 1048576K
}
Event: 3.044 GC heap after
{Heap after GC invocations=4 (full 0):
 garbage-first heap   total reserved 2019328K, committed 126976K, used 13516K [0x0000000084c00000, 0x0000000100000000)
  region size 1024K, 6 young (6144K), 6 survivors (6144K)
 Metaspace       used 19582K, committed 19904K, reserved 1114112K
  class space    used 2447K, committed 2560K, reserved 1048576K
}
Event: 3.286 GC heap before
{Heap before GC invocations=4 (full 0):
 garbage-first heap   total reserved 2019328K, committed 126976K, used 23756K [0x0000000084c00000, 0x0000000100000000)
  region size 1024K, 18 young (18432K), 6 survivors (6144K)
 Metaspace       used 21313K, committed 21504K, reserved 1114112K
  class space    used 2671K, committed 2752K, reserved 1048576K
}
Event: 3.295 GC heap after
{Heap after GC invocations=5 (full 0):
 garbage-first heap   total reserved 2019328K, committed 126976K, used 14656K [0x0000000084c00000, 0x0000000100000000)
  region size 1024K, 5 young (5120K), 5 survivors (5120K)
 Metaspace       used 21313K, committed 21504K, reserved 1114112K
  class space    used 2671K, committed 2752K, reserved 1048576K
}
Event: 5.056 GC heap before
{Heap before GC invocations=6 (full 0):
 garbage-first heap   total reserved 2019328K, committed 55296K, used 42304K [0x0000000084c00000, 0x0000000100000000)
  region size 1024K, 32 young (32768K), 5 survivors (5120K)
 Metaspace       used 24044K, committed 24448K, reserved 1114112K
  class space    used 3000K, committed 3200K, reserved 1048576K
}
Event: 5.068 GC heap after
{Heap after GC invocations=7 (full 0):
 garbage-first heap   total reserved 2019328K, committed 55296K, used 17487K [0x0000000084c00000, 0x0000000100000000)
  region size 1024K, 4 young (4096K), 4 survivors (4096K)
 Metaspace       used 24044K, committed 24448K, reserved 1114112K
  class space    used 3000K, committed 3200K, reserved 1048576K
}
Event: 5.948 GC heap before
{Heap before GC invocations=7 (full 0):
 garbage-first heap   total reserved 2019328K, committed 55296K, used 41039K [0x0000000084c00000, 0x0000000100000000)
  region size 1024K, 27 young (27648K), 4 survivors (4096K)
 Metaspace       used 26426K, committed 26816K, reserved 1114112K
  class space    used 3323K, committed 3520K, reserved 1048576K
}
Event: 5.955 GC heap after
{Heap after GC invocations=8 (full 0):
 garbage-first heap   total reserved 2019328K, committed 55296K, used 19541K [0x0000000084c00000, 0x0000000100000000)
  region size 1024K, 2 young (2048K), 2 survivors (2048K)
 Metaspace       used 26426K, committed 26816K, reserved 1114112K
  class space    used 3323K, committed 3520K, reserved 1048576K
}
Event: 6.931 GC heap before
{Heap before GC invocations=8 (full 0):
 garbage-first heap   total reserved 2019328K, committed 55296K, used 42069K [0x0000000084c00000, 0x0000000100000000)
  region size 1024K, 24 young (24576K), 2 survivors (2048K)
 Metaspace       used 29594K, committed 29952K, reserved 1114112K
  class space    used 3762K, committed 3904K, reserved 1048576K
}
Event: 6.936 GC heap after
{Heap after GC invocations=9 (full 0):
 garbage-first heap   total reserved 2019328K, committed 55296K, used 21197K [0x0000000084c00000, 0x0000000100000000)
  region size 1024K, 2 young (2048K), 2 survivors (2048K)
 Metaspace       used 29594K, committed 29952K, reserved 1114112K
  class space    used 3762K, committed 3904K, reserved 1048576K
}
Event: 8.205 GC heap before
{Heap before GC invocations=9 (full 0):
 garbage-first heap   total reserved 2019328K, committed 55296K, used 44749K [0x0000000084c00000, 0x0000000100000000)
  region size 1024K, 25 young (25600K), 2 survivors (2048K)
 Metaspace       used 33823K, committed 34304K, reserved 1114112K
  class space    used 4277K, committed 4480K, reserved 1048576K
}
Event: 8.211 GC heap after
{Heap after GC invocations=10 (full 0):
 garbage-first heap   total reserved 2019328K, committed 55296K, used 23189K [0x0000000084c00000, 0x0000000100000000)
  region size 1024K, 4 young (4096K), 4 survivors (4096K)
 Metaspace       used 33823K, committed 34304K, reserved 1114112K
  class space    used 4277K, committed 4480K, reserved 1048576K
}
Event: 11.086 GC heap before
{Heap before GC invocations=10 (full 0):
 garbage-first heap   total reserved 2019328K, committed 55296K, used 39573K [0x0000000084c00000, 0x0000000100000000)
  region size 1024K, 21 young (21504K), 4 survivors (4096K)
 Metaspace       used 35718K, committed 36096K, reserved 1114112K
  class space    used 4574K, committed 4736K, reserved 1048576K
}
Event: 11.095 GC heap after
{Heap after GC invocations=11 (full 0):
 garbage-first heap   total reserved 2019328K, committed 55296K, used 24361K [0x0000000084c00000, 0x0000000100000000)
  region size 1024K, 4 young (4096K), 4 survivors (4096K)
 Metaspace       used 35718K, committed 36096K, reserved 1114112K
  class space    used 4574K, committed 4736K, reserved 1048576K
}
Event: 12.467 GC heap before
{Heap before GC invocations=12 (full 0):
 garbage-first heap   total reserved 2019328K, committed 55296K, used 44841K [0x0000000084c00000, 0x0000000100000000)
  region size 1024K, 24 young (24576K), 4 survivors (4096K)
 Metaspace       used 37747K, committed 38272K, reserved 1114112K
  class space    used 4820K, committed 5056K, reserved 1048576K
}
Event: 12.481 GC heap after
{Heap after GC invocations=13 (full 0):
 garbage-first heap   total reserved 2019328K, committed 55296K, used 25519K [0x0000000084c00000, 0x0000000100000000)
  region size 1024K, 3 young (3072K), 3 survivors (3072K)
 Metaspace       used 37747K, committed 38272K, reserved 1114112K
  class space    used 4820K, committed 5056K, reserved 1048576K
}

Dll operation events (12 events):
Event: 0.033 Loaded shared library C:\Program Files\Java\jdk-23\bin\java.dll
Event: 0.034 Loaded shared library C:\Program Files\Java\jdk-23\bin\zip.dll
Event: 0.098 Loaded shared library C:\Program Files\Java\jdk-23\bin\jsvml.dll
Event: 0.371 Loaded shared library C:\Program Files\Java\jdk-23\bin\instrument.dll
Event: 0.424 Loaded shared library C:\Program Files\Java\jdk-23\bin\net.dll
Event: 0.425 Loaded shared library C:\Program Files\Java\jdk-23\bin\nio.dll
Event: 0.436 Loaded shared library C:\Program Files\Java\jdk-23\bin\zip.dll
Event: 0.603 Loaded shared library C:\Program Files\Java\jdk-23\bin\verify.dll
Event: 0.635 Loaded shared library C:\Program Files\Java\jdk-23\bin\jimage.dll
Event: 1.232 Loaded shared library C:\Program Files\Java\jdk-23\bin\management.dll
Event: 1.234 Loaded shared library C:\Program Files\Java\jdk-23\bin\management_ext.dll
Event: 3.764 Loaded shared library C:\Program Files\Java\jdk-23\bin\sunmscapi.dll

Deoptimization events (20 events):
Event: 14.412 Thread 0x0000026857128790 DEOPT PACKING pc=0x000002680045d22c sp=0x000000fd128fbb40
Event: 14.412 Thread 0x0000026857128790 DEOPT UNPACKING pc=0x00000268075884c2 sp=0x000000fd128fb0e0 mode 1
Event: 14.412 Thread 0x0000026857128790 DEOPT PACKING pc=0x000002680045e569 sp=0x000000fd128fb8b0
Event: 14.412 Thread 0x0000026857128790 DEOPT UNPACKING pc=0x00000268075884c2 sp=0x000000fd128fad88 mode 1
Event: 14.412 Thread 0x0000026857128790 DEOPT PACKING pc=0x00000268004cd1bc sp=0x000000fd128fb940
Event: 14.412 Thread 0x0000026857128790 DEOPT UNPACKING pc=0x00000268075884c2 sp=0x000000fd128faef0 mode 1
Event: 14.412 Thread 0x0000026857128790 DEOPT PACKING pc=0x000002680045d22c sp=0x000000fd128fbab0
Event: 14.412 Thread 0x0000026857128790 DEOPT UNPACKING pc=0x00000268075884c2 sp=0x000000fd128fb050 mode 1
Event: 14.413 Thread 0x000002685c9b6980 Uncommon trap: trap_request=0xffffff45 fr.pc=0x0000026807c16858 relative=0x0000000000000698
Event: 14.413 Thread 0x000002685c9b6980 Uncommon trap: reason=unstable_if action=reinterpret pc=0x0000026807c16858 method=java.util.zip.ZipCoder.hash(Ljava/lang/String;)I @ 11 c2
Event: 14.413 Thread 0x000002685c9b6980 DEOPT PACKING pc=0x0000026807c16858 sp=0x000000fd12cfed80
Event: 14.413 Thread 0x000002685c9b6980 DEOPT UNPACKING pc=0x0000026807587982 sp=0x000000fd12cfec48 mode 2
Event: 14.413 Thread 0x000002685c9b6980 Uncommon trap: trap_request=0xffffff45 fr.pc=0x0000026807b9b38c relative=0x00000000000014ec
Event: 14.413 Thread 0x000002685c9b6980 Uncommon trap: reason=unstable_if action=reinterpret pc=0x0000026807b9b38c method=java.net.URL.<init>(Ljava/net/URL;Ljava/lang/String;Ljava/net/URLStreamHandler;)V @ 57 c2
Event: 14.413 Thread 0x000002685c9b6980 DEOPT PACKING pc=0x0000026807b9b38c sp=0x000000fd12cfedd0
Event: 14.413 Thread 0x000002685c9b6980 DEOPT UNPACKING pc=0x0000026807587982 sp=0x000000fd12cfed80 mode 2
Event: 14.413 Thread 0x000002685c9b6980 Uncommon trap: trap_request=0xffffff45 fr.pc=0x0000026807c3a180 relative=0x0000000000002060
Event: 14.413 Thread 0x000002685c9b6980 Uncommon trap: reason=unstable_if action=reinterpret pc=0x0000026807c3a180 method=java.net.URLStreamHandler.parseURL(Ljava/net/URL;Ljava/lang/String;II)V @ 57 c2
Event: 14.413 Thread 0x000002685c9b6980 DEOPT PACKING pc=0x0000026807c3a180 sp=0x000000fd12cfebf0
Event: 14.413 Thread 0x000002685c9b6980 DEOPT UNPACKING pc=0x0000026807587982 sp=0x000000fd12cfebd0 mode 2

Classes loaded (20 events):
Event: 14.230 Loading class com/mysql/cj/exceptions/UnableToConnectException
Event: 14.230 Loading class com/mysql/cj/exceptions/UnableToConnectException done
Event: 14.230 Loading class com/mysql/cj/jdbc/JdbcPropertySet
Event: 14.230 Loading class com/mysql/cj/jdbc/JdbcPropertySet done
Event: 14.234 Loading class com/mysql/cj/conf/PropertySet
Event: 14.234 Loading class com/mysql/cj/conf/PropertySet done
Event: 14.245 Loading class com/mysql/cj/jdbc/AbandonedConnectionCleanupThread
Event: 14.245 Loading class com/mysql/cj/jdbc/AbandonedConnectionCleanupThread done
Event: 14.252 Loading class java/util/concurrent/Executors$AutoShutdownDelegatedExecutorService
Event: 14.254 Loading class java/util/concurrent/Executors$DelegatedExecutorService
Event: 14.268 Loading class java/util/concurrent/Executors$DelegatedExecutorService done
Event: 14.268 Loading class java/util/concurrent/Executors$AutoShutdownDelegatedExecutorService done
Event: 14.321 Loading class com/zaxxer/hikari/pool/HikariPool
Event: 14.321 Loading class com/zaxxer/hikari/pool/HikariPool done
Event: 14.371 Loading class com/zaxxer/hikari/util/ConcurrentBag$IBagStateListener
Event: 14.371 Loading class com/zaxxer/hikari/util/ConcurrentBag$IBagStateListener done
Event: 14.372 Loading class com/zaxxer/hikari/pool/PoolBase
Event: 14.372 Loading class com/zaxxer/hikari/pool/PoolBase done
Event: 14.377 Loading class com/zaxxer/hikari/metrics/MetricsTrackerFactory
Event: 14.377 Loading class com/zaxxer/hikari/metrics/MetricsTrackerFactory done

Classes unloaded (0 events):
No events

Classes redefined (0 events):
No events

Internal exceptions (20 events):
Event: 9.250 Thread 0x0000026857128790 Exception <a 'java/lang/NoSuchMethodError'{0x0000000087b620d8}: 'void java.lang.invoke.DirectMethodHandle$Holder.invokeInterface(java.lang.Object, java.lang.Object, int)'> (0x0000000087b620d8) 
thrown [s\open\src\hotspot\share\interpreter\linkResolver.cpp, line 796]
Event: 9.262 Thread 0x0000026857128790 Exception <a 'java/lang/IncompatibleClassChangeError'{0x0000000087ba49a0}: Found class java.lang.Object, but interface was expected> (0x0000000087ba49a0) 
thrown [s\open\src\hotspot\share\interpreter\linkResolver.cpp, line 863]
Event: 9.264 Thread 0x0000026857128790 Exception <a 'java/lang/NoSuchMethodError'{0x0000000087bb2ba8}: 'int java.lang.invoke.DirectMethodHandle$Holder.invokeSpecialIFC(java.lang.Object, java.lang.Object, java.lang.Object)'> (0x0000000087bb2ba8) 
thrown [s\open\src\hotspot\share\interpreter\linkResolver.cpp, line 796]
Event: 9.289 Thread 0x0000026857128790 Exception <a 'java/lang/NoSuchMethodError'{0x0000000087bfb3b8}: 'void java.lang.invoke.DirectMethodHandle$Holder.invokeStatic(java.lang.Object, java.lang.Object, java.lang.Object, int, java.lang.Object)'> (0x0000000087bfb3b8) 
thrown [s\open\src\hotspot\share\interpreter\linkResolver.cpp, line 796]
Event: 9.291 Thread 0x0000026857128790 Exception <a 'java/lang/NoSuchMethodError'{0x0000000087a02060}: 'java.lang.Object java.lang.invoke.DirectMethodHandle$Holder.newInvokeSpecial(java.lang.Object, java.lang.Object, java.lang.Object, int)'> (0x0000000087a02060) 
thrown [s\open\src\hotspot\share\interpreter\linkResolver.cpp, line 796]
Event: 9.296 Thread 0x0000026857128790 Exception <a 'java/lang/NoSuchMethodError'{0x0000000087a05f18}: 'java.lang.Object java.lang.invoke.DirectMethodHandle$Holder.invokeSpecial(java.lang.Object, java.lang.Object, java.lang.Object, java.lang.Object, int)'> (0x0000000087a05f18) 
thrown [s\open\src\hotspot\share\interpreter\linkResolver.cpp, line 796]
Event: 9.296 Thread 0x0000026857128790 Exception <a 'java/lang/NoSuchMethodError'{0x0000000087a093b8}: 'java.lang.Object java.lang.invoke.Invokers$Holder.linkToTargetMethod(java.lang.Object, java.lang.Object, int, java.lang.Object)'> (0x0000000087a093b8) 
thrown [s\open\src\hotspot\share\interpreter\linkResolver.cpp, line 796]
Event: 10.804 Thread 0x0000026857128790 Exception <a 'java/lang/NoSuchMethodError'{0x000000008739d760}: 'java.lang.Object java.lang.invoke.DirectMethodHandle$Holder.invokeStaticInit(java.lang.Object, int, int, int, int)'> (0x000000008739d760) 
thrown [s\open\src\hotspot\share\interpreter\linkResolver.cpp, line 796]
Event: 11.025 Thread 0x0000026857128790 Exception <a 'java/lang/NoSuchMethodError'{0x0000000087292210}: 'java.lang.Object java.lang.invoke.DirectMethodHandle$Holder.invokeStaticInit(java.lang.Object, java.lang.Object, int, int, int, int)'> (0x0000000087292210) 
thrown [s\open\src\hotspot\share\interpreter\linkResolver.cpp, line 796]
Event: 11.339 Thread 0x0000026857128790 Implicit null exception at 0x0000026807d7aa73 to 0x0000026807d7b5a4
Event: 11.353 Thread 0x0000026857128790 Exception <a 'java/lang/NoSuchMethodError'{0x000000008797e540}: 'int java.lang.invoke.DirectMethodHandle$Holder.invokeVirtual(java.lang.Object, java.lang.Object, java.lang.Object, java.lang.Object)'> (0x000000008797e540) 
thrown [s\open\src\hotspot\share\interpreter\linkResolver.cpp, line 796]
Event: 11.354 Thread 0x0000026857128790 Exception <a 'java/lang/NoSuchMethodError'{0x0000000087981dd8}: 'int java.lang.invoke.DelegatingMethodHandle$Holder.reinvoke_L(java.lang.Object, java.lang.Object, java.lang.Object, java.lang.Object)'> (0x0000000087981dd8) 
thrown [s\open\src\hotspot\share\interpreter\linkResolver.cpp, line 796]
Event: 11.496 Thread 0x0000026857128790 Exception <a 'java/io/FileNotFoundException'{0x000000008763a040}> (0x000000008763a040) 
thrown [s\open\src\hotspot\share\prims\jni.cpp, line 520]
Event: 11.691 Thread 0x0000026857128790 Exception <a 'java/lang/NoSuchMethodError'{0x000000008743eff0}: 'int java.lang.invoke.DirectMethodHandle$Holder.invokeInterface(java.lang.Object, java.lang.Object, java.lang.Object, java.lang.Object)'> (0x000000008743eff0) 
thrown [s\open\src\hotspot\share\interpreter\linkResolver.cpp, line 796]
Event: 12.015 Thread 0x0000026857128790 Exception <a 'java/lang/NoSuchMethodError'{0x0000000087182f60}: 'java.lang.Object java.lang.invoke.DirectMethodHandle$Holder.invokeStaticInit(java.lang.Object, java.lang.Object, java.lang.Object, java.lang.Object)'> (0x0000000087182f60) 
thrown [s\open\src\hotspot\share\interpreter\linkResolver.cpp, line 796]
Event: 12.017 Thread 0x0000026857128790 Exception <a 'java/lang/IncompatibleClassChangeError'{0x00000000871951c8}: Found class java.lang.Object, but interface was expected> (0x00000000871951c8) 
thrown [s\open\src\hotspot\share\interpreter\linkResolver.cpp, line 863]
Event: 12.019 Thread 0x0000026857128790 Exception <a 'java/lang/IncompatibleClassChangeError'{0x00000000871a27a0}: Found class java.lang.Object, but interface was expected> (0x00000000871a27a0) 
thrown [s\open\src\hotspot\share\interpreter\linkResolver.cpp, line 863]
Event: 12.080 Thread 0x0000026857128790 Exception <a 'java/lang/IncompatibleClassChangeError'{0x00000000871cee28}: Found class java.lang.Object, but interface was expected> (0x00000000871cee28) 
thrown [s\open\src\hotspot\share\interpreter\linkResolver.cpp, line 863]
Event: 13.801 Thread 0x0000026857128790 Exception <a 'java/lang/NoSuchMethodError'{0x0000000087b405d0}: 'long java.lang.invoke.DirectMethodHandle$Holder.invokeVirtual(java.lang.Object, java.lang.Object)'> (0x0000000087b405d0) 
thrown [s\open\src\hotspot\share\interpreter\linkResolver.cpp, line 796]
Event: 13.829 Thread 0x0000026857128790 Exception <a 'java/io/FileNotFoundException'{0x0000000087b70c08}> (0x0000000087b70c08) 
thrown [s\open\src\hotspot\share\prims\jni.cpp, line 520]

VM Operations (20 events):
Event: 11.086 Executing VM operation: CollectForMetadataAllocation (Metadata GC Threshold)
Event: 11.095 Executing VM operation: CollectForMetadataAllocation (Metadata GC Threshold) done
Event: 11.134 Executing VM operation: G1PauseRemark
Event: 11.138 Executing VM operation: G1PauseRemark done
Event: 11.151 Executing VM operation: G1PauseCleanup
Event: 11.151 Executing VM operation: G1PauseCleanup done
Event: 11.447 Executing VM operation: HandshakeAllThreads (Deoptimize)
Event: 11.447 Executing VM operation: HandshakeAllThreads (Deoptimize) done
Event: 12.467 Executing VM operation: G1CollectForAllocation (G1 Evacuation Pause)
Event: 12.481 Executing VM operation: G1CollectForAllocation (G1 Evacuation Pause) done
Event: 12.913 Executing VM operation: HandshakeAllThreads (Deoptimize)
Event: 12.913 Executing VM operation: HandshakeAllThreads (Deoptimize) done
Event: 12.916 Executing VM operation: HandshakeAllThreads (Deoptimize)
Event: 12.916 Executing VM operation: HandshakeAllThreads (Deoptimize) done
Event: 13.623 Executing VM operation: HandshakeAllThreads (Deoptimize)
Event: 13.623 Executing VM operation: HandshakeAllThreads (Deoptimize) done
Event: 13.624 Executing VM operation: HandshakeAllThreads (Deoptimize)
Event: 13.625 Executing VM operation: HandshakeAllThreads (Deoptimize) done
Event: 13.836 Executing VM operation: HandshakeAllThreads (Deoptimize)
Event: 13.836 Executing VM operation: HandshakeAllThreads (Deoptimize) done

Memory protections (0 events):
No events

Nmethod flushes (20 events):
Event: 11.137 Thread 0x000002687e8ec570 flushing  nmethod 0x00000268001d8a08
Event: 11.137 Thread 0x000002687e8ec570 flushing  nmethod 0x00000268001da088
Event: 11.137 Thread 0x000002687e8ec570 flushing  nmethod 0x00000268001fe008
Event: 11.137 Thread 0x000002687e8ec570 flushing  nmethod 0x00000268001fe308
Event: 11.137 Thread 0x000002687e8ec570 flushing  nmethod 0x00000268001ff688
Event: 11.137 Thread 0x000002687e8ec570 flushing  nmethod 0x00000268001ffc08
Event: 11.137 Thread 0x000002687e8ec570 flushing  nmethod 0x0000026800200008
Event: 11.137 Thread 0x000002687e8ec570 flushing  nmethod 0x0000026800200c08
Event: 11.137 Thread 0x000002687e8ec570 flushing  nmethod 0x0000026800202a88
Event: 11.137 Thread 0x000002687e8ec570 flushing  nmethod 0x0000026800202f88
Event: 11.137 Thread 0x000002687e8ec570 flushing  nmethod 0x0000026800203708
Event: 11.137 Thread 0x000002687e8ec570 flushing  nmethod 0x000002680021c308
Event: 11.137 Thread 0x000002687e8ec570 flushing  nmethod 0x0000026800270d88
Event: 11.137 Thread 0x000002687e8ec570 flushing  nmethod 0x0000026800271088
Event: 11.137 Thread 0x000002687e8ec570 flushing  nmethod 0x000002680028c088
Event: 11.137 Thread 0x000002687e8ec570 flushing  nmethod 0x00000268002e7008
Event: 11.137 Thread 0x000002687e8ec570 flushing  nmethod 0x00000268003ac188
Event: 11.137 Thread 0x000002687e8ec570 flushing  nmethod 0x00000268003b5108
Event: 11.137 Thread 0x000002687e8ec570 flushing  nmethod 0x00000268003b5408
Event: 11.137 Thread 0x000002687e8ec570 flushing  nmethod 0x00000268003c2b88

Events (20 events):
Event: 0.098 Thread 0x0000026873576dc0 Thread added: 0x000002687e93dee0
Event: 0.276 Thread 0x0000026873576dc0 Thread added: 0x00000268561e9ec0
Event: 0.341 Thread 0x0000026873576dc0 Thread added: 0x000002685625d740
Event: 0.341 Thread 0x0000026873576dc0 Thread added: 0x0000026856262510
Event: 0.341 Thread 0x000002685625d740 Thread added: 0x0000026856276cd0
Event: 0.388 Thread 0x0000026873576dc0 Thread added: 0x00000268561fd210
Event: 0.469 Thread 0x000002687e90cd00 Thread added: 0x000002685644a160
Event: 1.317 Thread 0x0000026873576dc0 Thread added: 0x0000026857128120
Event: 1.322 Thread 0x0000026857128120 Thread added: 0x0000026857128790
Event: 1.905 Thread 0x0000026857128790 Thread added: 0x0000026857427700
Event: 3.109 Thread 0x0000026857128790 Thread added: 0x00000268578e7ca0
Event: 3.605 Thread 0x00000268578e7ca0 Thread exited: 0x00000268578e7ca0
Event: 3.784 Thread 0x0000026857427700 Thread exited: 0x0000026857427700
Event: 11.052 Thread 0x000002685644a160 Thread exited: 0x000002685644a160
Event: 13.984 Thread 0x0000026857128790 Thread added: 0x000002685fd4e190
Event: 13.997 Thread 0x0000026857128790 Thread added: 0x0000026858228610
Event: 14.004 Thread 0x0000026857128790 Thread added: 0x000002685c9b48b0
Event: 14.079 Thread 0x000002687e93dee0 Thread added: 0x0000026856c585b0
Event: 14.269 Thread 0x0000026857128790 Thread added: 0x000002685c9b6980
Event: 14.379 Thread 0x0000026856c585b0 Thread exited: 0x0000026856c585b0


Dynamic libraries:
0x00007ff7d56a0000 - 0x00007ff7d56b0000 	C:\Program Files\Java\jdk-23\bin\java.exe
0x00007ffc21530000 - 0x00007ffc21747000 	C:\WINDOWS\SYSTEM32\ntdll.dll
0x00007ffc1ff90000 - 0x00007ffc20054000 	C:\WINDOWS\System32\KERNEL32.DLL
0x00007ffc1e770000 - 0x00007ffc1eb43000 	C:\WINDOWS\System32\KERNELBASE.dll
0x00007ffc1eb50000 - 0x00007ffc1ec61000 	C:\WINDOWS\System32\ucrtbase.dll
0x00007ffbf7660000 - 0x00007ffbf7677000 	C:\Program Files\Java\jdk-23\bin\jli.dll
0x00007ffc08e10000 - 0x00007ffc08e2b000 	C:\Program Files\Java\jdk-23\bin\VCRUNTIME140.dll
0x00007ffc20c10000 - 0x00007ffc20dc1000 	C:\WINDOWS\System32\USER32.dll
0x00007ffc1f050000 - 0x00007ffc1f076000 	C:\WINDOWS\System32\win32u.dll
0x00007ffc202d0000 - 0x00007ffc202f9000 	C:\WINDOWS\System32\GDI32.dll
0x00007ffc05aa0000 - 0x00007ffc05d3b000 	C:\WINDOWS\WinSxS\amd64_microsoft.windows.common-controls_6595b64144ccf1df_6.0.22621.5262_none_2712bde373830908\COMCTL32.dll
0x00007ffc1eea0000 - 0x00007ffc1efc2000 	C:\WINDOWS\System32\gdi32full.dll
0x00007ffc1f320000 - 0x00007ffc1f3c7000 	C:\WINDOWS\System32\msvcrt.dll
0x00007ffc1e6a0000 - 0x00007ffc1e73a000 	C:\WINDOWS\System32\msvcp_win.dll
0x00007ffc1f2e0000 - 0x00007ffc1f311000 	C:\WINDOWS\System32\IMM32.DLL
0x00007ffc08bc0000 - 0x00007ffc08bcc000 	C:\Program Files\Java\jdk-23\bin\vcruntime140_1.dll
0x00007ffbe2b50000 - 0x00007ffbe2bde000 	C:\Program Files\Java\jdk-23\bin\msvcp140.dll
0x00007ffba0720000 - 0x00007ffba146f000 	C:\Program Files\Java\jdk-23\bin\server\jvm.dll
0x00007ffc20060000 - 0x00007ffc20111000 	C:\WINDOWS\System32\ADVAPI32.dll
0x00007ffc20220000 - 0x00007ffc202c7000 	C:\WINDOWS\System32\sechost.dll
0x00007ffc1e740000 - 0x00007ffc1e768000 	C:\WINDOWS\System32\bcrypt.dll
0x00007ffc1f1c0000 - 0x00007ffc1f2d4000 	C:\WINDOWS\System32\RPCRT4.dll
0x00007ffc1ff10000 - 0x00007ffc1ff81000 	C:\WINDOWS\System32\WS2_32.dll
0x00007ffc1df30000 - 0x00007ffc1df7d000 	C:\WINDOWS\SYSTEM32\POWRPROF.dll
0x00007ffc15a50000 - 0x00007ffc15a84000 	C:\WINDOWS\SYSTEM32\WINMM.dll
0x00007ffc0cbe0000 - 0x00007ffc0cbea000 	C:\WINDOWS\SYSTEM32\VERSION.dll
0x00007ffc1df10000 - 0x00007ffc1df23000 	C:\WINDOWS\SYSTEM32\UMPDC.dll
0x00007ffc1d620000 - 0x00007ffc1d638000 	C:\WINDOWS\SYSTEM32\kernel.appcore.dll
0x00007ffc074c0000 - 0x00007ffc074ca000 	C:\Program Files\Java\jdk-23\bin\jimage.dll
0x00007ffc1c010000 - 0x00007ffc1c242000 	C:\WINDOWS\SYSTEM32\DBGHELP.DLL
0x00007ffc21150000 - 0x00007ffc214e3000 	C:\WINDOWS\System32\combase.dll
0x00007ffc20140000 - 0x00007ffc20217000 	C:\WINDOWS\System32\OLEAUT32.dll
0x00007ffc0adf0000 - 0x00007ffc0ae22000 	C:\WINDOWS\SYSTEM32\dbgcore.DLL
0x00007ffc1e620000 - 0x00007ffc1e69b000 	C:\WINDOWS\System32\bcryptPrimitives.dll
0x00007ffbf3fc0000 - 0x00007ffbf3ffc000 	C:\Program Files\Java\jdk-23\bin\jdwp.dll
0x00007ffc07490000 - 0x00007ffc0749f000 	C:\Program Files\Java\jdk-23\bin\instrument.dll
0x00007ffbf6e00000 - 0x00007ffbf6e1e000 	C:\Program Files\Java\jdk-23\bin\java.dll
0x00007ffc20dd0000 - 0x00007ffc20f71000 	C:\WINDOWS\System32\ole32.dll
0x00007ffc20370000 - 0x00007ffc20c0d000 	C:\WINDOWS\System32\SHELL32.dll
0x00007ffc1f080000 - 0x00007ffc1f1bf000 	C:\WINDOWS\System32\wintypes.dll
0x00007ffbf0df0000 - 0x00007ffbf0e07000 	C:\Program Files\Java\jdk-23\bin\zip.dll
0x00007ffc1c510000 - 0x00007ffc1ce2d000 	C:\WINDOWS\SYSTEM32\windows.storage.dll
0x00007ffc1f560000 - 0x00007ffc1f66b000 	C:\WINDOWS\System32\SHCORE.dll
0x00007ffc1f3d0000 - 0x00007ffc1f436000 	C:\WINDOWS\System32\shlwapi.dll
0x00007ffc1e550000 - 0x00007ffc1e57b000 	C:\WINDOWS\SYSTEM32\profapi.dll
0x00007ffbcd4f0000 - 0x00007ffbcd5c7000 	C:\Program Files\Java\jdk-23\bin\jsvml.dll
0x00007ffbfdbb0000 - 0x00007ffbfdbbc000 	C:\Program Files\Java\jdk-23\bin\dt_socket.dll
0x00007ffc1d080000 - 0x00007ffc1d0ad000 	C:\WINDOWS\SYSTEM32\IPHLPAPI.DLL
0x00007ffc1da90000 - 0x00007ffc1dafa000 	C:\WINDOWS\system32\mswsock.dll
0x00007ffbfd380000 - 0x00007ffbfd390000 	C:\Program Files\Java\jdk-23\bin\net.dll
0x00007ffbf0dd0000 - 0x00007ffbf0de6000 	C:\Program Files\Java\jdk-23\bin\nio.dll
0x00007ffbfb200000 - 0x00007ffbfb210000 	C:\Program Files\Java\jdk-23\bin\verify.dll
0x00007ffbf7440000 - 0x00007ffbf744a000 	C:\Program Files\Java\jdk-23\bin\management.dll
0x00007ffbf7340000 - 0x00007ffbf734b000 	C:\Program Files\Java\jdk-23\bin\management_ext.dll
0x00007ffc1f990000 - 0x00007ffc1f998000 	C:\WINDOWS\System32\PSAPI.DLL
0x00007ffbf6f10000 - 0x00007ffbf6f1e000 	C:\Program Files\Java\jdk-23\bin\sunmscapi.dll
0x00007ffc1ec70000 - 0x00007ffc1edd7000 	C:\WINDOWS\System32\CRYPT32.dll
0x00007ffc1dfc0000 - 0x00007ffc1dfed000 	C:\WINDOWS\SYSTEM32\ncrypt.dll
0x00007ffc1df80000 - 0x00007ffc1dfb7000 	C:\WINDOWS\SYSTEM32\NTASN1.dll
0x00007ffc1dde0000 - 0x00007ffc1ddfb000 	C:\WINDOWS\SYSTEM32\CRYPTSP.dll
0x00007ffc1d580000 - 0x00007ffc1d5b7000 	C:\WINDOWS\system32\rsaenh.dll
0x00007ffc1db30000 - 0x00007ffc1db58000 	C:\WINDOWS\SYSTEM32\USERENV.dll
0x00007ffc1ddc0000 - 0x00007ffc1ddcc000 	C:\WINDOWS\SYSTEM32\CRYPTBASE.dll
0x00007ffc1f670000 - 0x00007ffc1f679000 	C:\WINDOWS\System32\NSI.dll

dbghelp: loaded successfully - version: 4.0.5 - missing functions: none
symbol engine: initialized successfully - sym options: 0x614 - pdb path: .;C:\Program Files\Java\jdk-23\bin;C:\WINDOWS\SYSTEM32;C:\WINDOWS\WinSxS\amd64_microsoft.windows.common-controls_6595b64144ccf1df_6.0.22621.5262_none_2712bde373830908;C:\Program Files\Java\jdk-23\bin\server

VM Arguments:
jvm_args: -agentlib:jdwp=transport=dt_socket,address=127.0.0.1:2416,suspend=y,server=n -javaagent:C:\Users\Leo\AppData\Local\JetBrains\IdeaIC2024.2\captureAgent\debugger-agent.jar -Dkotlinx.coroutines.debug.enable.creation.stack.trace=false -Ddebugger.agent.enable.coroutines=true -Dfile.encoding=UTF-8 -Dsun.stdout.encoding=UTF-8 -Dsun.stderr.encoding=UTF-8 
java_command: com.example.rifa.RifaApplication
java_class_path (initial): D:\SuperSorteo\rifa\target\classes;C:\Users\Leo\.m2\repository\org\springframework\boot\spring-boot-starter-actuator\3.3.5\spring-boot-starter-actuator-3.3.5.jar;C:\Users\Leo\.m2\repository\org\springframework\boot\spring-boot-starter\3.3.5\spring-boot-starter-3.3.5.jar;C:\Users\Leo\.m2\repository\org\springframework\boot\spring-boot-starter-logging\3.3.5\spring-boot-starter-logging-3.3.5.jar;C:\Users\Leo\.m2\repository\ch\qos\logback\logback-classic\1.5.11\logback-classic-1.5.11.jar;C:\Users\Leo\.m2\repository\ch\qos\logback\logback-core\1.5.11\logback-core-1.5.11.jar;C:\Users\Leo\.m2\repository\org\apache\logging\log4j\log4j-to-slf4j\2.23.1\log4j-to-slf4j-2.23.1.jar;C:\Users\Leo\.m2\repository\org\apache\logging\log4j\log4j-api\2.23.1\log4j-api-2.23.1.jar;C:\Users\Leo\.m2\repository\org\slf4j\jul-to-slf4j\2.0.16\jul-to-slf4j-2.0.16.jar;C:\Users\Leo\.m2\repository\jakarta\annotation\jakarta.annotation-api\2.1.1\jakarta.annotation-api-2.1.1.jar;C:\Users\Leo\.m2\repository\org\yaml\snakeyaml\2.2\snakeyaml-2.2.jar;C:\Users\Leo\.m2\repository\org\springframework\boot\spring-boot-actuator-autoconfigure\3.3.5\spring-boot-actuator-autoconfigure-3.3.5.jar;C:\Users\Leo\.m2\repository\org\springframework\boot\spring-boot-actuator\3.3.5\spring-boot-actuator-3.3.5.jar;C:\Users\Leo\.m2\repository\com\fasterxml\jackson\core\jackson-databind\2.17.2\jackson-databind-2.17.2.jar;C:\Users\Leo\.m2\repository\com\fasterxml\jackson\core\jackson-annotations\2.17.2\jackson-annotations-2.17.2.jar;C:\Users\Leo\.m2\repository\com\fasterxml\jackson\core\jackson-core\2.17.2\jackson-core-2.17.2.jar;C:\Users\Leo\.m2\repository\com\fasterxml\jackson\datatype\jackson-datatype-jsr310\2.17.2\jackson-datatype-jsr310-2.17.2.jar;C:\Users\Leo\.m2\repository\io\micrometer\micrometer-observation\1.13.6\micrometer-observation-1.13.6.jar;C:\Users\Leo\.m2\repository\io\micrometer\micrometer-commons\1.13.6\micrometer-commons-1.13.6.jar;C:\Users\Leo\.m2\repository\io\micrometer\micrometer-jakarta9\1.13.6\micrometer-jakarta9-1.13.6.jar;C:\Users\Leo\.m2\repository\io\micrometer\micrometer-core\1.13.6\micrometer-core-1.13.6.jar;C:\Users\Leo\.m2\repository\org\hdrhistogram\HdrHistogram\2.2.2\HdrHistogram-2.2.2.jar;C:\Users\Leo\.m2\repository\org\latencyutils\LatencyUtils\2.0.3\LatencyUtils-2.0.3.jar;C:\Users\Leo\.m2\repository\org\springframework\boot\spring-boot-starter-mail\3.3.5\spring-boot-starter-mail-3.3.5.jar;C:\Users\Leo\.m2\repository\org\springframework\spring-context-support\6.1.14\spring-context-support-6.1.14.jar;C:\Users\Leo\.m2\repository\org\springframework\spring-beans\6.1.14\spring-beans-6.1.14.jar;C:\Users\Leo\.m2\repository\org\springframework\spring-context\6.1.14\spring-context-6.1.14.jar;C:\Users\Leo\.m2\repository\org\eclipse\angus\jakarta.mail\2.0.3\jakarta.mail-2.0.3.jar;C:\Users\Leo\.m2\repository\jakarta\activation\jakarta.activation-api\2.1.3\jakarta.activation-api-2.1.3.jar;C:\Users\Leo\.m2\repository\org\eclipse\angus\angus-activation\2.0.2\angus-activation-2.0.2.jar;C:\Users\Leo\.m2\repository\org\springframework\boot\spring-boot-starter-data-jpa\3.3.5\spring-boot-starter-data-jpa-3.3.5.jar;C:\Users\Leo\.m2\repository\org\springframework\boot\spring-boot-starter-aop\3.3.5\spring-boot-starter-aop-3.3.5.jar;C:\Users\Leo\.m2\repository\org\springframework\spring-aop\6.1.14\spring-aop-6.1.14.jar;C:\Users\Leo\.m2\repository\org\aspectj\aspectjweaver\1.9.22.1\aspectjweaver-1.9.22.1.jar;C:\Users\Leo\.m2\repository\org\springframework\boot\spring-boot-starter-jdbc\3.3.5\spring-boot-starter-jdbc-3.3.5.jar;C:\Users\Leo\.m2\repository\com\zaxxer\HikariCP\5.1.0\HikariCP-5.1.0.jar;C:\Users\Leo\.m2\repository\org\springframework\spring-jdbc\6.1.14\spring-jdbc-6.1.14.jar;C:\Users\Leo\.m2\repository\org\hibernate\orm\hibernate-core\6.5.3.Final\hibernate-core-6.5.3.Final.jar;C:\Users\Leo\.m2\repository\jakarta\persistence\jakarta.persistence-api\3.1.0\jakarta.persistence-api-3.1.0.jar;C:\Users\Leo\.m2\repository\jakarta\transaction\jakarta.transaction-api\2.0.1\jakarta.transaction-api-2.0.1.jar;C:\Users\Leo\.m2\repository\org\jboss\logging\jboss-logging\3.5.3.Final\jboss-logging-3.5.3.Final.jar;C:\Users\Leo\.m2\repository\org\hibernate\common\hibernate-commons-annotations\6.0.6.Final\hibernate-commons-annotations-6.0.6.Final.jar;C:\Users\Leo\.m2\repository\io\smallrye\jandex\3.1.2\jandex-3.1.2.jar;C:\Users\Leo\.m2\repository\com\fasterxml\classmate\1.7.0\classmate-1.7.0.jar;C:\Users\Leo\.m2\repository\net\bytebuddy\byte-buddy\1.14.19\byte-buddy-1.14.19.jar;C:\Users\Leo\.m2\repository\org\glassfish\jaxb\jaxb-runtime\4.0.5\jaxb-runtime-4.0.5.jar;C:\Users\Leo\.m2\repository\org\glassfish\jaxb\jaxb-core\4.0.5\jaxb-core-4.0.5.jar;C:\Users\Leo\.m2\repository\org\glassfish\jaxb\txw2\4.0.5\txw2-4.0.5.jar;C:\Users\Leo\.m2\repository\com\sun\istack\istack-commons-runtime\4.1.2\istack-commons-runtime-4.1.2.jar;C:\Users\Leo\.m2\repository\jakarta\inject\jakarta.inject-api\2.0.1\jakarta.inject-api-2.0.1.jar;C:\Users\Leo\.m2\repository\org\antlr\antlr4-runtime\4.13.0\antlr4-runtime-4.13.0.jar;C:\Users\Leo\.m2\repository\org\springframework\data\spring-data-jpa\3.3.5\spring-data-jpa-3.3.5.jar;C:\Users\Leo\.m2\repository\org\springframework\data\spring-data-commons\3.3.5\spring-data-commons-3.3.5.jar;C:\Users\Leo\.m2\repository\org\springframework\spring-orm\6.1.14\spring-orm-6.1.14.jar;C:\Users\Leo\.m2\repository\org\springframework\spring-tx\6.1.14\spring-tx-6.1.14.jar;C:\Users\Leo\.m2\repository\org\slf4j\slf4j-api\2.0.16\slf4j-api-2.0.16.jar;C:\Users\Leo\.m2\repository\org\springframework\spring-aspects\6.1.14\spring-aspects-6.1.14.jar;C:\Users\Leo\.m2\repository\org\springframework\boot\spring-boot-starter-validation\3.3.5\spring-boot-starter-validation-3.3.5.jar;C:\Users\Leo\.m2\repository\org\apache\tomcat\embed\tomcat-embed-el\10.1.31\tomcat-embed-el-10.1.31.jar;C:\Users\Leo\.m2\repository\org\hibernate\validator\hibernate-validator\8.0.1.Final\hibernate-validator-8.0.1.Final.jar;C:\Users\Leo\.m2\repository\jakarta\validation\jakarta.validation-api\3.0.2\jakarta.validation-api-3.0.2.jar;C:\Users\Leo\.m2\repository\org\springframework\boot\spring-boot-starter-web\3.3.5\spring-boot-starter-web-3.3.5.jar;C:\Users\Leo\.m2\repository\org\springframework\boot\spring-boot-starter-json\3.3.5\spring-boot-starter-json-3.3.5.jar;C:\Users\Leo\.m2\repository\com\fasterxml\jackson\datatype\jackson-datatype-jdk8\2.17.2\jackson-datatype-jdk8-2.17.2.jar;C:\Users\Leo\.m2\repository\com\fasterxml\jackson\module\jackson-module-parameter-names\2.17.2\jackson-module-parameter-names-2.17.2.jar;C:\Users\Leo\.m2\repository\org\springframework\boot\spring-boot-starter-tomcat\3.3.5\spring-boot-starter-tomcat-3.3.5.jar;C:\Users\Leo\.m2\repository\org\apache\tomcat\embed\tomcat-embed-core\10.1.31\tomcat-embed-core-10.1.31.jar;C:\Users\Leo\.m2\repository\org\apache\tomcat\embed\tomcat-embed-websocket\10.1.31\tomcat-embed-websocket-10.1.31.jar;C:\Users\Leo\.m2\repository\org\springframework\spring-web\6.1.14\spring-web-6.1.14.jar;C:\Users\Leo\.m2\repository\org\springframework\spring-webmvc\6.1.14\spring-webmvc-6.1.14.jar;C:\Users\Leo\.m2\repository\org\springframework\spring-expression\6.1.14\spring-expression-6.1.14.jar;C:\Users\Leo\.m2\repository\org\springframework\boot\spring-boot-starter-websocket\3.3.5\spring-boot-starter-websocket-3.3.5.jar;C:\Users\Leo\.m2\repository\org\springframework\spring-messaging\6.1.14\spring-messaging-6.1.14.jar;C:\Users\Leo\.m2\repository\org\springframework\spring-websocket\6.1.14\spring-websocket-6.1.14.jar;C:\Users\Leo\.m2\repository\org\springframework\boot\spring-boot-devtools\3.3.5\spring-boot-devtools-3.3.5.jar;C:\Users\Leo\.m2\repository\org\springframework\boot\spring-boot\3.3.5\spring-boot-3.3.5.jar;C:\Users\Leo\.m2\repository\org\springframework\boot\spring-boot-autoconfigure\3.3.5\spring-boot-autoconfigure-3.3.5.jar;C:\Users\Leo\.m2\repository\com\mysql\mysql-connector-j\8.3.0\mysql-connector-j-8.3.0.jar;C:\Users\Leo\.m2\repository\org\projectlombok\lombok\1.18.34\lombok-1.18.34.jar;C:\Users\Leo\.m2\repository\com\mercadopago\sdk-java\2.1.7\sdk-java-2.1.7.jar;C:\Users\Leo\.m2\repository\org\apache\maven\plugins\maven-javadoc-plugin\3.3.2\maven-javadoc-plugin-3.3.2.jar;C:\Users\Leo\.m2\repository\org\apache\maven\maven-core\3.0\maven-core-3.0.jar;C:\Users\Leo\.m2\repository\org\apache\maven\maven-settings-builder\3.0\maven-settings-builder-3.0.jar;C:\Users\Leo\.m2\repository\org\apache\maven\maven-repository-metadata\3.0\maven-repository-metadata-3.0.jar;C:\Users\Leo\.m2\repository\org\apache\maven\maven-model-builder\3.0\maven-model-builder-3.0.jar;C:\Users\Leo\.m2\repository\org\apache\maven\maven-aether-provider\3.0\maven-aether-provider-3.0.jar;C:\Users\Leo\.m2\repository\org\sonatype\aether\aether-impl\1.7\aether-impl-1.7.jar;C:\Users\Leo\.m2\repository\org\sonatype\aether\aether-spi\1.7\aether-spi-1.7.jar;C:\Users\Leo\.m2\repository\org\sonatype\aether\aether-api\1.7\aether-api-1.7.jar;C:\Users\Leo\.m2\repository\org\sonatype\aether\aether-util\1.7\aether-util-1.7.jar;C:\Users\Leo\.m2\repository\org\sonatype\sisu\sisu-inject-plexus\1.4.2\sisu-inject-plexus-1.4.2.jar;C:\Users\Leo\.m2\repository\org\sonatype\sisu\sisu-inject-bean\1.4.2\sisu-inject-bean-1.4.2.jar;C:\Users\Leo\.m2\repository\org\sonatype\sisu\sisu-guice\2.1.7\sisu-guice-2.1.7-noaop.jar;C:\Users\Leo\.m2\repository\org\codehaus\plexus\plexus-interpolation\1.14\plexus-interpolation-1.14.jar;C:\Users\Leo\.m2\repository\org\codehaus\plexus\plexus-classworlds\2.2.3\plexus-classworlds-2.2.3.jar;C:\Users\Leo\.m2\repository\org\codehaus\plexus\plexus-component-annotations\1.5.5\plexus-component-annotations-1.5.5.jar;C:\Users\Leo\.m2\repository\org\sonatype\plexus\plexus-sec-dispatcher\1.3\plexus-sec-dispatcher-1.3.jar;C:\Users\Leo\.m2\repository\org\sonatype\plexus\plexus-cipher\1.4\plexus-cipher-1.4.jar;C:\Users\Leo\.m2\repository\org\apache\maven\maven-model\3.0\maven-model-3.0.jar;C:\Users\Leo\.m2\repository\org\apache\maven\maven-settings\3.0\maven-settings-3.0.jar;C:\Users\Leo\.m2\repository\org\apache\maven\maven-plugin-api\3.0\maven-plugin-api-3.0.jar;C:\Users\Leo\.m2\repository\org\apache\maven\maven-artifact\3.0\maven-artifact-3.0.jar;C:\Users\Leo\.m2\repository\org\apache\maven\reporting\maven-reporting-api\3.1.0\maven-reporting-api-3.1.0.jar;C:\Users\Leo\.m2\repository\org\apache\maven\maven-archiver\3.5.1\maven-archiver-3.5.1.jar;C:\Users\Leo\.m2\repository\org\apache\maven\shared\maven-shared-utils\3.3.3\maven-shared-utils-3.3.3.jar;C:\Users\Leo\.m2\repository\org\apache\maven\shared\maven-invoker\3.1.0\maven-invoker-3.1.0.jar;C:\Users\Leo\.m2\repository\javax\inject\javax.inject\1\javax.inject-1.jar;C:\Users\Leo\.m2\repository\org\apache\maven\shared\maven-common-artifact-filters\3.1.1\maven-common-artifact-filters-3.1.1.jar;C:\Users\Leo\.m2\repository\org\apache\maven\shared\maven-artifact-transfer\0.13.1\maven-artifact-transfer-0.13.1.jar;C:\Users\Leo\.m2\repository\org\apache\maven\doxia\doxia-sink-api\1.11.1\doxia-sink-api-1.11.1.jar;C:\Users\Leo\.m2\repository\org\apache\maven\doxia\doxia-logging-api\1.11.1\doxia-logging-api-1.11.1.jar;C:\Users\Leo\.m2\repository\org\apache\maven\doxia\doxia-site-renderer\1.11.1\doxia-site-renderer-1.11.1.jar;C:\Users\Leo\.m2\repository\org\apache\maven\doxia\doxia-core\1.11.1\doxia-core-1.11.1.jar;C:\Users\Leo\.m2\repository\org\apache\maven\doxia\doxia-decoration-model\1.11.1\doxia-decoration-model-1.11.1.jar;C:\Users\Leo\.m2\repository\org\apache\maven\doxia\doxia-skin-model\1.11.1\doxia-skin-model-1.11.1.jar;C:\Users\Leo\.m2\repository\org\apache\maven\doxia\doxia-module-xhtml\1.11.1\doxia-module-xhtml-1.11.1.jar;C:\Users\Leo\.m2\repository\org\apache\maven\doxia\doxia-module-xhtml5\1.11.1\doxia-module-xhtml5-1.11.1.jar;C:\Users\Leo\.m2\repository\org\codehaus\plexus\plexus-i18n\1.0-beta-10\plexus-i18n-1.0-beta-10.jar;C:\Users\Leo\.m2\repository\org\codehaus\plexus\plexus-container-default\1.0-alpha-30\plexus-container-default-1.0-alpha-30.jar;C:\Users\Leo\.m2\repository\junit\junit\4.13.2\junit-4.13.2.jar;C:\Users\Leo\.m2\repository\org\hamcrest\hamcrest-core\2.2\hamcrest-core-2.2.jar;C:\Users\Leo\.m2\repository\org\codehaus\plexus\plexus-velocity\1.2\plexus-velocity-1.2.jar;C:\Users\Leo\.m2\repository\org\apache\velocity\velocity\1.7\velocity-1.7.jar;C:\Users\Leo\.m2\repository\commons-lang\commons-lang\2.4\commons-lang-2.4.jar;C:\Users\Leo\.m2\repository\org\apache\velocity\velocity-tools\2.0\velocity-tools-2.0.jar;C:\Users\Leo\.m2\repository\commons-beanutils\commons-beanutils\1.7.0\commons-beanutils-1.7.0.jar;C:\Users\Leo\.m2\repository\commons-digester\commons-digester\1.8\commons-digester-1.8.jar;C:\Users\Leo\.m2\repository\commons-chain\commons-chain\1.1\commons-chain-1.1.jar;C:\Users\Leo\.m2\repository\dom4j\dom4j\1.1\dom4j-1.1.jar;C:\Users\Leo\.m2\repository\oro\oro\2.0.8\oro-2.0.8.jar;C:\Users\Leo\.m2\repository\commons-collections\commons-collections\3.2.2\commons-collections-3.2.2.jar;C:\Users\Leo\.m2\repository\org\apache\maven\wagon\wagon-provider-api\2.4\wagon-provider-api-2.4.jar;C:\Users\Leo\.m2\repository\org\apache\commons\commons-lang3\3.14.0\commons-lang3-3.14.0.jar;C:\Users\Leo\.m2\repository\org\apache\commons\commons-text\1.9\commons-text-1.9.jar;C:\Users\Leo\.m2\repository\org\apache\httpcomponents\httpcore\4.4.16\httpcore-4.4.16.jar;C:\Users\Leo\.m2\repository\com\thoughtworks\qdox\qdox\2.0.1\qdox-2.0.1.jar;C:\Users\Leo\.m2\repository\org\codehaus\plexus\plexus-java\1.1.0\plexus-java-1.1.0.jar;C:\Users\Leo\.m2\repository\org\ow2\asm\asm\9.2\asm-9.2.jar;C:\Users\Leo\.m2\repository\org\codehaus\plexus\plexus-archiver\4.2.6\plexus-archiver-4.2.6.jar;C:\Users\Leo\.m2\repository\org\apache\commons\commons-compress\1.21\commons-compress-1.21.jar;C:\Users\Leo\.m2\repository\org\iq80\snappy\snappy\0.4\snappy-0.4.jar;C:\Users\Leo\.m2\repository\org\tukaani\xz\1.9\xz-1.9.jar;C:\Users\Leo\.m2\repository\org\codehaus\plexus\plexus-io\3.2.0\plexus-io-3.2.0.jar;C:\Users\Leo\.m2\repository\org\codehaus\plexus\plexus-utils\3.3.0\plexus-utils-3.3.0.jar;C:\Users\Leo\.m2\repository\commons-io\commons-io\2.11.0\commons-io-2.11.0.jar;C:\Users\Leo\.m2\repository\org\codehaus\plexus\plexus-interactivity-api\1.1\plexus-interactivity-api-1.1.jar;C:\Users\Leo\.m2\repository\org\apache\httpcomponents\httpclient\4.5.13\httpclient-4.5.13.jar;C:\Users\Leo\.m2\repository\commons-logging\commons-logging\1.2\commons-logging-1.2.jar;C:\Users\Leo\.m2\repository\commons-codec\commons-codec\1.16.1\commons-codec-1.16.1.jar;C:\Users\Leo\.m2\repository\com\google\code\gson\gson\2.10.1\gson-2.10.1.jar;C:\Users\Leo\.m2\repository\jakarta\xml\bind\jakarta.xml.bind-api\4.0.2\jakarta.xml.bind-api-4.0.2.jar;C:\Users\Leo\.m2\repository\org\hamcrest\hamcrest\2.2\hamcrest-2.2.jar;C:\Users\Leo\.m2\repository\org\springframework\spring-core\6.1.14\spring-core-6.1.14.jar;C:\Users\Leo\.m2\repository\org\springframework\spring-jcl\6.1.14\spring-jcl-6.1.14.jar;C:\Program Files\JetBrains\IntelliJ IDEA Community Edition 2024.2.3\lib\idea_rt.jar
Launcher Type: SUN_STANDARD

[Global flags]
     intx CICompilerCount                          = 3                                         {product} {ergonomic}
     uint ConcGCThreads                            = 1                                         {product} {ergonomic}
     uint G1ConcRefinementThreads                  = 4                                         {product} {ergonomic}
   size_t G1HeapRegionSize                         = 1048576                                   {product} {ergonomic}
   size_t InitialHeapSize                          = 130023424                                 {product} {ergonomic}
   size_t MarkStackSize                            = 4194304                                   {product} {ergonomic}
   size_t MarkStackSizeMax                         = 536870912                                 {product} {ergonomic}
   size_t MaxHeapSize                              = 2067791872                                {product} {ergonomic}
   size_t MaxNewSize                               = 1240465408                                {product} {ergonomic}
   size_t MinHeapDeltaBytes                        = 1048576                                   {product} {ergonomic}
   size_t MinHeapSize                              = 8388608                                   {product} {ergonomic}
    uintx NonNMethodCodeHeapSize                   = 5832704                                {pd product} {ergonomic}
    uintx NonProfiledCodeHeapSize                  = 122945536                              {pd product} {ergonomic}
    uintx ProfiledCodeHeapSize                     = 122880000                              {pd product} {ergonomic}
    uintx ReservedCodeCacheSize                    = 251658240                              {pd product} {ergonomic}
     bool SegmentedCodeCache                       = true                                      {product} {ergonomic}
   size_t SoftMaxHeapSize                          = 2067791872                             {manageable} {ergonomic}
     bool UseCompressedOops                        = true                           {product lp64_product} {ergonomic}
     bool UseG1GC                                  = true                                      {product} {ergonomic}
     bool UseLargePagesIndividualAllocation        = false                                  {pd product} {ergonomic}

Logging:
Log output configuration:
 #0: stdout all=warning uptime,level,tags foldmultilines=false
 #1: stderr all=off uptime,level,tags foldmultilines=false

Environment Variables:
PATH=C:\Program Files\Common Files\Oracle\Java\javapath;C:\WINDOWS\system32;C:\WINDOWS;C:\WINDOWS\System32\Wbem;C:\WINDOWS\System32\WindowsPowerShell\v1.0\;C:\WINDOWS\System32\OpenSSH\;D:\Programas\;C:\Program Files (x86)\Microsoft SQL Server\160\Tools\Binn\;C:\Program Files\Microsoft SQL Server\160\Tools\Binn\;C:\Program Files\Microsoft SQL Server\Client SDK\ODBC\170\Tools\Binn\;C:\Program Files\Microsoft SQL Server\160\DTS\Binn\;C:\Program Files (x86)\Microsoft SQL Server\160\DTS\Binn\;C:\Program Files\Microsoft SQL Server\150\Tools\Binn\;C:\Program Files\dotnet\;C:\Program Files\Git\cmd;D:\JAVA\apache-maven-3.9.9\bin;C:\Program Files\MySQL\MySQL Server 9.1\bin;;C:\Program Files\Docker\Docker\resources\bin;C:\ProgramData\chocolatey\bin;C:\Users\Leo\AppData\Local\Microsoft\WindowsApps;C:\Users\Leo\AppData\Roaming\npm;C:\Users\Leo\AppData\Local\Programs\Microsoft VS Code\bin;C:\Users\Leo\.dotnet\tools;C:\Program Files\Cloudflare;C:\Users\Leo\AppData\Local\Programs\Python\Python313\Scripts\;C:\Users\Leo\AppData\Local\Programs\Python\Python313\;C:\Users\Leo\AppData\Local\Programs\Python\Launcher\;C:\Users\Leo\AppData\Local\Microsoft\WindowsApps;C:\Users\Leo\AppData\Roaming\npm;C:\Users\Leo\AppData\Local\Programs\Microsoft VS Code\bin;C:\Users\Leo\.dotnet\tools
USERNAME=Leo
OS=Windows_NT
PROCESSOR_IDENTIFIER=Intel64 Family 6 Model 140 Stepping 1, GenuineIntel
TMP=C:\Users\Leo\AppData\Local\Temp
TEMP=C:\Users\Leo\AppData\Local\Temp




Periodic native trim disabled

---------------  S Y S T E M  ---------------

OS:
 Windows 11 , 64 bit Build 22621 (10.0.22621.5262)
OS uptime: 2 days 4:46 hours
Hyper-V role detected

CPU: total 4 (initial active 4) (2 cores per cpu, 2 threads per core) family 6 model 140 stepping 1 microcode 0xa6, cx8, cmov, fxsr, ht, mmx, 3dnowpref, sse, sse2, sse3, ssse3, sse4.1, sse4.2, popcnt, lzcnt, tsc, tscinvbit, avx, avx2, aes, erms, clmul, bmi1, bmi2, adx, avx512f, avx512dq, avx512cd, avx512bw, avx512vl, sha, fma, vzeroupper, avx512_vpopcntdq, avx512_vpclmulqdq, avx512_vaes, avx512_vnni, clflush, clflushopt, clwb, avx512_vbmi2, avx512_vbmi, hv, rdtscp, rdpid, fsrm, gfni, avx512_bitalg, f16c, cet_ibt, cet_ss, avx512_ifma
Processor Information for the first 4 processors :
  Max Mhz: 2995, Current Mhz: 2995, Mhz Limit: 2995

Memory: 4k page, system-wide physical 7886M (465M free)
TotalPageFile size 20190M (AvailPageFile size 22M)
current process WorkingSet (physical memory assigned to process): 264M, peak: 291M
current process commit charge ("private bytes"): 297M, peak: 323M

vm_info: Java HotSpot(TM) 64-Bit Server VM (23.0.1+11-39) for windows-amd64 JRE (23.0.1+11-39), built on 2024-09-30T07:20:43Z with MS VC++ 17.6 (VS2022)

END.
