#
# There is insufficient memory for the Java Runtime Environment to continue.
# Native memory allocation (malloc) failed to allocate 2434800 bytes. Error detail: Chunk::new
# Possible reasons:
#   The system is out of physical RAM or swap space
#   This process is running with CompressedOops enabled, and the Java Heap may be blocking the growth of the native heap
# Possible solutions:
#   Reduce memory load on the system
#   Increase physical memory or swap space
#   Check if swap backing store is full
#   Decrease Java heap size (-Xmx/-Xms)
#   Decrease number of Java threads
#   Decrease Java thread stack sizes (-Xss)
#   Set larger code cache with -XX:ReservedCodeCacheSize=
#   JVM is running with Unscaled Compressed Oops mode in which the Java heap is
#     placed in the first 4GB address space. The Java Heap base address is the
#     maximum limit for the native heap growth. Please use -XX:HeapBaseMinAddress
#     to set the Java Heap base and to place the Java Heap above 4GB virtual address.
# This output file may be truncated or incomplete.
#
#  Out of Memory Error (arena.cpp:149), pid=11488, tid=14392
#
# JRE version: Java(TM) SE Runtime Environment (23.0.1+11) (build 23.0.1+11-39)
# Java VM: Java HotSpot(TM) 64-Bit Server VM (23.0.1+11-39, mixed mode, sharing, tiered, compressed oops, compressed class ptrs, g1 gc, windows-amd64)
# No core dump will be written. Minidumps are not enabled by default on client versions of Windows
#

---------------  S U M M A R Y ------------

Command Line: -agentlib:jdwp=transport=dt_socket,address=127.0.0.1:2103,suspend=y,server=n -javaagent:C:\Users\Leo\AppData\Local\JetBrains\IdeaIC2024.2\captureAgent\debugger-agent.jar -Dkotlinx.coroutines.debug.enable.creation.stack.trace=false -Ddebugger.agent.enable.coroutines=true -Dfile.encoding=UTF-8 -Dsun.stdout.encoding=UTF-8 -Dsun.stderr.encoding=UTF-8 com.example.rifa.RifaApplication

Host: 11th Gen Intel(R) Core(TM) i3-1115G4 @ 3.00GHz, 4 cores, 7G,  Windows 11 , 64 bit Build 22621 (10.0.22621.5262)
Time: Thu Nov 13 11:48:20 2025 Hora estándar de Cuba elapsed time: 747.356759 seconds (0d 0h 12m 27s)

---------------  T H R E A D  ---------------

Current thread (0x0000025fa1800d30):  JavaThread "C2 CompilerThread0" daemon [_thread_in_native, id=14392, stack(0x00000061fbe00000,0x00000061fbf00000) (1024K)]


Current CompileTask:
C2:747356 11772       4       org.springframework.boot.context.properties.source.SpringIterableConfigurationPropertySource::getConfigurationProperty (94 bytes)

Stack: [0x00000061fbe00000,0x00000061fbf00000]
Native frames: (J=compiled Java code, j=interpreted, Vv=VM code, C=native code)
V  [jvm.dll+0x6e08b9]  (no source info available)
V  [jvm.dll+0x87dc83]  (no source info available)
V  [jvm.dll+0x88010e]  (no source info available)
V  [jvm.dll+0x8807e3]  (no source info available)
V  [jvm.dll+0x27aee6]  (no source info available)
V  [jvm.dll+0xbc06f]  (no source info available)
V  [jvm.dll+0xbc2cb]  (no source info available)
V  [jvm.dll+0x3b3a9c]  (no source info available)
V  [jvm.dll+0x1dc39e]  (no source info available)
V  [jvm.dll+0x244be5]  (no source info available)
V  [jvm.dll+0x243dff]  (no source info available)
V  [jvm.dll+0x1c33a0]  (no source info available)
V  [jvm.dll+0x253cf1]  (no source info available)
V  [jvm.dll+0x251faa]  (no source info available)
V  [jvm.dll+0x3ee036]  (no source info available)
V  [jvm.dll+0x824f8b]  (no source info available)
V  [jvm.dll+0x6df065]  (no source info available)
C  [ucrtbase.dll+0x29333]  (no source info available)
C  [KERNEL32.DLL+0x1259d]  (no source info available)
C  [ntdll.dll+0x5af58]  (no source info available)

Lock stack of current Java thread (top to bottom):


---------------  P R O C E S S  ---------------

Threads class SMR info:
_java_thread_list=0x0000025fe8a11550, length=19, elements={
0x0000025fa17e9710, 0x0000025fa17ea770, 0x0000025fa17ec040, 0x0000025fa17edba0,
0x0000025fa17f0850, 0x0000025fa17f59e0, 0x0000025fa1800d30, 0x0000025fa1821be0,
0x0000025fa1a3fda0, 0x0000025fa1a64eb0, 0x0000025fa1a65540, 0x0000025fa1a65bd0,
0x0000025fa1b4e0c0, 0x0000025fea0b78b0, 0x0000025fef2ee590, 0x0000025fef2eaa80,
0x0000025fef826fc0, 0x0000025fef2e9040, 0x0000025fef2eb110
}

Java Threads: ( => current thread )
  0x0000025fa17e9710 JavaThread "Reference Handler"          daemon [_thread_blocked, id=13480, stack(0x00000061fb800000,0x00000061fb900000) (1024K)]
  0x0000025fa17ea770 JavaThread "Finalizer"                  daemon [_thread_blocked, id=4952, stack(0x00000061fb900000,0x00000061fba00000) (1024K)]
  0x0000025fa17ec040 JavaThread "Signal Dispatcher"          daemon [_thread_blocked, id=15052, stack(0x00000061fba00000,0x00000061fbb00000) (1024K)]
  0x0000025fa17edba0 JavaThread "Attach Listener"            daemon [_thread_blocked, id=17912, stack(0x00000061fbb00000,0x00000061fbc00000) (1024K)]
  0x0000025fa17f0850 JavaThread "Service Thread"             daemon [_thread_blocked, id=1172, stack(0x00000061fbc00000,0x00000061fbd00000) (1024K)]
  0x0000025fa17f59e0 JavaThread "Monitor Deflation Thread"   daemon [_thread_blocked, id=18092, stack(0x00000061fbd00000,0x00000061fbe00000) (1024K)]
=>0x0000025fa1800d30 JavaThread "C2 CompilerThread0"         daemon [_thread_in_native, id=14392, stack(0x00000061fbe00000,0x00000061fbf00000) (1024K)]
  0x0000025fa1821be0 JavaThread "C1 CompilerThread0"         daemon [_thread_blocked, id=2308, stack(0x00000061fbf00000,0x00000061fc000000) (1024K)]
  0x0000025fa1a3fda0 JavaThread "Common-Cleaner"             daemon [_thread_blocked, id=13296, stack(0x00000061fc000000,0x00000061fc100000) (1024K)]
  0x0000025fa1a64eb0 JavaThread "JDWP Transport Listener: dt_socket" daemon [_thread_blocked, id=13600, stack(0x00000061fc100000,0x00000061fc200000) (1024K)]
  0x0000025fa1a65540 JavaThread "JDWP Event Helper Thread"   daemon [_thread_blocked, id=11280, stack(0x00000061fc200000,0x00000061fc300000) (1024K)]
  0x0000025fa1a65bd0 JavaThread "JDWP Command Reader"        daemon [_thread_in_native, id=11288, stack(0x00000061fc300000,0x00000061fc400000) (1024K)]
  0x0000025fa1b4e0c0 JavaThread "Notification Thread"        daemon [_thread_blocked, id=7928, stack(0x00000061fc400000,0x00000061fc500000) (1024K)]
  0x0000025fea0b78b0 JavaThread "mysql-cj-abandoned-connection-cleanup" daemon [_thread_blocked, id=16716, stack(0x00000061fce00000,0x00000061fcf00000) (1024K)]
  0x0000025fef2ee590 JavaThread "Live Reload Server"         daemon [_thread_in_native, id=7744, stack(0x00000061fd300000,0x00000061fd400000) (1024K)]
  0x0000025fef2eaa80 JavaThread "DestroyJavaVM"                     [_thread_blocked, id=12968, stack(0x00000061fb000000,0x00000061fb100000) (1024K)]
  0x0000025fef826fc0 JavaThread "Thread-5"                          [_thread_blocked, id=6208, stack(0x00000061faf00000,0x00000061fb000000) (1024K)]
  0x0000025fef2e9040 JavaThread "File Watcher"               daemon [_thread_blocked, id=15112, stack(0x00000061fad00000,0x00000061fae00000) (1024K)]
  0x0000025fef2eb110 JavaThread "restartedMain"                     [_thread_in_vm, id=6164, stack(0x00000061fc500000,0x00000061fc600000) (1024K)]
Total: 19

Other Threads:
  0x0000025fa17cf300 VMThread "VM Thread"                           [id=16824, stack(0x00000061fb700000,0x00000061fb800000) (1024K)]
  0x0000025fa17bc9a0 WatcherThread "VM Periodic Task Thread"        [id=17472, stack(0x00000061fb600000,0x00000061fb700000) (1024K)]
  0x0000025f854af0a0 WorkerThread "GC Thread#0"                     [id=16880, stack(0x00000061fb100000,0x00000061fb200000) (1024K)]
  0x0000025fe7ae4440 WorkerThread "GC Thread#1"                     [id=18396, stack(0x00000061fc600000,0x00000061fc700000) (1024K)]
  0x0000025fe790e4d0 WorkerThread "GC Thread#2"                     [id=16668, stack(0x00000061fc700000,0x00000061fc800000) (1024K)]
  0x0000025fe790e880 WorkerThread "GC Thread#3"                     [id=14920, stack(0x00000061fc800000,0x00000061fc900000) (1024K)]
  0x0000025f854c36c0 ConcurrentGCThread "G1 Main Marker"            [id=1404, stack(0x00000061fb200000,0x00000061fb300000) (1024K)]
  0x0000025f854c5180 WorkerThread "G1 Conc#0"                       [id=7960, stack(0x00000061fb300000,0x00000061fb400000) (1024K)]
  0x0000025fa1690160 ConcurrentGCThread "G1 Refine#0"               [id=11844, stack(0x00000061fb400000,0x00000061fb500000) (1024K)]
  0x0000025fa1690bf0 ConcurrentGCThread "G1 Service"                [id=3064, stack(0x00000061fb500000,0x00000061fb600000) (1024K)]
Total: 10

Threads with active compile tasks:
C2 CompilerThread0  747416 11772       4       org.springframework.boot.context.properties.source.SpringIterableConfigurationPropertySource::getConfigurationProperty (94 bytes)
Total: 1

VM state: not at safepoint (normal execution)

VM Mutex/Monitor currently owned by a thread:  ([mutex/lock_event])
[0x00007ffa0d033f10] SystemDictionary_lock - owner thread: 0x0000025fef2eb110

Heap address: 0x0000000084c00000, size: 1972 MB, Compressed Oops mode: 32-bit

CDS archive(s) mapped at: [0x0000025fa2000000-0x0000025fa2d70000-0x0000025fa2d70000), size 14090240, SharedBaseAddress: 0x0000025fa2000000, ArchiveRelocationMode: 1.
Compressed class space mapped at: 0x0000025fa3000000-0x0000025fe3000000, reserved size: 1073741824
Narrow klass base: 0x0000025fa2000000, Narrow klass shift: 0, Narrow klass range: 0x41000000

GC Precious Log:
 CardTable entry size: 512
 Card Set container configuration: InlinePtr #cards 5 size 8 Array Of Cards #cards 10 size 36 Howl #buckets 4 coarsen threshold 1843 Howl Bitmap #cards 512 size 80 coarsen threshold 460 Card regions per heap region 1 cards per card region 2048
 CPUs: 4 total, 4 available
 Memory: 7886M
 Large Page Support: Disabled
 NUMA Support: Disabled
 Compressed Oops: Enabled (32-bit)
 Heap Region Size: 1M
 Heap Min Capacity: 8M
 Heap Initial Capacity: 124M
 Heap Max Capacity: 1972M
 Pre-touch: Disabled
 Parallel Workers: 4
 Concurrent Workers: 1
 Concurrent Refinement Workers: 4
 Periodic GC: Disabled

Heap:
 garbage-first heap   total reserved 2019328K, committed 87040K, used 50476K [0x0000000084c00000, 0x0000000100000000)
  region size 1024K, 5 young (5120K), 4 survivors (4096K)
 Metaspace       used 95153K, committed 96064K, reserved 1179648K
  class space    used 13022K, committed 13440K, reserved 1048576K

Heap Regions: E=young(eden), S=young(survivor), O=old, HS=humongous(starts), HC=humongous(continues), CS=collection set, F=free, TAMS=top-at-mark-start, PB=parsable bottom
|   0|0x0000000084c00000, 0x0000000084d00000, 0x0000000084d00000|100%|HS|  |TAMS 0x0000000084d00000| PB 0x0000000084c00000| Complete |  0
|   1|0x0000000084d00000, 0x0000000084e00000, 0x0000000084e00000|100%| O|  |TAMS 0x0000000084e00000| PB 0x0000000084d00000| Untracked |  0
|   2|0x0000000084e00000, 0x0000000084f00000, 0x0000000084f00000|100%| O|  |TAMS 0x0000000084f00000| PB 0x0000000084e00000| Untracked |  0
|   3|0x0000000084f00000, 0x0000000085000000, 0x0000000085000000|100%| O|  |TAMS 0x0000000085000000| PB 0x0000000084f00000| Untracked |  0
|   4|0x0000000085000000, 0x0000000085100000, 0x0000000085100000|100%| O|  |TAMS 0x0000000085100000| PB 0x0000000085000000| Untracked |  0
|   5|0x0000000085100000, 0x00000000851ffff0, 0x0000000085200000| 99%| O|  |TAMS 0x00000000851ffff0| PB 0x0000000085100000| Untracked |  0
|   6|0x0000000085200000, 0x0000000085300000, 0x0000000085300000|100%| O|  |TAMS 0x0000000085300000| PB 0x0000000085200000| Untracked |  0
|   7|0x0000000085300000, 0x00000000853fffe8, 0x0000000085400000| 99%| O|  |TAMS 0x00000000853fffe8| PB 0x0000000085300000| Untracked |  0
|   8|0x0000000085400000, 0x00000000854ffff0, 0x0000000085500000| 99%| O|  |TAMS 0x00000000854ffff0| PB 0x0000000085400000| Untracked |  0
|   9|0x0000000085500000, 0x0000000085600000, 0x0000000085600000|100%| O|  |TAMS 0x0000000085600000| PB 0x0000000085500000| Untracked |  0
|  10|0x0000000085600000, 0x00000000856ffff0, 0x0000000085700000| 99%| O|  |TAMS 0x00000000856ffff0| PB 0x0000000085600000| Untracked |  0
|  11|0x0000000085700000, 0x0000000085800000, 0x0000000085800000|100%| O|  |TAMS 0x0000000085800000| PB 0x0000000085700000| Untracked |  0
|  12|0x0000000085800000, 0x0000000085900000, 0x0000000085900000|100%| O|  |TAMS 0x0000000085900000| PB 0x0000000085800000| Untracked |  0
|  13|0x0000000085900000, 0x00000000859ffff0, 0x0000000085a00000| 99%| O|  |TAMS 0x00000000859ffff0| PB 0x0000000085900000| Untracked |  0
|  14|0x0000000085a00000, 0x0000000085affff8, 0x0000000085b00000| 99%| O|  |TAMS 0x0000000085affff8| PB 0x0000000085a00000| Untracked |  0
|  15|0x0000000085b00000, 0x0000000085bffff8, 0x0000000085c00000| 99%| O|  |TAMS 0x0000000085bffff8| PB 0x0000000085b00000| Untracked |  0
|  16|0x0000000085c00000, 0x0000000085cffff8, 0x0000000085d00000| 99%| O|  |TAMS 0x0000000085cffff8| PB 0x0000000085c00000| Untracked |  0
|  17|0x0000000085d00000, 0x0000000085dffff8, 0x0000000085e00000| 99%| O|  |TAMS 0x0000000085dffff8| PB 0x0000000085d00000| Untracked |  0
|  18|0x0000000085e00000, 0x0000000085effff8, 0x0000000085f00000| 99%| O|  |TAMS 0x0000000085effff8| PB 0x0000000085e00000| Untracked |  0
|  19|0x0000000085f00000, 0x0000000085ffffe0, 0x0000000086000000| 99%| O|  |TAMS 0x0000000085ffffe0| PB 0x0000000085f00000| Untracked |  0
|  20|0x0000000086000000, 0x00000000860fffe0, 0x0000000086100000| 99%| O|  |TAMS 0x00000000860fffe0| PB 0x0000000086000000| Untracked |  0
|  21|0x0000000086100000, 0x00000000861fffd8, 0x0000000086200000| 99%| O|  |TAMS 0x00000000861fffd8| PB 0x0000000086100000| Untracked |  0
|  22|0x0000000086200000, 0x00000000862fc668, 0x0000000086300000| 98%| O|  |TAMS 0x00000000862fc668| PB 0x0000000086200000| Untracked |  0
|  23|0x0000000086300000, 0x00000000863ffff0, 0x0000000086400000| 99%| O|  |TAMS 0x00000000863ffff0| PB 0x0000000086300000| Untracked |  0
|  24|0x0000000086400000, 0x00000000864ffff0, 0x0000000086500000| 99%| O|  |TAMS 0x00000000864ffff0| PB 0x0000000086400000| Untracked |  0
|  25|0x0000000086500000, 0x00000000865fffb8, 0x0000000086600000| 99%| O|  |TAMS 0x00000000865fffb8| PB 0x0000000086500000| Untracked |  0
|  26|0x0000000086600000, 0x00000000866fffe0, 0x0000000086700000| 99%| O|  |TAMS 0x00000000866fffe0| PB 0x0000000086600000| Untracked |  0
|  27|0x0000000086700000, 0x00000000867fffe0, 0x0000000086800000| 99%| O|  |TAMS 0x00000000867fffe0| PB 0x0000000086700000| Untracked |  0
|  28|0x0000000086800000, 0x00000000868ffff0, 0x0000000086900000| 99%| O|  |TAMS 0x00000000868ffff0| PB 0x0000000086800000| Untracked |  0
|  29|0x0000000086900000, 0x00000000869ffff8, 0x0000000086a00000| 99%| O|  |TAMS 0x00000000869ffff8| PB 0x0000000086900000| Untracked |  0
|  30|0x0000000086a00000, 0x0000000086affff0, 0x0000000086b00000| 99%| O|  |TAMS 0x0000000086affff0| PB 0x0000000086a00000| Untracked |  0
|  31|0x0000000086b00000, 0x0000000086bffff8, 0x0000000086c00000| 99%| O|  |TAMS 0x0000000086bffff8| PB 0x0000000086b00000| Untracked |  0
|  32|0x0000000086c00000, 0x0000000086cfffa8, 0x0000000086d00000| 99%| O|  |TAMS 0x0000000086cfffa8| PB 0x0000000086c00000| Untracked |  0
|  33|0x0000000086d00000, 0x0000000086dffff0, 0x0000000086e00000| 99%| O|  |TAMS 0x0000000086dffff0| PB 0x0000000086d00000| Untracked |  0
|  34|0x0000000086e00000, 0x0000000086efc578, 0x0000000086f00000| 98%| O|  |TAMS 0x0000000086efc578| PB 0x0000000086e00000| Untracked |  0
|  35|0x0000000086f00000, 0x0000000086fffff0, 0x0000000087000000| 99%| O|  |TAMS 0x0000000086fffff0| PB 0x0000000086f00000| Untracked |  0
|  36|0x0000000087000000, 0x00000000870bd3b8, 0x0000000087100000| 73%| O|  |TAMS 0x00000000870bd3b8| PB 0x0000000087000000| Untracked |  0
|  37|0x0000000087100000, 0x0000000087200000, 0x0000000087200000|100%| O|  |TAMS 0x0000000087200000| PB 0x0000000087100000| Untracked |  0
|  38|0x0000000087200000, 0x00000000872fffc8, 0x0000000087300000| 99%| O|  |TAMS 0x00000000872fffc8| PB 0x0000000087200000| Untracked |  0
|  39|0x0000000087300000, 0x0000000087400000, 0x0000000087400000|100%| O|  |TAMS 0x0000000087400000| PB 0x0000000087300000| Untracked |  0
|  40|0x0000000087400000, 0x0000000087440dd0, 0x0000000087500000| 25%| O|Cm|TAMS 0x0000000087440dd0| PB 0x0000000087400000| Updating |  0
|  41|0x0000000087500000, 0x00000000875ffdf0, 0x0000000087600000| 99%| O|  |TAMS 0x00000000875ffdf0| PB 0x0000000087500000| Untracked |  0
|  42|0x0000000087600000, 0x0000000087700000, 0x0000000087700000|100%| O|  |TAMS 0x0000000087700000| PB 0x0000000087600000| Untracked |  0
|  43|0x0000000087700000, 0x0000000087800000, 0x0000000087800000|100%| O|  |TAMS 0x0000000087754060| PB 0x0000000087700000| Untracked |  0
|  44|0x0000000087800000, 0x0000000087900000, 0x0000000087900000|100%| O|  |TAMS 0x0000000087800000| PB 0x0000000087800000| Untracked |  0
|  45|0x0000000087900000, 0x00000000879ecc70, 0x0000000087a00000| 92%| O|  |TAMS 0x0000000087900000| PB 0x0000000087900000| Untracked |  0
|  46|0x0000000087a00000, 0x0000000087a00000, 0x0000000087b00000|  0%| F|  |TAMS 0x0000000087a00000| PB 0x0000000087a00000| Untracked |  0
|  47|0x0000000087b00000, 0x0000000087b00000, 0x0000000087c00000|  0%| F|  |TAMS 0x0000000087b00000| PB 0x0000000087b00000| Untracked |  0
|  48|0x0000000087c00000, 0x0000000087d00000, 0x0000000087d00000|100%| O|  |TAMS 0x0000000087d00000| PB 0x0000000087d00000| Untracked |  0
|  49|0x0000000087d00000, 0x0000000087d00000, 0x0000000087e00000|  0%| F|  |TAMS 0x0000000087d00000| PB 0x0000000087d00000| Untracked |  0
|  50|0x0000000087e00000, 0x0000000087e00000, 0x0000000087f00000|  0%| F|  |TAMS 0x0000000087e00000| PB 0x0000000087e00000| Untracked |  0
|  51|0x0000000087f00000, 0x0000000087f00000, 0x0000000088000000|  0%| F|  |TAMS 0x0000000087f00000| PB 0x0000000087f00000| Untracked |  0
|  52|0x0000000088000000, 0x0000000088000000, 0x0000000088100000|  0%| F|  |TAMS 0x0000000088000000| PB 0x0000000088000000| Untracked |  0
|  53|0x0000000088100000, 0x0000000088100000, 0x0000000088200000|  0%| F|  |TAMS 0x0000000088100000| PB 0x0000000088100000| Untracked |  0
|  54|0x0000000088200000, 0x0000000088267e18, 0x0000000088300000| 40%| S|CS|TAMS 0x0000000088200000| PB 0x0000000088200000| Complete |  0
|  55|0x0000000088300000, 0x0000000088400000, 0x0000000088400000|100%| S|CS|TAMS 0x0000000088300000| PB 0x0000000088300000| Complete |  0
|  56|0x0000000088400000, 0x0000000088500000, 0x0000000088500000|100%| S|CS|TAMS 0x0000000088400000| PB 0x0000000088400000| Complete |  0
|  57|0x0000000088500000, 0x0000000088600000, 0x0000000088600000|100%| S|CS|TAMS 0x0000000088500000| PB 0x0000000088500000| Complete |  0
|  58|0x0000000088600000, 0x0000000088600000, 0x0000000088700000|  0%| F|  |TAMS 0x0000000088600000| PB 0x0000000088600000| Untracked |  0
|  59|0x0000000088700000, 0x0000000088700000, 0x0000000088800000|  0%| F|  |TAMS 0x0000000088700000| PB 0x0000000088700000| Untracked |  0
|  60|0x0000000088800000, 0x0000000088800000, 0x0000000088900000|  0%| F|  |TAMS 0x0000000088800000| PB 0x0000000088800000| Untracked |  0
|  61|0x0000000088900000, 0x0000000088900000, 0x0000000088a00000|  0%| F|  |TAMS 0x0000000088900000| PB 0x0000000088900000| Untracked |  0
|  62|0x0000000088a00000, 0x0000000088a00000, 0x0000000088b00000|  0%| F|  |TAMS 0x0000000088a00000| PB 0x0000000088a00000| Untracked |  0
|  63|0x0000000088b00000, 0x0000000088b00000, 0x0000000088c00000|  0%| F|  |TAMS 0x0000000088b00000| PB 0x0000000088b00000| Untracked |  0
|  64|0x0000000088c00000, 0x0000000088c00000, 0x0000000088d00000|  0%| F|  |TAMS 0x0000000088c00000| PB 0x0000000088c00000| Untracked |  0
|  65|0x0000000088d00000, 0x0000000088d00000, 0x0000000088e00000|  0%| F|  |TAMS 0x0000000088d00000| PB 0x0000000088d00000| Untracked |  0
|  66|0x0000000088e00000, 0x0000000088e00000, 0x0000000088f00000|  0%| F|  |TAMS 0x0000000088e00000| PB 0x0000000088e00000| Untracked |  0
|  67|0x0000000088f00000, 0x0000000088f00000, 0x0000000089000000|  0%| F|  |TAMS 0x0000000088f00000| PB 0x0000000088f00000| Untracked |  0
|  68|0x0000000089000000, 0x0000000089000000, 0x0000000089100000|  0%| F|  |TAMS 0x0000000089000000| PB 0x0000000089000000| Untracked |  0
|  69|0x0000000089100000, 0x0000000089100000, 0x0000000089200000|  0%| F|  |TAMS 0x0000000089100000| PB 0x0000000089100000| Untracked |  0
|  70|0x0000000089200000, 0x0000000089200000, 0x0000000089300000|  0%| F|  |TAMS 0x0000000089200000| PB 0x0000000089200000| Untracked |  0
|  71|0x0000000089300000, 0x0000000089300000, 0x0000000089400000|  0%| F|  |TAMS 0x0000000089300000| PB 0x0000000089300000| Untracked |  0
|  72|0x0000000089400000, 0x0000000089400000, 0x0000000089500000|  0%| F|  |TAMS 0x0000000089400000| PB 0x0000000089400000| Untracked |  0
|  73|0x0000000089500000, 0x0000000089500000, 0x0000000089600000|  0%| F|  |TAMS 0x0000000089500000| PB 0x0000000089500000| Untracked |  0
|  74|0x0000000089600000, 0x0000000089600000, 0x0000000089700000|  0%| F|  |TAMS 0x0000000089600000| PB 0x0000000089600000| Untracked |  0
|  75|0x0000000089700000, 0x0000000089700000, 0x0000000089800000|  0%| F|  |TAMS 0x0000000089700000| PB 0x0000000089700000| Untracked |  0
|  76|0x0000000089800000, 0x0000000089800000, 0x0000000089900000|  0%| F|  |TAMS 0x0000000089800000| PB 0x0000000089800000| Untracked |  0
|  77|0x0000000089900000, 0x0000000089900000, 0x0000000089a00000|  0%| F|  |TAMS 0x0000000089900000| PB 0x0000000089900000| Untracked |  0
| 106|0x000000008b600000, 0x000000008b600000, 0x000000008b700000|  0%| F|  |TAMS 0x000000008b600000| PB 0x000000008b600000| Untracked |  0
| 107|0x000000008b700000, 0x000000008b700000, 0x000000008b800000|  0%| F|  |TAMS 0x000000008b700000| PB 0x000000008b700000| Untracked |  0
| 108|0x000000008b800000, 0x000000008b800000, 0x000000008b900000|  0%| F|  |TAMS 0x000000008b800000| PB 0x000000008b800000| Untracked |  0
| 109|0x000000008b900000, 0x000000008b900000, 0x000000008ba00000|  0%| F|  |TAMS 0x000000008b900000| PB 0x000000008b900000| Untracked |  0
| 110|0x000000008ba00000, 0x000000008ba00000, 0x000000008bb00000|  0%| F|  |TAMS 0x000000008ba00000| PB 0x000000008ba00000| Untracked |  0
| 123|0x000000008c700000, 0x000000008c700000, 0x000000008c800000|  0%| F|  |TAMS 0x000000008c700000| PB 0x000000008c700000| Untracked |  0
|1971|0x00000000fff00000, 0x00000000fffc2ea0, 0x0000000100000000| 76%| E|  |TAMS 0x00000000fff00000| PB 0x00000000fff00000| Complete |  0

Card table byte_map: [0x0000025f9cf50000,0x0000025f9d330000] _byte_map_base: 0x0000025f9cb2a000

Marking Bits: (CMBitMap*) 0x0000025f854af7b0
 Bits: [0x0000025f9d330000, 0x0000025f9f200000)

Polling page: 0x0000025f83480000

Metaspace:

Usage:
  Non-class:     80.21 MB used.
      Class:     12.72 MB used.
       Both:     92.92 MB used.

Virtual space:
  Non-class space:      128.00 MB reserved,      80.69 MB ( 63%) committed,  2 nodes.
      Class space:        1.00 GB reserved,      13.12 MB (  1%) committed,  1 nodes.
             Both:        1.12 GB reserved,      93.81 MB (  8%) committed. 

Chunk freelists:
   Non-Class:  15.19 MB
       Class:  2.78 MB
        Both:  17.97 MB

MaxMetaspaceSize: unlimited
CompressedClassSpaceSize: 1.00 GB
Initial GC threshold: 21.00 MB
Current GC threshold: 156.38 MB
CDS: on
 - commit_granule_bytes: 65536.
 - commit_granule_words: 8192.
 - virtual_space_node_default_size: 8388608.
 - enlarge_chunks_in_place: 1.
 - use_allocation_guard: 0.


Internal statistics:

num_allocs_failed_limit: 15.
num_arena_births: 1274.
num_arena_deaths: 0.
num_vsnodes_births: 3.
num_vsnodes_deaths: 0.
num_space_committed: 1501.
num_space_uncommitted: 0.
num_chunks_returned_to_freelist: 15.
num_chunks_taken_from_freelist: 4576.
num_chunk_merges: 15.
num_chunk_splits: 3272.
num_chunks_enlarged: 2482.
num_inconsistent_stats: 0.

CodeHeap 'non-profiled nmethods': size=120064Kb used=4732Kb max_used=4965Kb free=115331Kb
 bounds [0x0000025f95630000, 0x0000025f95b50000, 0x0000025f9cb70000]
CodeHeap 'profiled nmethods': size=120000Kb used=11712Kb max_used=13390Kb free=108287Kb
 bounds [0x0000025f8db70000, 0x0000025f8e890000, 0x0000025f950a0000]
CodeHeap 'non-nmethods': size=5696Kb used=2091Kb max_used=2157Kb free=3604Kb
 bounds [0x0000025f950a0000, 0x0000025f95310000, 0x0000025f95630000]
CodeCache: size=245760Kb, used=18535Kb, max_used=20512Kb, free=227222Kb
 total_blobs=8370, nmethods=7523, adapters=751, full_count=0
Compilation: enabled, stopped_count=0, restarted_count=0

Compilation events (20 events):
Event: 746.838 Thread 0x0000025fa1800d30 nmethod 11769 0x0000025f9573d888 code [0x0000025f9573d980, 0x0000025f9573da30]
Event: 746.860 Thread 0x0000025fa1800d30 11770   !   4       org.springframework.util.ClassUtils::getDefaultClassLoader (37 bytes)
Event: 746.861 Thread 0x0000025fa1800d30 nmethod 11770 0x0000025f9573d588 code [0x0000025f9573d680, 0x0000025f9573d710]
Event: 746.892 Thread 0x0000025fa1821be0 11771       1       org.springframework.core.env.AbstractEnvironment::getPropertySources (5 bytes)
Event: 746.892 Thread 0x0000025fa1821be0 nmethod 11771 0x0000025f957bd288 code [0x0000025f957bd3a0, 0x0000025f957bd468]
Event: 746.892 Thread 0x0000025fa1800d30 11772       4       org.springframework.boot.context.properties.source.SpringIterableConfigurationPropertySource::getConfigurationProperty (94 bytes)
Event: 747.012 Thread 0x0000025fa1821be0 11774       2       org.springframework.core.annotation.TypeMappedAnnotation::asMap (126 bytes)
Event: 747.013 Thread 0x0000025fa1821be0 nmethod 11774 0x0000025f8e44d388 code [0x0000025f8e44d520, 0x0000025f8e44da48]
Event: 747.143 Thread 0x0000025fa1821be0 11775   !   3       org.springframework.context.annotation.ConfigurationClassParser::asSourceClass (79 bytes)
Event: 747.144 Thread 0x0000025fa1821be0 nmethod 11775 0x0000025f8dc1ba08 code [0x0000025f8dc1bc60, 0x0000025f8dc1cb50]
Event: 747.161 Thread 0x0000025fa1821be0 11776       3       org.springframework.core.env.AbstractEnvironment::containsProperty (11 bytes)
Event: 747.161 Thread 0x0000025fa1821be0 nmethod 11776 0x0000025f8e512908 code [0x0000025f8e512a20, 0x0000025f8e512c10]
Event: 747.161 Thread 0x0000025fa1821be0 11777   !   3       org.springframework.boot.context.properties.source.ConfigurationPropertySourcesPropertyResolver::containsProperty (44 bytes)
Event: 747.162 Thread 0x0000025fa1821be0 nmethod 11777 0x0000025f8dc89b08 code [0x0000025f8dc89ca0, 0x0000025f8dc8a400]
Event: 747.166 Thread 0x0000025fa1821be0 11778       3       org.springframework.context.annotation.ConfigurationClassParser$DeferredImportSelectorGroupingHandler$$Lambda/0x0000025fa32df980::accept (16 bytes)
Event: 747.167 Thread 0x0000025fa1821be0 nmethod 11778 0x0000025f8e38bc88 code [0x0000025f8e38bdc0, 0x0000025f8e38bff8]
Event: 747.167 Thread 0x0000025fa1821be0 11779   !   3       org.springframework.context.annotation.ConfigurationClassParser$DeferredImportSelectorGroupingHandler::lambda$processGroupImports$1 (86 bytes)
Event: 747.168 Thread 0x0000025fa1821be0 nmethod 11779 0x0000025f8e281a88 code [0x0000025f8e281c80, 0x0000025f8e282668]
Event: 747.187 Thread 0x0000025fa1821be0 11780       3       org.springframework.core.type.StandardClassMetadata::hashCode (8 bytes)
Event: 747.188 Thread 0x0000025fa1821be0 nmethod 11780 0x0000025f8e513188 code [0x0000025f8e5132a0, 0x0000025f8e513490]

GC Heap History (20 events):
Event: 16.202 GC heap before
{Heap before GC invocations=30 (full 0):
 garbage-first heap   total reserved 2019328K, committed 75776K, used 68424K [0x0000000084c00000, 0x0000000100000000)
  region size 1024K, 26 young (26624K), 2 survivors (2048K)
 Metaspace       used 83005K, committed 83776K, reserved 1179648K
  class space    used 11469K, committed 11840K, reserved 1048576K
}
Event: 16.209 GC heap after
{Heap after GC invocations=31 (full 0):
 garbage-first heap   total reserved 2019328K, committed 75776K, used 45960K [0x0000000084c00000, 0x0000000100000000)
  region size 1024K, 4 young (4096K), 4 survivors (4096K)
 Metaspace       used 83005K, committed 83776K, reserved 1179648K
  class space    used 11469K, committed 11840K, reserved 1048576K
}
Event: 17.129 GC heap before
{Heap before GC invocations=31 (full 0):
 garbage-first heap   total reserved 2019328K, committed 75776K, used 66440K [0x0000000084c00000, 0x0000000100000000)
  region size 1024K, 24 young (24576K), 4 survivors (4096K)
 Metaspace       used 86763K, committed 87552K, reserved 1179648K
  class space    used 11956K, committed 12288K, reserved 1048576K
}
Event: 17.138 GC heap after
{Heap after GC invocations=32 (full 0):
 garbage-first heap   total reserved 2019328K, committed 75776K, used 46933K [0x0000000084c00000, 0x0000000100000000)
  region size 1024K, 2 young (2048K), 2 survivors (2048K)
 Metaspace       used 86763K, committed 87552K, reserved 1179648K
  class space    used 11956K, committed 12288K, reserved 1048576K
}
Event: 27.192 GC heap before
{Heap before GC invocations=32 (full 0):
 garbage-first heap   total reserved 2019328K, committed 75776K, used 67413K [0x0000000084c00000, 0x0000000100000000)
  region size 1024K, 23 young (23552K), 2 survivors (2048K)
 Metaspace       used 90070K, committed 90880K, reserved 1179648K
  class space    used 12427K, committed 12800K, reserved 1048576K
}
Event: 27.199 GC heap after
{Heap after GC invocations=33 (full 0):
 garbage-first heap   total reserved 2019328K, committed 75776K, used 49662K [0x0000000084c00000, 0x0000000100000000)
  region size 1024K, 3 young (3072K), 3 survivors (3072K)
 Metaspace       used 90070K, committed 90880K, reserved 1179648K
  class space    used 12427K, committed 12800K, reserved 1048576K
}
Event: 80.284 GC heap before
{Heap before GC invocations=34 (full 0):
 garbage-first heap   total reserved 2019328K, committed 83968K, used 66046K [0x0000000084c00000, 0x0000000100000000)
  region size 1024K, 20 young (20480K), 3 survivors (3072K)
 Metaspace       used 93739K, committed 94656K, reserved 1179648K
  class space    used 12926K, committed 13312K, reserved 1048576K
}
Event: 80.289 GC heap after
{Heap after GC invocations=35 (full 0):
 garbage-first heap   total reserved 2019328K, committed 83968K, used 50794K [0x0000000084c00000, 0x0000000100000000)
  region size 1024K, 2 young (2048K), 2 survivors (2048K)
 Metaspace       used 93739K, committed 94656K, reserved 1179648K
  class space    used 12926K, committed 13312K, reserved 1048576K
}
Event: 567.446 GC heap before
{Heap before GC invocations=35 (full 0):
 garbage-first heap   total reserved 2019328K, committed 83968K, used 75370K [0x0000000084c00000, 0x0000000100000000)
  region size 1024K, 26 young (26624K), 2 survivors (2048K)
 Metaspace       used 94108K, committed 95040K, reserved 1179648K
  class space    used 12937K, committed 13376K, reserved 1048576K
}
Event: 567.559 GC heap after
{Heap after GC invocations=36 (full 0):
 garbage-first heap   total reserved 2019328K, committed 83968K, used 50345K [0x0000000084c00000, 0x0000000100000000)
  region size 1024K, 2 young (2048K), 2 survivors (2048K)
 Metaspace       used 94108K, committed 95040K, reserved 1179648K
  class space    used 12937K, committed 13376K, reserved 1048576K
}
Event: 729.614 GC heap before
{Heap before GC invocations=36 (full 0):
 garbage-first heap   total reserved 2019328K, committed 83968K, used 59561K [0x0000000084c00000, 0x0000000100000000)
  region size 1024K, 12 young (12288K), 2 survivors (2048K)
 Metaspace       used 94254K, committed 95168K, reserved 1179648K
  class space    used 12964K, committed 13376K, reserved 1048576K
}
Event: 730.027 GC heap after
{Heap after GC invocations=37 (full 1):
 garbage-first heap   total reserved 2019328K, committed 83968K, used 41024K [0x0000000084c00000, 0x0000000100000000)
  region size 1024K, 0 young (0K), 0 survivors (0K)
 Metaspace       used 94254K, committed 95168K, reserved 1179648K
  class space    used 12964K, committed 13376K, reserved 1048576K
}
Event: 733.043 GC heap before
{Heap before GC invocations=37 (full 1):
 garbage-first heap   total reserved 2019328K, committed 83968K, used 74816K [0x0000000084c00000, 0x0000000100000000)
  region size 1024K, 34 young (34816K), 0 survivors (0K)
 Metaspace       used 94445K, committed 95360K, reserved 1179648K
  class space    used 12966K, committed 13376K, reserved 1048576K
}
Event: 733.049 GC heap after
{Heap after GC invocations=38 (full 1):
 garbage-first heap   total reserved 2019328K, committed 83968K, used 44261K [0x0000000084c00000, 0x0000000100000000)
  region size 1024K, 4 young (4096K), 4 survivors (4096K)
 Metaspace       used 94445K, committed 95360K, reserved 1179648K
  class space    used 12966K, committed 13376K, reserved 1048576K
}
Event: 733.897 GC heap before
{Heap before GC invocations=39 (full 1):
 garbage-first heap   total reserved 2019328K, committed 83968K, used 71909K [0x0000000084c00000, 0x0000000100000000)
  region size 1024K, 31 young (31744K), 4 survivors (4096K)
 Metaspace       used 94502K, committed 95360K, reserved 1179648K
  class space    used 12966K, committed 13376K, reserved 1048576K
}
Event: 733.903 GC heap after
{Heap after GC invocations=40 (full 1):
 garbage-first heap   total reserved 2019328K, committed 83968K, used 45546K [0x0000000084c00000, 0x0000000100000000)
  region size 1024K, 2 young (2048K), 2 survivors (2048K)
 Metaspace       used 94502K, committed 95360K, reserved 1179648K
  class space    used 12966K, committed 13376K, reserved 1048576K
}
Event: 739.409 GC heap before
{Heap before GC invocations=40 (full 1):
 garbage-first heap   total reserved 2019328K, committed 83968K, used 73194K [0x0000000084c00000, 0x0000000100000000)
  region size 1024K, 30 young (30720K), 2 survivors (2048K)
 Metaspace       used 94717K, committed 95616K, reserved 1179648K
  class space    used 12970K, committed 13376K, reserved 1048576K
}
Event: 739.413 GC heap after
{Heap after GC invocations=41 (full 1):
 garbage-first heap   total reserved 2019328K, committed 83968K, used 47997K [0x0000000084c00000, 0x0000000100000000)
  region size 1024K, 4 young (4096K), 4 survivors (4096K)
 Metaspace       used 94717K, committed 95616K, reserved 1179648K
  class space    used 12970K, committed 13376K, reserved 1048576K
}
Event: 747.191 GC heap before
{Heap before GC invocations=41 (full 1):
 garbage-first heap   total reserved 2019328K, committed 83968K, used 72573K [0x0000000084c00000, 0x0000000100000000)
  region size 1024K, 28 young (28672K), 4 survivors (4096K)
 Metaspace       used 95153K, committed 96064K, reserved 1179648K
  class space    used 13022K, committed 13440K, reserved 1048576K
}
Event: 747.204 GC heap after
{Heap after GC invocations=42 (full 1):
 garbage-first heap   total reserved 2019328K, committed 83968K, used 50476K [0x0000000084c00000, 0x0000000100000000)
  region size 1024K, 4 young (4096K), 4 survivors (4096K)
 Metaspace       used 95153K, committed 96064K, reserved 1179648K
  class space    used 13022K, committed 13440K, reserved 1048576K
}

Dll operation events (13 events):
Event: 0.013 Loaded shared library C:\Program Files\Java\jdk-23\bin\java.dll
Event: 0.014 Loaded shared library C:\Program Files\Java\jdk-23\bin\zip.dll
Event: 0.054 Loaded shared library C:\Program Files\Java\jdk-23\bin\jsvml.dll
Event: 0.272 Loaded shared library C:\Program Files\Java\jdk-23\bin\instrument.dll
Event: 0.320 Loaded shared library C:\Program Files\Java\jdk-23\bin\net.dll
Event: 0.321 Loaded shared library C:\Program Files\Java\jdk-23\bin\nio.dll
Event: 0.334 Loaded shared library C:\Program Files\Java\jdk-23\bin\zip.dll
Event: 0.496 Loaded shared library C:\Program Files\Java\jdk-23\bin\verify.dll
Event: 0.512 Loaded shared library C:\Program Files\Java\jdk-23\bin\jimage.dll
Event: 0.997 Loaded shared library C:\Program Files\Java\jdk-23\bin\management.dll
Event: 0.999 Loaded shared library C:\Program Files\Java\jdk-23\bin\management_ext.dll
Event: 2.581 Loaded shared library C:\Program Files\Java\jdk-23\bin\sunmscapi.dll
Event: 8.782 Loaded shared library C:\Program Files\Java\jdk-23\bin\extnet.dll

Deoptimization events (20 events):
Event: 747.185 Thread 0x0000025fef2eb110 DEOPT PACKING pc=0x0000025f8dfb18ac sp=0x00000061fc5fd3d0
Event: 747.185 Thread 0x0000025fef2eb110 DEOPT UNPACKING pc=0x0000025f950f84c2 sp=0x00000061fc5fc970 mode 1
Event: 747.188 Thread 0x0000025fef2eb110 DEOPT PACKING pc=0x0000025f8dfb2be9 sp=0x00000061fc5fd150
Event: 747.188 Thread 0x0000025fef2eb110 DEOPT UNPACKING pc=0x0000025f950f84c2 sp=0x00000061fc5fc628 mode 1
Event: 747.188 Thread 0x0000025fef2eb110 DEOPT PACKING pc=0x0000025f8e02cebc sp=0x00000061fc5fd1e0
Event: 747.188 Thread 0x0000025fef2eb110 DEOPT UNPACKING pc=0x0000025f950f84c2 sp=0x00000061fc5fc790 mode 1
Event: 747.188 Thread 0x0000025fef2eb110 DEOPT PACKING pc=0x0000025f8dfb18ac sp=0x00000061fc5fd350
Event: 747.188 Thread 0x0000025fef2eb110 DEOPT UNPACKING pc=0x0000025f950f84c2 sp=0x00000061fc5fc8f0 mode 1
Event: 747.189 Thread 0x0000025fef2eb110 DEOPT PACKING pc=0x0000025f8dfb2be9 sp=0x00000061fc5fd650
Event: 747.189 Thread 0x0000025fef2eb110 DEOPT UNPACKING pc=0x0000025f950f84c2 sp=0x00000061fc5fcb28 mode 1
Event: 747.189 Thread 0x0000025fef2eb110 DEOPT PACKING pc=0x0000025f8e02cebc sp=0x00000061fc5fd6e0
Event: 747.189 Thread 0x0000025fef2eb110 DEOPT UNPACKING pc=0x0000025f950f84c2 sp=0x00000061fc5fcc90 mode 1
Event: 747.189 Thread 0x0000025fef2eb110 DEOPT PACKING pc=0x0000025f8dfb18ac sp=0x00000061fc5fd850
Event: 747.189 Thread 0x0000025fef2eb110 DEOPT UNPACKING pc=0x0000025f950f84c2 sp=0x00000061fc5fcdf0 mode 1
Event: 747.190 Thread 0x0000025fef2eb110 DEOPT PACKING pc=0x0000025f8dfb2be9 sp=0x00000061fc5fd220
Event: 747.190 Thread 0x0000025fef2eb110 DEOPT UNPACKING pc=0x0000025f950f84c2 sp=0x00000061fc5fc6f8 mode 1
Event: 747.190 Thread 0x0000025fef2eb110 DEOPT PACKING pc=0x0000025f8e02cebc sp=0x00000061fc5fd2b0
Event: 747.190 Thread 0x0000025fef2eb110 DEOPT UNPACKING pc=0x0000025f950f84c2 sp=0x00000061fc5fc860 mode 1
Event: 747.190 Thread 0x0000025fef2eb110 DEOPT PACKING pc=0x0000025f8dfb18ac sp=0x00000061fc5fd420
Event: 747.190 Thread 0x0000025fef2eb110 DEOPT UNPACKING pc=0x0000025f950f84c2 sp=0x00000061fc5fc9c0 mode 1

Classes loaded (20 events):
Event: 746.862 Loading class javax/cache/Caching
Event: 746.862 Loading class javax/cache/Caching done
Event: 746.863 Loading class com/hazelcast/core/HazelcastInstance
Event: 746.863 Loading class com/hazelcast/core/HazelcastInstance done
Event: 746.887 Loading class com/couchbase/client/java/Cluster
Event: 746.887 Loading class com/couchbase/client/java/Cluster done
Event: 746.888 Loading class org/infinispan/spring/embedded/provider/SpringEmbeddedCacheManager
Event: 746.888 Loading class org/infinispan/spring/embedded/provider/SpringEmbeddedCacheManager done
Event: 746.889 Loading class org/springframework/data/redis/connection/RedisConnectionFactory
Event: 746.889 Loading class org/springframework/data/redis/connection/RedisConnectionFactory done
Event: 746.889 Loading class org/cache2k/Cache2kBuilder
Event: 746.889 Loading class org/cache2k/Cache2kBuilder done
Event: 746.889 Loading class com/github/benmanes/caffeine/cache/Caffeine
Event: 746.889 Loading class com/github/benmanes/caffeine/cache/Caffeine done
Event: 747.008 Loading class reactor/core/publisher/Flux
Event: 747.008 Loading class reactor/core/publisher/Flux done
Event: 747.027 Loading class org/glassfish/jersey/server/ResourceConfig
Event: 747.027 Loading class org/glassfish/jersey/server/ResourceConfig done
Event: 747.028 Loading class org/springframework/web/reactive/HandlerResult
Event: 747.028 Loading class org/springframework/web/reactive/HandlerResult done

Classes unloaded (0 events):
No events

Classes redefined (0 events):
No events

Internal exceptions (20 events):
Event: 740.047 Thread 0x0000025fef2ef2b0 Exception <a 'java/io/IOException'{0x000000008c7ec790}> (0x000000008c7ec790) 
thrown [s\open\src\hotspot\share\prims\jni.cpp, line 520]
Event: 740.047 Thread 0x0000025fef2ef2b0 Exception <a 'java/io/IOException'{0x000000008c7ee5c8}> (0x000000008c7ee5c8) 
thrown [s\open\src\hotspot\share\prims\jni.cpp, line 520]
Event: 740.047 Thread 0x0000025fef2ef2b0 Exception <a 'java/io/IOException'{0x000000008c7ef230}> (0x000000008c7ef230) 
thrown [s\open\src\hotspot\share\prims\jni.cpp, line 520]
Event: 740.087 Thread 0x0000025fef2ef2b0 Exception <a 'java/io/IOException'{0x000000008c7f1068}> (0x000000008c7f1068) 
thrown [s\open\src\hotspot\share\prims\jni.cpp, line 520]
Event: 740.087 Thread 0x0000025fef2ef2b0 Exception <a 'java/io/IOException'{0x000000008c7f1cd0}> (0x000000008c7f1cd0) 
thrown [s\open\src\hotspot\share\prims\jni.cpp, line 520]
Event: 740.090 Thread 0x0000025fef2ef2b0 Exception <a 'java/io/IOException'{0x000000008c7f3b08}> (0x000000008c7f3b08) 
thrown [s\open\src\hotspot\share\prims\jni.cpp, line 520]
Event: 740.091 Thread 0x0000025fef2ef2b0 Exception <a 'java/io/IOException'{0x000000008c7f4770}> (0x000000008c7f4770) 
thrown [s\open\src\hotspot\share\prims\jni.cpp, line 520]
Event: 740.126 Thread 0x0000025fef2ef2b0 Exception <a 'java/io/IOException'{0x000000008c7f65a8}> (0x000000008c7f65a8) 
thrown [s\open\src\hotspot\share\prims\jni.cpp, line 520]
Event: 740.129 Thread 0x0000025fef2ef2b0 Exception <a 'java/io/IOException'{0x000000008c7f74f0}> (0x000000008c7f74f0) 
thrown [s\open\src\hotspot\share\prims\jni.cpp, line 520]
Event: 740.131 Thread 0x0000025fef2ef2b0 Exception <a 'java/io/IOException'{0x000000008c7faa10}> (0x000000008c7faa10) 
thrown [s\open\src\hotspot\share\prims\jni.cpp, line 520]
Event: 740.131 Thread 0x0000025fef2ef2b0 Exception <a 'java/io/IOException'{0x000000008c7fb678}> (0x000000008c7fb678) 
thrown [s\open\src\hotspot\share\prims\jni.cpp, line 520]
Event: 740.160 Thread 0x0000025fef2ef2b0 Exception <a 'java/io/IOException'{0x000000008c7fd4b0}> (0x000000008c7fd4b0) 
thrown [s\open\src\hotspot\share\prims\jni.cpp, line 520]
Event: 740.161 Thread 0x0000025fef2ef2b0 Exception <a 'java/io/IOException'{0x000000008c7fe118}> (0x000000008c7fe118) 
thrown [s\open\src\hotspot\share\prims\jni.cpp, line 520]
Event: 740.164 Thread 0x0000025fef2ef2b0 Exception <a 'java/io/IOException'{0x000000008ba001a8}> (0x000000008ba001a8) 
thrown [s\open\src\hotspot\share\prims\jni.cpp, line 520]
Event: 740.169 Thread 0x0000025fef2ef2b0 Exception <a 'java/io/IOException'{0x000000008ba00e10}> (0x000000008ba00e10) 
thrown [s\open\src\hotspot\share\prims\jni.cpp, line 520]
Event: 740.173 Thread 0x0000025fef2ef2b0 Exception <a 'java/io/IOException'{0x000000008ba02c48}> (0x000000008ba02c48) 
thrown [s\open\src\hotspot\share\prims\jni.cpp, line 520]
Event: 740.173 Thread 0x0000025fef2ef2b0 Exception <a 'java/io/IOException'{0x000000008ba038b0}> (0x000000008ba038b0) 
thrown [s\open\src\hotspot\share\prims\jni.cpp, line 520]
Event: 740.182 Thread 0x0000025fef820030 Exception <a 'java/lang/InterruptedException'{0x000000008ba11938}: sleep interrupted> (0x000000008ba11938) 
thrown [s\open\src\hotspot\share\prims\jvm.cpp, line 3093]
Event: 740.369 Thread 0x0000025fef822100 Exception <a 'java/lang/NoClassDefFoundError'{0x000000008bae96d0}: liquibase/exception/ChangeLogParseException> (0x000000008bae96d0) 
thrown [s\open\src\hotspot\share\classfile\systemDictionary.cpp, line 302]
Event: 745.092 Thread 0x0000025fef2eb110 Exception <a 'sun/nio/fs/WindowsException'{0x000000008b733110}> (0x000000008b733110) 
thrown [s\open\src\hotspot\share\prims\jni.cpp, line 520]

VM Operations (20 events):
Event: 706.846 Executing VM operation: ChangeBreakpoints done
Event: 721.130 Executing VM operation: HandshakeAllThreads (HandshakeForDeflation)
Event: 721.130 Executing VM operation: HandshakeAllThreads (HandshakeForDeflation) done
Event: 721.130 Executing VM operation: RendezvousGCThreads
Event: 721.130 Executing VM operation: RendezvousGCThreads done
Event: 729.613 Executing VM operation: G1CollectFull (System.gc())
Event: 730.027 Executing VM operation: G1CollectFull (System.gc()) done
Event: 733.043 Executing VM operation: G1CollectForAllocation (G1 Evacuation Pause)
Event: 733.049 Executing VM operation: G1CollectForAllocation (G1 Evacuation Pause) done
Event: 733.132 Executing VM operation: G1PauseRemark
Event: 733.155 Executing VM operation: G1PauseRemark done
Event: 733.179 Executing VM operation: G1PauseCleanup
Event: 733.179 Executing VM operation: G1PauseCleanup done
Event: 733.778 Executing VM operation: G1CollectForAllocation (G1 Evacuation Pause)
Event: 733.903 Executing VM operation: G1CollectForAllocation (G1 Evacuation Pause) done
Event: 738.897 Executing VM operation: G1CollectForAllocation (G1 Evacuation Pause)
Event: 739.413 Executing VM operation: G1CollectForAllocation (G1 Evacuation Pause) done
Event: 747.191 Executing VM operation: G1CollectForAllocation (G1 Evacuation Pause)
Event: 747.204 Executing VM operation: G1CollectForAllocation (G1 Evacuation Pause) done
Event: 747.324 Executing VM operation: G1PauseRemark

Memory protections (0 events):
No events

Nmethod flushes (20 events):
Event: 733.154 Thread 0x0000025fa17cf300 flushing  nmethod 0x0000025f8e5c0308
Event: 733.154 Thread 0x0000025fa17cf300 flushing  nmethod 0x0000025f8e5c0c08
Event: 733.154 Thread 0x0000025fa17cf300 flushing  nmethod 0x0000025f8e5c1088
Event: 733.154 Thread 0x0000025fa17cf300 flushing  nmethod 0x0000025f8e5dcb08
Event: 733.154 Thread 0x0000025fa17cf300 flushing  nmethod 0x0000025f8e5dd208
Event: 733.154 Thread 0x0000025fa17cf300 flushing  nmethod 0x0000025f8e619b88
Event: 733.154 Thread 0x0000025fa17cf300 flushing  nmethod 0x0000025f8e622d08
Event: 733.154 Thread 0x0000025fa17cf300 flushing  nmethod 0x0000025f8e655608
Event: 733.154 Thread 0x0000025fa17cf300 flushing  nmethod 0x0000025f8e665e08
Event: 733.154 Thread 0x0000025fa17cf300 flushing  nmethod 0x0000025f8e668088
Event: 733.154 Thread 0x0000025fa17cf300 flushing  nmethod 0x0000025f8e681208
Event: 733.154 Thread 0x0000025fa17cf300 flushing  nmethod 0x0000025f8e685b08
Event: 733.154 Thread 0x0000025fa17cf300 flushing  nmethod 0x0000025f8e6cec88
Event: 733.154 Thread 0x0000025fa17cf300 flushing  nmethod 0x0000025f8e6cf508
Event: 733.154 Thread 0x0000025fa17cf300 flushing  nmethod 0x0000025f8e6d2788
Event: 733.154 Thread 0x0000025fa17cf300 flushing  nmethod 0x0000025f8e6dd208
Event: 733.154 Thread 0x0000025fa17cf300 flushing  nmethod 0x0000025f8e6dd508
Event: 733.154 Thread 0x0000025fa17cf300 flushing  nmethod 0x0000025f8e6de908
Event: 733.154 Thread 0x0000025fa17cf300 flushing  nmethod 0x0000025f8e6e0508
Event: 733.154 Thread 0x0000025fa17cf300 flushing  nmethod 0x0000025f8e702008

Events (20 events):
Event: 730.774 Thread 0x0000025fef823b40 Thread exited: 0x0000025fef823b40
Event: 733.744 Thread 0x0000025fef822100 Thread added: 0x0000025fef826930
Event: 733.744 Thread 0x0000025fef822100 Thread added: 0x0000025fef822e20
Event: 733.744 Thread 0x0000025fef822100 Thread added: 0x0000025fef820030
Event: 734.126 Thread 0x0000025fef822100 Thread added: 0x0000025fef824860
Event: 735.361 Thread 0x0000025fef824860 Thread added: 0x0000025fef2eb110
Event: 738.157 Thread 0x0000025fa1821be0 Thread added: 0x0000025fe8bfe280
Event: 739.670 Thread 0x0000025fef822100 Thread added: 0x0000025fef2ef2b0
Event: 739.672 Thread 0x0000025fef2eb110 Thread exited: 0x0000025fef2eb110
Event: 739.673 Thread 0x0000025fef824860 Thread exited: 0x0000025fef824860
Event: 740.084 Thread 0x0000025fe8bfe280 Thread exited: 0x0000025fe8bfe280
Event: 740.177 Thread 0x0000025fef2ef2b0 Thread exited: 0x0000025fef2ef2b0
Event: 740.182 Thread 0x0000025fef820030 Thread exited: 0x0000025fef820030
Event: 741.522 Thread 0x0000025fef822100 Thread exited: 0x0000025fef822100
Event: 741.675 Thread 0x0000025fef826fc0 Thread added: 0x0000025fef2e9040
Event: 743.672 Thread 0x0000025fef826930 Thread exited: 0x0000025fef826930
Event: 743.675 Thread 0x0000025fef822e20 Thread exited: 0x0000025fef822e20
Event: 744.587 Thread 0x0000025fef826fc0 Thread added: 0x0000025fef2eb110
Event: 746.459 Thread 0x0000025fef2eb110 Thread added: 0x0000025fef2ebe30
Event: 746.681 Thread 0x0000025fef2ebe30 Thread exited: 0x0000025fef2ebe30


Dynamic libraries:
0x00007ff674610000 - 0x00007ff674620000 	C:\Program Files\Java\jdk-23\bin\java.exe
0x00007ffa60730000 - 0x00007ffa60947000 	C:\WINDOWS\SYSTEM32\ntdll.dll
0x00007ffa5ecf0000 - 0x00007ffa5edb4000 	C:\WINDOWS\System32\KERNEL32.DLL
0x00007ffa5db30000 - 0x00007ffa5df03000 	C:\WINDOWS\System32\KERNELBASE.dll
0x00007ffa5e040000 - 0x00007ffa5e151000 	C:\WINDOWS\System32\ucrtbase.dll
0x00007ffa54f30000 - 0x00007ffa54f47000 	C:\Program Files\Java\jdk-23\bin\jli.dll
0x00007ffa51b30000 - 0x00007ffa51b4b000 	C:\Program Files\Java\jdk-23\bin\VCRUNTIME140.dll
0x00007ffa5f760000 - 0x00007ffa5f911000 	C:\WINDOWS\System32\USER32.dll
0x00007ffa5e190000 - 0x00007ffa5e1b6000 	C:\WINDOWS\System32\win32u.dll
0x00007ffa44e40000 - 0x00007ffa450db000 	C:\WINDOWS\WinSxS\amd64_microsoft.windows.common-controls_6595b64144ccf1df_6.0.22621.5262_none_2712bde373830908\COMCTL32.dll
0x00007ffa5e4f0000 - 0x00007ffa5e519000 	C:\WINDOWS\System32\GDI32.dll
0x00007ffa5eb90000 - 0x00007ffa5ec37000 	C:\WINDOWS\System32\msvcrt.dll
0x00007ffa5df10000 - 0x00007ffa5e032000 	C:\WINDOWS\System32\gdi32full.dll
0x00007ffa5da90000 - 0x00007ffa5db2a000 	C:\WINDOWS\System32\msvcp_win.dll
0x00007ffa60400000 - 0x00007ffa60431000 	C:\WINDOWS\System32\IMM32.DLL
0x00007ffa575b0000 - 0x00007ffa575bc000 	C:\Program Files\Java\jdk-23\bin\vcruntime140_1.dll
0x00007ffa47f60000 - 0x00007ffa47fee000 	C:\Program Files\Java\jdk-23\bin\msvcp140.dll
0x00007ffa0c3c0000 - 0x00007ffa0d10f000 	C:\Program Files\Java\jdk-23\bin\server\jvm.dll
0x00007ffa5fb90000 - 0x00007ffa5fc41000 	C:\WINDOWS\System32\ADVAPI32.dll
0x00007ffa5fa00000 - 0x00007ffa5faa7000 	C:\WINDOWS\System32\sechost.dll
0x00007ffa5e160000 - 0x00007ffa5e188000 	C:\WINDOWS\System32\bcrypt.dll
0x00007ffa602e0000 - 0x00007ffa603f4000 	C:\WINDOWS\System32\RPCRT4.dll
0x00007ffa5edc0000 - 0x00007ffa5ee31000 	C:\WINDOWS\System32\WS2_32.dll
0x00007ffa5d130000 - 0x00007ffa5d17d000 	C:\WINDOWS\SYSTEM32\POWRPROF.dll
0x00007ffa4bbd0000 - 0x00007ffa4bbda000 	C:\WINDOWS\SYSTEM32\VERSION.dll
0x00007ffa54400000 - 0x00007ffa54434000 	C:\WINDOWS\SYSTEM32\WINMM.dll
0x00007ffa5d110000 - 0x00007ffa5d123000 	C:\WINDOWS\SYSTEM32\UMPDC.dll
0x00007ffa5c820000 - 0x00007ffa5c838000 	C:\WINDOWS\SYSTEM32\kernel.appcore.dll
0x00007ffa57550000 - 0x00007ffa5755a000 	C:\Program Files\Java\jdk-23\bin\jimage.dll
0x00007ffa5b210000 - 0x00007ffa5b442000 	C:\WINDOWS\SYSTEM32\DBGHELP.DLL
0x00007ffa5e7f0000 - 0x00007ffa5eb83000 	C:\WINDOWS\System32\combase.dll
0x00007ffa5fab0000 - 0x00007ffa5fb87000 	C:\WINDOWS\System32\OLEAUT32.dll
0x00007ffa42460000 - 0x00007ffa42492000 	C:\WINDOWS\SYSTEM32\dbgcore.DLL
0x00007ffa5da10000 - 0x00007ffa5da8b000 	C:\WINDOWS\System32\bcryptPrimitives.dll
0x00007ffa46830000 - 0x00007ffa4686c000 	C:\Program Files\Java\jdk-23\bin\jdwp.dll
0x00007ffa574d0000 - 0x00007ffa574df000 	C:\Program Files\Java\jdk-23\bin\instrument.dll
0x00007ffa48ba0000 - 0x00007ffa48bbe000 	C:\Program Files\Java\jdk-23\bin\java.dll
0x00007ffa5e520000 - 0x00007ffa5e6c1000 	C:\WINDOWS\System32\ole32.dll
0x00007ffa5ee40000 - 0x00007ffa5f6dd000 	C:\WINDOWS\System32\SHELL32.dll
0x00007ffa5e1c0000 - 0x00007ffa5e2ff000 	C:\WINDOWS\System32\wintypes.dll
0x00007ffa47f40000 - 0x00007ffa47f57000 	C:\Program Files\Java\jdk-23\bin\zip.dll
0x00007ffa5b710000 - 0x00007ffa5c02d000 	C:\WINDOWS\SYSTEM32\windows.storage.dll
0x00007ffa5e3c0000 - 0x00007ffa5e4cb000 	C:\WINDOWS\System32\SHCORE.dll
0x00007ffa5f920000 - 0x00007ffa5f986000 	C:\WINDOWS\System32\shlwapi.dll
0x00007ffa5d750000 - 0x00007ffa5d77b000 	C:\WINDOWS\SYSTEM32\profapi.dll
0x00007ffa3e480000 - 0x00007ffa3e557000 	C:\Program Files\Java\jdk-23\bin\jsvml.dll
0x00007ffa54f20000 - 0x00007ffa54f2c000 	C:\Program Files\Java\jdk-23\bin\dt_socket.dll
0x00007ffa5c320000 - 0x00007ffa5c34d000 	C:\WINDOWS\SYSTEM32\IPHLPAPI.DLL
0x00007ffa5cc90000 - 0x00007ffa5ccfa000 	C:\WINDOWS\system32\mswsock.dll
0x00007ffa52040000 - 0x00007ffa52050000 	C:\Program Files\Java\jdk-23\bin\net.dll
0x00007ffa47e10000 - 0x00007ffa47e26000 	C:\Program Files\Java\jdk-23\bin\nio.dll
0x00007ffa4aca0000 - 0x00007ffa4acb0000 	C:\Program Files\Java\jdk-23\bin\verify.dll
0x00007ffa4a610000 - 0x00007ffa4a61a000 	C:\Program Files\Java\jdk-23\bin\management.dll
0x00007ffa48b90000 - 0x00007ffa48b9b000 	C:\Program Files\Java\jdk-23\bin\management_ext.dll
0x00007ffa5f9e0000 - 0x00007ffa5f9e8000 	C:\WINDOWS\System32\PSAPI.DLL
0x00007ffa488b0000 - 0x00007ffa488be000 	C:\Program Files\Java\jdk-23\bin\sunmscapi.dll
0x00007ffa5d820000 - 0x00007ffa5d987000 	C:\WINDOWS\System32\CRYPT32.dll
0x00007ffa5d1c0000 - 0x00007ffa5d1ed000 	C:\WINDOWS\SYSTEM32\ncrypt.dll
0x00007ffa5d180000 - 0x00007ffa5d1b7000 	C:\WINDOWS\SYSTEM32\NTASN1.dll
0x00007ffa5cfe0000 - 0x00007ffa5cffb000 	C:\WINDOWS\SYSTEM32\CRYPTSP.dll
0x00007ffa5c780000 - 0x00007ffa5c7b7000 	C:\WINDOWS\system32\rsaenh.dll
0x00007ffa5cd30000 - 0x00007ffa5cd58000 	C:\WINDOWS\SYSTEM32\USERENV.dll
0x00007ffa5cfc0000 - 0x00007ffa5cfcc000 	C:\WINDOWS\SYSTEM32\CRYPTBASE.dll
0x00007ffa5f9f0000 - 0x00007ffa5f9f9000 	C:\WINDOWS\System32\NSI.dll
0x00007ffa5c350000 - 0x00007ffa5c448000 	C:\WINDOWS\SYSTEM32\DNSAPI.dll
0x00007ffa53270000 - 0x00007ffa5327a000 	C:\Windows\System32\rasadhlp.dll
0x00007ffa553b0000 - 0x00007ffa55433000 	C:\WINDOWS\System32\fwpuclnt.dll
0x00007ffa48270000 - 0x00007ffa48279000 	C:\Program Files\Java\jdk-23\bin\extnet.dll
0x00007ffa41f80000 - 0x00007ffa41f88000 	C:\WINDOWS\system32\wshunix.dll

dbghelp: loaded successfully - version: 4.0.5 - missing functions: none
symbol engine: initialized successfully - sym options: 0x614 - pdb path: .;C:\Program Files\Java\jdk-23\bin;C:\WINDOWS\SYSTEM32;C:\WINDOWS\WinSxS\amd64_microsoft.windows.common-controls_6595b64144ccf1df_6.0.22621.5262_none_2712bde373830908;C:\Program Files\Java\jdk-23\bin\server

VM Arguments:
jvm_args: -agentlib:jdwp=transport=dt_socket,address=127.0.0.1:2103,suspend=y,server=n -javaagent:C:\Users\Leo\AppData\Local\JetBrains\IdeaIC2024.2\captureAgent\debugger-agent.jar -Dkotlinx.coroutines.debug.enable.creation.stack.trace=false -Ddebugger.agent.enable.coroutines=true -Dfile.encoding=UTF-8 -Dsun.stdout.encoding=UTF-8 -Dsun.stderr.encoding=UTF-8 
java_command: com.example.rifa.RifaApplication
java_class_path (initial): D:\SuperSorteo\rifa\target\classes;C:\Users\Leo\.m2\repository\org\springframework\boot\spring-boot-starter-actuator\3.3.5\spring-boot-starter-actuator-3.3.5.jar;C:\Users\Leo\.m2\repository\org\springframework\boot\spring-boot-starter\3.3.5\spring-boot-starter-3.3.5.jar;C:\Users\Leo\.m2\repository\org\springframework\boot\spring-boot-starter-logging\3.3.5\spring-boot-starter-logging-3.3.5.jar;C:\Users\Leo\.m2\repository\ch\qos\logback\logback-classic\1.5.11\logback-classic-1.5.11.jar;C:\Users\Leo\.m2\repository\ch\qos\logback\logback-core\1.5.11\logback-core-1.5.11.jar;C:\Users\Leo\.m2\repository\org\apache\logging\log4j\log4j-to-slf4j\2.23.1\log4j-to-slf4j-2.23.1.jar;C:\Users\Leo\.m2\repository\org\apache\logging\log4j\log4j-api\2.23.1\log4j-api-2.23.1.jar;C:\Users\Leo\.m2\repository\org\slf4j\jul-to-slf4j\2.0.16\jul-to-slf4j-2.0.16.jar;C:\Users\Leo\.m2\repository\jakarta\annotation\jakarta.annotation-api\2.1.1\jakarta.annotation-api-2.1.1.jar;C:\Users\Leo\.m2\repository\org\yaml\snakeyaml\2.2\snakeyaml-2.2.jar;C:\Users\Leo\.m2\repository\org\springframework\boot\spring-boot-actuator-autoconfigure\3.3.5\spring-boot-actuator-autoconfigure-3.3.5.jar;C:\Users\Leo\.m2\repository\org\springframework\boot\spring-boot-actuator\3.3.5\spring-boot-actuator-3.3.5.jar;C:\Users\Leo\.m2\repository\com\fasterxml\jackson\core\jackson-databind\2.17.2\jackson-databind-2.17.2.jar;C:\Users\Leo\.m2\repository\com\fasterxml\jackson\core\jackson-annotations\2.17.2\jackson-annotations-2.17.2.jar;C:\Users\Leo\.m2\repository\com\fasterxml\jackson\core\jackson-core\2.17.2\jackson-core-2.17.2.jar;C:\Users\Leo\.m2\repository\com\fasterxml\jackson\datatype\jackson-datatype-jsr310\2.17.2\jackson-datatype-jsr310-2.17.2.jar;C:\Users\Leo\.m2\repository\io\micrometer\micrometer-observation\1.13.6\micrometer-observation-1.13.6.jar;C:\Users\Leo\.m2\repository\io\micrometer\micrometer-commons\1.13.6\micrometer-commons-1.13.6.jar;C:\Users\Leo\.m2\repository\io\micrometer\micrometer-jakarta9\1.13.6\micrometer-jakarta9-1.13.6.jar;C:\Users\Leo\.m2\repository\io\micrometer\micrometer-core\1.13.6\micrometer-core-1.13.6.jar;C:\Users\Leo\.m2\repository\org\hdrhistogram\HdrHistogram\2.2.2\HdrHistogram-2.2.2.jar;C:\Users\Leo\.m2\repository\org\latencyutils\LatencyUtils\2.0.3\LatencyUtils-2.0.3.jar;C:\Users\Leo\.m2\repository\org\springframework\boot\spring-boot-starter-mail\3.3.5\spring-boot-starter-mail-3.3.5.jar;C:\Users\Leo\.m2\repository\org\springframework\spring-context-support\6.1.14\spring-context-support-6.1.14.jar;C:\Users\Leo\.m2\repository\org\springframework\spring-beans\6.1.14\spring-beans-6.1.14.jar;C:\Users\Leo\.m2\repository\org\springframework\spring-context\6.1.14\spring-context-6.1.14.jar;C:\Users\Leo\.m2\repository\org\eclipse\angus\jakarta.mail\2.0.3\jakarta.mail-2.0.3.jar;C:\Users\Leo\.m2\repository\jakarta\activation\jakarta.activation-api\2.1.3\jakarta.activation-api-2.1.3.jar;C:\Users\Leo\.m2\repository\org\eclipse\angus\angus-activation\2.0.2\angus-activation-2.0.2.jar;C:\Users\Leo\.m2\repository\org\springframework\boot\spring-boot-starter-data-jpa\3.3.5\spring-boot-starter-data-jpa-3.3.5.jar;C:\Users\Leo\.m2\repository\org\springframework\boot\spring-boot-starter-aop\3.3.5\spring-boot-starter-aop-3.3.5.jar;C:\Users\Leo\.m2\repository\org\springframework\spring-aop\6.1.14\spring-aop-6.1.14.jar;C:\Users\Leo\.m2\repository\org\aspectj\aspectjweaver\1.9.22.1\aspectjweaver-1.9.22.1.jar;C:\Users\Leo\.m2\repository\org\springframework\boot\spring-boot-starter-jdbc\3.3.5\spring-boot-starter-jdbc-3.3.5.jar;C:\Users\Leo\.m2\repository\com\zaxxer\HikariCP\5.1.0\HikariCP-5.1.0.jar;C:\Users\Leo\.m2\repository\org\springframework\spring-jdbc\6.1.14\spring-jdbc-6.1.14.jar;C:\Users\Leo\.m2\repository\org\hibernate\orm\hibernate-core\6.5.3.Final\hibernate-core-6.5.3.Final.jar;C:\Users\Leo\.m2\repository\jakarta\persistence\jakarta.persistence-api\3.1.0\jakarta.persistence-api-3.1.0.jar;C:\Users\Leo\.m2\repository\jakarta\transaction\jakarta.transaction-api\2.0.1\jakarta.transaction-api-2.0.1.jar;C:\Users\Leo\.m2\repository\org\jboss\logging\jboss-logging\3.5.3.Final\jboss-logging-3.5.3.Final.jar;C:\Users\Leo\.m2\repository\org\hibernate\common\hibernate-commons-annotations\6.0.6.Final\hibernate-commons-annotations-6.0.6.Final.jar;C:\Users\Leo\.m2\repository\io\smallrye\jandex\3.1.2\jandex-3.1.2.jar;C:\Users\Leo\.m2\repository\com\fasterxml\classmate\1.7.0\classmate-1.7.0.jar;C:\Users\Leo\.m2\repository\net\bytebuddy\byte-buddy\1.14.19\byte-buddy-1.14.19.jar;C:\Users\Leo\.m2\repository\org\glassfish\jaxb\jaxb-runtime\4.0.5\jaxb-runtime-4.0.5.jar;C:\Users\Leo\.m2\repository\org\glassfish\jaxb\jaxb-core\4.0.5\jaxb-core-4.0.5.jar;C:\Users\Leo\.m2\repository\org\glassfish\jaxb\txw2\4.0.5\txw2-4.0.5.jar;C:\Users\Leo\.m2\repository\com\sun\istack\istack-commons-runtime\4.1.2\istack-commons-runtime-4.1.2.jar;C:\Users\Leo\.m2\repository\jakarta\inject\jakarta.inject-api\2.0.1\jakarta.inject-api-2.0.1.jar;C:\Users\Leo\.m2\repository\org\antlr\antlr4-runtime\4.13.0\antlr4-runtime-4.13.0.jar;C:\Users\Leo\.m2\repository\org\springframework\data\spring-data-jpa\3.3.5\spring-data-jpa-3.3.5.jar;C:\Users\Leo\.m2\repository\org\springframework\data\spring-data-commons\3.3.5\spring-data-commons-3.3.5.jar;C:\Users\Leo\.m2\repository\org\springframework\spring-orm\6.1.14\spring-orm-6.1.14.jar;C:\Users\Leo\.m2\repository\org\springframework\spring-tx\6.1.14\spring-tx-6.1.14.jar;C:\Users\Leo\.m2\repository\org\slf4j\slf4j-api\2.0.16\slf4j-api-2.0.16.jar;C:\Users\Leo\.m2\repository\org\springframework\spring-aspects\6.1.14\spring-aspects-6.1.14.jar;C:\Users\Leo\.m2\repository\org\springframework\boot\spring-boot-starter-validation\3.3.5\spring-boot-starter-validation-3.3.5.jar;C:\Users\Leo\.m2\repository\org\apache\tomcat\embed\tomcat-embed-el\10.1.31\tomcat-embed-el-10.1.31.jar;C:\Users\Leo\.m2\repository\org\hibernate\validator\hibernate-validator\8.0.1.Final\hibernate-validator-8.0.1.Final.jar;C:\Users\Leo\.m2\repository\jakarta\validation\jakarta.validation-api\3.0.2\jakarta.validation-api-3.0.2.jar;C:\Users\Leo\.m2\repository\org\springframework\boot\spring-boot-starter-web\3.3.5\spring-boot-starter-web-3.3.5.jar;C:\Users\Leo\.m2\repository\org\springframework\boot\spring-boot-starter-json\3.3.5\spring-boot-starter-json-3.3.5.jar;C:\Users\Leo\.m2\repository\com\fasterxml\jackson\datatype\jackson-datatype-jdk8\2.17.2\jackson-datatype-jdk8-2.17.2.jar;C:\Users\Leo\.m2\repository\com\fasterxml\jackson\module\jackson-module-parameter-names\2.17.2\jackson-module-parameter-names-2.17.2.jar;C:\Users\Leo\.m2\repository\org\springframework\boot\spring-boot-starter-tomcat\3.3.5\spring-boot-starter-tomcat-3.3.5.jar;C:\Users\Leo\.m2\repository\org\apache\tomcat\embed\tomcat-embed-core\10.1.31\tomcat-embed-core-10.1.31.jar;C:\Users\Leo\.m2\repository\org\apache\tomcat\embed\tomcat-embed-websocket\10.1.31\tomcat-embed-websocket-10.1.31.jar;C:\Users\Leo\.m2\repository\org\springframework\spring-web\6.1.14\spring-web-6.1.14.jar;C:\Users\Leo\.m2\repository\org\springframework\spring-webmvc\6.1.14\spring-webmvc-6.1.14.jar;C:\Users\Leo\.m2\repository\org\springframework\spring-expression\6.1.14\spring-expression-6.1.14.jar;C:\Users\Leo\.m2\repository\org\springframework\boot\spring-boot-starter-websocket\3.3.5\spring-boot-starter-websocket-3.3.5.jar;C:\Users\Leo\.m2\repository\org\springframework\spring-messaging\6.1.14\spring-messaging-6.1.14.jar;C:\Users\Leo\.m2\repository\org\springframework\spring-websocket\6.1.14\spring-websocket-6.1.14.jar;C:\Users\Leo\.m2\repository\org\springframework\boot\spring-boot-devtools\3.3.5\spring-boot-devtools-3.3.5.jar;C:\Users\Leo\.m2\repository\org\springframework\boot\spring-boot\3.3.5\spring-boot-3.3.5.jar;C:\Users\Leo\.m2\repository\org\springframework\boot\spring-boot-autoconfigure\3.3.5\spring-boot-autoconfigure-3.3.5.jar;C:\Users\Leo\.m2\repository\com\mysql\mysql-connector-j\8.3.0\mysql-connector-j-8.3.0.jar;C:\Users\Leo\.m2\repository\org\projectlombok\lombok\1.18.34\lombok-1.18.34.jar;C:\Users\Leo\.m2\repository\com\mercadopago\sdk-java\2.1.7\sdk-java-2.1.7.jar;C:\Users\Leo\.m2\repository\org\apache\maven\plugins\maven-javadoc-plugin\3.3.2\maven-javadoc-plugin-3.3.2.jar;C:\Users\Leo\.m2\repository\org\apache\maven\maven-core\3.0\maven-core-3.0.jar;C:\Users\Leo\.m2\repository\org\apache\maven\maven-settings-builder\3.0\maven-settings-builder-3.0.jar;C:\Users\Leo\.m2\repository\org\apache\maven\maven-repository-metadata\3.0\maven-repository-metadata-3.0.jar;C:\Users\Leo\.m2\repository\org\apache\maven\maven-model-builder\3.0\maven-model-builder-3.0.jar;C:\Users\Leo\.m2\repository\org\apache\maven\maven-aether-provider\3.0\maven-aether-provider-3.0.jar;C:\Users\Leo\.m2\repository\org\sonatype\aether\aether-impl\1.7\aether-impl-1.7.jar;C:\Users\Leo\.m2\repository\org\sonatype\aether\aether-spi\1.7\aether-spi-1.7.jar;C:\Users\Leo\.m2\repository\org\sonatype\aether\aether-api\1.7\aether-api-1.7.jar;C:\Users\Leo\.m2\repository\org\sonatype\aether\aether-util\1.7\aether-util-1.7.jar;C:\Users\Leo\.m2\repository\org\sonatype\sisu\sisu-inject-plexus\1.4.2\sisu-inject-plexus-1.4.2.jar;C:\Users\Leo\.m2\repository\org\sonatype\sisu\sisu-inject-bean\1.4.2\sisu-inject-bean-1.4.2.jar;C:\Users\Leo\.m2\repository\org\sonatype\sisu\sisu-guice\2.1.7\sisu-guice-2.1.7-noaop.jar;C:\Users\Leo\.m2\repository\org\codehaus\plexus\plexus-interpolation\1.14\plexus-interpolation-1.14.jar;C:\Users\Leo\.m2\repository\org\codehaus\plexus\plexus-classworlds\2.2.3\plexus-classworlds-2.2.3.jar;C:\Users\Leo\.m2\repository\org\codehaus\plexus\plexus-component-annotations\1.5.5\plexus-component-annotations-1.5.5.jar;C:\Users\Leo\.m2\repository\org\sonatype\plexus\plexus-sec-dispatcher\1.3\plexus-sec-dispatcher-1.3.jar;C:\Users\Leo\.m2\repository\org\sonatype\plexus\plexus-cipher\1.4\plexus-cipher-1.4.jar;C:\Users\Leo\.m2\repository\org\apache\maven\maven-model\3.0\maven-model-3.0.jar;C:\Users\Leo\.m2\repository\org\apache\maven\maven-settings\3.0\maven-settings-3.0.jar;C:\Users\Leo\.m2\repository\org\apache\maven\maven-plugin-api\3.0\maven-plugin-api-3.0.jar;C:\Users\Leo\.m2\repository\org\apache\maven\maven-artifact\3.0\maven-artifact-3.0.jar;C:\Users\Leo\.m2\repository\org\apache\maven\reporting\maven-reporting-api\3.1.0\maven-reporting-api-3.1.0.jar;C:\Users\Leo\.m2\repository\org\apache\maven\maven-archiver\3.5.1\maven-archiver-3.5.1.jar;C:\Users\Leo\.m2\repository\org\apache\maven\shared\maven-shared-utils\3.3.3\maven-shared-utils-3.3.3.jar;C:\Users\Leo\.m2\repository\org\apache\maven\shared\maven-invoker\3.1.0\maven-invoker-3.1.0.jar;C:\Users\Leo\.m2\repository\javax\inject\javax.inject\1\javax.inject-1.jar;C:\Users\Leo\.m2\repository\org\apache\maven\shared\maven-common-artifact-filters\3.1.1\maven-common-artifact-filters-3.1.1.jar;C:\Users\Leo\.m2\repository\org\apache\maven\shared\maven-artifact-transfer\0.13.1\maven-artifact-transfer-0.13.1.jar;C:\Users\Leo\.m2\repository\org\apache\maven\doxia\doxia-sink-api\1.11.1\doxia-sink-api-1.11.1.jar;C:\Users\Leo\.m2\repository\org\apache\maven\doxia\doxia-logging-api\1.11.1\doxia-logging-api-1.11.1.jar;C:\Users\Leo\.m2\repository\org\apache\maven\doxia\doxia-site-renderer\1.11.1\doxia-site-renderer-1.11.1.jar;C:\Users\Leo\.m2\repository\org\apache\maven\doxia\doxia-core\1.11.1\doxia-core-1.11.1.jar;C:\Users\Leo\.m2\repository\org\apache\maven\doxia\doxia-decoration-model\1.11.1\doxia-decoration-model-1.11.1.jar;C:\Users\Leo\.m2\repository\org\apache\maven\doxia\doxia-skin-model\1.11.1\doxia-skin-model-1.11.1.jar;C:\Users\Leo\.m2\repository\org\apache\maven\doxia\doxia-module-xhtml\1.11.1\doxia-module-xhtml-1.11.1.jar;C:\Users\Leo\.m2\repository\org\apache\maven\doxia\doxia-module-xhtml5\1.11.1\doxia-module-xhtml5-1.11.1.jar;C:\Users\Leo\.m2\repository\org\codehaus\plexus\plexus-i18n\1.0-beta-10\plexus-i18n-1.0-beta-10.jar;C:\Users\Leo\.m2\repository\org\codehaus\plexus\plexus-container-default\1.0-alpha-30\plexus-container-default-1.0-alpha-30.jar;C:\Users\Leo\.m2\repository\junit\junit\4.13.2\junit-4.13.2.jar;C:\Users\Leo\.m2\repository\org\hamcrest\hamcrest-core\2.2\hamcrest-core-2.2.jar;C:\Users\Leo\.m2\repository\org\codehaus\plexus\plexus-velocity\1.2\plexus-velocity-1.2.jar;C:\Users\Leo\.m2\repository\org\apache\velocity\velocity\1.7\velocity-1.7.jar;C:\Users\Leo\.m2\repository\commons-lang\commons-lang\2.4\commons-lang-2.4.jar;C:\Users\Leo\.m2\repository\org\apache\velocity\velocity-tools\2.0\velocity-tools-2.0.jar;C:\Users\Leo\.m2\repository\commons-beanutils\commons-beanutils\1.7.0\commons-beanutils-1.7.0.jar;C:\Users\Leo\.m2\repository\commons-digester\commons-digester\1.8\commons-digester-1.8.jar;C:\Users\Leo\.m2\repository\commons-chain\commons-chain\1.1\commons-chain-1.1.jar;C:\Users\Leo\.m2\repository\dom4j\dom4j\1.1\dom4j-1.1.jar;C:\Users\Leo\.m2\repository\oro\oro\2.0.8\oro-2.0.8.jar;C:\Users\Leo\.m2\repository\commons-collections\commons-collections\3.2.2\commons-collections-3.2.2.jar;C:\Users\Leo\.m2\repository\org\apache\maven\wagon\wagon-provider-api\2.4\wagon-provider-api-2.4.jar;C:\Users\Leo\.m2\repository\org\apache\commons\commons-lang3\3.14.0\commons-lang3-3.14.0.jar;C:\Users\Leo\.m2\repository\org\apache\commons\commons-text\1.9\commons-text-1.9.jar;C:\Users\Leo\.m2\repository\org\apache\httpcomponents\httpcore\4.4.16\httpcore-4.4.16.jar;C:\Users\Leo\.m2\repository\com\thoughtworks\qdox\qdox\2.0.1\qdox-2.0.1.jar;C:\Users\Leo\.m2\repository\org\codehaus\plexus\plexus-java\1.1.0\plexus-java-1.1.0.jar;C:\Users\Leo\.m2\repository\org\ow2\asm\asm\9.2\asm-9.2.jar;C:\Users\Leo\.m2\repository\org\codehaus\plexus\plexus-archiver\4.2.6\plexus-archiver-4.2.6.jar;C:\Users\Leo\.m2\repository\org\apache\commons\commons-compress\1.21\commons-compress-1.21.jar;C:\Users\Leo\.m2\repository\org\iq80\snappy\snappy\0.4\snappy-0.4.jar;C:\Users\Leo\.m2\repository\org\tukaani\xz\1.9\xz-1.9.jar;C:\Users\Leo\.m2\repository\org\codehaus\plexus\plexus-io\3.2.0\plexus-io-3.2.0.jar;C:\Users\Leo\.m2\repository\org\codehaus\plexus\plexus-utils\3.3.0\plexus-utils-3.3.0.jar;C:\Users\Leo\.m2\repository\commons-io\commons-io\2.11.0\commons-io-2.11.0.jar;C:\Users\Leo\.m2\repository\org\codehaus\plexus\plexus-interactivity-api\1.1\plexus-interactivity-api-1.1.jar;C:\Users\Leo\.m2\repository\org\apache\httpcomponents\httpclient\4.5.13\httpclient-4.5.13.jar;C:\Users\Leo\.m2\repository\commons-logging\commons-logging\1.2\commons-logging-1.2.jar;C:\Users\Leo\.m2\repository\commons-codec\commons-codec\1.16.1\commons-codec-1.16.1.jar;C:\Users\Leo\.m2\repository\com\google\code\gson\gson\2.10.1\gson-2.10.1.jar;C:\Users\Leo\.m2\repository\jakarta\xml\bind\jakarta.xml.bind-api\4.0.2\jakarta.xml.bind-api-4.0.2.jar;C:\Users\Leo\.m2\repository\org\hamcrest\hamcrest\2.2\hamcrest-2.2.jar;C:\Users\Leo\.m2\repository\org\springframework\spring-core\6.1.14\spring-core-6.1.14.jar;C:\Users\Leo\.m2\repository\org\springframework\spring-jcl\6.1.14\spring-jcl-6.1.14.jar;C:\Program Files\JetBrains\IntelliJ IDEA Community Edition 2024.2.3\lib\idea_rt.jar
Launcher Type: SUN_STANDARD

[Global flags]
     intx CICompilerCount                          = 3                                         {product} {ergonomic}
     uint ConcGCThreads                            = 1                                         {product} {ergonomic}
     uint G1ConcRefinementThreads                  = 4                                         {product} {ergonomic}
   size_t G1HeapRegionSize                         = 1048576                                   {product} {ergonomic}
   size_t InitialHeapSize                          = 130023424                                 {product} {ergonomic}
   size_t MarkStackSize                            = 4194304                                   {product} {ergonomic}
   size_t MarkStackSizeMax                         = 536870912                                 {product} {ergonomic}
   size_t MaxHeapSize                              = 2067791872                                {product} {ergonomic}
   size_t MaxNewSize                               = 1240465408                                {product} {ergonomic}
   size_t MinHeapDeltaBytes                        = 1048576                                   {product} {ergonomic}
   size_t MinHeapSize                              = 8388608                                   {product} {ergonomic}
    uintx NonNMethodCodeHeapSize                   = 5832704                                {pd product} {ergonomic}
    uintx NonProfiledCodeHeapSize                  = 122945536                              {pd product} {ergonomic}
    uintx ProfiledCodeHeapSize                     = 122880000                              {pd product} {ergonomic}
    uintx ReservedCodeCacheSize                    = 251658240                              {pd product} {ergonomic}
     bool SegmentedCodeCache                       = true                                      {product} {ergonomic}
   size_t SoftMaxHeapSize                          = 2067791872                             {manageable} {ergonomic}
     bool UseCompressedOops                        = true                           {product lp64_product} {ergonomic}
     bool UseG1GC                                  = true                                      {product} {ergonomic}
     bool UseLargePagesIndividualAllocation        = false                                  {pd product} {ergonomic}

Logging:
Log output configuration:
 #0: stdout all=warning uptime,level,tags foldmultilines=false
 #1: stderr all=off uptime,level,tags foldmultilines=false

Environment Variables:
PATH=C:\Program Files\Common Files\Oracle\Java\javapath;C:\WINDOWS\system32;C:\WINDOWS;C:\WINDOWS\System32\Wbem;C:\WINDOWS\System32\WindowsPowerShell\v1.0\;C:\WINDOWS\System32\OpenSSH\;D:\Programas\;C:\Program Files (x86)\Microsoft SQL Server\160\Tools\Binn\;C:\Program Files\Microsoft SQL Server\160\Tools\Binn\;C:\Program Files\Microsoft SQL Server\Client SDK\ODBC\170\Tools\Binn\;C:\Program Files\Microsoft SQL Server\160\DTS\Binn\;C:\Program Files (x86)\Microsoft SQL Server\160\DTS\Binn\;C:\Program Files\Microsoft SQL Server\150\Tools\Binn\;C:\Program Files\dotnet\;C:\Program Files\Git\cmd;D:\JAVA\apache-maven-3.9.9\bin;C:\Program Files\MySQL\MySQL Server 9.1\bin;;C:\Program Files\Docker\Docker\resources\bin;C:\ProgramData\chocolatey\bin;C:\Users\Leo\AppData\Local\Microsoft\WindowsApps;C:\Users\Leo\AppData\Roaming\npm;C:\Users\Leo\AppData\Local\Programs\Microsoft VS Code\bin;C:\Users\Leo\.dotnet\tools;C:\Program Files\Cloudflare;C:\Users\Leo\AppData\Local\Programs\Python\Python313\Scripts\;C:\Users\Leo\AppData\Local\Programs\Python\Python313\;C:\Users\Leo\AppData\Local\Programs\Python\Launcher\;C:\Users\Leo\AppData\Local\Microsoft\WindowsApps;C:\Users\Leo\AppData\Roaming\npm;C:\Users\Leo\AppData\Local\Programs\Microsoft VS Code\bin;C:\Users\Leo\.dotnet\tools
USERNAME=Leo
OS=Windows_NT
PROCESSOR_IDENTIFIER=Intel64 Family 6 Model 140 Stepping 1, GenuineIntel
TMP=C:\Users\Leo\AppData\Local\Temp
TEMP=C:\Users\Leo\AppData\Local\Temp




Periodic native trim disabled

---------------  S Y S T E M  ---------------

OS:
 Windows 11 , 64 bit Build 22621 (10.0.22621.5262)
OS uptime: 0 days 3:06 hours
Hyper-V role detected

CPU: total 4 (initial active 4) (2 cores per cpu, 2 threads per core) family 6 model 140 stepping 1 microcode 0xa6, cx8, cmov, fxsr, ht, mmx, 3dnowpref, sse, sse2, sse3, ssse3, sse4.1, sse4.2, popcnt, lzcnt, tsc, tscinvbit, avx, avx2, aes, erms, clmul, bmi1, bmi2, adx, avx512f, avx512dq, avx512cd, avx512bw, avx512vl, sha, fma, vzeroupper, avx512_vpopcntdq, avx512_vpclmulqdq, avx512_vaes, avx512_vnni, clflush, clflushopt, clwb, avx512_vbmi2, avx512_vbmi, hv, rdtscp, rdpid, fsrm, gfni, avx512_bitalg, f16c, cet_ibt, cet_ss, avx512_ifma
Processor Information for the first 4 processors :
  Max Mhz: 2995, Current Mhz: 2995, Mhz Limit: 2995

Memory: 4k page, system-wide physical 7886M (365M free)
TotalPageFile size 20190M (AvailPageFile size 6M)
current process WorkingSet (physical memory assigned to process): 315M, peak: 355M
current process commit charge ("private bytes"): 382M, peak: 397M

vm_info: Java HotSpot(TM) 64-Bit Server VM (23.0.1+11-39) for windows-amd64 JRE (23.0.1+11-39), built on 2024-09-30T07:20:43Z with MS VC++ 17.6 (VS2022)

END.
